Starting simulation at dom 15 mar 2026 17:18:37 EET
Monitor log: /scratch/project_465002752/hashemia/logs/jaxtrace_16745960_monitor.log

✅ Enhanced VTK I/O available
✅ HDF5 I/O available
================================================================================
FEMUSS Particle Tracking Comparison
================================================================================
JAX version: 0.5.0
JAX devices: [RocmDevice(id=0), RocmDevice(id=1), RocmDevice(id=2), RocmDevice(id=3), RocmDevice(id=4), RocmDevice(id=5), RocmDevice(id=6), RocmDevice(id=7)]

Configuration:
  Input base:           /scratch/project_465001942/Cases-Edgar/new/cylA.gid/post
  Mesh dir:             /scratch/project_465001942/Cases-Edgar/new/cylA.gid/post/0eule
  FEMUSS particle dir:  /scratch/project_465001942/Cases-Edgar/new/cylA.gid/post/1part
  Output dir:           /flash/project_465002752/hashemia/run_16745960
  FEMUSS start step:    0
  FEMUSS end step:      2684
  N_STEPS:              2684
  DT:                   0.0025
  Velocity range:       159-159
  L0: ON
  L1: ON
  L2 method:            mesh_aligned_octree_multi_local_where
  Precision:            float64
  Point-in-tet tol:     1e-06
  Interpolation det min:1e-14
  Bbox clamp:           OFF
  Failed substage:      zero_vel
  Boundary projection:  ON (tol=1e-06)
  Boundary walls:       all clamp (default)
  Level-set mask:       ON (mode: zero_vel, field: 'LEVEL')
================================================================================

[1/7] Loading mesh...
Loading mesh: /scratch/project_465001942/Cases-Edgar/new/cylA.gid/post/0eule/cylA_159.pvtu
  Nodes: 799,104
  Elements: 3,050,196
  Loaded field 'Displacement': (799104, 3)
  Elements: 3,050,196, Nodes: 799,104
  Deduplicating...
  Removed 227,571 duplicates -> 571,533 nodes
  Mesh bbox: [[-0.03  -0.023 -0.01 ]] → [[0.09  0.023 0.   ]]
  Level-set loaded: 185,479/571,533 nodes inside tool (32.5%)
  Stage 1 time: 29.1s

[2/7] Precomputing metadata...

Precomputed inverse matrices:
  Elements: 3,050,196
  Degenerate: 0 (0.0000%)
  Det range: [4.87e-13, 1.28e-07]
  Memory: 292,818,816 bytes (279.3 MB)
  Done
  Stage 2 time: 95.7s

[3/7] Building structures and uploading to GPU...
  Multi-cell octree: 666,162 cells, 18.3 elem/cell, 4.0 cells/elem
  Uploaded to GPU
  Stage 3 time: 580.1s

[4/7] Loading FEMUSS particles...
  Start: /scratch/project_465001942/Cases-Edgar/new/cylA.gid/post/1part/cylA_pt_0.pvtu
    Particles: 299,200
    Left domain: 5,745
  End:   /scratch/project_465001942/Cases-Edgar/new/cylA.gid/post/1part/cylA_pt_2684.pvtu
    Particles: 299,200
    Left domain: 9

  Active at start: 293,455 / 299,200
  Stage 4 time: 0.9s

[5/7] Initial assignment...

  mesh_aligned_octree_multi_local_where initial assignment
  Particles: 293,455, batch_size: 50,000
    Batch 1/6: 50,000 particles  (cumulative found: 50,000/50,000)
    Batch 2/6: 50,000 particles  (cumulative found: 100,000/100,000)
    Batch 3/6: 50,000 particles  (cumulative found: 150,000/150,000)
    Batch 4/6: 50,000 particles  (cumulative found: 200,000/200,000)
    Batch 5/6: 50,000 particles  (cumulative found: 250,000/250,000)
    Batch 6/6: 43,455 particles  (cumulative found: 293,455/293,455)
  Assigned: 293,455/293,455 (100.00%) in 16.76s
  Assigned: 293,455/293,455 (100.00%)
  Stage 5 time: 17.2s

[6/7] Building RK4...
  Compiling...
  Compilation: 37.1s
  Stage 6 time: 37.1s (incl. compilation)
  Exported initial state (step 0)

[7/7] Running 2684 RK4 steps...
================================================================================
  Step    10/2684: active=293,455 lost=0 (+0)  [24s elapsed, 0.4 step/s, ETA 6381s]
  Step    20/2684: active=293,455 lost=0 (+0)  [49s elapsed, 0.4 step/s, ETA 6527s]
  Step    30/2684: active=293,455 lost=0 (+0)  [75s elapsed, 0.4 step/s, ETA 6642s]
  Step    40/2684: active=293,455 lost=0 (+0)  [103s elapsed, 0.4 step/s, ETA 6828s]
  Step    50/2684: active=293,455 lost=0 (+0)  [133s elapsed, 0.4 step/s, ETA 7014s]
  Step    60/2684: active=293,455 lost=0 (+0)  [164s elapsed, 0.4 step/s, ETA 7152s]
  Step    70/2684: active=293,455 lost=0 (+0)  [194s elapsed, 0.4 step/s, ETA 7262s]
  Step    80/2684: active=293,455 lost=0 (+0)  [226s elapsed, 0.4 step/s, ETA 7347s]
  Step    90/2684: active=293,455 lost=0 (+0)  [257s elapsed, 0.3 step/s, ETA 7414s]
  Step   100/2684: active=293,455 lost=0 (+0)  [289s elapsed, 0.3 step/s, ETA 7472s]
  Step   110/2684: active=293,455 lost=0 (+0)  [321s elapsed, 0.3 step/s, ETA 7523s]
  Step   120/2684: active=293,455 lost=0 (+0)  [354s elapsed, 0.3 step/s, ETA 7568s]
  Step   130/2684: active=293,455 lost=0 (+0)  [387s elapsed, 0.3 step/s, ETA 7601s]
  Step   140/2684: active=293,455 lost=0 (+0)  [420s elapsed, 0.3 step/s, ETA 7630s]
  Step   150/2684: active=293,455 lost=0 (+0)  [454s elapsed, 0.3 step/s, ETA 7665s]
  Step   160/2684: active=293,455 lost=0 (+0)  [488s elapsed, 0.3 step/s, ETA 7694s]
  Step   170/2684: active=293,455 lost=0 (+0)  [522s elapsed, 0.3 step/s, ETA 7721s]
  Step   180/2684: active=293,455 lost=0 (+0)  [557s elapsed, 0.3 step/s, ETA 7747s]
  Step   190/2684: active=293,455 lost=0 (+0)  [592s elapsed, 0.3 step/s, ETA 7772s]
  Step   200/2684: active=293,455 lost=0 (+0)  [627s elapsed, 0.3 step/s, ETA 7792s]
  Step   210/2684: active=293,455 lost=0 (+0)  [663s elapsed, 0.3 step/s, ETA 7810s]
  Step   220/2684: active=293,455 lost=0 (+0)  [699s elapsed, 0.3 step/s, ETA 7825s]
  Step   230/2684: active=293,455 lost=0 (+0)  [734s elapsed, 0.3 step/s, ETA 7835s]
  Step   240/2684: active=293,455 lost=0 (+0)  [770s elapsed, 0.3 step/s, ETA 7842s]
  Step   250/2684: active=293,455 lost=0 (+0)  [806s elapsed, 0.3 step/s, ETA 7847s]
  Step   260/2684: active=293,455 lost=0 (+0)  [842s elapsed, 0.3 step/s, ETA 7848s]
  Step   270/2684: active=293,455 lost=0 (+0)  [878s elapsed, 0.3 step/s, ETA 7847s]
  Step   280/2684: active=293,455 lost=0 (+0)  [914s elapsed, 0.3 step/s, ETA 7844s]
  Step   290/2684: active=293,455 lost=0 (+0)  [950s elapsed, 0.3 step/s, ETA 7840s]
  Step   300/2684: active=293,455 lost=0 (+0)  [986s elapsed, 0.3 step/s, ETA 7837s]
  Step   310/2684: active=293,455 lost=0 (+0)  [1023s elapsed, 0.3 step/s, ETA 7837s]
  Step   320/2684: active=293,455 lost=0 (+0)  [1060s elapsed, 0.3 step/s, ETA 7834s]
  Step   330/2684: active=293,455 lost=0 (+0)  [1098s elapsed, 0.3 step/s, ETA 7833s]
  Step   340/2684: active=293,455 lost=0 (+0)  [1136s elapsed, 0.3 step/s, ETA 7829s]
  Step   350/2684: active=293,455 lost=0 (+0)  [1174s elapsed, 0.3 step/s, ETA 7826s]
  Step   360/2684: active=293,455 lost=0 (+0)  [1213s elapsed, 0.3 step/s, ETA 7828s]
  Step   370/2684: active=293,455 lost=0 (+0)  [1252s elapsed, 0.3 step/s, ETA 7829s]
  Step   380/2684: active=293,455 lost=0 (+0)  [1292s elapsed, 0.3 step/s, ETA 7832s]
  Step   390/2684: active=293,455 lost=0 (+0)  [1332s elapsed, 0.3 step/s, ETA 7834s]
  Step   400/2684: active=293,455 lost=0 (+0)  [1373s elapsed, 0.3 step/s, ETA 7837s]
  Step   410/2684: active=293,455 lost=0 (+0)  [1413s elapsed, 0.3 step/s, ETA 7838s]
  Step   420/2684: active=293,455 lost=0 (+0)  [1454s elapsed, 0.3 step/s, ETA 7840s]
  Step   430/2684: active=293,455 lost=0 (+0)  [1496s elapsed, 0.3 step/s, ETA 7840s]
  Step   440/2684: active=293,455 lost=0 (+0)  [1537s elapsed, 0.3 step/s, ETA 7840s]
  Step   450/2684: active=293,455 lost=0 (+0)  [1579s elapsed, 0.3 step/s, ETA 7837s]
  Step   460/2684: active=293,455 lost=0 (+0)  [1620s elapsed, 0.3 step/s, ETA 7834s]
  Step   470/2684: active=293,455 lost=0 (+0)  [1662s elapsed, 0.3 step/s, ETA 7829s]
  Step   480/2684: active=293,455 lost=0 (+0)  [1704s elapsed, 0.3 step/s, ETA 7823s]
  Step   490/2684: active=293,455 lost=0 (+0)  [1746s elapsed, 0.3 step/s, ETA 7816s]
  Step   500/2684: active=293,455 lost=0 (+0)  [1787s elapsed, 0.3 step/s, ETA 7808s]
  Step   510/2684: active=293,455 lost=0 (+0)  [1830s elapsed, 0.3 step/s, ETA 7800s]
  Step   520/2684: active=293,455 lost=0 (+0)  [1872s elapsed, 0.3 step/s, ETA 7791s]
  Step   530/2684: active=293,455 lost=0 (+0)  [1915s elapsed, 0.3 step/s, ETA 7781s]
  Step   540/2684: active=293,455 lost=0 (+0)  [1957s elapsed, 0.3 step/s, ETA 7771s]
  Step   550/2684: active=293,455 lost=0 (+0)  [2000s elapsed, 0.3 step/s, ETA 7760s]
  Step   560/2684: active=293,455 lost=0 (+0)  [2043s elapsed, 0.3 step/s, ETA 7748s]
  Step   570/2684: active=293,455 lost=0 (+0)  [2086s elapsed, 0.3 step/s, ETA 7736s]
  Step   580/2684: active=293,455 lost=0 (+0)  [2129s elapsed, 0.3 step/s, ETA 7722s]
  Step   590/2684: active=293,455 lost=0 (+0)  [2172s elapsed, 0.3 step/s, ETA 7708s]
  Step   600/2684: active=293,455 lost=0 (+0)  [2215s elapsed, 0.3 step/s, ETA 7693s]
  Step   610/2684: active=293,455 lost=0 (+0)  [2258s elapsed, 0.3 step/s, ETA 7677s]
  Step   620/2684: active=293,455 lost=0 (+0)  [2301s elapsed, 0.3 step/s, ETA 7660s]
  Step   630/2684: active=293,455 lost=0 (+0)  [2344s elapsed, 0.3 step/s, ETA 7643s]
  Step   640/2684: active=293,455 lost=0 (+0)  [2387s elapsed, 0.3 step/s, ETA 7625s]
  Step   650/2684: active=293,455 lost=0 (+0)  [2431s elapsed, 0.3 step/s, ETA 7606s]
  Step   660/2684: active=293,455 lost=0 (+0)  [2474s elapsed, 0.3 step/s, ETA 7586s]
  Step   670/2684: active=293,455 lost=0 (+0)  [2517s elapsed, 0.3 step/s, ETA 7565s]
  Step   680/2684: active=293,455 lost=0 (+0)  [2560s elapsed, 0.3 step/s, ETA 7544s]
  Step   690/2684: active=293,455 lost=0 (+0)  [2603s elapsed, 0.3 step/s, ETA 7523s]
  Step   700/2684: active=293,455 lost=0 (+0)  [2646s elapsed, 0.3 step/s, ETA 7501s]
  Step   710/2684: active=293,455 lost=0 (+0)  [2690s elapsed, 0.3 step/s, ETA 7479s]
  Step   720/2684: active=293,455 lost=0 (+0)  [2734s elapsed, 0.3 step/s, ETA 7457s]
  Step   730/2684: active=293,455 lost=0 (+0)  [2777s elapsed, 0.3 step/s, ETA 7434s]
  Step   740/2684: active=293,455 lost=0 (+0)  [2821s elapsed, 0.3 step/s, ETA 7412s]
  Step   750/2684: active=293,455 lost=0 (+0)  [2865s elapsed, 0.3 step/s, ETA 7388s]
  Step   760/2684: active=293,455 lost=0 (+0)  [2909s elapsed, 0.3 step/s, ETA 7364s]
  Step   770/2684: active=293,455 lost=0 (+0)  [2953s elapsed, 0.3 step/s, ETA 7340s]
  Step   780/2684: active=293,455 lost=0 (+0)  [2997s elapsed, 0.3 step/s, ETA 7316s]
  Step   790/2684: active=293,455 lost=0 (+0)  [3041s elapsed, 0.3 step/s, ETA 7291s]
Warning: Export queue full at step 797, skipping
  Step   800/2684: active=293,455 lost=0 (+0)  [3100s elapsed, 0.3 step/s, ETA 7300s]
  Step   810/2684: active=293,455 lost=0 (+0)  [3144s elapsed, 0.3 step/s, ETA 7274s]
  Step   820/2684: active=293,455 lost=0 (+0)  [3190s elapsed, 0.3 step/s, ETA 7251s]
  Step   830/2684: active=293,455 lost=0 (+0)  [3234s elapsed, 0.3 step/s, ETA 7225s]
  Step   840/2684: active=293,455 lost=0 (+0)  [3279s elapsed, 0.3 step/s, ETA 7198s]
  Step   850/2684: active=293,455 lost=0 (+0)  [3324s elapsed, 0.3 step/s, ETA 7171s]
  Step   860/2684: active=293,455 lost=0 (+0)  [3368s elapsed, 0.3 step/s, ETA 7144s]
  Step   870/2684: active=293,455 lost=0 (+0)  [3413s elapsed, 0.3 step/s, ETA 7116s]
  Step   880/2684: active=293,455 lost=0 (+0)  [3458s elapsed, 0.3 step/s, ETA 7089s]
  Step   890/2684: active=293,455 lost=0 (+0)  [3503s elapsed, 0.3 step/s, ETA 7060s]
  Step   900/2684: active=293,455 lost=0 (+0)  [3547s elapsed, 0.3 step/s, ETA 7032s]
  Step   910/2684: active=293,455 lost=0 (+0)  [3592s elapsed, 0.3 step/s, ETA 7003s]
  Step   920/2684: active=293,455 lost=0 (+0)  [3637s elapsed, 0.3 step/s, ETA 6974s]
Warning: Export queue full at step 923, skipping
Warning: Export queue full at step 924, skipping
Warning: Export queue full at step 925, skipping
Warning: Export queue full at step 926, skipping
Warning: Export queue full at step 927, skipping
  Step   930/2684: active=293,455 lost=0 (+0)  [3732s elapsed, 0.2 step/s, ETA 7038s]
  Step   940/2684: active=293,455 lost=0 (+0)  [3777s elapsed, 0.2 step/s, ETA 7007s]
  Step   950/2684: active=293,455 lost=0 (+0)  [3822s elapsed, 0.2 step/s, ETA 6975s]
  Step   960/2684: active=293,455 lost=0 (+0)  [3868s elapsed, 0.2 step/s, ETA 6946s]
  Step   970/2684: active=293,455 lost=0 (+0)  [3913s elapsed, 0.2 step/s, ETA 6914s]
  Step   980/2684: active=293,455 lost=0 (+0)  [3957s elapsed, 0.2 step/s, ETA 6881s]
  Step   990/2684: active=293,455 lost=0 (+0)  [4002s elapsed, 0.2 step/s, ETA 6848s]
  Step  1000/2684: active=293,455 lost=0 (+0)  [4047s elapsed, 0.2 step/s, ETA 6815s]
  Step  1010/2684: active=293,455 lost=0 (+0)  [4091s elapsed, 0.2 step/s, ETA 6781s]
  Step  1020/2684: active=293,455 lost=0 (+0)  [4136s elapsed, 0.2 step/s, ETA 6747s]
  Step  1030/2684: active=293,455 lost=0 (+0)  [4181s elapsed, 0.2 step/s, ETA 6713s]
  Step  1040/2684: active=293,455 lost=0 (+0)  [4225s elapsed, 0.2 step/s, ETA 6679s]
  Step  1050/2684: active=293,455 lost=0 (+0)  [4270s elapsed, 0.2 step/s, ETA 6645s]
  Step  1060/2684: active=293,455 lost=0 (+0)  [4314s elapsed, 0.2 step/s, ETA 6610s]
  Step  1070/2684: active=293,455 lost=0 (+0)  [4359s elapsed, 0.2 step/s, ETA 6575s]
  Step  1080/2684: active=293,455 lost=0 (+0)  [4404s elapsed, 0.2 step/s, ETA 6540s]
  Step  1090/2684: active=293,455 lost=0 (+0)  [4448s elapsed, 0.2 step/s, ETA 6505s]
  Step  1100/2684: active=293,455 lost=0 (+0)  [4493s elapsed, 0.2 step/s, ETA 6469s]
  Step  1110/2684: active=293,455 lost=0 (+0)  [4537s elapsed, 0.2 step/s, ETA 6434s]
  Step  1120/2684: active=293,455 lost=0 (+0)  [4581s elapsed, 0.2 step/s, ETA 6398s]
  Step  1130/2684: active=293,455 lost=0 (+0)  [4626s elapsed, 0.2 step/s, ETA 6362s]
  Step  1140/2684: active=293,455 lost=0 (+0)  [4670s elapsed, 0.2 step/s, ETA 6325s]
  Step  1150/2684: active=293,455 lost=0 (+0)  [4715s elapsed, 0.2 step/s, ETA 6289s]
  Step  1160/2684: active=293,455 lost=0 (+0)  [4759s elapsed, 0.2 step/s, ETA 6253s]
  Step  1170/2684: active=293,455 lost=0 (+0)  [4804s elapsed, 0.2 step/s, ETA 6216s]
  Step  1180/2684: active=293,455 lost=0 (+0)  [4848s elapsed, 0.2 step/s, ETA 6179s]
  Step  1190/2684: active=293,455 lost=0 (+0)  [4893s elapsed, 0.2 step/s, ETA 6142s]
  Step  1200/2684: active=293,455 lost=0 (+0)  [4937s elapsed, 0.2 step/s, ETA 6106s]
  Step  1210/2684: active=293,455 lost=0 (+0)  [4982s elapsed, 0.2 step/s, ETA 6069s]
  Step  1220/2684: active=293,455 lost=0 (+0)  [5027s elapsed, 0.2 step/s, ETA 6033s]
  Step  1230/2684: active=293,455 lost=0 (+0)  [5072s elapsed, 0.2 step/s, ETA 5995s]
  Step  1240/2684: active=293,455 lost=0 (+0)  [5117s elapsed, 0.2 step/s, ETA 5958s]
  Step  1250/2684: active=293,455 lost=0 (+0)  [5161s elapsed, 0.2 step/s, ETA 5921s]
  Step  1260/2684: active=293,455 lost=0 (+0)  [5206s elapsed, 0.2 step/s, ETA 5883s]
  Step  1270/2684: active=293,455 lost=0 (+0)  [5251s elapsed, 0.2 step/s, ETA 5846s]
  Step  1280/2684: active=293,455 lost=0 (+0)  [5295s elapsed, 0.2 step/s, ETA 5808s]
  Step  1290/2684: active=293,455 lost=0 (+0)  [5340s elapsed, 0.2 step/s, ETA 5770s]
  Step  1300/2684: active=293,455 lost=0 (+0)  [5385s elapsed, 0.2 step/s, ETA 5733s]
  Step  1310/2684: active=293,455 lost=0 (+0)  [5430s elapsed, 0.2 step/s, ETA 5695s]
  Step  1320/2684: active=293,455 lost=0 (+0)  [5474s elapsed, 0.2 step/s, ETA 5657s]
  Step  1330/2684: active=293,455 lost=0 (+0)  [5519s elapsed, 0.2 step/s, ETA 5619s]
  Step  1340/2684: active=293,455 lost=0 (+0)  [5564s elapsed, 0.2 step/s, ETA 5580s]
  Step  1350/2684: active=293,455 lost=0 (+0)  [5608s elapsed, 0.2 step/s, ETA 5542s]
  Step  1360/2684: active=293,455 lost=0 (+0)  [5653s elapsed, 0.2 step/s, ETA 5503s]
  Step  1370/2684: active=293,455 lost=0 (+0)  [5697s elapsed, 0.2 step/s, ETA 5464s]
  Step  1380/2684: active=293,455 lost=0 (+0)  [5741s elapsed, 0.2 step/s, ETA 5425s]
  Step  1390/2684: active=293,455 lost=0 (+0)  [5785s elapsed, 0.2 step/s, ETA 5386s]
  Step  1400/2684: active=293,455 lost=0 (+0)  [5829s elapsed, 0.2 step/s, ETA 5346s]
  Step  1410/2684: active=293,455 lost=0 (+0)  [5873s elapsed, 0.2 step/s, ETA 5307s]
  Step  1420/2684: active=293,455 lost=0 (+0)  [5917s elapsed, 0.2 step/s, ETA 5267s]
  Step  1430/2684: active=293,455 lost=0 (+0)  [5961s elapsed, 0.2 step/s, ETA 5228s]
  Step  1440/2684: active=293,455 lost=0 (+0)  [6005s elapsed, 0.2 step/s, ETA 5188s]
  Step  1450/2684: active=293,455 lost=0 (+0)  [6049s elapsed, 0.2 step/s, ETA 5148s]
  Step  1460/2684: active=293,455 lost=0 (+0)  [6093s elapsed, 0.2 step/s, ETA 5108s]
  Step  1470/2684: active=293,455 lost=0 (+0)  [6137s elapsed, 0.2 step/s, ETA 5068s]
  Step  1480/2684: active=293,455 lost=0 (+0)  [6180s elapsed, 0.2 step/s, ETA 5028s]
  Step  1490/2684: active=293,455 lost=0 (+0)  [6224s elapsed, 0.2 step/s, ETA 4988s]
  Step  1500/2684: active=293,455 lost=0 (+0)  [6268s elapsed, 0.2 step/s, ETA 4947s]
  Step  1510/2684: active=293,455 lost=0 (+0)  [6311s elapsed, 0.2 step/s, ETA 4907s]
  Step  1520/2684: active=293,455 lost=0 (+0)  [6355s elapsed, 0.2 step/s, ETA 4866s]
  Step  1530/2684: active=293,455 lost=0 (+0)  [6398s elapsed, 0.2 step/s, ETA 4826s]
  Step  1540/2684: active=293,455 lost=0 (+0)  [6441s elapsed, 0.2 step/s, ETA 4785s]
  Step  1550/2684: active=293,455 lost=0 (+0)  [6484s elapsed, 0.2 step/s, ETA 4744s]
  Step  1560/2684: active=293,455 lost=0 (+0)  [6527s elapsed, 0.2 step/s, ETA 4703s]
  Step  1570/2684: active=293,455 lost=0 (+0)  [6570s elapsed, 0.2 step/s, ETA 4662s]
  Step  1580/2684: active=293,455 lost=0 (+0)  [6614s elapsed, 0.2 step/s, ETA 4621s]
  Step  1590/2684: active=293,455 lost=0 (+0)  [6657s elapsed, 0.2 step/s, ETA 4580s]
  Step  1600/2684: active=293,455 lost=0 (+0)  [6700s elapsed, 0.2 step/s, ETA 4539s]
  Step  1610/2684: active=293,455 lost=0 (+0)  [6743s elapsed, 0.2 step/s, ETA 4498s]
  Step  1620/2684: active=293,455 lost=0 (+0)  [6786s elapsed, 0.2 step/s, ETA 4457s]
  Step  1630/2684: active=293,455 lost=0 (+0)  [6828s elapsed, 0.2 step/s, ETA 4415s]
  Step  1640/2684: active=293,455 lost=0 (+0)  [6871s elapsed, 0.2 step/s, ETA 4374s]
  Step  1650/2684: active=293,455 lost=0 (+0)  [6914s elapsed, 0.2 step/s, ETA 4333s]
  Step  1660/2684: active=293,455 lost=0 (+0)  [6956s elapsed, 0.2 step/s, ETA 4291s]
  Step  1670/2684: active=293,455 lost=0 (+0)  [6999s elapsed, 0.2 step/s, ETA 4249s]
  Step  1680/2684: active=293,455 lost=0 (+0)  [7041s elapsed, 0.2 step/s, ETA 4208s]
  Step  1690/2684: active=293,455 lost=0 (+0)  [7084s elapsed, 0.2 step/s, ETA 4167s]
  Step  1700/2684: active=293,455 lost=0 (+0)  [7127s elapsed, 0.2 step/s, ETA 4125s]
  Step  1710/2684: active=293,455 lost=0 (+0)  [7169s elapsed, 0.2 step/s, ETA 4084s]
  Step  1720/2684: active=293,455 lost=0 (+0)  [7212s elapsed, 0.2 step/s, ETA 4042s]
  Step  1730/2684: active=293,455 lost=0 (+0)  [7254s elapsed, 0.2 step/s, ETA 4000s]
  Step  1740/2684: active=293,455 lost=0 (+0)  [7296s elapsed, 0.2 step/s, ETA 3959s]
  Step  1750/2684: active=293,455 lost=0 (+0)  [7339s elapsed, 0.2 step/s, ETA 3917s]
  Step  1760/2684: active=293,455 lost=0 (+0)  [7381s elapsed, 0.2 step/s, ETA 3875s]
  Step  1770/2684: active=293,455 lost=0 (+0)  [7423s elapsed, 0.2 step/s, ETA 3833s]
  Step  1780/2684: active=293,455 lost=0 (+0)  [7465s elapsed, 0.2 step/s, ETA 3791s]
  Step  1790/2684: active=293,455 lost=0 (+0)  [7507s elapsed, 0.2 step/s, ETA 3749s]
Warning: Export queue full at step 1799, skipping
  Step  1800/2684: active=293,455 lost=0 (+0)  [7559s elapsed, 0.2 step/s, ETA 3712s]
  Step  1810/2684: active=293,455 lost=0 (+0)  [7605s elapsed, 0.2 step/s, ETA 3672s]
  Step  1820/2684: active=293,455 lost=0 (+0)  [7646s elapsed, 0.2 step/s, ETA 3630s]
  Step  1830/2684: active=293,455 lost=0 (+0)  [7687s elapsed, 0.2 step/s, ETA 3587s]
  Step  1840/2684: active=293,455 lost=0 (+0)  [7729s elapsed, 0.2 step/s, ETA 3545s]
  Step  1850/2684: active=293,455 lost=0 (+0)  [7770s elapsed, 0.2 step/s, ETA 3503s]
  Step  1860/2684: active=293,455 lost=0 (+0)  [7811s elapsed, 0.2 step/s, ETA 3460s]
  Step  1870/2684: active=293,455 lost=0 (+0)  [7852s elapsed, 0.2 step/s, ETA 3418s]
  Step  1880/2684: active=293,455 lost=0 (+0)  [7893s elapsed, 0.2 step/s, ETA 3375s]
  Step  1890/2684: active=293,455 lost=0 (+0)  [7934s elapsed, 0.2 step/s, ETA 3333s]
  Step  1900/2684: active=293,455 lost=0 (+0)  [7975s elapsed, 0.2 step/s, ETA 3291s]
  Step  1910/2684: active=293,455 lost=0 (+0)  [8016s elapsed, 0.2 step/s, ETA 3248s]
  Step  1920/2684: active=293,455 lost=0 (+0)  [8057s elapsed, 0.2 step/s, ETA 3206s]
  Step  1930/2684: active=293,455 lost=0 (+0)  [8098s elapsed, 0.2 step/s, ETA 3164s]
  Step  1940/2684: active=293,455 lost=0 (+0)  [8138s elapsed, 0.2 step/s, ETA 3121s]
  Step  1950/2684: active=293,455 lost=0 (+0)  [8179s elapsed, 0.2 step/s, ETA 3078s]
  Step  1960/2684: active=293,455 lost=0 (+0)  [8221s elapsed, 0.2 step/s, ETA 3037s]
  Step  1970/2684: active=293,455 lost=0 (+0)  [8262s elapsed, 0.2 step/s, ETA 2994s]
  Step  1980/2684: active=293,455 lost=0 (+0)  [8302s elapsed, 0.2 step/s, ETA 2952s]
  Step  1990/2684: active=293,455 lost=0 (+0)  [8342s elapsed, 0.2 step/s, ETA 2909s]
  Step  2000/2684: active=293,455 lost=0 (+0)  [8382s elapsed, 0.2 step/s, ETA 2867s]
  Step  2010/2684: active=293,455 lost=0 (+0)  [8422s elapsed, 0.2 step/s, ETA 2824s]
  Step  2020/2684: active=293,455 lost=0 (+0)  [8462s elapsed, 0.2 step/s, ETA 2782s]
  Step  2030/2684: active=293,455 lost=0 (+0)  [8502s elapsed, 0.2 step/s, ETA 2739s]
Warning: Export queue full at step 2030, skipping
Warning: Export queue full at step 2032, skipping
Warning: Export queue full at step 2033, skipping
  Step  2040/2684: active=293,455 lost=0 (+0)  [8571s elapsed, 0.2 step/s, ETA 2706s]
  Step  2050/2684: active=293,455 lost=0 (+0)  [8611s elapsed, 0.2 step/s, ETA 2663s]
  Step  2060/2684: active=293,455 lost=0 (+0)  [8651s elapsed, 0.2 step/s, ETA 2620s]
  Step  2070/2684: active=293,455 lost=0 (+0)  [8690s elapsed, 0.2 step/s, ETA 2578s]
  Step  2080/2684: active=293,455 lost=0 (+0)  [8730s elapsed, 0.2 step/s, ETA 2535s]
  Step  2090/2684: active=293,455 lost=0 (+0)  [8769s elapsed, 0.2 step/s, ETA 2492s]
  Step  2100/2684: active=293,455 lost=0 (+0)  [8809s elapsed, 0.2 step/s, ETA 2450s]
  Step  2110/2684: active=293,455 lost=0 (+0)  [8853s elapsed, 0.2 step/s, ETA 2408s]
  Step  2120/2684: active=293,455 lost=0 (+0)  [8892s elapsed, 0.2 step/s, ETA 2366s]
  Step  2130/2684: active=293,455 lost=0 (+0)  [8931s elapsed, 0.2 step/s, ETA 2323s]
  Step  2140/2684: active=293,455 lost=0 (+0)  [8970s elapsed, 0.2 step/s, ETA 2280s]
  Step  2150/2684: active=293,455 lost=0 (+0)  [9009s elapsed, 0.2 step/s, ETA 2238s]
  Step  2160/2684: active=293,455 lost=0 (+0)  [9047s elapsed, 0.2 step/s, ETA 2195s]
  Step  2170/2684: active=293,455 lost=0 (+0)  [9086s elapsed, 0.2 step/s, ETA 2152s]
  Step  2180/2684: active=293,455 lost=0 (+0)  [9125s elapsed, 0.2 step/s, ETA 2110s]
  Step  2190/2684: active=293,455 lost=0 (+0)  [9163s elapsed, 0.2 step/s, ETA 2067s]
  Step  2200/2684: active=293,455 lost=0 (+0)  [9202s elapsed, 0.2 step/s, ETA 2024s]
  Step  2210/2684: active=293,455 lost=0 (+0)  [9240s elapsed, 0.2 step/s, ETA 1982s]
  Step  2220/2684: active=293,455 lost=0 (+0)  [9279s elapsed, 0.2 step/s, ETA 1939s]
  Step  2230/2684: active=293,455 lost=0 (+0)  [9317s elapsed, 0.2 step/s, ETA 1897s]
  Step  2240/2684: active=293,455 lost=0 (+0)  [9355s elapsed, 0.2 step/s, ETA 1854s]
  Step  2250/2684: active=293,455 lost=0 (+0)  [9393s elapsed, 0.2 step/s, ETA 1812s]
  Step  2260/2684: active=293,455 lost=0 (+0)  [9432s elapsed, 0.2 step/s, ETA 1769s]
Warning: Export queue full at step 2265, skipping
Warning: Export queue full at step 2266, skipping
  Step  2270/2684: active=293,455 lost=0 (+0)  [9490s elapsed, 0.2 step/s, ETA 1731s]
  Step  2280/2684: active=293,455 lost=0 (+0)  [9528s elapsed, 0.2 step/s, ETA 1688s]
Warning: Export queue full at step 2286, skipping
Warning: Export queue full at step 2287, skipping
Warning: Export queue full at step 2288, skipping
Warning: Export queue full at step 2289, skipping
  Step  2290/2684: active=293,455 lost=0 (+0)  [9605s elapsed, 0.2 step/s, ETA 1653s]
Warning: Export queue full at step 2293, skipping
  Step  2300/2684: active=293,455 lost=0 (+0)  [9666s elapsed, 0.2 step/s, ETA 1614s]
  Step  2310/2684: active=293,455 lost=0 (+0)  [9704s elapsed, 0.2 step/s, ETA 1571s]
  Step  2320/2684: active=293,455 lost=0 (+0)  [9742s elapsed, 0.2 step/s, ETA 1529s]
  Step  2330/2684: active=293,455 lost=0 (+0)  [9780s elapsed, 0.2 step/s, ETA 1486s]
  Step  2340/2684: active=293,455 lost=0 (+0)  [9817s elapsed, 0.2 step/s, ETA 1443s]
  Step  2350/2684: active=293,455 lost=0 (+0)  [9855s elapsed, 0.2 step/s, ETA 1401s]
  Step  2360/2684: active=293,455 lost=0 (+0)  [9892s elapsed, 0.2 step/s, ETA 1358s]
  Step  2370/2684: active=293,455 lost=0 (+0)  [9929s elapsed, 0.2 step/s, ETA 1316s]
  Step  2380/2684: active=293,455 lost=0 (+0)  [9967s elapsed, 0.2 step/s, ETA 1273s]
  Step  2390/2684: active=293,455 lost=0 (+0)  [10004s elapsed, 0.2 step/s, ETA 1231s]
  Step  2400/2684: active=293,455 lost=0 (+0)  [10041s elapsed, 0.2 step/s, ETA 1188s]
  Step  2410/2684: active=293,455 lost=0 (+0)  [10078s elapsed, 0.2 step/s, ETA 1146s]
  Step  2420/2684: active=293,455 lost=0 (+0)  [10115s elapsed, 0.2 step/s, ETA 1103s]
  Step  2430/2684: active=293,455 lost=0 (+0)  [10152s elapsed, 0.2 step/s, ETA 1061s]
  Step  2440/2684: active=293,455 lost=0 (+0)  [10189s elapsed, 0.2 step/s, ETA 1019s]
  Step  2450/2684: active=293,455 lost=0 (+0)  [10226s elapsed, 0.2 step/s, ETA 977s]
  Step  2460/2684: active=293,455 lost=0 (+0)  [10263s elapsed, 0.2 step/s, ETA 934s]
  Step  2470/2684: active=293,455 lost=0 (+0)  [10299s elapsed, 0.2 step/s, ETA 892s]
  Step  2480/2684: active=293,455 lost=0 (+0)  [10336s elapsed, 0.2 step/s, ETA 850s]
  Step  2490/2684: active=293,455 lost=0 (+0)  [10372s elapsed, 0.2 step/s, ETA 808s]
  Step  2500/2684: active=293,455 lost=0 (+0)  [10409s elapsed, 0.2 step/s, ETA 766s]
  Step  2510/2684: active=293,455 lost=0 (+0)  [10446s elapsed, 0.2 step/s, ETA 724s]
Warning: Export queue full at step 2519, skipping
  Step  2520/2684: active=293,455 lost=0 (+0)  [10492s elapsed, 0.2 step/s, ETA 683s]
Warning: Export queue full at step 2520, skipping
  Step  2530/2684: active=293,455 lost=0 (+0)  [10548s elapsed, 0.2 step/s, ETA 642s]
  Step  2540/2684: active=293,455 lost=0 (+0)  [10591s elapsed, 0.2 step/s, ETA 600s]
  Step  2550/2684: active=293,455 lost=0 (+0)  [10627s elapsed, 0.2 step/s, ETA 558s]
  Step  2560/2684: active=293,455 lost=0 (+0)  [10664s elapsed, 0.2 step/s, ETA 517s]
  Step  2570/2684: active=293,455 lost=0 (+0)  [10700s elapsed, 0.2 step/s, ETA 475s]
  Step  2580/2684: active=293,455 lost=0 (+0)  [10736s elapsed, 0.2 step/s, ETA 433s]
  Step  2590/2684: active=293,455 lost=0 (+0)  [10781s elapsed, 0.2 step/s, ETA 391s]
  Step  2600/2684: active=293,455 lost=0 (+0)  [10817s elapsed, 0.2 step/s, ETA 349s]
  Step  2610/2684: active=293,455 lost=0 (+0)  [10853s elapsed, 0.2 step/s, ETA 308s]
  Step  2620/2684: active=293,455 lost=0 (+0)  [10890s elapsed, 0.2 step/s, ETA 266s]
  Step  2630/2684: active=293,455 lost=0 (+0)  [10925s elapsed, 0.2 step/s, ETA 224s]
  Step  2640/2684: active=293,455 lost=0 (+0)  [10962s elapsed, 0.2 step/s, ETA 183s]
  Step  2650/2684: active=293,455 lost=0 (+0)  [10999s elapsed, 0.2 step/s, ETA 141s]
  Step  2660/2684: active=293,455 lost=0 (+0)  [11035s elapsed, 0.2 step/s, ETA 100s]
  Step  2670/2684: active=293,455 lost=0 (+0)  [11075s elapsed, 0.2 step/s, ETA 58s]
  Step  2680/2684: active=293,455 lost=0 (+0)  [11111s elapsed, 0.2 step/s, ETA 17s]
  Step  2684/2684: active=293,455 lost=0 (+0)  [11125s elapsed, 0.2 step/s, ETA 0s]
  Exported 2666 VTU files
  Stage 7 time: 11124.7s

================================================================================
TRACKING SUMMARY
================================================================================
  Particles: 293,455
  Final active: 293,455 (100.00%)
  Final lost: 0 (0.00%)
  Steps: 2684
  Time: 11124.7s (70,800 p*step/s)
  Output: /flash/project_465002752/hashemia/run_16745960/femuss_0_to_2684

================================================================================
JAXTRACE vs FEMUSS COMPARISON
================================================================================
  Particles: 293,455

  JAXTrace:  active=293,455 (100.00%), lost=0 (0.00%)
  FEMUSS:    active=293,455 (100.00%), left_domain=0 (0.00%)

  Position errors (both active, N=293,455):
    Absolute error:
      Mean:   4.843741e-04
      Median: 6.791436e-05
      Max:    5.385430e-02
      Std:    2.749699e-03
      P90.0:  4.869812e-04
      P95.0:  1.339192e-03
      P99.0:  8.867842e-03
      P99.9:  4.177740e-02
    Relative error (|err| / |displacement|):
      Mean:   1.298161e-02
      Median: 1.502379e-03
      Max:    5.401541e+00
    Per-axis mean absolute error:
      X: mean=3.932118e-04, max=5.336824e-02
      Y: mean=1.966939e-04, max=1.808083e-02
      Z: mean=1.606807e-05, max=2.120778e-03

    Error magnitude distribution:
      < 1e-08:        0 (  0.00%)
      < 1e-07:      183 (  0.06%)
      < 1e-06:    5,210 (  1.78%)
      < 1e-05:   66,160 ( 22.55%)
      < 1e-04:  174,769 ( 59.56%)
      < 1e-03:  275,325 ( 93.82%)
      < 1e-02:  290,729 ( 99.07%)

  Retention agreement:
    Both active:            293,455
    Both lost/left:         0
    JAXTrace active, FEMUSS left: 0
    JAXTrace lost, FEMUSS active: 0

  Top 5 worst-error particles:
    #1: particle=25195, error=5.385430e-02, rel=9.6892e-01
         JT:    [-8.97334135e-03, 5.93996125e-04, -1.00000000e-06]
         FEMUSS:[4.43949021e-02, -6.62137917e-03, -2.33958758e-04]
    #2: particle=14383, error=5.337310e-02, rel=9.7926e-01
         JT:    [-8.82514181e-03, 1.14214386e-03, -1.06829810e-04]
         FEMUSS:[4.39101805e-02, -7.08339382e-03, -2.24105150e-04]
    #3: particle=9181, error=5.280110e-02, rel=9.5822e-01
         JT:    [-8.51146441e-03, 2.57288085e-03, -1.51453363e-04]
         FEMUSS:[4.41928778e-02, -6.21268870e-04, -2.31093210e-04]
    #4: particle=3571, error=5.260770e-02, rel=9.8317e-01
         JT:    [-8.82020060e-03, -1.92109181e-03, -1.00000000e-06]
         FEMUSS:[4.35082128e-02, -7.33054929e-03, -2.14358886e-04]
    #5: particle=3537, error=5.239508e-02, rel=9.7287e-01
         JT:    [-6.92482800e-03, 5.57360349e-03, -1.02269621e-04]
         FEMUSS:[4.38554380e-02, -7.33354553e-03, -2.21365295e-04]
================================================================================

  Comparison data saved to /flash/project_465002752/hashemia/run_16745960/femuss_0_to_2684/comparison_data.npz

================================================================================
TIMING SUMMARY
================================================================================
  1_load_mesh                   29.1s  (  0.2%)
  2_precompute                  95.7s  (  0.8%)
  3_build_upload               580.1s  (  4.9%)
  4_load_particles               0.9s  (  0.0%)
  5_initial_assign              17.2s  (  0.1%)
  6_compile                     37.1s  (  0.3%)
  6_build_rk4                   37.1s  (  0.3%)
  7_tracking                 11124.7s  ( 93.6%)
  ─────────────────────────────────────────────
  TOTAL                      11886.1s
================================================================================

Done.

Simulation exited with code 0 at dom 15 mar 2026 20:38:50 EET
Moving results to scratch...
Done. Results in /scratch/project_465002752/hashemia/outputs/run_16745960
