python3 analyze_unfound_particles.py
WARNING: All log messages before absl::InitializeLog() is called are written to STDERR
I0000 00:00:1769505320.046159 2957957 cudart_stub.cc:31] Could not find cuda drivers on your machine, GPU will not be used.
WARNING: All log messages before absl::InitializeLog() is called are written to STDERR
I0000 00:00:1769505320.047652 2957957 cudart_stub.cc:31] Could not find cuda drivers on your machine, GPU will not be used.
WARNING: All log messages before absl::InitializeLog() is called are written to STDERR
I0000 00:00:1769505320.048160 2957957 cudart_stub.cc:31] Could not find cuda drivers on your machine, GPU will not be used.
WARNING: All log messages before absl::InitializeLog() is called are written to STDERR
I0000 00:00:1769505320.055555 2957957 cudart_stub.cc:31] Could not find cuda drivers on your machine, GPU will not be used.
✅ Enhanced VTK I/O available
✅ HDF5 I/O available
================================================================================
Analysis: Are Unfound Particles in Void Regions?
================================================================================

Loading mesh...
Loading mesh: /home/arhashemi/Workspace/welding/Edgar/FLA/post/0eule/featurelessAvtk_158.pvtu
  Nodes: 780,922
  Elements: 3,048,900
  Loaded field 'Displacement': (780922, 3)
Loading mesh: /home/arhashemi/Workspace/welding/Edgar/FLA/post/0eule/featurelessAvtk_159.pvtu
  Nodes: 780,922
  Elements: 3,048,900
  Loaded field 'Displacement': (780922, 3)
  Loaded 3,048,900 elements, 571,173 nodes

Extracting octree cells...
  Unique cells: 517,069

Uploading to GPU...
  Done

Generating 10,000 random test particles...
Searching for 10,000 particles...
  Found: 7,456 / 10,000 (74.6%)
  Unfound: 2,544 / 10,000 (25.4%)

================================================================================
Brute Force Verification: Are Unfound Particles in Void Regions?
================================================================================

Brute-force checking 100 unfound particles against ALL 3,048,900 elements...
(This will take a while...)

  Checked 10/100...
  Checked 20/100...
  Checked 30/100...
  Checked 40/100...
  Checked 50/100...
  Checked 60/100...
  Checked 70/100...
  Checked 80/100...
  Checked 90/100...
  Checked 100/100...

================================================================================
RESULTS
================================================================================

Sampled 100 unfound particles:
  Actually INSIDE some element: 100 (100.0%)
  Actually OUTSIDE all elements (void): 0 (0.0%)

❌ ALGORITHM STILL HAS BUGS!
   100.0% of unfound particles are INSIDE elements.
   The search algorithm is missing particles that should be found.
   Possible causes:
   - Elements spanning multiple cells (need neighbor search)
   - Precision issues in grid computation
   - Morton encoding issues

================================================================================
