python3 analyze_rectangular_blocks.py
WARNING: All log messages before absl::InitializeLog() is called are written to STDERR
I0000 00:00:1770294739.331195 1757398 cudart_stub.cc:31] Could not find cuda drivers on your machine, GPU will not be used.
WARNING: All log messages before absl::InitializeLog() is called are written to STDERR
I0000 00:00:1770294739.332462 1757398 cudart_stub.cc:31] Could not find cuda drivers on your machine, GPU will not be used.
WARNING: All log messages before absl::InitializeLog() is called are written to STDERR
I0000 00:00:1770294739.332857 1757398 cudart_stub.cc:31] Could not find cuda drivers on your machine, GPU will not be used.
WARNING: All log messages before absl::InitializeLog() is called are written to STDERR
I0000 00:00:1770294739.339100 1757398 cudart_stub.cc:31] Could not find cuda drivers on your machine, GPU will not be used.
ERROR:2026-02-05 13:32:20,174:jax._src.xla_bridge:491: Jax plugin configuration error: Exception when calling jax_plugins.xla_cuda12.initialize()
Traceback (most recent call last):
  File "/home/arhashemi/Workspace/welding/JAXTrace/.venv/lib/python3.13/site-packages/jax/_src/xla_bridge.py", line 489, in discover_pjrt_plugins
    plugin_module.initialize()
    ~~~~~~~~~~~~~~~~~~~~~~~~^^
  File "/home/arhashemi/Workspace/welding/JAXTrace/.venv/lib/python3.13/site-packages/jax_plugins/xla_cuda12/__init__.py", line 334, in initialize
    c_api = xb.register_plugin(
        'cuda', priority=500, library_path=str(path), options=options
    )
  File "/home/arhashemi/Workspace/welding/JAXTrace/.venv/lib/python3.13/site-packages/jax/_src/xla_bridge.py", line 633, in register_plugin
    c_api = xla_client.load_pjrt_plugin_dynamically(plugin_name, library_path)
  File "/home/arhashemi/Workspace/welding/JAXTrace/.venv/lib/python3.13/site-packages/jaxlib/xla_client.py", line 117, in load_pjrt_plugin_dynamically
    return _xla.load_pjrt_plugin(plugin_name, library_path, c_api=None)
           ~~~~~~~~~~~~~~~~~~~~~^^^^^^^^^^^^^^^^^^^^^^^^^^^^^^^^^^^^^^^
jax.errors.JaxRuntimeError: ALREADY_EXISTS: PJRT_Api already exists for device type cuda
✅ Enhanced VTK I/O available
✅ HDF5 I/O available
================================================================================
Loading mesh...
================================================================================
Loading mesh: /home/arhashemi/Workspace/welding/Edgar/FLA/post/0eule/featurelessAvtk_158.pvtu
  Nodes: 780,922
  Elements: 3,048,900
  Loaded field 'Displacement': (780922, 3)
Loading mesh: /home/arhashemi/Workspace/welding/Edgar/FLA/post/0eule/featurelessAvtk_159.pvtu
  Nodes: 780,922
  Elements: 3,048,900
  Loaded field 'Displacement': (780922, 3)
  Mesh: 3,048,900 elements, 571,173 nodes

================================================================================
Analyzing Rectangular Block Structure
================================================================================

Analyzing 10,000 random elements...

================================================================================
Results: Block Dimension Distribution
================================================================================

Total analyzed: 9,998 elements

Block dimensions (sorted by frequency):
  2×2×2 ( 8 cells):  9,998 elements (100.00%)

================================================================================
Results: Volume Coverage Analysis
================================================================================

Tet volume / Block volume ratio:
  Mean:   0.020833
  Median: 0.020833
  Min:    0.020833
  Max:    0.020833

Percentiles:
    1%: 0.020833
    5%: 0.020833
   10%: 0.020833
   25%: 0.020833
   50%: 0.020833
   75%: 0.020833
   90%: 0.020833
   95%: 0.020833
   99%: 0.020833

================================================================================
Results: Block Cell Count Distribution
================================================================================

Blocks grouped by total cell count:
   8-cell blocks:  9,998 elements (100.00%)

Key block types:
  2×2×2 (8 cells):   9,998 (100.00%)
  2×2×1 (4 cells):       0 ( 0.00%)
  2×1×2 (4 cells):       0 ( 0.00%)
  1×2×2 (4 cells):       0 ( 0.00%)

================================================================================
Sample Block Details
================================================================================

Element 2232962 (level 13):
  Block dims: (2, 2, 2) = 8 cells
  Grid range: (54, -21, -4) → (55, -20, -3)
  Tet volume: 6.499110e-13
  Block volume: 3.119573e-11
  Coverage: 0.0208 (2.08%)

Element 2115658 (level 14):
  Block dims: (2, 2, 2) = 8 cells
  Grid range: (38, -88, -3) → (39, -87, -2)
  Tet volume: 8.123864e-14
  Block volume: 3.899455e-12
  Coverage: 0.0208 (2.08%)

Element 1539957 (level 14):
  Block dims: (2, 2, 2) = 8 cells
  Grid range: (109, 8, -2) → (110, 9, -1)
  Tet volume: 8.123894e-14
  Block volume: 3.899469e-12
  Coverage: 0.0208 (2.08%)

Element 2434131 (level 14):
  Block dims: (2, 2, 2) = 8 cells
  Grid range: (-36, -32, -40) → (-35, -31, -39)
  Tet volume: 8.123928e-14
  Block volume: 3.899485e-12
  Coverage: 0.0208 (2.08%)

Element 546418 (level 14):
  Block dims: (2, 2, 2) = 8 cells
  Grid range: (76, 87, -2) → (77, 88, -1)
  Tet volume: 8.123911e-14
  Block volume: 3.899477e-12
  Coverage: 0.0208 (2.08%)

================================================================================
Interpretation
================================================================================

1. Block Structure:
   ✅ Majority (100.0%) are 2×2×2 blocks (8 cells)
   → Kuhn tets DO come from parent cubes

2. Volume Coverage:
   ❌ Poor coverage (0.0208) - blocks waste space
   → NOT suitable as octree leaves

3. Recommendation:
   ⚠  Proceed with multi-cell vertex registration (Phase 2)
   → Rectangular blocks don't form clean octree structure

================================================================================

