✅ Enhanced VTK I/O available
✅ HDF5 I/O available
JAXTrace v0.1.0
================================================================================
CONFIGURATION SUMMARY
================================================================================
📁 Data pattern: /home/arhashemi/Workspace/welding/Edgar/FLA/post/0eule/featurelessAvtk_*.pvtu
⏱  Timesteps to load: 20
🔍 Auto-detect stable mesh: enabled
⏭️  Skip initial timesteps: 30
🌲 Octree: max_elements=32, max_depth=12
🎯 Particles: {'x': 30, 'y': 40, 'z': 15}, distribution=uniform
📦 Particle region: {'x': (0.1, 0.25), 'y': (0.0, 1.0), 'z': (0.0, 1.0)}
🏃 Tracking: 1000 steps, dt=0.0025, integrator=rk4
🚪 Boundary: x-axis, inlet=none, outlet=absorbing
💻 Device: gpu, memory=3.0 GB
================================================================================

================================================================================
1. SYSTEM DIAGNOSTICS
================================================================================
🔍 Checking JAXTrace system requirements...
   ✅ JAX: v0.6.2
   ✅ VTK library: v9.5.0
   ✅ SciPy: v1.16.0 (spatial indexing enabled)
   ✅ Plotly: v6.2.0 (interactive plots available)
   ✅ JAX acceleration: Available
   ✅ VTK I/O: Available
   ✅ Density estimation: Available
   ✅ Visualization: Available
✅ All critical requirements met!

================================================================================
2. CONFIGURATION
================================================================================
✅ JAXTrace configured: PackageConfig(dtype='float32', device='gpu', device_id=None, memory_limit_gb=3.0, auto_batch_sizing=True, oom_recovery=True, use_jax_jit=True, use_jax_vmap=True, precompile_functions=True, show_progress=True, verbose=False, precision='highest', optimization_level=2, _system_memory_gb=31.037708282470703, _available_devices=[{'type': 'cpu', 'devices': [CpuDevice(id=0)]}, {'type': 'gpu', 'devices': [CudaDevice(id=0)], 'memory': [{'num_allocs': 0, 'bytes_in_use': 0, 'peak_bytes_in_use': 0, 'largest_alloc_size': 0, 'bytes_limit': 3064627200, 'bytes_reserved': 0, 'peak_bytes_reserved': 0, 'largest_free_block_bytes': 0, 'pool_bytes': 0, 'peak_pool_bytes': 0}]}])
✅ JAX device: [CudaDevice(id=0)]

================================================================================
3. VELOCITY FIELD
================================================================================
🔧 Using TEMPORAL BATCHING with Grid Hash (for AMR data)
   Window size: 3 velocity timesteps
   Grid resolution: 24^3 cells
📁 Temporal batching field initialized:
   Pattern: /home/arhashemi/Workspace/welding/Edgar/FLA/post/0eule/featurelessAvtk_*.pvtu
   Files found: 160
   Grid resolution: 24³ cells
   Cache size: 3 timesteps
✅ Temporal batching field created: 160 VTK files found
   Interpolation mode: Batched GPU (batch_size=1000, balanced memory)

================================================================================
4. PARTICLE TRACKING
================================================================================
📏 Loading first timestep to determine field bounds...
   Field bounds: [-0.0306  -0.02346 -0.0101 ] to [0.0306  0.02346 0.0001 ]
🎯 Generating particles...
   Domain size: X=0.0612, Y=0.0469, Z=0.0102
   Using fractional particle bounds: {'x': (0.1, 0.25), 'y': (0.0, 1.0), 'z': (0.0, 1.0)}
   Grid resolution: 30 x 40 x 15 = 18000 particles
✅ Generated 18000 particles with uniform grid distribution
🚪 Boundary conditions:
   All boundaries: Reflective
   ⚠️  Note: Temporal batching currently uses reflective boundaries
   Advanced boundary conditions (continuous inlet) will be added in future release
🚀 Setting up temporal batching tracker...
   💾 Recording positions only (velocities not stored)
🚀 Temporal batching tracker initialized:
   Window size: 3 velocity timesteps
   Record velocities: False
   Assuming data time interval: 0.001000
🏃 Running temporal batching particle tracking...
   Tracking 18000 particles for 1000 timesteps
   Time span: (0.0, 6.25), dt=0.0025
   Data dt: 0.001, Temporal window size: 3 velocity timesteps
🏃 Temporal batching tracking:
   Particles: 18,000
   Tracking steps: 1,000
   dt_tracking: 0.0025
   dt_data: 0.001
   Data timesteps needed: 160 / 160
   Temporal windows: 54

   Window 1/54:
      Data timesteps: 0 to 2
      Tracking steps: 0 to 2
      Loaded 3 timesteps in 48.15s
      Computed 3 steps in 59.17s
      Speed: 913 particle-steps/sec
   Progress: |░░░░░░░░░░░░░░░░░░░░░░░░░░░░░░|   0.3%    Window 2/54:
      Data timesteps: 3 to 5
      Tracking steps: 3 to 3
      Loaded 3 timesteps in 143.25s
      Computed 1 steps in 0.07s
      Speed: 245038 particle-steps/sec
   Progress: |░░░░░░░░░░░░░░░░░░░░░░░░░░░░░░|   0.4%    Window 3/54:
      Data timesteps: 6 to 8
      Tracking steps: 4 to 4
      Loaded 3 timesteps in 142.99s
      Computed 1 steps in 0.00s
      Speed: 20650293 particle-steps/sec
   Progress: |░░░░░░░░░░░░░░░░░░░░░░░░░░░░░░|   0.5%    Window 4/54:
      Data timesteps: 9 to 11
      Tracking steps: 5 to 5
      Loaded 3 timesteps in 142.30s
      Computed 1 steps in 0.00s
      Speed: 13440889 particle-steps/sec
   Progress: |░░░░░░░░░░░░░░░░░░░░░░░░░░░░░░|   0.6%    Window 5/54:
      Data timesteps: 12 to 14
      Tracking steps: 6 to 6
      Loaded 3 timesteps in 142.76s
      Computed 1 steps in 0.00s
      Speed: 16334373 particle-steps/sec
   Progress: |░░░░░░░░░░░░░░░░░░░░░░░░░░░░░░|   0.7%    Window 6/54:
      Data timesteps: 15 to 17
      Tracking steps: 7 to 8
      Loaded 3 timesteps in 142.65s
      Computed 2 steps in 25.28s
      Speed: 1424 particle-steps/sec
   Progress: |░░░░░░░░░░░░░░░░░░░░░░░░░░░░░░|   0.9%    Window 7/54:
      Data timesteps: 18 to 20
      Tracking steps: 9 to 9
      Loaded 3 timesteps in 142.67s
      Computed 1 steps in 0.00s
      Speed: 13052813 particle-steps/sec
   Window 8/54:
      Data timesteps: 21 to 23
      Tracking steps: 10 to 10
      Loaded 3 timesteps in 142.96s
      Computed 1 steps in 0.00s
      Speed: 12214443 particle-steps/sec
   Window 9/54:
      Data timesteps: 24 to 26
      Tracking steps: 11 to 11
      Loaded 3 timesteps in 143.56s
      Computed 1 steps in 0.00s
      Speed: 9002799 particle-steps/sec
   Window 10/54:
      Data timesteps: 27 to 29
      Tracking steps: 12 to 12
      Loaded 3 timesteps in 143.56s
      Computed 1 steps in 0.00s
      Speed: 12744340 particle-steps/sec
   Window 11/54:
      Data timesteps: 30 to 32
      Tracking steps: 13 to 14
      Loaded 3 timesteps in 143.17s
      Computed 2 steps in 23.23s
      Speed: 1550 particle-steps/sec
   Window 12/54:
      Data timesteps: 33 to 35
      Tracking steps: 15 to 15
      Loaded 3 timesteps in 143.05s
      Computed 1 steps in 0.00s
      Speed: 13595799 particle-steps/sec
   Window 13/54:
      Data timesteps: 36 to 38
      Tracking steps: 16 to 16
      Loaded 3 timesteps in 143.03s
      Computed 1 steps in 0.00s
      Speed: 13409853 particle-steps/sec
   Window 14/54:
      Data timesteps: 39 to 41
      Tracking steps: 17 to 17
      Loaded 3 timesteps in 142.75s
      Computed 1 steps in 0.00s
      Speed: 13261457 particle-steps/sec
   Window 15/54:
      Data timesteps: 42 to 44
      Tracking steps: 18 to 18
      Loaded 3 timesteps in 142.48s
      Computed 1 steps in 0.00s
      Speed: 13028037 particle-steps/sec
   Window 16/54:
      Data timesteps: 45 to 47
      Tracking steps: 19 to 20
      Loaded 3 timesteps in 142.83s
      Computed 2 steps in 23.24s
      Speed: 1549 particle-steps/sec
   Window 17/54:
      Data timesteps: 48 to 50
      Tracking steps: 21 to 21
      Loaded 3 timesteps in 143.25s
      Computed 1 steps in 0.00s
      Speed: 13498565 particle-steps/sec
   Window 18/54:
      Data timesteps: 51 to 53
      Tracking steps: 22 to 22
      Loaded 3 timesteps in 143.30s
      Computed 1 steps in 0.00s
      Speed: 14191254 particle-steps/sec
   Window 19/54:
      Data timesteps: 54 to 56
      Tracking steps: 23 to 23
      Loaded 3 timesteps in 142.94s
      Computed 1 steps in 0.00s
      Speed: 13832443 particle-steps/sec
   Window 20/54:
      Data timesteps: 57 to 59
      Tracking steps: 24 to 24
      Loaded 3 timesteps in 144.22s
      Computed 1 steps in 0.00s
      Speed: 13508225 particle-steps/sec
   Window 21/54:
      Data timesteps: 60 to 62
      Tracking steps: 25 to 26
      Loaded 3 timesteps in 143.41s
      Computed 2 steps in 23.22s
      Speed: 1550 particle-steps/sec
   Window 22/54:
      Data timesteps: 63 to 65
      Tracking steps: 27 to 27
      Loaded 3 timesteps in 143.74s
      Computed 1 steps in 0.00s
      Speed: 13464860 particle-steps/sec
   Window 23/54:
      Data timesteps: 66 to 68
      Tracking steps: 28 to 28
      Loaded 3 timesteps in 143.90s
      Computed 1 steps in 0.00s
      Speed: 12087331 particle-steps/sec
   Window 24/54:
      Data timesteps: 69 to 71
      Tracking steps: 29 to 29
      Loaded 3 timesteps in 143.29s
      Computed 1 steps in 0.00s
      Speed: 14432703 particle-steps/sec
   Window 25/54:
      Data timesteps: 72 to 74
      Tracking steps: 30 to 30
      Loaded 3 timesteps in 96.33s
      Computed 1 steps in 0.00s
      Speed: 14961845 particle-steps/sec
   Window 26/54:
      Data timesteps: 75 to 77
      Tracking steps: 31 to 32
      Loaded 3 timesteps in 142.59s
      Computed 2 steps in 23.33s
      Speed: 1543 particle-steps/sec
   Window 27/54:
      Data timesteps: 78 to 80
      Tracking steps: 33 to 33
      Loaded 3 timesteps in 145.49s
      Computed 1 steps in 0.00s
      Speed: 15771354 particle-steps/sec
   Window 28/54:
      Data timesteps: 81 to 83
      Tracking steps: 34 to 34
      Loaded 3 timesteps in 98.37s
      Computed 1 steps in 0.00s
      Speed: 12272021 particle-steps/sec
   Window 29/54:
      Data timesteps: 84 to 86
      Tracking steps: 35 to 35
      Loaded 3 timesteps in 142.87s
      Computed 1 steps in 0.00s
      Speed: 19784453 particle-steps/sec
   Window 30/54:
      Data timesteps: 87 to 89
      Tracking steps: 36 to 36
      Loaded 3 timesteps in 145.92s
      Computed 1 steps in 0.00s
      Speed: 14051270 particle-steps/sec
   Window 31/54:
      Data timesteps: 90 to 92
      Tracking steps: 37 to 38
