python3 benchmark_l2_search_methods_with-export.py✅ Enhanced VTK I/O available
✅ HDF5 I/O available
================================================================================
Comprehensive L2 Search Methods Benchmark
Fair comparison of all L2 search strategies
================================================================================
JAX version: 0.9.0.1
JAX devices: [CudaDevice(id=0)]
================================================================================

[1/10] Loading mesh...
Loading mesh: data/FLA/post/0eule/featurelessAvtk_158.pvtu
  Nodes: 780,922
  Elements: 3,048,900
  Loaded field 'Displacement': (780922, 3)
Loading mesh: data/FLA/post/0eule/featurelessAvtk_159.pvtu
  Nodes: 780,922
  Elements: 3,048,900
  Loaded field 'Displacement': (780922, 3)
  Loaded in 6.90s
  Elements: 3,048,900, Nodes: 780,922, Timesteps: 2

[2/10] Deduplicating...
  Removed 209,749 duplicates

[3/10] Precomputing metadata...

Precomputed inverse matrices:
  Elements: 3,048,900
  Degenerate: 0 (0.0000%)
  Det range: [4.87e-13, 1.28e-07]
  Memory: 146,347,200 bytes (139.6 MB)
  Metadata ready

[4/10] Building octree...
  Built 24,550 leaves

  Building mesh-aligned octree (single-cell)...
    Extracted 517,069 cells in 122.71s
    Elements per cell: 5.89
    Cells per element: 1.00

  Building mesh-aligned octree (multi-cell vertex registration)...
    Extracted 665,842 cells in 285.06s
    Elements per cell: 18.32
    Cells per element: 4.00

  Building mesh-aligned octree with neighbor table (Option B)...
    Neighbor table built in 170.62s
    Mean neighbors per cell: 22.9

[5/10] Uploading to GPU...
  Uploading mesh-aligned octree (single-cell)...
  Uploading mesh-aligned octree (multi-cell)...
  Uploading mesh-aligned octree with neighbors (single-cell)...

  NOTE: Multi-cell octree doesn't use neighbor table
    Multi-cell registration already covers ~4 cells per element
    Neighbor table would search ~104 cells (excessive)
  Building mesh-aligned Morton (hybrid)...
    Elements per cell: mean=5.9, max=8
  Uploaded to GPU

[6/10] Generating particles (uniform grid: 60×90×60 = 324,000)...
  Particle bounds:
    X: [-0.022800, -0.016800] (domain fraction: (0.12, 0.22))
    Y: [-0.013800, 0.013800] (domain fraction: (0.2, 0.8))
    Z: [-0.009900, 0.000000] (domain fraction: (0.01, 1.0))
  Clipping particles to mesh bounds (Phase 1.1 fix)...
  Generated 324,000 particles on uniform grid
    Clipped to safe mesh bounds (1% margin)
    No ground truth element IDs (particles may be outside mesh)
  Particle IDs: 0..323999 (for cross-timestep tracking)

[7/10] Defining test configurations...
================================================================================
1. Mesh-Aligned Multi-Cell + 3×3×3 Local (lax.cond)
   Multi-cell + 3×3×3 local search with lax.cond (original)
   Expected work: ~494 tests/particle (27 cells × 18.31 elem/cell)

2. Mesh-Aligned Multi-Cell + 3×3×3 Local (jnp.where)
   Multi-cell + 3×3×3 local search with jnp.where (vmap fix)
   Expected work: ~494 tests/particle (27 cells × 18.31 elem/cell)


[8/10] Running initial assignment for all configurations...
================================================================================

  Config: Mesh-Aligned Multi-Cell + 3×3×3 Local (lax.cond)
    Time: 351.898s
    Assigned: 324,000/324,000 (100.00%)
    Throughput: 921 p/s

  Config: Mesh-Aligned Multi-Cell + 3×3×3 Local (jnp.where)
    Time: 349.260s
    Assigned: 324,000/324,000 (100.00%)
    Throughput: 928 p/s

[9/10] Running RK4 tracking for all configurations...
================================================================================
Configuration: 2500 steps, dt=0.0025, point-in-tet=inverse


  Config: Mesh-Aligned Multi-Cell + 3×3×3 Local (lax.cond)
      Initial state exported (step 0): 0 active particles
      Compiling...
      Compilation time: 17.91s
      Running 2500 RK4 steps...
        step   10: active=262,404  L0=80.9% L1=0.1% L2=0.0% miss=19.01%
        step   20: active=262,401  L0=80.9% L1=0.1% L2=0.0% miss=19.01%
        step   30: active=262,395  L0=80.9% L1=0.1% L2=0.0% miss=19.01%
        step   40: active=262,388  L0=80.8% L1=0.2% L2=0.0% miss=19.02%
        step   50: active=262,382  L0=80.9% L1=0.1% L2=0.0% miss=19.02%
        step   60: active=262,378  L0=80.9% L1=0.1% L2=0.0% miss=19.02%
        step   70: active=262,375  L0=80.7% L1=0.3% L2=0.0% miss=19.02%
        step   80: active=262,373  L0=80.9% L1=0.1% L2=0.0% miss=19.02%
        step   90: active=262,370  L0=80.9% L1=0.1% L2=0.0% miss=19.02%
        step  100: active=262,367  L0=80.8% L1=0.2% L2=0.0% miss=19.02%
        step  110: active=261,785  L0=80.7% L1=0.1% L2=0.0% miss=19.20%
        step  120: active=260,720  L0=80.3% L1=0.2% L2=0.0% miss=19.52%
        step  130: active=259,362  L0=79.8% L1=0.2% L2=0.0% miss=19.93%
        step  140: active=257,964  L0=79.5% L1=0.1% L2=0.0% miss=20.33%
        step  150: active=256,740  L0=79.0% L1=0.2% L2=0.0% miss=20.73%
        step  160: active=255,418  L0=78.6% L1=0.2% L2=0.0% miss=21.17%
        step  170: active=254,142  L0=78.3% L1=0.1% L2=0.0% miss=21.54%
        step  180: active=252,859  L0=77.9% L1=0.1% L2=0.0% miss=21.95%
        step  190: active=251,391  L0=77.4% L1=0.1% L2=0.1% miss=22.38%
        step  200: active=250,240  L0=77.1% L1=0.1% L2=0.0% miss=22.76%
        step  210: active=248,925  L0=76.7% L1=0.1% L2=0.0% miss=23.17%
        step  220: active=247,679  L0=76.3% L1=0.1% L2=0.0% miss=23.55%
        step  230: active=246,311  L0=75.9% L1=0.1% L2=0.0% miss=23.97%
        step  240: active=245,005  L0=75.4% L1=0.1% L2=0.0% miss=24.37%
        step  250: active=243,779  L0=75.1% L1=0.2% L2=0.0% miss=24.73%
        step  260: active=242,426  L0=74.7% L1=0.2% L2=0.0% miss=25.16%
        step  270: active=241,137  L0=74.2% L1=0.2% L2=0.0% miss=25.54%
        step  280: active=239,841  L0=73.9% L1=0.2% L2=0.0% miss=25.97%
        step  290: active=238,362  L0=73.4% L1=0.1% L2=0.0% miss=26.41%
        step  300: active=237,234  L0=73.0% L1=0.2% L2=0.0% miss=26.77%
        step  310: active=236,166  L0=72.7% L1=0.2% L2=0.0% miss=27.10%
        step  320: active=235,137  L0=72.4% L1=0.2% L2=0.1% miss=27.40%
        step  330: active=234,135  L0=72.0% L1=0.2% L2=0.0% miss=27.72%
        step  340: active=232,945  L0=71.7% L1=0.2% L2=0.0% miss=28.10%
        step  350: active=231,805  L0=71.3% L1=0.2% L2=0.0% miss=28.43%
        step  360: active=230,596  L0=70.9% L1=0.2% L2=0.0% miss=28.82%
        step  370: active=229,216  L0=70.5% L1=0.2% L2=0.0% miss=29.24%
        step  380: active=228,046  L0=70.2% L1=0.2% L2=0.0% miss=29.61%
        step  390: active=226,637  L0=69.7% L1=0.2% L2=0.0% miss=30.04%
        step  400: active=225,080  L0=69.2% L1=0.2% L2=0.1% miss=30.49%
        step  410: active=223,767  L0=68.8% L1=0.2% L2=0.0% miss=30.92%
        step  420: active=222,270  L0=68.3% L1=0.3% L2=0.0% miss=31.39%
        step  430: active=220,730  L0=67.9% L1=0.3% L2=0.1% miss=31.83%
        step  440: active=219,231  L0=67.4% L1=0.3% L2=0.1% miss=32.30%
        step  450: active=217,640  L0=66.9% L1=0.3% L2=0.0% miss=32.82%
        step  460: active=216,220  L0=66.4% L1=0.3% L2=0.0% miss=33.25%
        step  470: active=214,693  L0=66.0% L1=0.3% L2=0.0% miss=33.72%
        step  480: active=213,819  L0=65.7% L1=0.3% L2=0.0% miss=34.00%
        step  490: active=213,615  L0=65.7% L1=0.3% L2=0.0% miss=34.07%
        step  500: active=213,417  L0=65.6% L1=0.3% L2=0.0% miss=34.13%
        step  510: active=213,205  L0=65.5% L1=0.3% L2=0.0% miss=34.19%
        step  520: active=212,935  L0=65.4% L1=0.3% L2=0.0% miss=34.27%
        step  530: active=212,700  L0=65.3% L1=0.3% L2=0.0% miss=34.35%
        step  540: active=212,471  L0=65.3% L1=0.3% L2=0.0% miss=34.42%
        step  550: active=212,219  L0=65.2% L1=0.3% L2=0.0% miss=34.50%
        step  560: active=211,983  L0=65.1% L1=0.3% L2=0.0% miss=34.57%
        step  570: active=211,709  L0=65.0% L1=0.3% L2=0.0% miss=34.66%
        step  580: active=211,444  L0=64.9% L1=0.4% L2=0.0% miss=34.74%
        step  590: active=211,143  L0=64.8% L1=0.4% L2=0.0% miss=34.83%
        step  600: active=210,824  L0=64.7% L1=0.4% L2=0.0% miss=34.93%
        step  610: active=210,505  L0=64.6% L1=0.4% L2=0.0% miss=35.02%
        step  620: active=210,194  L0=64.5% L1=0.4% L2=0.0% miss=35.12%
        step  630: active=209,914  L0=64.4% L1=0.4% L2=0.0% miss=35.21%
        step  640: active=209,695  L0=64.3% L1=0.4% L2=0.0% miss=35.28%
        step  650: active=209,488  L0=64.2% L1=0.4% L2=0.0% miss=35.34%
        step  660: active=209,268  L0=64.2% L1=0.4% L2=0.0% miss=35.41%
        step  670: active=209,027  L0=64.1% L1=0.4% L2=0.0% miss=35.48%
        step  680: active=208,768  L0=64.0% L1=0.4% L2=0.1% miss=35.56%
        step  690: active=208,485  L0=63.9% L1=0.4% L2=0.1% miss=35.65%
        step  700: active=208,191  L0=63.7% L1=0.5% L2=0.1% miss=35.74%
        step  710: active=207,924  L0=63.7% L1=0.5% L2=0.1% miss=35.82%
        step  720: active=207,626  L0=63.6% L1=0.5% L2=0.1% miss=35.91%
        step  730: active=207,331  L0=63.4% L1=0.5% L2=0.1% miss=36.00%
        step  740: active=207,016  L0=63.3% L1=0.5% L2=0.1% miss=36.10%
        step  750: active=206,723  L0=63.2% L1=0.5% L2=0.1% miss=36.19%
        step  760: active=206,404  L0=63.1% L1=0.5% L2=0.1% miss=36.29%
        step  770: active=206,071  L0=63.0% L1=0.5% L2=0.1% miss=36.39%
        step  780: active=205,751  L0=62.9% L1=0.5% L2=0.1% miss=36.49%
        step  790: active=205,428  L0=62.8% L1=0.5% L2=0.1% miss=36.59%
        step  800: active=205,090  L0=62.7% L1=0.5% L2=0.1% miss=36.70%
        step  810: active=204,740  L0=62.6% L1=0.5% L2=0.1% miss=36.81%
        step  820: active=204,380  L0=62.5% L1=0.5% L2=0.1% miss=36.91%
        step  830: active=204,047  L0=62.4% L1=0.5% L2=0.1% miss=37.02%
        step  840: active=203,653  L0=62.2% L1=0.5% L2=0.1% miss=37.14%
        step  850: active=203,285  L0=62.1% L1=0.6% L2=0.1% miss=37.25%
        step  860: active=202,917  L0=62.0% L1=0.6% L2=0.1% miss=37.37%
        step  870: active=202,520  L0=61.9% L1=0.6% L2=0.1% miss=37.49%
        step  880: active=202,161  L0=61.7% L1=0.6% L2=0.1% miss=37.60%
        step  890: active=201,757  L0=61.6% L1=0.6% L2=0.1% miss=37.72%
        step  900: active=201,324  L0=61.5% L1=0.6% L2=0.1% miss=37.86%
        step  910: active=200,917  L0=61.3% L1=0.6% L2=0.1% miss=37.98%
        step  920: active=200,485  L0=61.2% L1=0.6% L2=0.1% miss=38.12%
        step  930: active=200,094  L0=61.0% L1=0.6% L2=0.1% miss=38.24%
        step  940: active=199,700  L0=60.9% L1=0.6% L2=0.1% miss=38.36%
        step  950: active=199,327  L0=60.8% L1=0.6% L2=0.1% miss=38.47%
        step  960: active=198,971  L0=60.7% L1=0.6% L2=0.1% miss=38.58%
        step  970: active=198,595  L0=60.6% L1=0.6% L2=0.1% miss=38.70%
        step  980: active=198,211  L0=60.5% L1=0.6% L2=0.1% miss=38.82%
        step  990: active=197,794  L0=60.3% L1=0.6% L2=0.1% miss=38.95%
        step 1000: active=197,380  L0=60.2% L1=0.6% L2=0.1% miss=39.08%
        step 1010: active=196,914  L0=60.0% L1=0.6% L2=0.1% miss=39.22%
        step 1020: active=196,491  L0=59.9% L1=0.6% L2=0.1% miss=39.35%
        step 1030: active=196,092  L0=59.8% L1=0.6% L2=0.1% miss=39.47%
        step 1040: active=195,680  L0=59.7% L1=0.6% L2=0.1% miss=39.60%
        step 1050: active=195,296  L0=59.6% L1=0.6% L2=0.1% miss=39.72%
        step 1060: active=194,915  L0=59.4% L1=0.6% L2=0.1% miss=39.84%
        step 1070: active=194,507  L0=59.3% L1=0.6% L2=0.1% miss=39.96%
        step 1080: active=194,103  L0=59.2% L1=0.6% L2=0.1% miss=40.09%
        step 1090: active=193,706  L0=59.1% L1=0.6% L2=0.1% miss=40.21%
        step 1100: active=193,325  L0=59.0% L1=0.6% L2=0.1% miss=40.33%
        step 1110: active=192,970  L0=58.9% L1=0.6% L2=0.1% miss=40.44%
        step 1120: active=192,582  L0=58.7% L1=0.6% L2=0.1% miss=40.56%
        step 1130: active=192,233  L0=58.6% L1=0.6% L2=0.1% miss=40.66%
        step 1140: active=191,888  L0=58.5% L1=0.6% L2=0.1% miss=40.77%
        step 1150: active=191,517  L0=58.4% L1=0.6% L2=0.1% miss=40.88%
        step 1160: active=191,140  L0=58.3% L1=0.6% L2=0.1% miss=41.00%
        step 1170: active=190,795  L0=58.2% L1=0.6% L2=0.1% miss=41.11%
        step 1180: active=190,446  L0=58.1% L1=0.6% L2=0.1% miss=41.22%
        step 1190: active=190,072  L0=58.0% L1=0.6% L2=0.1% miss=41.33%
        step 1200: active=189,729  L0=57.9% L1=0.5% L2=0.1% miss=41.44%
        step 1210: active=189,369  L0=57.8% L1=0.5% L2=0.1% miss=41.55%
        step 1220: active=188,993  L0=57.7% L1=0.5% L2=0.1% miss=41.66%
        step 1230: active=188,646  L0=57.6% L1=0.5% L2=0.1% miss=41.77%
        step 1240: active=188,288  L0=57.5% L1=0.5% L2=0.1% miss=41.88%
        step 1250: active=187,945  L0=57.4% L1=0.5% L2=0.1% miss=41.99%
        step 1260: active=187,583  L0=57.3% L1=0.5% L2=0.1% miss=42.10%
        step 1270: active=187,236  L0=57.2% L1=0.5% L2=0.1% miss=42.21%
        step 1280: active=186,891  L0=57.1% L1=0.5% L2=0.1% miss=42.31%
        step 1290: active=186,528  L0=57.0% L1=0.5% L2=0.1% miss=42.43%
        step 1300: active=186,165  L0=56.9% L1=0.5% L2=0.1% miss=42.54%
        step 1310: active=185,789  L0=56.8% L1=0.5% L2=0.1% miss=42.65%
        step 1320: active=185,381  L0=56.7% L1=0.4% L2=0.1% miss=42.78%
        step 1330: active=184,950  L0=56.6% L1=0.4% L2=0.1% miss=42.91%
        step 1340: active=184,509  L0=56.4% L1=0.4% L2=0.1% miss=43.05%
        step 1350: active=184,032  L0=56.3% L1=0.4% L2=0.1% miss=43.19%
        step 1360: active=183,538  L0=56.2% L1=0.4% L2=0.1% miss=43.35%
        step 1370: active=183,047  L0=56.0% L1=0.4% L2=0.1% miss=43.50%
        step 1380: active=182,550  L0=55.9% L1=0.4% L2=0.1% miss=43.65%
        step 1390: active=182,040  L0=55.7% L1=0.4% L2=0.1% miss=43.81%
        step 1400: active=181,551  L0=55.6% L1=0.4% L2=0.1% miss=43.96%
        step 1410: active=181,010  L0=55.4% L1=0.4% L2=0.1% miss=44.13%
        step 1420: active=180,468  L0=55.3% L1=0.4% L2=0.1% miss=44.29%
        step 1430: active=179,920  L0=55.1% L1=0.4% L2=0.1% miss=44.46%
        step 1440: active=179,351  L0=54.9% L1=0.3% L2=0.1% miss=44.64%
        step 1450: active=178,775  L0=54.8% L1=0.3% L2=0.1% miss=44.81%
        step 1460: active=178,179  L0=54.6% L1=0.3% L2=0.1% miss=45.00%
        step 1470: active=177,576  L0=54.4% L1=0.3% L2=0.1% miss=45.18%
        step 1480: active=176,966  L0=54.2% L1=0.3% L2=0.1% miss=45.37%
        step 1490: active=176,321  L0=54.1% L1=0.3% L2=0.1% miss=45.57%
        step 1500: active=175,638  L0=53.8% L1=0.3% L2=0.1% miss=45.78%
        step 1510: active=174,954  L0=53.6% L1=0.3% L2=0.1% miss=45.99%
        step 1520: active=174,263  L0=53.4% L1=0.3% L2=0.1% miss=46.21%
        step 1530: active=173,562  L0=53.2% L1=0.3% L2=0.1% miss=46.42%
        step 1540: active=172,854  L0=53.0% L1=0.3% L2=0.1% miss=46.64%
        step 1550: active=172,148  L0=52.8% L1=0.3% L2=0.1% miss=46.86%
        step 1560: active=171,463  L0=52.6% L1=0.3% L2=0.1% miss=47.07%
        step 1570: active=170,761  L0=52.4% L1=0.3% L2=0.1% miss=47.29%
        step 1580: active=170,071  L0=52.2% L1=0.2% L2=0.1% miss=47.50%
        step 1590: active=169,406  L0=52.0% L1=0.3% L2=0.1% miss=47.71%
        step 1600: active=168,719  L0=51.8% L1=0.2% L2=0.1% miss=47.92%
        step 1610: active=168,037  L0=51.6% L1=0.2% L2=0.1% miss=48.13%
        step 1620: active=167,343  L0=51.3% L1=0.2% L2=0.1% miss=48.34%
        step 1630: active=166,624  L0=51.1% L1=0.2% L2=0.1% miss=48.56%
        step 1640: active=165,871  L0=50.9% L1=0.2% L2=0.1% miss=48.79%
        step 1650: active=165,106  L0=50.7% L1=0.2% L2=0.1% miss=49.03%
        step 1660: active=164,329  L0=50.4% L1=0.2% L2=0.1% miss=49.27%
        step 1670: active=163,560  L0=50.2% L1=0.2% L2=0.1% miss=49.51%
        step 1680: active=162,791  L0=50.0% L1=0.2% L2=0.1% miss=49.75%
        step 1690: active=162,012  L0=49.7% L1=0.2% L2=0.1% miss=49.98%
        step 1700: active=161,226  L0=49.5% L1=0.2% L2=0.1% miss=50.23%
        step 1710: active=160,406  L0=49.3% L1=0.2% L2=0.1% miss=50.48%
        step 1720: active=159,601  L0=49.0% L1=0.2% L2=0.1% miss=50.73%
        step 1730: active=158,775  L0=48.8% L1=0.2% L2=0.1% miss=50.98%
        step 1740: active=157,950  L0=48.5% L1=0.2% L2=0.1% miss=51.24%
        step 1750: active=157,132  L0=48.3% L1=0.2% L2=0.1% miss=51.49%
        step 1760: active=156,339  L0=48.0% L1=0.2% L2=0.1% miss=51.74%
        step 1770: active=155,522  L0=47.8% L1=0.2% L2=0.1% miss=51.99%
        step 1780: active=154,699  L0=47.5% L1=0.2% L2=0.1% miss=52.24%
        step 1790: active=153,886  L0=47.3% L1=0.2% L2=0.1% miss=52.49%
        step 1800: active=153,078  L0=47.0% L1=0.2% L2=0.1% miss=52.74%
        step 1810: active=152,304  L0=46.8% L1=0.2% L2=0.1% miss=52.98%
        step 1820: active=151,527  L0=46.5% L1=0.2% L2=0.1% miss=53.22%
        step 1830: active=150,807  L0=46.3% L1=0.2% L2=0.1% miss=53.44%
        step 1840: active=150,130  L0=46.1% L1=0.2% L2=0.1% miss=53.66%
        step 1850: active=149,456  L0=45.9% L1=0.2% L2=0.1% miss=53.86%
        step 1860: active=148,815  L0=45.7% L1=0.2% L2=0.1% miss=54.06%
        step 1870: active=148,195  L0=45.6% L1=0.1% L2=0.1% miss=54.25%
        step 1880: active=147,609  L0=45.4% L1=0.1% L2=0.1% miss=54.43%
        step 1890: active=147,039  L0=45.2% L1=0.1% L2=0.1% miss=54.61%
        step 1900: active=146,493  L0=45.0% L1=0.1% L2=0.1% miss=54.78%
        step 1910: active=145,968  L0=44.9% L1=0.1% L2=0.0% miss=54.94%
        step 1920: active=145,435  L0=44.7% L1=0.1% L2=0.0% miss=55.10%
        step 1930: active=144,916  L0=44.6% L1=0.1% L2=0.0% miss=55.26%
        step 1940: active=144,405  L0=44.4% L1=0.1% L2=0.0% miss=55.42%
        step 1950: active=143,883  L0=44.2% L1=0.1% L2=0.0% miss=55.58%
        step 1960: active=143,368  L0=44.1% L1=0.1% L2=0.0% miss=55.74%
        step 1970: active=142,778  L0=43.9% L1=0.1% L2=0.0% miss=55.92%
        step 1980: active=142,179  L0=43.7% L1=0.1% L2=0.0% miss=56.11%
        step 1990: active=141,592  L0=43.6% L1=0.1% L2=0.0% miss=56.29%
        step 2000: active=141,031  L0=43.4% L1=0.1% L2=0.0% miss=56.46%
        step 2010: active=140,477  L0=43.2% L1=0.1% L2=0.0% miss=56.63%
        step 2020: active=139,962  L0=43.1% L1=0.1% L2=0.0% miss=56.79%
        step 2030: active=139,485  L0=42.9% L1=0.1% L2=0.0% miss=56.94%
        step 2040: active=139,013  L0=42.8% L1=0.1% L2=0.0% miss=57.09%
        step 2050: active=138,557  L0=42.6% L1=0.1% L2=0.0% miss=57.23%
        step 2060: active=138,129  L0=42.5% L1=0.1% L2=0.0% miss=57.36%
        step 2070: active=137,720  L0=42.4% L1=0.1% L2=0.0% miss=57.49%
        step 2080: active=137,332  L0=42.2% L1=0.1% L2=0.0% miss=57.61%
        step 2090: active=136,963  L0=42.1% L1=0.1% L2=0.0% miss=57.72%
        step 2100: active=136,639  L0=42.0% L1=0.1% L2=0.0% miss=57.82%
        step 2110: active=136,352  L0=41.9% L1=0.1% L2=0.0% miss=57.91%
        step 2120: active=136,103  L0=41.9% L1=0.1% L2=0.0% miss=57.99%
        step 2130: active=135,884  L0=41.8% L1=0.1% L2=0.0% miss=58.06%
        step 2140: active=135,670  L0=41.7% L1=0.1% L2=0.0% miss=58.12%
        step 2150: active=135,512  L0=41.7% L1=0.1% L2=0.0% miss=58.17%
        step 2160: active=135,366  L0=41.6% L1=0.1% L2=0.0% miss=58.22%
        step 2170: active=135,232  L0=41.6% L1=0.1% L2=0.0% miss=58.26%
        step 2180: active=135,093  L0=41.6% L1=0.1% L2=0.0% miss=58.30%
        step 2190: active=134,959  L0=41.5% L1=0.1% L2=0.0% miss=58.34%
        step 2200: active=134,821  L0=41.5% L1=0.1% L2=0.0% miss=58.39%
        step 2210: active=134,678  L0=41.4% L1=0.1% L2=0.0% miss=58.43%
        step 2220: active=134,543  L0=41.4% L1=0.1% L2=0.0% miss=58.47%
        step 2230: active=134,407  L0=41.4% L1=0.1% L2=0.0% miss=58.51%
        step 2240: active=134,291  L0=41.3% L1=0.1% L2=0.0% miss=58.55%
        step 2250: active=134,176  L0=41.3% L1=0.1% L2=0.0% miss=58.59%
        step 2260: active=134,066  L0=41.3% L1=0.1% L2=0.0% miss=58.62%
        step 2270: active=133,956  L0=41.2% L1=0.1% L2=0.0% miss=58.65%
        step 2280: active=133,848  L0=41.2% L1=0.1% L2=0.0% miss=58.69%
        step 2290: active=133,755  L0=41.2% L1=0.1% L2=0.0% miss=58.72%
        step 2300: active=133,652  L0=41.1% L1=0.1% L2=0.0% miss=58.75%
        step 2310: active=133,558  L0=41.1% L1=0.1% L2=0.0% miss=58.78%
        step 2320: active=133,457  L0=41.1% L1=0.1% L2=0.0% miss=58.81%
        step 2330: active=133,378  L0=41.0% L1=0.1% L2=0.0% miss=58.83%
        step 2340: active=133,293  L0=41.0% L1=0.1% L2=0.0% miss=58.86%
        step 2350: active=133,215  L0=41.0% L1=0.1% L2=0.0% miss=58.88%
        step 2360: active=133,145  L0=41.0% L1=0.1% L2=0.0% miss=58.90%
        step 2370: active=133,088  L0=40.9% L1=0.1% L2=0.0% miss=58.92%
        step 2380: active=133,024  L0=40.9% L1=0.1% L2=0.0% miss=58.94%
        step 2390: active=132,961  L0=40.9% L1=0.1% L2=0.0% miss=58.96%
        step 2400: active=132,901  L0=40.9% L1=0.1% L2=0.0% miss=58.98%
        step 2410: active=132,833  L0=40.9% L1=0.1% L2=0.0% miss=59.00%
        step 2420: active=132,785  L0=40.8% L1=0.1% L2=0.0% miss=59.02%
        step 2430: active=132,742  L0=40.8% L1=0.1% L2=0.0% miss=59.03%
        step 2440: active=132,703  L0=40.8% L1=0.1% L2=0.0% miss=59.04%
        step 2450: active=132,677  L0=40.8% L1=0.1% L2=0.0% miss=59.05%
        step 2460: active=132,659  L0=40.8% L1=0.1% L2=0.0% miss=59.06%
        step 2470: active=132,633  L0=40.8% L1=0.1% L2=0.0% miss=59.06%
        step 2480: active=132,610  L0=40.8% L1=0.1% L2=0.0% miss=59.07%
        step 2490: active=132,590  L0=40.8% L1=0.1% L2=0.0% miss=59.08%
        step 2500: active=132,580  L0=40.8% L1=0.1% L2=0.0% miss=59.08%
      Stats CSV: output/benchmark_with_export_mesh-aligned-where/Mesh-Aligned Multi-Cell + 3×3×3 Local (lax.cond)/search_stats.csv
      Waiting for exports...
      Exported 2501 files (mean time: 0.521s)
    Time: 3863.557s
    Final active: 132,580/324,000 (40.92%)
    Throughput: 209,651 p/s

  Config: Mesh-Aligned Multi-Cell + 3×3×3 Local (jnp.where)
      Initial state exported (step 0): 0 active particles
      Compiling...
      Compilation time: 16.43s
      Running 2500 RK4 steps...
        step   10: active=262,404  L0=80.9% L1=0.1% L2=0.0% miss=19.01%
        step   20: active=262,401  L0=80.9% L1=0.1% L2=0.0% miss=19.01%
        step   30: active=262,395  L0=80.9% L1=0.1% L2=0.0% miss=19.01%
        step   40: active=262,388  L0=80.8% L1=0.2% L2=0.0% miss=19.02%
        step   50: active=262,382  L0=80.9% L1=0.1% L2=0.0% miss=19.02%
        step   60: active=262,378  L0=80.9% L1=0.1% L2=0.0% miss=19.02%
        step   70: active=262,375  L0=80.7% L1=0.3% L2=0.0% miss=19.02%
        step   80: active=262,373  L0=80.9% L1=0.1% L2=0.0% miss=19.02%
        step   90: active=262,370  L0=80.9% L1=0.1% L2=0.0% miss=19.02%
        step  100: active=262,367  L0=80.8% L1=0.2% L2=0.0% miss=19.02%
        step  110: active=261,785  L0=80.7% L1=0.1% L2=0.0% miss=19.20%
        step  120: active=260,720  L0=80.3% L1=0.2% L2=0.0% miss=19.52%
        step  130: active=259,362  L0=79.8% L1=0.2% L2=0.0% miss=19.93%
        step  140: active=257,964  L0=79.5% L1=0.1% L2=0.0% miss=20.33%
        step  150: active=256,740  L0=79.0% L1=0.2% L2=0.0% miss=20.73%
        step  160: active=255,418  L0=78.6% L1=0.2% L2=0.0% miss=21.17%
        step  170: active=254,142  L0=78.3% L1=0.1% L2=0.0% miss=21.54%
        step  180: active=252,859  L0=77.9% L1=0.1% L2=0.0% miss=21.95%
        step  190: active=251,391  L0=77.4% L1=0.1% L2=0.1% miss=22.38%
        step  200: active=250,240  L0=77.1% L1=0.1% L2=0.0% miss=22.76%
        step  210: active=248,925  L0=76.7% L1=0.1% L2=0.0% miss=23.17%
        step  220: active=247,679  L0=76.3% L1=0.1% L2=0.0% miss=23.55%
        step  230: active=246,311  L0=75.9% L1=0.1% L2=0.0% miss=23.97%
        step  240: active=245,005  L0=75.4% L1=0.1% L2=0.0% miss=24.37%
        step  250: active=243,779  L0=75.1% L1=0.2% L2=0.0% miss=24.73%
        step  260: active=242,426  L0=74.7% L1=0.2% L2=0.0% miss=25.16%
        step  270: active=241,137  L0=74.2% L1=0.2% L2=0.0% miss=25.54%
        step  280: active=239,841  L0=73.9% L1=0.2% L2=0.0% miss=25.97%
        step  290: active=238,362  L0=73.4% L1=0.1% L2=0.0% miss=26.41%
        step  300: active=237,234  L0=73.0% L1=0.2% L2=0.0% miss=26.77%
        step  310: active=236,166  L0=72.7% L1=0.2% L2=0.0% miss=27.10%
        step  320: active=235,137  L0=72.4% L1=0.2% L2=0.1% miss=27.40%
        step  330: active=234,135  L0=72.0% L1=0.2% L2=0.0% miss=27.72%
        step  340: active=232,945  L0=71.7% L1=0.2% L2=0.0% miss=28.10%
        step  350: active=231,805  L0=71.3% L1=0.2% L2=0.0% miss=28.43%
        step  360: active=230,596  L0=70.9% L1=0.2% L2=0.0% miss=28.82%
        step  370: active=229,216  L0=70.5% L1=0.2% L2=0.0% miss=29.24%
        step  380: active=228,046  L0=70.2% L1=0.2% L2=0.0% miss=29.61%
        step  390: active=226,637  L0=69.7% L1=0.2% L2=0.0% miss=30.04%
        step  400: active=225,080  L0=69.2% L1=0.2% L2=0.1% miss=30.49%
        step  410: active=223,767  L0=68.8% L1=0.2% L2=0.0% miss=30.92%
        step  420: active=222,270  L0=68.3% L1=0.3% L2=0.0% miss=31.39%
        step  430: active=220,730  L0=67.9% L1=0.3% L2=0.1% miss=31.83%
        step  440: active=219,231  L0=67.4% L1=0.3% L2=0.1% miss=32.30%
        step  450: active=217,640  L0=66.9% L1=0.3% L2=0.0% miss=32.82%
        step  460: active=216,220  L0=66.4% L1=0.3% L2=0.0% miss=33.25%
        step  470: active=214,693  L0=66.0% L1=0.3% L2=0.0% miss=33.72%
        step  480: active=213,819  L0=65.7% L1=0.3% L2=0.0% miss=34.00%
        step  490: active=213,615  L0=65.7% L1=0.3% L2=0.0% miss=34.07%
        step  500: active=213,417  L0=65.6% L1=0.3% L2=0.0% miss=34.13%
        step  510: active=213,205  L0=65.5% L1=0.3% L2=0.0% miss=34.19%
        step  520: active=212,935  L0=65.4% L1=0.3% L2=0.0% miss=34.27%
        step  530: active=212,700  L0=65.3% L1=0.3% L2=0.0% miss=34.35%
        step  540: active=212,471  L0=65.3% L1=0.3% L2=0.0% miss=34.42%
        step  550: active=212,219  L0=65.2% L1=0.3% L2=0.0% miss=34.50%
        step  560: active=211,983  L0=65.1% L1=0.3% L2=0.0% miss=34.57%
        step  570: active=211,709  L0=65.0% L1=0.3% L2=0.0% miss=34.66%
        step  580: active=211,444  L0=64.9% L1=0.4% L2=0.0% miss=34.74%
        step  590: active=211,143  L0=64.8% L1=0.4% L2=0.0% miss=34.83%
        step  600: active=210,824  L0=64.7% L1=0.4% L2=0.0% miss=34.93%
        step  610: active=210,505  L0=64.6% L1=0.4% L2=0.0% miss=35.02%
        step  620: active=210,194  L0=64.5% L1=0.4% L2=0.0% miss=35.12%
        step  630: active=209,914  L0=64.4% L1=0.4% L2=0.0% miss=35.21%
        step  640: active=209,695  L0=64.3% L1=0.4% L2=0.0% miss=35.28%
        step  650: active=209,488  L0=64.2% L1=0.4% L2=0.0% miss=35.34%
        step  660: active=209,268  L0=64.2% L1=0.4% L2=0.0% miss=35.41%
        step  670: active=209,027  L0=64.1% L1=0.4% L2=0.0% miss=35.48%
        step  680: active=208,768  L0=64.0% L1=0.4% L2=0.1% miss=35.56%
        step  690: active=208,485  L0=63.9% L1=0.4% L2=0.1% miss=35.65%
        step  700: active=208,191  L0=63.7% L1=0.5% L2=0.1% miss=35.74%
        step  710: active=207,924  L0=63.7% L1=0.5% L2=0.1% miss=35.82%
        step  720: active=207,626  L0=63.6% L1=0.5% L2=0.1% miss=35.91%
        step  730: active=207,331  L0=63.4% L1=0.5% L2=0.1% miss=36.00%
        step  740: active=207,016  L0=63.3% L1=0.5% L2=0.1% miss=36.10%
        step  750: active=206,723  L0=63.2% L1=0.5% L2=0.1% miss=36.19%
        step  760: active=206,404  L0=63.1% L1=0.5% L2=0.1% miss=36.29%
        step  770: active=206,071  L0=63.0% L1=0.5% L2=0.1% miss=36.39%
        step  780: active=205,751  L0=62.9% L1=0.5% L2=0.1% miss=36.49%
        step  790: active=205,428  L0=62.8% L1=0.5% L2=0.1% miss=36.59%
        step  800: active=205,090  L0=62.7% L1=0.5% L2=0.1% miss=36.70%
        step  810: active=204,740  L0=62.6% L1=0.5% L2=0.1% miss=36.81%
        step  820: active=204,380  L0=62.5% L1=0.5% L2=0.1% miss=36.91%
        step  830: active=204,047  L0=62.4% L1=0.5% L2=0.1% miss=37.02%
        step  840: active=203,653  L0=62.2% L1=0.5% L2=0.1% miss=37.14%
        step  850: active=203,285  L0=62.1% L1=0.6% L2=0.1% miss=37.25%
        step  860: active=202,917  L0=62.0% L1=0.6% L2=0.1% miss=37.37%
        step  870: active=202,520  L0=61.9% L1=0.6% L2=0.1% miss=37.49%
        step  880: active=202,161  L0=61.7% L1=0.6% L2=0.1% miss=37.60%
        step  890: active=201,757  L0=61.6% L1=0.6% L2=0.1% miss=37.72%
        step  900: active=201,324  L0=61.5% L1=0.6% L2=0.1% miss=37.86%
        step  910: active=200,917  L0=61.3% L1=0.6% L2=0.1% miss=37.98%
        step  920: active=200,485  L0=61.2% L1=0.6% L2=0.1% miss=38.12%
        step  930: active=200,094  L0=61.0% L1=0.6% L2=0.1% miss=38.24%
        step  940: active=199,700  L0=60.9% L1=0.6% L2=0.1% miss=38.36%
        step  950: active=199,327  L0=60.8% L1=0.6% L2=0.1% miss=38.47%
        step  960: active=198,971  L0=60.7% L1=0.6% L2=0.1% miss=38.58%
        step  970: active=198,595  L0=60.6% L1=0.6% L2=0.1% miss=38.70%
        step  980: active=198,211  L0=60.5% L1=0.6% L2=0.1% miss=38.82%
        step  990: active=197,794  L0=60.3% L1=0.6% L2=0.1% miss=38.95%
        step 1000: active=197,380  L0=60.2% L1=0.6% L2=0.1% miss=39.08%
        step 1010: active=196,914  L0=60.0% L1=0.6% L2=0.1% miss=39.22%
        step 1020: active=196,491  L0=59.9% L1=0.6% L2=0.1% miss=39.35%
        step 1030: active=196,092  L0=59.8% L1=0.6% L2=0.1% miss=39.47%
        step 1040: active=195,680  L0=59.7% L1=0.6% L2=0.1% miss=39.60%
        step 1050: active=195,296  L0=59.6% L1=0.6% L2=0.1% miss=39.72%
        step 1060: active=194,915  L0=59.4% L1=0.6% L2=0.1% miss=39.84%
        step 1070: active=194,507  L0=59.3% L1=0.6% L2=0.1% miss=39.96%
        step 1080: active=194,103  L0=59.2% L1=0.6% L2=0.1% miss=40.09%
        step 1090: active=193,706  L0=59.1% L1=0.6% L2=0.1% miss=40.21%
        step 1100: active=193,325  L0=59.0% L1=0.6% L2=0.1% miss=40.33%
        step 1110: active=192,970  L0=58.9% L1=0.6% L2=0.1% miss=40.44%
        step 1120: active=192,582  L0=58.7% L1=0.6% L2=0.1% miss=40.56%
        step 1130: active=192,233  L0=58.6% L1=0.6% L2=0.1% miss=40.66%
        step 1140: active=191,888  L0=58.5% L1=0.6% L2=0.1% miss=40.77%
        step 1150: active=191,517  L0=58.4% L1=0.6% L2=0.1% miss=40.88%
        step 1160: active=191,140  L0=58.3% L1=0.6% L2=0.1% miss=41.00%
        step 1170: active=190,795  L0=58.2% L1=0.6% L2=0.1% miss=41.11%
        step 1180: active=190,446  L0=58.1% L1=0.6% L2=0.1% miss=41.22%
        step 1190: active=190,072  L0=58.0% L1=0.6% L2=0.1% miss=41.33%
        step 1200: active=189,729  L0=57.9% L1=0.5% L2=0.1% miss=41.44%
        step 1210: active=189,369  L0=57.8% L1=0.5% L2=0.1% miss=41.55%
        step 1220: active=188,993  L0=57.7% L1=0.5% L2=0.1% miss=41.66%
        step 1230: active=188,646  L0=57.6% L1=0.5% L2=0.1% miss=41.77%
        step 1240: active=188,288  L0=57.5% L1=0.5% L2=0.1% miss=41.88%
        step 1250: active=187,945  L0=57.4% L1=0.5% L2=0.1% miss=41.99%
        step 1260: active=187,583  L0=57.3% L1=0.5% L2=0.1% miss=42.10%
        step 1270: active=187,236  L0=57.2% L1=0.5% L2=0.1% miss=42.21%
        step 1280: active=186,891  L0=57.1% L1=0.5% L2=0.1% miss=42.31%
        step 1290: active=186,528  L0=57.0% L1=0.5% L2=0.1% miss=42.43%
        step 1300: active=186,165  L0=56.9% L1=0.5% L2=0.1% miss=42.54%
        step 1310: active=185,789  L0=56.8% L1=0.5% L2=0.1% miss=42.65%
        step 1320: active=185,381  L0=56.7% L1=0.4% L2=0.1% miss=42.78%
        step 1330: active=184,950  L0=56.6% L1=0.4% L2=0.1% miss=42.91%
        step 1340: active=184,509  L0=56.4% L1=0.4% L2=0.1% miss=43.05%
        step 1350: active=184,032  L0=56.3% L1=0.4% L2=0.1% miss=43.19%
        step 1360: active=183,538  L0=56.2% L1=0.4% L2=0.1% miss=43.35%
        step 1370: active=183,047  L0=56.0% L1=0.4% L2=0.1% miss=43.50%
        step 1380: active=182,550  L0=55.9% L1=0.4% L2=0.1% miss=43.65%
        step 1390: active=182,040  L0=55.7% L1=0.4% L2=0.1% miss=43.81%
        step 1400: active=181,551  L0=55.6% L1=0.4% L2=0.1% miss=43.96%
        step 1410: active=181,010  L0=55.4% L1=0.4% L2=0.1% miss=44.13%
        step 1420: active=180,468  L0=55.3% L1=0.4% L2=0.1% miss=44.29%
        step 1430: active=179,920  L0=55.1% L1=0.4% L2=0.1% miss=44.46%
        step 1440: active=179,351  L0=54.9% L1=0.3% L2=0.1% miss=44.64%
        step 1450: active=178,775  L0=54.8% L1=0.3% L2=0.1% miss=44.81%
        step 1460: active=178,179  L0=54.6% L1=0.3% L2=0.1% miss=45.00%
        step 1470: active=177,576  L0=54.4% L1=0.3% L2=0.1% miss=45.18%
        step 1480: active=176,966  L0=54.2% L1=0.3% L2=0.1% miss=45.37%
        step 1490: active=176,321  L0=54.1% L1=0.3% L2=0.1% miss=45.57%
        step 1500: active=175,638  L0=53.8% L1=0.3% L2=0.1% miss=45.78%
        step 1510: active=174,954  L0=53.6% L1=0.3% L2=0.1% miss=45.99%
        step 1520: active=174,263  L0=53.4% L1=0.3% L2=0.1% miss=46.21%
        step 1530: active=173,562  L0=53.2% L1=0.3% L2=0.1% miss=46.42%
        step 1540: active=172,854  L0=53.0% L1=0.3% L2=0.1% miss=46.64%
        step 1550: active=172,148  L0=52.8% L1=0.3% L2=0.1% miss=46.86%
        step 1560: active=171,463  L0=52.6% L1=0.3% L2=0.1% miss=47.07%
        step 1570: active=170,761  L0=52.4% L1=0.3% L2=0.1% miss=47.29%
        step 1580: active=170,071  L0=52.2% L1=0.2% L2=0.1% miss=47.50%
        step 1590: active=169,406  L0=52.0% L1=0.3% L2=0.1% miss=47.71%
        step 1600: active=168,719  L0=51.8% L1=0.2% L2=0.1% miss=47.92%
        step 1610: active=168,037  L0=51.6% L1=0.2% L2=0.1% miss=48.13%
        step 1620: active=167,343  L0=51.3% L1=0.2% L2=0.1% miss=48.34%
        step 1630: active=166,624  L0=51.1% L1=0.2% L2=0.1% miss=48.56%
        step 1640: active=165,871  L0=50.9% L1=0.2% L2=0.1% miss=48.79%
        step 1650: active=165,106  L0=50.7% L1=0.2% L2=0.1% miss=49.03%
        step 1660: active=164,329  L0=50.4% L1=0.2% L2=0.1% miss=49.27%
        step 1670: active=163,560  L0=50.2% L1=0.2% L2=0.1% miss=49.51%
        step 1680: active=162,791  L0=50.0% L1=0.2% L2=0.1% miss=49.75%
        step 1690: active=162,012  L0=49.7% L1=0.2% L2=0.1% miss=49.98%
        step 1700: active=161,226  L0=49.5% L1=0.2% L2=0.1% miss=50.23%
        step 1710: active=160,406  L0=49.3% L1=0.2% L2=0.1% miss=50.48%
        step 1720: active=159,601  L0=49.0% L1=0.2% L2=0.1% miss=50.73%
        step 1730: active=158,775  L0=48.8% L1=0.2% L2=0.1% miss=50.98%
        step 1740: active=157,950  L0=48.5% L1=0.2% L2=0.1% miss=51.24%
        step 1750: active=157,132  L0=48.3% L1=0.2% L2=0.1% miss=51.49%
        step 1760: active=156,339  L0=48.0% L1=0.2% L2=0.1% miss=51.74%
        step 1770: active=155,522  L0=47.8% L1=0.2% L2=0.1% miss=51.99%
        step 1780: active=154,699  L0=47.5% L1=0.2% L2=0.1% miss=52.24%
        step 1790: active=153,886  L0=47.3% L1=0.2% L2=0.1% miss=52.49%
        step 1800: active=153,078  L0=47.0% L1=0.2% L2=0.1% miss=52.74%
        step 1810: active=152,304  L0=46.8% L1=0.2% L2=0.1% miss=52.98%
        step 1820: active=151,527  L0=46.5% L1=0.2% L2=0.1% miss=53.22%
        step 1830: active=150,807  L0=46.3% L1=0.2% L2=0.1% miss=53.44%
        step 1840: active=150,130  L0=46.1% L1=0.2% L2=0.1% miss=53.66%
        step 1850: active=149,456  L0=45.9% L1=0.2% L2=0.1% miss=53.86%
        step 1860: active=148,815  L0=45.7% L1=0.2% L2=0.1% miss=54.06%
        step 1870: active=148,195  L0=45.6% L1=0.1% L2=0.1% miss=54.25%
        step 1880: active=147,609  L0=45.4% L1=0.1% L2=0.1% miss=54.43%
        step 1890: active=147,039  L0=45.2% L1=0.1% L2=0.1% miss=54.61%
        step 1900: active=146,493  L0=45.0% L1=0.1% L2=0.1% miss=54.78%
        step 1910: active=145,968  L0=44.9% L1=0.1% L2=0.0% miss=54.94%
        step 1920: active=145,435  L0=44.7% L1=0.1% L2=0.0% miss=55.10%
        step 1930: active=144,916  L0=44.6% L1=0.1% L2=0.0% miss=55.26%
        step 1940: active=144,405  L0=44.4% L1=0.1% L2=0.0% miss=55.42%
        step 1950: active=143,883  L0=44.2% L1=0.1% L2=0.0% miss=55.58%
        step 1960: active=143,368  L0=44.1% L1=0.1% L2=0.0% miss=55.74%
        step 1970: active=142,778  L0=43.9% L1=0.1% L2=0.0% miss=55.92%
        step 1980: active=142,179  L0=43.7% L1=0.1% L2=0.0% miss=56.11%
        step 1990: active=141,592  L0=43.6% L1=0.1% L2=0.0% miss=56.29%
        step 2000: active=141,031  L0=43.4% L1=0.1% L2=0.0% miss=56.46%
        step 2010: active=140,477  L0=43.2% L1=0.1% L2=0.0% miss=56.63%
        step 2020: active=139,962  L0=43.1% L1=0.1% L2=0.0% miss=56.79%
        step 2030: active=139,485  L0=42.9% L1=0.1% L2=0.0% miss=56.94%
        step 2040: active=139,013  L0=42.8% L1=0.1% L2=0.0% miss=57.09%
        step 2050: active=138,557  L0=42.6% L1=0.1% L2=0.0% miss=57.23%
        step 2060: active=138,129  L0=42.5% L1=0.1% L2=0.0% miss=57.36%
        step 2070: active=137,720  L0=42.4% L1=0.1% L2=0.0% miss=57.49%
        step 2080: active=137,332  L0=42.2% L1=0.1% L2=0.0% miss=57.61%
        step 2090: active=136,963  L0=42.1% L1=0.1% L2=0.0% miss=57.72%
        step 2100: active=136,639  L0=42.0% L1=0.1% L2=0.0% miss=57.82%
        step 2110: active=136,352  L0=41.9% L1=0.1% L2=0.0% miss=57.91%
        step 2120: active=136,103  L0=41.9% L1=0.1% L2=0.0% miss=57.99%
        step 2130: active=135,884  L0=41.8% L1=0.1% L2=0.0% miss=58.06%
        step 2140: active=135,670  L0=41.7% L1=0.1% L2=0.0% miss=58.12%
        step 2150: active=135,512  L0=41.7% L1=0.1% L2=0.0% miss=58.17%
        step 2160: active=135,366  L0=41.6% L1=0.1% L2=0.0% miss=58.22%
        step 2170: active=135,232  L0=41.6% L1=0.1% L2=0.0% miss=58.26%
        step 2180: active=135,093  L0=41.6% L1=0.1% L2=0.0% miss=58.30%
        step 2190: active=134,959  L0=41.5% L1=0.1% L2=0.0% miss=58.34%
        step 2200: active=134,821  L0=41.5% L1=0.1% L2=0.0% miss=58.39%
        step 2210: active=134,678  L0=41.4% L1=0.1% L2=0.0% miss=58.43%
        step 2220: active=134,543  L0=41.4% L1=0.1% L2=0.0% miss=58.47%
        step 2230: active=134,407  L0=41.4% L1=0.1% L2=0.0% miss=58.51%
        step 2240: active=134,291  L0=41.3% L1=0.1% L2=0.0% miss=58.55%
        step 2250: active=134,176  L0=41.3% L1=0.1% L2=0.0% miss=58.59%
        step 2260: active=134,066  L0=41.3% L1=0.1% L2=0.0% miss=58.62%
        step 2270: active=133,956  L0=41.2% L1=0.1% L2=0.0% miss=58.65%
        step 2280: active=133,848  L0=41.2% L1=0.1% L2=0.0% miss=58.69%
        step 2290: active=133,755  L0=41.2% L1=0.1% L2=0.0% miss=58.72%
        step 2300: active=133,652  L0=41.1% L1=0.1% L2=0.0% miss=58.75%
        step 2310: active=133,558  L0=41.1% L1=0.1% L2=0.0% miss=58.78%
        step 2320: active=133,457  L0=41.1% L1=0.1% L2=0.0% miss=58.81%
        step 2330: active=133,378  L0=41.0% L1=0.1% L2=0.0% miss=58.83%
        step 2340: active=133,293  L0=41.0% L1=0.1% L2=0.0% miss=58.86%
        step 2350: active=133,215  L0=41.0% L1=0.1% L2=0.0% miss=58.88%
        step 2360: active=133,145  L0=41.0% L1=0.1% L2=0.0% miss=58.90%
        step 2370: active=133,088  L0=40.9% L1=0.1% L2=0.0% miss=58.92%
        step 2380: active=133,024  L0=40.9% L1=0.1% L2=0.0% miss=58.94%
        step 2390: active=132,961  L0=40.9% L1=0.1% L2=0.0% miss=58.96%
        step 2400: active=132,901  L0=40.9% L1=0.1% L2=0.0% miss=58.98%
        step 2410: active=132,833  L0=40.9% L1=0.1% L2=0.0% miss=59.00%
        step 2420: active=132,785  L0=40.8% L1=0.1% L2=0.0% miss=59.02%
        step 2430: active=132,742  L0=40.8% L1=0.1% L2=0.0% miss=59.03%
        step 2440: active=132,703  L0=40.8% L1=0.1% L2=0.0% miss=59.04%
        step 2450: active=132,677  L0=40.8% L1=0.1% L2=0.0% miss=59.05%
        step 2460: active=132,659  L0=40.8% L1=0.1% L2=0.0% miss=59.06%
        step 2470: active=132,633  L0=40.8% L1=0.1% L2=0.0% miss=59.06%
        step 2480: active=132,610  L0=40.8% L1=0.1% L2=0.0% miss=59.07%
        step 2490: active=132,590  L0=40.8% L1=0.1% L2=0.0% miss=59.08%
        step 2500: active=132,580  L0=40.8% L1=0.1% L2=0.0% miss=59.08%
      Stats CSV: output/benchmark_with_export_mesh-aligned-where/Mesh-Aligned Multi-Cell + 3×3×3 Local (jnp.where)/search_stats.csv
      Waiting for exports...
      Exported 2501 files (mean time: 0.519s)
    Time: 3868.489s
    Final active: 132,580/324,000 (40.92%)
    Throughput: 209,384 p/s

[10/10] Results Analysis
================================================================================

INITIAL ASSIGNMENT RESULTS
================================================================================
Configuration                             Success Rate      Throughput      Time
--------------------------------------------------------------------------------
Mesh-Aligned Multi-Cell + 3×3×3 Local (lax.cond)       100.00%            921 p/s  351.898s
Mesh-Aligned Multi-Cell + 3×3×3 Local (jnp.where)       100.00%            928 p/s  349.260s


RK4 TRACKING RESULTS (2500 steps)
================================================================================
Note: All methods start with GROUND TRUTH element IDs (fair comparison)
Configuration                              Retention      Throughput   Speedup
--------------------------------------------------------------------------------
Mesh-Aligned Multi-Cell + 3×3×3 Local (lax.cond)      40.92%        209,651 p/s     1.00× ★
Mesh-Aligned Multi-Cell + 3×3×3 Local (jnp.where)      40.92%        209,384 p/s     1.00×


ACCURACY vs PERFORMANCE TRADE-OFF
================================================================================
Configuration                              Retention   Speedup      Rating
--------------------------------------------------------------------------------
Mesh-Aligned Multi-Cell + 3×3×3 Local (lax.cond)      40.92%     1.00×        POOR
Mesh-Aligned Multi-Cell + 3×3×3 Local (jnp.where)      40.92%     1.00×        POOR


RECOMMENDATIONS
================================================================================

Best Throughput: Mesh-Aligned Multi-Cell + 3×3×3 Local (lax.cond)
  Retention: 40.92%
  Speedup: 1.00×
  Throughput: 209,651 p/s

Best Retention: Mesh-Aligned Multi-Cell + 3×3×3 Local (lax.cond)
  Retention: 40.92%
  Speedup: 1.00×


PRODUCTION RECOMMENDATION
================================================================================

================================================================================
Benchmark complete!
================================================================================
