/home/areza/areza/welding/jaxtrace/io/registry.py:41: UserWarning: h5py not available. HDF5 I/O will be disabled
  from .hdf5_io import H5Series
✅ Enhanced VTK I/O available
✅ HDF5 I/O available
================================================================================
Comprehensive L2 Search Methods Benchmark
Fair comparison of all L2 search strategies
================================================================================
JAX version: 0.8.2
JAX devices: [CudaDevice(id=0)]
================================================================================

[1/10] Loading mesh...
Loading mesh: data/FLA/post/0eule/featurelessAvtk_158.pvtu
  Nodes: 780,922
  Elements: 3,048,900
  Loaded field 'Displacement': (780922, 3)
Loading mesh: data/FLA/post/0eule/featurelessAvtk_159.pvtu
  Nodes: 780,922
  Elements: 3,048,900
  Loaded field 'Displacement': (780922, 3)
  Loaded in 6.84s
  Elements: 3,048,900, Nodes: 780,922, Timesteps: 2

[2/10] Deduplicating...
  Removed 209,749 duplicates

[3/10] Precomputing metadata...

Precomputed inverse matrices:
  Elements: 3,048,900
  Degenerate: 0 (0.0000%)
  Det range: [4.87e-13, 1.28e-07]
  Memory: 146,347,200 bytes (139.6 MB)
  Metadata ready

[4/10] Building octree...
  Built 24,550 leaves

  Building mesh-aligned octree (single-cell)...
    Extracted 517,069 cells in 126.24s
    Elements per cell: 5.89
    Cells per element: 1.00

  Building mesh-aligned octree (multi-cell vertex registration)...
    Extracted 665,824 cells in 304.18s
    Elements per cell: 18.32
    Cells per element: 4.00

  Building mesh-aligned octree with neighbor table (Option B)...
    Neighbor table built in 169.28s
    Mean neighbors per cell: 22.9

[5/10] Uploading to GPU...
  Uploading mesh-aligned octree (single-cell)...
  Uploading mesh-aligned octree (multi-cell)...
  Uploading mesh-aligned octree with neighbors (single-cell)...

  NOTE: Multi-cell octree doesn't use neighbor table
    Multi-cell registration already covers ~4 cells per element
    Neighbor table would search ~104 cells (excessive)
  Building mesh-aligned Morton (hybrid)...
    Elements per cell: mean=5.9, max=8
  Uploaded to GPU

[6/10] Generating particles (uniform grid: 60×90×60 = 324,000)...
  Particle bounds:
    X: [-0.012000, 0.012000] (domain fraction: (0.3, 0.7))
    Y: [-0.013800, 0.013800] (domain fraction: (0.2, 0.8))
    Z: [-0.007000, 0.000000] (domain fraction: (0.3, 1.0))
  Clipping particles to mesh bounds (Phase 1.1 fix)...
  Generated 324,000 particles on uniform grid
    Clipped to safe mesh bounds (1% margin)
    No ground truth element IDs (particles may be outside mesh)

[7/10] Defining test configurations...
================================================================================
1. Mesh-Aligned Octree (direct)
   Direct cell lookup (center cell only)
   Expected work: ~5.9 elements/cell

2. Mesh-Aligned Octree Multi-Cell (Phase 2 - NEW)
   Multi-cell vertex registration (~4 cells per element)
   Expected work: ~94 tests/particle (~4 cells × ~23.6 elem/cell)

3. Mesh-Aligned Multi-Cell + 2×2×2 Local (Option A - NEW)
   Multi-cell + 2×2×2 local neighborhood search (8 cells)
   Expected work: ~146 tests/particle (8 cells × 18.31 elem/cell)


[8/10] Running initial assignment for all configurations...
================================================================================

  Config: Mesh-Aligned Octree (direct)
    Time: 364.095s
    Assigned: 324,000/324,000 (100.00%)
    Throughput: 890 p/s

  Config: Mesh-Aligned Octree Multi-Cell (Phase 2 - NEW)
    Time: 360.673s
    Assigned: 324,000/324,000 (100.00%)
    Throughput: 898 p/s

  Config: Mesh-Aligned Multi-Cell + 2×2×2 Local (Option A - NEW)
    Time: 361.156s
    Assigned: 324,000/324,000 (100.00%)
    Throughput: 897 p/s

[9/10] Running RK4 tracking for all configurations...
================================================================================
Configuration: 2500 steps, dt=0.0025, point-in-tet=inverse


  Config: Mesh-Aligned Octree (direct)
      Compiling...
      Compilation time: 17.54s
      Running 2500 RK4 steps...
      Waiting for exports...
      Exported 251 files (mean time: 0.217s)
    Time: 995.559s
    Final active: 10,124/324,000 (3.12%)
    Throughput: 813,613 p/s

  Config: Mesh-Aligned Octree Multi-Cell (Phase 2 - NEW)
      Compiling...
      Compilation time: 16.21s
      Running 2500 RK4 steps...
      Waiting for exports...
      Exported 251 files (mean time: 0.213s)
    Time: 995.508s
    Final active: 10,124/324,000 (3.12%)
    Throughput: 813,655 p/s

  Config: Mesh-Aligned Multi-Cell + 2×2×2 Local (Option A - NEW)
      Compiling...
      Compilation time: 16.43s
      Running 2500 RK4 steps...
      Waiting for exports...
      Exported 251 files (mean time: 0.211s)
    Time: 994.666s
    Final active: 10,124/324,000 (3.12%)
    Throughput: 814,344 p/s

[10/10] Results Analysis
================================================================================

INITIAL ASSIGNMENT RESULTS
================================================================================
Configuration                             Success Rate      Throughput      Time
--------------------------------------------------------------------------------
Mesh-Aligned Octree (direct)                   100.00%            890 p/s  364.095s
Mesh-Aligned Octree Multi-Cell (Phase 2 - NEW)       100.00%            898 p/s  360.673s
Mesh-Aligned Multi-Cell + 2×2×2 Local (Option A - NEW)       100.00%            897 p/s  361.156s


RK4 TRACKING RESULTS (2500 steps)
================================================================================
Note: All methods start with GROUND TRUTH element IDs (fair comparison)
Configuration                              Retention      Throughput   Speedup
--------------------------------------------------------------------------------
Traceback (most recent call last):
  File "/home/areza/areza/welding/benchmark_l2_search_methods_with-export.py", line 1294, in <module>
    main()
    ~~~~^^
  File "/home/areza/areza/welding/benchmark_l2_search_methods_with-export.py", line 1197, in main
    baseline_time = tracking_results[baseline_name]['time']
                    ~~~~~~~~~~~~~~~~^^^^^^^^^^^^^^^
KeyError: 'Fixed radius=10 (baseline)'
