python benchmark_point_in_tet_comprehensive.py
ERROR:2026-01-19 14:57:14,331:jax._src.xla_bridge:475: Jax plugin configuration error: Exception when calling jax_plugins.xla_cuda13.initialize()
Traceback (most recent call last):
  File "/home/arhashemi/Workspace/welding/JAXTrace/.venv/lib/python3.13/site-packages/jax/_src/xla_bridge.py", line 473, in discover_pjrt_plugins
    plugin_module.initialize()
    ~~~~~~~~~~~~~~~~~~~~~~~~^^
  File "/home/arhashemi/Workspace/welding/JAXTrace/.venv/lib/python3.13/site-packages/jax_plugins/xla_cuda13/__init__.py", line 334, in initialize
    c_api = xb.register_plugin(
        'cuda', priority=500, library_path=str(path), options=options
    )
  File "/home/arhashemi/Workspace/welding/JAXTrace/.venv/lib/python3.13/site-packages/jax/_src/xla_bridge.py", line 609, in register_plugin
    c_api = xla_client.load_pjrt_plugin_dynamically(plugin_name, library_path)
  File "/home/arhashemi/Workspace/welding/JAXTrace/.venv/lib/python3.13/site-packages/jaxlib/xla_client.py", line 117, in load_pjrt_plugin_dynamically
    return _xla.load_pjrt_plugin(plugin_name, library_path, c_api=None)
           ~~~~~~~~~~~~~~~~~~~~~^^^^^^^^^^^^^^^^^^^^^^^^^^^^^^^^^^^^^^^
jax.errors.JaxRuntimeError: ALREADY_EXISTS: PJRT_Api already exists for device type cuda
✅ Enhanced VTK I/O available
/home/arhashemi/Workspace/welding/JAXTrace/jaxtrace/io/registry.py:41: UserWarning: h5py not available. HDF5 I/O will be disabled
  from .hdf5_io import H5Series
✅ HDF5 I/O available
================================================================================
Comprehensive Point-in-Tetrahedron Benchmark
Testing all methods with realistic particle distributions
================================================================================
JAX version: 0.8.2
JAX devices: [CudaDevice(id=0)]
================================================================================

[1/9] Loading mesh from PVTU...
Loading mesh: /home/arhashemi/Workspace/welding/Edgar/FLA/post/0eule/featurelessAvtk_120.pvtu
  Nodes: 780,922
  Elements: 3,048,900
  Loaded field 'Displacement': (780922, 3)
Loading mesh: /home/arhashemi/Workspace/welding/Edgar/FLA/post/0eule/featurelessAvtk_121.pvtu
  Nodes: 780,922
  Elements: 3,048,900
  Loaded field 'Displacement': (780922, 3)
  Mesh loaded in 9.30s
  Elements: 3,048,900, Nodes: 780,922

[2/9] Deduplicating nodes...
  Removed 209,749 duplicates in 5.53s
  Nodes: 571,173

[3/9] Precomputing AA metadata...

================================================================================
Precomputing Axis-Aligned Metadata (Corrected Algorithm)
================================================================================
  Elements: 3,048,900
  Sampling edge lengths to determine adaptive tolerance...
  Edge length range: 7.81e-05 to 2.18e-03
  Dynamic range: 27.9×
  Base tolerance: 1.00e-10 (relative)

  Processing 3,048,900 elements...
    Progress: 100.0% (3,048,900/3,048,900)

  ✅ Detection complete!
  Axis-aligned elements: 1,820/3,048,900 (0.06%)
  ❌ Only 0.1% AA → Skip AA optimization
================================================================================
  AA metadata precomputed in 29.07s
  Axis-aligned elements: 1,820/3,048,900 (0.06%)

[4/9] Precomputing element vertices...

Precomputing element vertices for memory optimization...
  Elements: 3,048,900
  Progress: 100.0% (3,048,900/3,048,900)
  ✅ Complete! Memory: 139.6 MB
  Element vertices precomputed in 3.64s

[5/9] Precomputing inverse matrices (for 'inverse' method)...

Precomputed inverse matrices:
  Elements: 3,048,900
  Degenerate: 0 (0.0000%)
  Det range: [4.87e-13, 1.28e-07]
  Memory: 146,347,200 bytes (139.6 MB)
  Inverse matrices precomputed in 28.87s
  Memory: 139.6 MB (3,048,900 elements × 3×3 + p0)

[6/9] Building Morton octree...
  Built 24,550 leaves in 12.85s

[7/9] Uploading to GPU...
  Uploaded mesh, Morton octree, and all metadata to GPU

[8/9] Generating particle distributions...

  Distribution 1: 225,000 random uniform particles

  Distribution 2: Element centroids + perturbations
  Perturbation magnitude: 0.000062
  Min element size (sampled): 0.000625
  Generated 3,048,900 perturbed centroid particles

[9/9] Benchmarking all methods...
================================================================================

================================================================================
Testing Distribution: Random Uniform (225,000 particles)
================================================================================

  Method: current
    Compiling...
    Running initial assignment...

  Initial search (radius=500) for all particles...
    Assigned: 201,121/225,000 (89.39%)
    Search Time: 91.56 s

  Cascading fallback search for 23,879 unassigned particles...
    radius=1000: Searching 23,879 particles...
               Search Time: 19.60 s
               Found: 2,775 (total: 203,896/225,000, 90.62%)
    radius=2000: Searching 21,104 particles...
               Search Time: 29.91 s
               Found: 8,311 (total: 212,207/225,000, 94.31%)
    radius=5000: Searching 12,793 particles...
               Search Time: 43.08 s
               Found: 11,050 (total: 223,257/225,000, 99.23%)
    radius=10000: Searching 1,743 particles...
               Search Time: 62.62 s
               Found: 229 (total: 223,486/225,000, 99.33%)
    radius=100000: Searching 1,514 particles...
               Search Time: 238.04 s
               Found: 1,514 (total: 225,000/225,000, 100.00%)

  Final assignment: 225,000/225,000 (100.00%)
    Time: 487.626s
    Assigned: 225,000/225,000 (100.00%)
    Throughput: 461 particles/s

  Method: skala
    Compiling...
    Running initial assignment...

  Initial search (radius=500) for all particles...
    Assigned: 201,121/225,000 (89.39%)
    Search Time: 101.89 s

  Cascading fallback search for 23,879 unassigned particles...
    radius=1000: Searching 23,879 particles...
               Search Time: 19.44 s
               Found: 2,775 (total: 203,896/225,000, 90.62%)
    radius=2000: Searching 21,104 particles...
               Search Time: 32.86 s
               Found: 8,311 (total: 212,207/225,000, 94.31%)
    radius=5000: Searching 12,793 particles...
               Search Time: 49.80 s
               Found: 11,050 (total: 223,257/225,000, 99.23%)
    radius=10000: Searching 1,743 particles...
               Search Time: 55.77 s
               Found: 229 (total: 223,486/225,000, 99.33%)
    radius=100000: Searching 1,514 particles...
               Search Time: 216.97 s
               Found: 1,514 (total: 225,000/225,000, 100.00%)

  Final assignment: 225,000/225,000 (100.00%)
    Time: 476.759s
    Assigned: 225,000/225,000 (100.00%)
    Throughput: 472 particles/s

  Method: axis_aligned
    Compiling...
    Running initial assignment...

  Initial search (radius=500) for all particles...
    Assigned: 201,479/225,000 (89.55%)
    Search Time: 296.47 s

  Cascading fallback search for 23,521 unassigned particles...
    radius=1000: Searching 23,521 particles...
               Search Time: 48.66 s
               Found: 3,000 (total: 204,479/225,000, 90.88%)
    radius=2000: Searching 20,521 particles...
               Search Time: 82.01 s
               Found: 8,430 (total: 212,909/225,000, 94.63%)
    radius=5000: Searching 12,091 particles...
               Search Time: 125.17 s
               Found: 10,738 (total: 223,647/225,000, 99.40%)
    radius=10000: Searching 1,353 particles...
               Search Time: 107.51 s
               Found: 215 (total: 223,862/225,000, 99.49%)
    radius=100000: Searching 1,138 particles...
               Search Time: 408.85 s
               Found: 959 (total: 224,821/225,000, 99.92%)

  Final assignment: 224,821/225,000 (99.92%)
  ⚠  179 particles could not be assigned
     These particles are likely outside the mesh domain
    Time: 1070.998s
    Assigned: 224,821/225,000 (99.92%)
    Throughput: 210 particles/s

  Method: pure_aa
    Compiling...
    Running initial assignment...

  Initial search (radius=500) for all particles...
    Assigned: 225,000/225,000 (100.00%)
    Search Time: 32.31 s

  Final assignment: 225,000/225,000 (100.00%)
    Time: 32.335s
    Assigned: 225,000/225,000 (100.00%)
    Throughput: 6,958 particles/s

  Method: skala_memory_opt
    Compiling...
    Running initial assignment...

  Initial search (radius=500) for all particles...
    Assigned: 201,121/225,000 (89.39%)
    Search Time: 117.62 s

  Cascading fallback search for 23,879 unassigned particles...
    radius=1000: Searching 23,879 particles...
               Search Time: 16.97 s
               Found: 2,775 (total: 203,896/225,000, 90.62%)
    radius=2000: Searching 21,104 particles...
               Search Time: 27.32 s
               Found: 8,311 (total: 212,207/225,000, 94.31%)
    radius=5000: Searching 12,793 particles...
               Search Time: 41.03 s
               Found: 11,050 (total: 223,257/225,000, 99.23%)
    radius=10000: Searching 1,743 particles...
               Search Time: 60.90 s
               Found: 229 (total: 223,486/225,000, 99.33%)
    radius=100000: Searching 1,514 particles...
               Search Time: 250.90 s
               Found: 1,514 (total: 225,000/225,000, 100.00%)

  Final assignment: 225,000/225,000 (100.00%)
    Time: 514.791s
    Assigned: 225,000/225,000 (100.00%)
    Throughput: 437 particles/s

  Method: branchless_hybrid
    Compiling...
    Running initial assignment...

  Initial search (radius=500) for all particles...
    Assigned: 180,697/225,000 (80.31%)
    Search Time: 127.38 s

  Cascading fallback search for 44,303 unassigned particles...
    radius=1000: Searching 44,303 particles...
               Search Time: 30.08 s
               Found: 2,732 (total: 183,429/225,000, 81.52%)
    radius=2000: Searching 41,571 particles...
               Search Time: 49.93 s
               Found: 7,999 (total: 191,428/225,000, 85.08%)
    radius=5000: Searching 33,572 particles...
               Search Time: 113.67 s
               Found: 10,618 (total: 202,046/225,000, 89.80%)
    radius=10000: Searching 22,954 particles...
               Search Time: 132.34 s
               Found: 229 (total: 202,275/225,000, 89.90%)
    radius=100000: Searching 22,725 particles...
               Search Time: 473.80 s
               Found: 1,465 (total: 203,740/225,000, 90.55%)

  Final assignment: 203,740/225,000 (90.55%)
  ⚠  21,260 particles could not be assigned
     These particles are likely outside the mesh domain
    Time: 929.768s
    Assigned: 203,740/225,000 (90.55%)
    Throughput: 242 particles/s

  Method: inverse
    Compiling...
    Running initial assignment...

  Initial search (radius=500) for all particles...
    Assigned: 201,121/225,000 (89.39%)
    Search Time: 49.80 s

  Cascading fallback search for 23,879 unassigned particles...
    radius=1000: Searching 23,879 particles...
               Search Time: 15.40 s
               Found: 2,775 (total: 203,896/225,000, 90.62%)
    radius=2000: Searching 21,104 particles...
               Search Time: 21.84 s
               Found: 8,311 (total: 212,207/225,000, 94.31%)
    radius=5000: Searching 12,793 particles...
               Search Time: 45.26 s
               Found: 11,050 (total: 223,257/225,000, 99.23%)
    radius=10000: Searching 1,743 particles...
               Search Time: 59.76 s
               Found: 229 (total: 223,486/225,000, 99.33%)
    radius=100000: Searching 1,514 particles...
               Search Time: 218.52 s
               Found: 1,514 (total: 225,000/225,000, 100.00%)

  Final assignment: 225,000/225,000 (100.00%)
    Time: 410.635s
    Assigned: 225,000/225,000 (100.00%)
    Throughput: 548 particles/s

================================================================================
Testing Distribution: Perturbed Centroids (3,048,900 particles)
================================================================================

  Method: current
    Compiling...
    Running initial assignment...

  Initial search (radius=500) for all particles...
    Assigned: 3,003,529/3,048,900 (98.51%)
    Search Time: 1461.66 s

  Cascading fallback search for 45,371 unassigned particles...
    radius=1000: Searching 45,371 particles...
               Search Time: 43.60 s
               Found: 125 (total: 3,003,654/3,048,900, 98.52%)
    radius=2000: Searching 45,246 particles...
               Search Time: 81.44 s
               Found: 64 (total: 3,003,718/3,048,900, 98.52%)
    radius=5000: Searching 45,182 particles...
               Search Time: 194.82 s
               Found: 60 (total: 3,003,778/3,048,900, 98.52%)
    radius=10000: Searching 45,122 particles...
               Search Time: 387.35 s
               Found: 9 (total: 3,003,787/3,048,900, 98.52%)
    radius=100000: Searching 45,113 particles...
               Search Time: 1511.48 s
               Found: 23 (total: 3,003,810/3,048,900, 98.52%)

  Final assignment: 3,003,810/3,048,900 (98.52%)
  ⚠  45,090 particles could not be assigned
     These particles are likely outside the mesh domain
    Time: 3683.367s
    Assigned: 3,003,810/3,048,900 (98.52%)
    Throughput: 828 particles/s

  Method: skala
    Compiling...
    Running initial assignment...

  Initial search (radius=500) for all particles...
    Assigned: 3,003,529/3,048,900 (98.51%)
    Search Time: 2220.22 s

  Cascading fallback search for 45,371 unassigned particles...
    radius=1000: Searching 45,371 particles...
               Search Time: 45.67 s
               Found: 125 (total: 3,003,654/3,048,900, 98.52%)
    radius=2000: Searching 45,246 particles...
               Search Time: 83.37 s
               Found: 64 (total: 3,003,718/3,048,900, 98.52%)
    radius=5000: Searching 45,182 particles...
               Search Time: 199.94 s
               Found: 60 (total: 3,003,778/3,048,900, 98.52%)
    radius=10000: Searching 45,122 particles...
               Search Time: 394.64 s
               Found: 9 (total: 3,003,787/3,048,900, 98.52%)
    radius=100000: Searching 45,113 particles...
               Search Time: 1540.99 s
               Found: 23 (total: 3,003,810/3,048,900, 98.52%)

  Final assignment: 3,003,810/3,048,900 (98.52%)
  ⚠  45,090 particles could not be assigned
     These particles are likely outside the mesh domain
    Time: 4484.862s
    Assigned: 3,003,810/3,048,900 (98.52%)
    Throughput: 680 particles/s

  Method: axis_aligned
    Compiling...
    Running initial assignment...

  Initial search (radius=500) for all particles...
    Assigned: 2,794,461/3,048,900 (91.65%)
    Search Time: 5361.32 s

  Cascading fallback search for 254,439 unassigned particles...
    radius=1000: Searching 254,439 particles...
               Search Time: 483.54 s
               Found: 4,913 (total: 2,799,374/3,048,900, 91.82%)
    radius=2000: Searching 249,526 particles...
               Search Time: 1305.57 s
               Found: 4,105 (total: 2,803,479/3,048,900, 91.95%)
    radius=5000: Searching 245,421 particles...
               Search Time: 2532.55 s
               Found: 2,206 (total: 2,805,685/3,048,900, 92.02%)
    radius=10000: Searching 243,215 particles...
               Search Time: 4928.34 s
               Found: 2,095 (total: 2,807,780/3,048,900, 92.09%)
    radius=100000: Searching 241,120 particles...
               Search Time: 34992.74 s
               Found: 17 (total: 2,807,797/3,048,900, 92.09%)

  Final assignment: 2,807,797/3,048,900 (92.09%)
  ⚠  241,103 particles could not be assigned
     These particles are likely outside the mesh domain
    Time: 49606.696s
    Assigned: 2,807,797/3,048,900 (92.09%)
    Throughput: 61 particles/s

  Method: pure_aa
    Compiling...
    Running initial assignment...

  Initial search (radius=500) for all particles...
    Assigned: 3,048,900/3,048,900 (100.00%)
    Search Time: 364.80 s

  Final assignment: 3,048,900/3,048,900 (100.00%)
    Time: 364.811s
    Assigned: 3,048,900/3,048,900 (100.00%)
    Throughput: 8,357 particles/s

  Method: skala_memory_opt
    Compiling...
    Running initial assignment...

  Initial search (radius=500) for all particles...
    Assigned: 3,003,529/3,048,900 (98.51%)
    Search Time: 1643.69 s

  Cascading fallback search for 45,371 unassigned particles...
    radius=1000: Searching 45,371 particles...
               Search Time: 32.03 s
               Found: 125 (total: 3,003,654/3,048,900, 98.52%)
    radius=2000: Searching 45,246 particles...
               Search Time: 58.81 s
               Found: 64 (total: 3,003,718/3,048,900, 98.52%)
    radius=5000: Searching 45,182 particles...
               Search Time: 139.96 s
               Found: 60 (total: 3,003,778/3,048,900, 98.52%)
    radius=10000: Searching 45,122 particles...
               Search Time: 273.40 s
               Found: 9 (total: 3,003,787/3,048,900, 98.52%)
    radius=100000: Searching 45,113 particles...
               Search Time: 1054.14 s
               Found: 23 (total: 3,003,810/3,048,900, 98.52%)

  Final assignment: 3,003,810/3,048,900 (98.52%)
  ⚠  45,090 particles could not be assigned
     These particles are likely outside the mesh domain
    Time: 3202.098s
    Assigned: 3,003,810/3,048,900 (98.52%)
    Throughput: 952 particles/s

  Method: branchless_hybrid
    Compiling...
    Running initial assignment...

  Initial search (radius=500) for all particles...
    Assigned: 3,001,564/3,048,900 (98.45%)
    Search Time: 2086.28 s

  Cascading fallback search for 47,336 unassigned particles...
    radius=1000: Searching 47,336 particles...
               Search Time: 46.77 s
               Found: 125 (total: 3,001,689/3,048,900, 98.45%)
    radius=2000: Searching 47,211 particles...
               Search Time: 56.52 s
               Found: 64 (total: 3,001,753/3,048,900, 98.45%)
    radius=5000: Searching 47,147 particles...
               Search Time: 132.38 s
               Found: 59 (total: 3,001,812/3,048,900, 98.46%)
    radius=10000: Searching 47,088 particles...
               Search Time: 461.22 s
               Found: 9 (total: 3,001,821/3,048,900, 98.46%)
    radius=100000: Searching 47,079 particles...
               Search Time: 1092.13 s
               Found: 23 (total: 3,001,844/3,048,900, 98.46%)

  Final assignment: 3,001,844/3,048,900 (98.46%)
  ⚠  47,056 particles could not be assigned
     These particles are likely outside the mesh domain
    Time: 3877.963s
    Assigned: 3,001,844/3,048,900 (98.46%)
    Throughput: 786 particles/s

  Method: inverse
    Compiling...
    Running initial assignment...

  Initial search (radius=500) for all particles...
    Assigned: 3,003,529/3,048,900 (98.51%)
    Search Time: 528.71 s

  Cascading fallback search for 45,371 unassigned particles...
    radius=1000: Searching 45,371 particles...
               Search Time: 26.14 s
               Found: 125 (total: 3,003,654/3,048,900, 98.52%)
    radius=2000: Searching 45,246 particles...
               Search Time: 46.07 s
               Found: 64 (total: 3,003,718/3,048,900, 98.52%)
    radius=5000: Searching 45,182 particles...
               Search Time: 108.22 s
               Found: 60 (total: 3,003,778/3,048,900, 98.52%)
    radius=10000: Searching 45,122 particles...
               Search Time: 210.30 s
               Found: 9 (total: 3,003,787/3,048,900, 98.52%)
    radius=100000: Searching 45,113 particles...
               Search Time: 874.32 s
               Found: 23 (total: 3,003,810/3,048,900, 98.52%)

  Final assignment: 3,003,810/3,048,900 (98.52%)
  ⚠  45,090 particles could not be assigned
     These particles are likely outside the mesh domain
    Time: 1793.856s
    Assigned: 3,003,810/3,048,900 (98.52%)
    Throughput: 1,700 particles/s

================================================================================
COMPREHENSIVE RESULTS SUMMARY
================================================================================

Random Uniform Distribution:
================================================================================

Method                  Time (s)    Throughput (p/s)  Speedup  Success Rate
--------------------------------------------------------------------------------
current                487.626             461    1.00×  100.00%
skala                  476.759             472    1.02×  100.00%
axis_aligned          1070.998             210    0.46×   99.92%
pure_aa                 32.335           6,958   15.08×  100.00% ★
skala_memory_opt       514.791             437    0.95×  100.00%
branchless_hybrid      929.768             242    0.52×   90.55%
inverse                410.635             548    1.19×  100.00%

Best Method: pure_aa
  Speedup: 15.08×
  Throughput: 6,958 p/s

Assignment Agreement (vs current):
--------------------------------------------------------------------------------
  skala                 ✅ PASS
  axis_aligned          ❌ FAIL
  pure_aa               ❌ FAIL
  skala_memory_opt      ✅ PASS
  branchless_hybrid     ❌ FAIL
  inverse               ❌ FAIL

Perturbed Centroids Distribution:
================================================================================

Method                  Time (s)    Throughput (p/s)  Speedup  Success Rate
--------------------------------------------------------------------------------
current               3683.367             828    1.00×   98.52%
skala                 4484.862             680    0.82×   98.52%
axis_aligned          49606.696              61    0.07×   92.09%
pure_aa                364.811           8,357   10.10×  100.00% ★
skala_memory_opt      3202.098             952    1.15×   98.52%
branchless_hybrid     3877.963             786    0.95×   98.46%
inverse               1793.856           1,700    2.05×   98.52%

Best Method: pure_aa
  Speedup: 10.10×
  Throughput: 8,357 p/s

Assignment Agreement (vs current):
--------------------------------------------------------------------------------
  skala                 ✅ PASS
  axis_aligned          ❌ FAIL
  pure_aa               ❌ FAIL
  skala_memory_opt      ✅ PASS
  branchless_hybrid     ❌ FAIL
  inverse               ❌ FAIL

================================================================================
ESTIMATED FLOPs ANALYSIS
================================================================================

Method                  Est. FLOPs/call  Theoretical Speedup
--------------------------------------------------------------------------------
current                           145                1.00×
skala                              87                1.67×
axis_aligned                       50                2.90×
pure_aa                            25                5.80×
skala_memory_opt                   87                1.67×
branchless_hybrid                  60                2.42×
inverse                            22                6.59×

Note: Actual speedup depends on memory bandwidth, GPU utilization, and control flow

================================================================================
RECOMMENDATIONS FOR PRODUCTION
================================================================================

Best Overall Method: pure_aa
  Average Speedup: 12.59×
  Recommendation: Use POINT_IN_TET_METHOD='pure_aa' in production

✅ EXCELLENT: Achieves 12.59× speedup (target: 3-4×)

================================================================================
Benchmark complete!
================================================================================
