python3 benchmark_l2_search_methods_with-export.py
✅ Enhanced VTK I/O available
✅ HDF5 I/O available
================================================================================
Comprehensive L2 Search Methods Benchmark
Fair comparison of all L2 search strategies
================================================================================
JAX version: 0.9.0.1
JAX devices: [CudaDevice(id=0)]
================================================================================

[1/10] Loading mesh...
Loading mesh: data/FLA/post/0eule/featurelessAvtk_158.pvtu
  Nodes: 780,922
  Elements: 3,048,900
  Loaded field 'Displacement': (780922, 3)
Loading mesh: data/FLA/post/0eule/featurelessAvtk_159.pvtu
  Nodes: 780,922
  Elements: 3,048,900
  Loaded field 'Displacement': (780922, 3)
  Loaded in 6.91s
  Elements: 3,048,900, Nodes: 780,922, Timesteps: 2

[2/10] Deduplicating...
  Removed 209,749 duplicates

[3/10] Precomputing metadata...

Precomputed inverse matrices:
  Elements: 3,048,900
  Degenerate: 0 (0.0000%)
  Det range: [4.87e-13, 1.28e-07]
  Memory: 146,347,200 bytes (139.6 MB)
  Metadata ready

[4/10] Building octree...
  Built 24,550 leaves

  Building mesh-aligned octree (single-cell)...
    Extracted 517,069 cells in 124.24s
    Elements per cell: 5.89
    Cells per element: 1.00

  Building mesh-aligned octree (multi-cell vertex registration)...
    Extracted 665,842 cells in 285.60s
    Elements per cell: 18.32
    Cells per element: 4.00

  Building mesh-aligned octree with neighbor table (Option B)...
    Neighbor table built in 172.07s
    Mean neighbors per cell: 22.9

[5/10] Uploading to GPU...
  Uploading mesh-aligned octree (single-cell)...
  Uploading mesh-aligned octree (multi-cell)...
  Uploading mesh-aligned octree with neighbors (single-cell)...

  NOTE: Multi-cell octree doesn't use neighbor table
    Multi-cell registration already covers ~4 cells per element
    Neighbor table would search ~104 cells (excessive)
  Building mesh-aligned Morton (hybrid)...
    Elements per cell: mean=5.9, max=8
  Uploaded to GPU

[6/10] Generating particles (uniform grid: 60×90×60 = 324,000)...
  Particle bounds:
    X: [-0.022800, -0.016800] (domain fraction: (0.12, 0.22))
    Y: [-0.013800, 0.013800] (domain fraction: (0.2, 0.8))
    Z: [-0.009900, 0.000000] (domain fraction: (0.01, 1.0))
  Clipping particles to mesh bounds (Phase 1.1 fix)...
  Generated 324,000 particles on uniform grid
    Clipped to safe mesh bounds (1% margin)
    No ground truth element IDs (particles may be outside mesh)
  Particle IDs: 0..323999 (for cross-timestep tracking)

[7/10] Defining test configurations...
================================================================================
1. Mesh-Aligned Multi-Cell + 3×3×3 Local (jnp.where)
   Multi-cell + 3×3×3 local search with jnp.where (vmap fix)
   Expected work: ~494 tests/particle (27 cells × 18.31 elem/cell)


[8/10] Running initial assignment for all configurations...
================================================================================

  Config: Mesh-Aligned Multi-Cell + 3×3×3 Local (jnp.where)
    Time: 351.987s
    Assigned: 324,000/324,000 (100.00%)
    Throughput: 920 p/s

[9/10] Running RK4 tracking for all configurations...
================================================================================
Configuration: 2500 steps, dt=0.0025, point-in-tet=inverse


  Config: Mesh-Aligned Multi-Cell + 3×3×3 Local (jnp.where)
      Initial state exported (step 0): 324,000 active particles
      Compiling...
      Compilation time: 18.41s
      Running 2500 RK4 steps...
        step   10: active=323,996  L0=99.8% L1=0.2% L2=0.0% miss=0.00%
        step   20: active=323,993  L0=99.8% L1=0.2% L2=0.0% miss=0.00%
        step   30: active=323,987  L0=99.9% L1=0.1% L2=0.0% miss=0.00%
        step   40: active=323,980  L0=99.7% L1=0.3% L2=0.0% miss=0.01%
        step   50: active=323,973  L0=99.9% L1=0.1% L2=0.0% miss=0.01%
        step   60: active=323,968  L0=99.9% L1=0.1% L2=0.0% miss=0.01%
        step   70: active=323,963  L0=99.6% L1=0.4% L2=0.0% miss=0.01%
        step   80: active=323,960  L0=99.9% L1=0.1% L2=0.0% miss=0.01%
        step   90: active=323,956  L0=99.8% L1=0.2% L2=0.0% miss=0.01%
        step  100: active=323,951  L0=99.7% L1=0.3% L2=0.0% miss=0.02%
        step  110: active=323,156  L0=99.6% L1=0.1% L2=0.0% miss=0.25%
        step  120: active=321,816  L0=99.1% L1=0.2% L2=0.0% miss=0.66%
        step  130: active=320,101  L0=98.6% L1=0.2% L2=0.0% miss=1.18%
        step  140: active=318,409  L0=98.1% L1=0.2% L2=0.1% miss=1.66%
        step  150: active=316,961  L0=97.5% L1=0.3% L2=0.0% miss=2.14%
        step  160: active=315,348  L0=97.1% L1=0.2% L2=0.0% miss=2.67%
        step  170: active=313,839  L0=96.7% L1=0.2% L2=0.0% miss=3.11%
        step  180: active=312,265  L0=96.2% L1=0.1% L2=0.0% miss=3.61%
        step  190: active=310,452  L0=95.6% L1=0.2% L2=0.1% miss=4.13%
        step  200: active=309,059  L0=95.2% L1=0.2% L2=0.0% miss=4.60%
        step  210: active=307,383  L0=94.7% L1=0.2% L2=0.0% miss=5.12%
        step  220: active=305,846  L0=94.2% L1=0.2% L2=0.0% miss=5.59%
        step  230: active=304,135  L0=93.7% L1=0.2% L2=0.0% miss=6.12%
        step  240: active=302,407  L0=93.1% L1=0.2% L2=0.1% miss=6.65%
        step  250: active=300,854  L0=92.7% L1=0.2% L2=0.0% miss=7.11%
        step  260: active=299,081  L0=92.1% L1=0.2% L2=0.0% miss=7.67%
        step  270: active=297,368  L0=91.5% L1=0.2% L2=0.1% miss=8.18%
        step  280: active=295,689  L0=91.0% L1=0.2% L2=0.0% miss=8.73%
        step  290: active=293,679  L0=90.4% L1=0.2% L2=0.1% miss=9.33%
        step  300: active=292,108  L0=89.9% L1=0.2% L2=0.0% miss=9.83%
        step  310: active=290,186  L0=89.3% L1=0.2% L2=0.0% miss=10.43%
        step  320: active=288,208  L0=88.7% L1=0.2% L2=0.1% miss=10.99%
        step  330: active=286,569  L0=88.2% L1=0.3% L2=0.1% miss=11.52%
        step  340: active=284,597  L0=87.6% L1=0.2% L2=0.0% miss=12.15%
        step  350: active=282,837  L0=87.1% L1=0.2% L2=0.1% miss=12.66%
        step  360: active=281,018  L0=86.4% L1=0.3% L2=0.1% miss=13.25%
        step  370: active=278,897  L0=85.8% L1=0.2% L2=0.1% miss=13.90%
        step  380: active=277,260  L0=85.3% L1=0.2% L2=0.0% miss=14.42%
        step  390: active=275,255  L0=84.7% L1=0.3% L2=0.1% miss=15.03%
        step  400: active=273,150  L0=84.0% L1=0.3% L2=0.1% miss=15.64%
        step  410: active=271,446  L0=83.4% L1=0.3% L2=0.1% miss=16.20%
        step  420: active=269,476  L0=82.8% L1=0.3% L2=0.1% miss=16.82%
        step  430: active=267,585  L0=82.2% L1=0.3% L2=0.1% miss=17.37%
        step  440: active=265,684  L0=81.6% L1=0.3% L2=0.1% miss=17.96%
        step  450: active=263,710  L0=81.0% L1=0.3% L2=0.1% miss=18.60%
        step  460: active=261,985  L0=80.5% L1=0.3% L2=0.1% miss=19.13%
        step  470: active=260,004  L0=79.9% L1=0.3% L2=0.0% miss=19.74%
        step  480: active=258,888  L0=79.6% L1=0.3% L2=0.0% miss=20.09%
        step  490: active=258,557  L0=79.5% L1=0.3% L2=0.0% miss=20.20%
        step  500: active=258,268  L0=79.3% L1=0.3% L2=0.0% miss=20.28%
        step  510: active=257,986  L0=79.3% L1=0.3% L2=0.0% miss=20.37%
        step  520: active=257,659  L0=79.2% L1=0.3% L2=0.0% miss=20.47%
        step  530: active=257,394  L0=79.0% L1=0.4% L2=0.0% miss=20.55%
        step  540: active=257,109  L0=79.0% L1=0.4% L2=0.0% miss=20.64%
        step  550: active=256,823  L0=78.8% L1=0.4% L2=0.0% miss=20.73%
        step  560: active=256,548  L0=78.7% L1=0.4% L2=0.0% miss=20.82%
        step  570: active=256,232  L0=78.7% L1=0.4% L2=0.0% miss=20.91%
        step  580: active=255,936  L0=78.5% L1=0.4% L2=0.0% miss=21.00%
        step  590: active=255,608  L0=78.4% L1=0.4% L2=0.0% miss=21.11%
        step  600: active=255,271  L0=78.3% L1=0.4% L2=0.0% miss=21.21%
        step  610: active=254,930  L0=78.2% L1=0.5% L2=0.0% miss=21.31%
        step  620: active=254,586  L0=78.1% L1=0.5% L2=0.0% miss=21.42%
        step  630: active=254,256  L0=77.9% L1=0.5% L2=0.0% miss=21.52%
        step  640: active=253,983  L0=77.9% L1=0.5% L2=0.0% miss=21.61%
        step  650: active=253,727  L0=77.8% L1=0.5% L2=0.0% miss=21.68%
        step  660: active=253,452  L0=77.7% L1=0.5% L2=0.1% miss=21.77%
        step  670: active=253,158  L0=77.6% L1=0.5% L2=0.1% miss=21.86%
        step  680: active=252,835  L0=77.4% L1=0.5% L2=0.1% miss=21.96%
        step  690: active=252,482  L0=77.3% L1=0.6% L2=0.1% miss=22.07%
        step  700: active=252,117  L0=77.2% L1=0.6% L2=0.1% miss=22.18%
        step  710: active=251,771  L0=77.0% L1=0.6% L2=0.1% miss=22.29%
        step  720: active=251,392  L0=76.9% L1=0.6% L2=0.1% miss=22.40%
        step  730: active=250,998  L0=76.8% L1=0.7% L2=0.1% miss=22.53%
        step  740: active=250,589  L0=76.6% L1=0.7% L2=0.1% miss=22.65%
        step  750: active=250,186  L0=76.5% L1=0.7% L2=0.1% miss=22.78%
        step  760: active=249,735  L0=76.3% L1=0.7% L2=0.1% miss=22.92%
        step  770: active=249,282  L0=76.2% L1=0.7% L2=0.1% miss=23.05%
        step  780: active=248,839  L0=76.0% L1=0.7% L2=0.1% miss=23.19%
        step  790: active=248,354  L0=75.9% L1=0.7% L2=0.1% miss=23.34%
        step  800: active=247,857  L0=75.7% L1=0.7% L2=0.1% miss=23.49%
        step  810: active=247,343  L0=75.5% L1=0.7% L2=0.1% miss=23.66%
        step  820: active=246,813  L0=75.4% L1=0.7% L2=0.1% miss=23.82%
        step  830: active=246,290  L0=75.1% L1=0.8% L2=0.1% miss=23.98%
        step  840: active=245,696  L0=75.0% L1=0.8% L2=0.1% miss=24.16%
        step  850: active=245,115  L0=74.8% L1=0.8% L2=0.1% miss=24.34%
        step  860: active=244,534  L0=74.6% L1=0.8% L2=0.1% miss=24.52%
        step  870: active=243,919  L0=74.4% L1=0.8% L2=0.1% miss=24.71%
        step  880: active=243,341  L0=74.2% L1=0.8% L2=0.1% miss=24.89%
        step  890: active=242,733  L0=73.9% L1=0.9% L2=0.1% miss=25.08%
        step  900: active=242,060  L0=73.7% L1=0.9% L2=0.1% miss=25.28%
        step  910: active=241,433  L0=73.5% L1=0.9% L2=0.1% miss=25.48%
        step  920: active=240,781  L0=73.3% L1=0.9% L2=0.1% miss=25.68%
        step  930: active=240,158  L0=73.1% L1=0.9% L2=0.1% miss=25.87%
        step  940: active=239,550  L0=72.9% L1=0.9% L2=0.1% miss=26.06%
        step  950: active=238,966  L0=72.7% L1=0.9% L2=0.1% miss=26.24%
        step  960: active=238,384  L0=72.5% L1=0.9% L2=0.1% miss=26.42%
        step  970: active=237,796  L0=72.4% L1=0.9% L2=0.1% miss=26.60%
        step  980: active=237,205  L0=72.2% L1=0.9% L2=0.1% miss=26.78%
        step  990: active=236,593  L0=72.0% L1=0.9% L2=0.1% miss=26.97%
        step 1000: active=235,961  L0=71.8% L1=0.9% L2=0.1% miss=27.16%
        step 1010: active=235,284  L0=71.6% L1=0.9% L2=0.1% miss=27.37%
        step 1020: active=234,651  L0=71.4% L1=0.9% L2=0.1% miss=27.57%
        step 1030: active=234,051  L0=71.2% L1=0.9% L2=0.1% miss=27.76%
        step 1040: active=233,430  L0=71.0% L1=0.9% L2=0.1% miss=27.95%
        step 1050: active=232,829  L0=70.8% L1=0.9% L2=0.1% miss=28.13%
        step 1060: active=232,247  L0=70.7% L1=0.9% L2=0.1% miss=28.31%
        step 1070: active=231,645  L0=70.5% L1=0.9% L2=0.1% miss=28.50%
        step 1080: active=231,046  L0=70.3% L1=0.9% L2=0.1% miss=28.68%
        step 1090: active=230,455  L0=70.1% L1=0.9% L2=0.1% miss=28.87%
        step 1100: active=229,907  L0=70.0% L1=0.9% L2=0.1% miss=29.03%
        step 1110: active=229,379  L0=69.8% L1=0.9% L2=0.1% miss=29.20%
        step 1120: active=228,826  L0=69.6% L1=0.9% L2=0.1% miss=29.37%
        step 1130: active=228,315  L0=69.5% L1=0.8% L2=0.1% miss=29.53%
        step 1140: active=227,826  L0=69.4% L1=0.8% L2=0.1% miss=29.68%
        step 1150: active=227,309  L0=69.2% L1=0.8% L2=0.1% miss=29.84%
        step 1160: active=226,805  L0=69.1% L1=0.8% L2=0.1% miss=29.99%
        step 1170: active=226,338  L0=69.0% L1=0.8% L2=0.1% miss=30.13%
        step 1180: active=225,863  L0=68.8% L1=0.8% L2=0.1% miss=30.28%
        step 1190: active=225,352  L0=68.7% L1=0.8% L2=0.1% miss=30.44%
        step 1200: active=224,882  L0=68.5% L1=0.8% L2=0.1% miss=30.59%
        step 1210: active=224,392  L0=68.4% L1=0.8% L2=0.1% miss=30.74%
        step 1220: active=223,882  L0=68.2% L1=0.8% L2=0.1% miss=30.89%
        step 1230: active=223,417  L0=68.1% L1=0.7% L2=0.1% miss=31.04%
        step 1240: active=222,922  L0=68.0% L1=0.7% L2=0.1% miss=31.19%
        step 1250: active=222,442  L0=67.8% L1=0.7% L2=0.1% miss=31.34%
        step 1260: active=221,941  L0=67.7% L1=0.7% L2=0.1% miss=31.49%
        step 1270: active=221,441  L0=67.6% L1=0.7% L2=0.1% miss=31.65%
        step 1280: active=220,945  L0=67.4% L1=0.7% L2=0.1% miss=31.80%
        step 1290: active=220,418  L0=67.3% L1=0.7% L2=0.1% miss=31.96%
        step 1300: active=219,903  L0=67.1% L1=0.6% L2=0.1% miss=32.12%
        step 1310: active=219,382  L0=67.0% L1=0.6% L2=0.1% miss=32.28%
        step 1320: active=218,816  L0=66.8% L1=0.6% L2=0.1% miss=32.46%
        step 1330: active=218,225  L0=66.7% L1=0.6% L2=0.1% miss=32.64%
        step 1340: active=217,626  L0=66.5% L1=0.6% L2=0.1% miss=32.82%
        step 1350: active=216,972  L0=66.3% L1=0.6% L2=0.1% miss=33.02%
        step 1360: active=216,310  L0=66.1% L1=0.6% L2=0.1% miss=33.23%
        step 1370: active=215,629  L0=65.9% L1=0.6% L2=0.1% miss=33.44%
        step 1380: active=214,918  L0=65.7% L1=0.5% L2=0.1% miss=33.66%
        step 1390: active=214,192  L0=65.5% L1=0.5% L2=0.1% miss=33.88%
        step 1400: active=213,466  L0=65.3% L1=0.5% L2=0.1% miss=34.11%
        step 1410: active=212,695  L0=65.1% L1=0.5% L2=0.1% miss=34.34%
        step 1420: active=211,923  L0=64.8% L1=0.5% L2=0.1% miss=34.58%
        step 1430: active=211,146  L0=64.6% L1=0.5% L2=0.1% miss=34.82%
        step 1440: active=210,337  L0=64.4% L1=0.5% L2=0.1% miss=35.07%
        step 1450: active=209,511  L0=64.1% L1=0.5% L2=0.1% miss=35.32%
        step 1460: active=208,667  L0=63.9% L1=0.4% L2=0.1% miss=35.59%
        step 1470: active=207,804  L0=63.6% L1=0.4% L2=0.1% miss=35.85%
        step 1480: active=206,929  L0=63.4% L1=0.4% L2=0.1% miss=36.12%
        step 1490: active=206,035  L0=63.1% L1=0.4% L2=0.1% miss=36.40%
        step 1500: active=205,105  L0=62.8% L1=0.4% L2=0.1% miss=36.68%
        step 1510: active=204,169  L0=62.5% L1=0.4% L2=0.1% miss=36.97%
        step 1520: active=203,226  L0=62.3% L1=0.4% L2=0.1% miss=37.27%
        step 1530: active=202,256  L0=62.0% L1=0.4% L2=0.1% miss=37.56%
        step 1540: active=201,279  L0=61.7% L1=0.4% L2=0.1% miss=37.86%
        step 1550: active=200,284  L0=61.4% L1=0.4% L2=0.1% miss=38.17%
        step 1560: active=199,318  L0=61.1% L1=0.4% L2=0.1% miss=38.47%
        step 1570: active=198,301  L0=60.8% L1=0.3% L2=0.1% miss=38.78%
        step 1580: active=197,306  L0=60.5% L1=0.3% L2=0.1% miss=39.09%
        step 1590: active=196,311  L0=60.2% L1=0.3% L2=0.1% miss=39.40%
        step 1600: active=195,269  L0=59.9% L1=0.3% L2=0.1% miss=39.72%
        step 1610: active=194,235  L0=59.6% L1=0.3% L2=0.1% miss=40.04%
        step 1620: active=193,177  L0=59.2% L1=0.3% L2=0.1% miss=40.36%
        step 1630: active=192,097  L0=58.9% L1=0.3% L2=0.1% miss=40.70%
        step 1640: active=190,979  L0=58.6% L1=0.3% L2=0.1% miss=41.04%
        step 1650: active=189,854  L0=58.2% L1=0.3% L2=0.1% miss=41.39%
        step 1660: active=188,702  L0=57.9% L1=0.3% L2=0.1% miss=41.74%
        step 1670: active=187,578  L0=57.6% L1=0.3% L2=0.1% miss=42.09%
        step 1680: active=186,452  L0=57.2% L1=0.3% L2=0.1% miss=42.44%
        step 1690: active=185,324  L0=56.9% L1=0.2% L2=0.1% miss=42.79%
        step 1700: active=184,189  L0=56.5% L1=0.2% L2=0.1% miss=43.14%
        step 1710: active=183,025  L0=56.2% L1=0.2% L2=0.1% miss=43.50%
        step 1720: active=181,857  L0=55.8% L1=0.2% L2=0.1% miss=43.86%
        step 1730: active=180,637  L0=55.5% L1=0.2% L2=0.1% miss=44.23%
        step 1740: active=179,408  L0=55.1% L1=0.2% L2=0.1% miss=44.61%
        step 1750: active=178,174  L0=54.7% L1=0.2% L2=0.1% miss=44.99%
        step 1760: active=176,936  L0=54.3% L1=0.2% L2=0.1% miss=45.37%
        step 1770: active=175,696  L0=53.9% L1=0.2% L2=0.1% miss=45.76%
        step 1780: active=174,437  L0=53.6% L1=0.2% L2=0.1% miss=46.14%
        step 1790: active=173,186  L0=53.2% L1=0.2% L2=0.1% miss=46.53%
        step 1800: active=171,934  L0=52.8% L1=0.2% L2=0.1% miss=46.92%
        step 1810: active=170,706  L0=52.4% L1=0.2% L2=0.1% miss=47.30%
        step 1820: active=169,484  L0=52.0% L1=0.2% L2=0.1% miss=47.67%
        step 1830: active=168,276  L0=51.7% L1=0.2% L2=0.1% miss=48.05%
        step 1840: active=167,143  L0=51.3% L1=0.2% L2=0.1% miss=48.40%
        step 1850: active=165,981  L0=51.0% L1=0.2% L2=0.1% miss=48.76%
        step 1860: active=164,846  L0=50.6% L1=0.2% L2=0.1% miss=49.11%
        step 1870: active=163,717  L0=50.3% L1=0.2% L2=0.1% miss=49.46%
        step 1880: active=162,619  L0=50.0% L1=0.2% L2=0.1% miss=49.79%
        step 1890: active=161,568  L0=49.7% L1=0.2% L2=0.1% miss=50.12%
        step 1900: active=160,500  L0=49.3% L1=0.2% L2=0.1% miss=50.45%
        step 1910: active=159,473  L0=49.0% L1=0.2% L2=0.1% miss=50.77%
        step 1920: active=158,428  L0=48.7% L1=0.2% L2=0.1% miss=51.09%
        step 1930: active=157,430  L0=48.4% L1=0.2% L2=0.1% miss=51.40%
        step 1940: active=156,447  L0=48.1% L1=0.2% L2=0.1% miss=51.70%
        step 1950: active=155,494  L0=47.8% L1=0.1% L2=0.1% miss=51.99%
        step 1960: active=154,597  L0=47.5% L1=0.1% L2=0.1% miss=52.27%
        step 1970: active=153,690  L0=47.3% L1=0.1% L2=0.0% miss=52.55%
        step 1980: active=152,851  L0=47.0% L1=0.1% L2=0.0% miss=52.81%
        step 1990: active=152,034  L0=46.8% L1=0.1% L2=0.0% miss=53.07%
        step 2000: active=151,249  L0=46.5% L1=0.1% L2=0.0% miss=53.31%
        step 2010: active=150,498  L0=46.3% L1=0.1% L2=0.0% miss=53.54%
        step 2020: active=149,784  L0=46.1% L1=0.1% L2=0.0% miss=53.76%
        step 2030: active=149,115  L0=45.9% L1=0.1% L2=0.0% miss=53.97%
        step 2040: active=148,469  L0=45.7% L1=0.1% L2=0.0% miss=54.17%
        step 2050: active=147,842  L0=45.5% L1=0.1% L2=0.0% miss=54.36%
        step 2060: active=147,264  L0=45.3% L1=0.1% L2=0.0% miss=54.54%
        step 2070: active=146,700  L0=45.1% L1=0.1% L2=0.0% miss=54.72%
        step 2080: active=146,150  L0=44.9% L1=0.1% L2=0.0% miss=54.88%
        step 2090: active=145,650  L0=44.8% L1=0.1% L2=0.0% miss=55.04%
        step 2100: active=145,190  L0=44.6% L1=0.1% L2=0.0% miss=55.18%
        step 2110: active=144,785  L0=44.5% L1=0.1% L2=0.0% miss=55.31%
        step 2120: active=144,433  L0=44.4% L1=0.1% L2=0.0% miss=55.42%
        step 2130: active=144,120  L0=44.3% L1=0.1% L2=0.0% miss=55.52%
        step 2140: active=143,826  L0=44.2% L1=0.1% L2=0.0% miss=55.61%
        step 2150: active=143,599  L0=44.2% L1=0.1% L2=0.0% miss=55.68%
        step 2160: active=143,374  L0=44.1% L1=0.1% L2=0.0% miss=55.75%
        step 2170: active=143,175  L0=44.0% L1=0.1% L2=0.0% miss=55.81%
        step 2180: active=142,970  L0=44.0% L1=0.1% L2=0.0% miss=55.87%
        step 2190: active=142,774  L0=43.9% L1=0.1% L2=0.0% miss=55.93%
        step 2200: active=142,583  L0=43.9% L1=0.1% L2=0.0% miss=55.99%
        step 2210: active=142,394  L0=43.8% L1=0.1% L2=0.0% miss=56.05%
        step 2220: active=142,211  L0=43.8% L1=0.1% L2=0.0% miss=56.10%
        step 2230: active=142,027  L0=43.7% L1=0.1% L2=0.0% miss=56.16%
        step 2240: active=141,869  L0=43.6% L1=0.1% L2=0.0% miss=56.21%
        step 2250: active=141,715  L0=43.6% L1=0.1% L2=0.0% miss=56.26%
        step 2260: active=141,567  L0=43.6% L1=0.1% L2=0.0% miss=56.30%
        step 2270: active=141,424  L0=43.5% L1=0.1% L2=0.0% miss=56.35%
        step 2280: active=141,289  L0=43.5% L1=0.1% L2=0.0% miss=56.39%
        step 2290: active=141,172  L0=43.4% L1=0.1% L2=0.0% miss=56.43%
        step 2300: active=141,047  L0=43.4% L1=0.1% L2=0.0% miss=56.47%
        step 2310: active=140,928  L0=43.4% L1=0.1% L2=0.0% miss=56.50%
        step 2320: active=140,805  L0=43.3% L1=0.1% L2=0.0% miss=56.54%
        step 2330: active=140,703  L0=43.3% L1=0.1% L2=0.0% miss=56.57%
        step 2340: active=140,598  L0=43.3% L1=0.1% L2=0.0% miss=56.60%
        step 2350: active=140,497  L0=43.2% L1=0.1% L2=0.0% miss=56.64%
        step 2360: active=140,402  L0=43.2% L1=0.1% L2=0.0% miss=56.66%
        step 2370: active=140,321  L0=43.2% L1=0.1% L2=0.0% miss=56.69%
        step 2380: active=140,234  L0=43.1% L1=0.1% L2=0.0% miss=56.72%
        step 2390: active=140,145  L0=43.1% L1=0.1% L2=0.0% miss=56.74%
        step 2400: active=140,057  L0=43.1% L1=0.1% L2=0.0% miss=56.77%
        step 2410: active=139,967  L0=43.0% L1=0.1% L2=0.0% miss=56.80%
        step 2420: active=139,896  L0=43.0% L1=0.1% L2=0.0% miss=56.82%
        step 2430: active=139,822  L0=43.0% L1=0.1% L2=0.0% miss=56.84%
        step 2440: active=139,757  L0=43.0% L1=0.1% L2=0.0% miss=56.86%
        step 2450: active=139,710  L0=43.0% L1=0.1% L2=0.0% miss=56.88%
        step 2460: active=139,670  L0=43.0% L1=0.1% L2=0.0% miss=56.89%
        step 2470: active=139,624  L0=43.0% L1=0.1% L2=0.0% miss=56.91%
        step 2480: active=139,579  L0=42.9% L1=0.1% L2=0.0% miss=56.92%
        step 2490: active=139,542  L0=42.9% L1=0.1% L2=0.0% miss=56.93%
        step 2500: active=139,515  L0=42.9% L1=0.1% L2=0.0% miss=56.94%
      Stats CSV: output/benchmark_with_export/Mesh-Aligned Multi-Cell + 3×3×3 Local (jnp.where)/search_stats.csv
      Waiting for exports...
      Exported 2501 files (mean time: 0.610s)
    Time: 3871.397s
    Final active: 139,515/324,000 (43.06%)
    Throughput: 209,227 p/s

[10/10] Results Analysis
================================================================================

INITIAL ASSIGNMENT RESULTS
================================================================================
Configuration                             Success Rate      Throughput      Time
--------------------------------------------------------------------------------
Mesh-Aligned Multi-Cell + 3×3×3 Local (jnp.where)       100.00%            920 p/s  351.987s


RK4 TRACKING RESULTS (2500 steps)
================================================================================
Note: All methods start with initial assignment element IDs (per-method)
Configuration                              Retention      Throughput   Speedup
--------------------------------------------------------------------------------
Mesh-Aligned Multi-Cell + 3×3×3 Local (jnp.where)      43.06%        209,227 p/s     1.00× ★


ACCURACY vs PERFORMANCE TRADE-OFF
================================================================================
Configuration                              Retention   Speedup      Rating
--------------------------------------------------------------------------------
Mesh-Aligned Multi-Cell + 3×3×3 Local (jnp.where)      43.06%     1.00×        POOR


RECOMMENDATIONS
================================================================================

Best Throughput: Mesh-Aligned Multi-Cell + 3×3×3 Local (jnp.where)
  Retention: 43.06%
  Speedup: 1.00×
  Throughput: 209,227 p/s

Best Retention: Mesh-Aligned Multi-Cell + 3×3×3 Local (jnp.where)
  Retention: 43.06%
  Speedup: 1.00×


PRODUCTION RECOMMENDATION
================================================================================

================================================================================
Benchmark complete!
================================================================================
