python3 benchmark_femuss_comparison.py --no-bbox-clamp --no-levelset --no-l0-skip-boundary --no-pin-velocity --boundary-walls "x_max=outlet,y_min=outlet" --n-groups 5
✅ Enhanced VTK I/O available
✅ HDF5 I/O available
================================================================================
FEMUSS Particle Tracking Comparison
================================================================================
JAX version: 0.9.1
JAX devices: [CudaDevice(id=0)]

Configuration:
  Input base:           data/FLA/post
  Mesh dir:             data/FLA/post/0eule
  FEMUSS particle dir:  data/FLA/post/1part
  Output dir:           output/femuss_comparison
  FEMUSS start step:    0
  FEMUSS end step:      2684
  N_STEPS:              2684
  DT:                   0.0025
  Velocity range:       159-159
  L0: ON
  L1: ON (method: face)
  L2 method:            mesh_aligned_octree_multi_local_where (3x3x3)
  Precision:            float32
  Point-in-tet tol:     1e-06
  Interpolation method: direct_inverse
  Interpolation det min:1e-12
  Bbox clamp:           OFF
  Failed substage:      zero_vel
  Boundary projection:  ON (tol=1e-06)
  Boundary walls:       {'x_max': 'outlet', 'y_min': 'outlet'}
  Level-set mask:       OFF (mode: zero_vel, field: 'LEVEL')
  L0 skip boundary:    OFF (mixed-sign only)
  Pin velocity:         OFF
  VTU format:           binary (appended-raw)
  Export element IDs:   OFF
  Particle groups:      5
================================================================================

[1/7] Loading mesh...
Loading mesh: data/FLA/post/0eule/cylA_159.pvtu
  Nodes: 799,104
  Elements: 3,050,196
  Loaded field 'Displacement': (799104, 3)
  Elements: 3,050,196, Nodes: 799,104
  Deduplicating...
  Removed 227,571 duplicates -> 571,533 nodes
  Mesh bbox: [[-0.03  -0.023 -0.01 ]] → [[0.09  0.023 0.   ]]
  Stage 1 time: 10.7s

[2/7] Precomputing metadata...

Precomputed inverse matrices:
  Elements: 3,050,196
  Degenerate: 0 (0.0000%)
  Det range: [4.87e-13, 1.28e-07]
  Memory: 146,409,408 bytes (139.6 MB)
  Done
  Stage 2 time: 70.0s

[3/7] Building structures and uploading to GPU...
  Multi-cell octree: 666,162 cells, 18.3 elem/cell, 4.0 cells/elem
  Face neighbors: shape=(3050196, 4)
  Uploaded to GPU
  Stage 3 time: 442.9s

[4/7] Loading FEMUSS particles...
  Start: data/FLA/post/1part/cylA_pt_0.pvtu
    Particles: 299,200
    Left domain: 5,745
  End:   data/FLA/post/1part/cylA_pt_2684.pvtu
    Particles: 299,200
    Left domain: 9

  Active at start: 293,455 / 299,200
  Stage 4 time: 0.2s

[5/7] Initial assignment...

  mesh_aligned_octree_multi_local_where initial assignment
  Particles: 293,455, batch_size: 50,000
    Batch 1/6: 50,000 particles  (cumulative found: 50,000/50,000)
    Batch 2/6: 50,000 particles  (cumulative found: 100,000/100,000)
    Batch 3/6: 50,000 particles  (cumulative found: 150,000/150,000)
    Batch 4/6: 50,000 particles  (cumulative found: 200,000/200,000)
    Batch 5/6: 50,000 particles  (cumulative found: 250,000/250,000)
    Batch 6/6: 43,455 particles  (cumulative found: 293,455/293,455)
  Assigned: 293,455/293,455 (100.00%) in 4.31s
  Assigned: 293,455/293,455 (100.00%)
  Stage 5 time: 4.5s

[6/7] Building RK4...
  Compiling...
/home/areza/welding/benchmark_femuss_comparison.py:775: DeprecationWarning: Bitwise inversion '~' on bool is deprecated and will be removed in Python 3.16. This returns the bitwise inversion of the underlying int object and is usually not what you expect from negating a bool. Use the 'not' operator for boolean negation or ~int(x) if you really want the bitwise inversion of the underlying int.
  should_search = (~found) & (current_elem >= 0) & hop_enabled
  Compilation: 17.3s
  Stage 6 time: 17.3s (incl. compilation)
  Particle groups: 5 bins by initial X [-0.025983, -0.009982]
    Group 0: 58,725 particles
    Group 1: 58,685 particles
    Group 2: 58,647 particles
    Group 3: 58,631 particles
    Group 4: 58,767 particles
  Exported initial state (step 0)

[7/7] Running 2684 RK4 steps...
================================================================================
  Step    10/2684: active=293,455 lost=0 (+0)  [10s elapsed, 1.0 step/s, ETA 2742s]
  Step    20/2684: active=293,455 lost=0 (+0)  [21s elapsed, 0.9 step/s, ETA 2843s]
  Step    30/2684: active=293,455 lost=0 (+0)  [32s elapsed, 0.9 step/s, ETA 2857s]
  Step    40/2684: active=293,455 lost=0 (+0)  [44s elapsed, 0.9 step/s, ETA 2883s]
  Step    50/2684: active=293,455 lost=0 (+0)  [56s elapsed, 0.9 step/s, ETA 2935s]
  Step    60/2684: active=293,455 lost=0 (+0)  [68s elapsed, 0.9 step/s, ETA 2972s]
  Step    70/2684: active=293,455 lost=0 (+0)  [81s elapsed, 0.9 step/s, ETA 3015s]
  Step    80/2684: active=293,455 lost=0 (+0)  [93s elapsed, 0.9 step/s, ETA 3034s]
  Step    90/2684: active=293,455 lost=0 (+0)  [106s elapsed, 0.9 step/s, ETA 3044s]
  Step   100/2684: active=293,455 lost=0 (+0)  [118s elapsed, 0.8 step/s, ETA 3056s]
  Step   110/2684: active=293,455 lost=0 (+0)  [131s elapsed, 0.8 step/s, ETA 3073s]
  Step   120/2684: active=293,455 lost=0 (+0)  [145s elapsed, 0.8 step/s, ETA 3090s]
  Step   130/2684: active=293,455 lost=0 (+0)  [158s elapsed, 0.8 step/s, ETA 3099s]
  Step   140/2684: active=293,455 lost=0 (+0)  [171s elapsed, 0.8 step/s, ETA 3105s]
  Step   150/2684: active=293,455 lost=0 (+0)  [184s elapsed, 0.8 step/s, ETA 3115s]
  Step   160/2684: active=293,455 lost=0 (+0)  [198s elapsed, 0.8 step/s, ETA 3130s]
  Step   170/2684: active=293,455 lost=0 (+0)  [212s elapsed, 0.8 step/s, ETA 3139s]
  Step   180/2684: active=293,455 lost=0 (+0)  [226s elapsed, 0.8 step/s, ETA 3143s]
  Step   190/2684: active=293,455 lost=0 (+0)  [240s elapsed, 0.8 step/s, ETA 3147s]
  Step   200/2684: active=293,455 lost=0 (+0)  [253s elapsed, 0.8 step/s, ETA 3148s]
  Step   210/2684: active=293,455 lost=0 (+0)  [268s elapsed, 0.8 step/s, ETA 3153s]
  Step   220/2684: active=293,455 lost=0 (+0)  [282s elapsed, 0.8 step/s, ETA 3155s]
  Step   230/2684: active=293,455 lost=0 (+0)  [296s elapsed, 0.8 step/s, ETA 3156s]
  Step   240/2684: active=293,455 lost=0 (+0)  [310s elapsed, 0.8 step/s, ETA 3154s]
  Step   250/2684: active=293,455 lost=0 (+0)  [324s elapsed, 0.8 step/s, ETA 3155s]
  Step   260/2684: active=293,455 lost=0 (+0)  [339s elapsed, 0.8 step/s, ETA 3158s]
  Step   270/2684: active=293,455 lost=0 (+0)  [353s elapsed, 0.8 step/s, ETA 3155s]
  Step   280/2684: active=293,455 lost=0 (+0)  [367s elapsed, 0.8 step/s, ETA 3149s]
  Step   290/2684: active=293,455 lost=0 (+0)  [381s elapsed, 0.8 step/s, ETA 3143s]
  Step   300/2684: active=293,455 lost=0 (+0)  [395s elapsed, 0.8 step/s, ETA 3137s]
  Step   310/2684: active=293,455 lost=0 (+0)  [409s elapsed, 0.8 step/s, ETA 3131s]
  Step   320/2684: active=293,455 lost=0 (+0)  [423s elapsed, 0.8 step/s, ETA 3125s]
  Step   330/2684: active=293,455 lost=0 (+0)  [437s elapsed, 0.8 step/s, ETA 3119s]
  Step   340/2684: active=293,455 lost=0 (+0)  [452s elapsed, 0.8 step/s, ETA 3118s]
  Step   350/2684: active=293,455 lost=0 (+0)  [467s elapsed, 0.7 step/s, ETA 3116s]
  Step   360/2684: active=293,455 lost=0 (+0)  [483s elapsed, 0.7 step/s, ETA 3118s]
  Step   370/2684: active=293,455 lost=0 (+0)  [498s elapsed, 0.7 step/s, ETA 3114s]
  Step   380/2684: active=293,455 lost=0 (+0)  [513s elapsed, 0.7 step/s, ETA 3112s]
  Step   390/2684: active=293,455 lost=0 (+0)  [529s elapsed, 0.7 step/s, ETA 3112s]
  Step   400/2684: active=293,455 lost=0 (+0)  [545s elapsed, 0.7 step/s, ETA 3110s]
  Step   410/2684: active=293,455 lost=0 (+0)  [560s elapsed, 0.7 step/s, ETA 3106s]
  Step   420/2684: active=293,455 lost=0 (+0)  [576s elapsed, 0.7 step/s, ETA 3103s]
  Step   430/2684: active=293,455 lost=0 (+0)  [591s elapsed, 0.7 step/s, ETA 3099s]
  Step   440/2684: active=293,455 lost=0 (+0)  [608s elapsed, 0.7 step/s, ETA 3099s]
  Step   450/2684: active=293,455 lost=0 (+0)  [624s elapsed, 0.7 step/s, ETA 3096s]
  Step   460/2684: active=293,455 lost=0 (+0)  [640s elapsed, 0.7 step/s, ETA 3093s]
  Step   470/2684: active=293,455 lost=0 (+0)  [656s elapsed, 0.7 step/s, ETA 3090s]
  Step   480/2684: active=293,455 lost=0 (+0)  [672s elapsed, 0.7 step/s, ETA 3086s]
  Step   490/2684: active=293,455 lost=0 (+0)  [688s elapsed, 0.7 step/s, ETA 3081s]
  Step   500/2684: active=293,455 lost=0 (+0)  [704s elapsed, 0.7 step/s, ETA 3075s]
  Step   510/2684: active=293,455 lost=0 (+0)  [720s elapsed, 0.7 step/s, ETA 3069s]
  Step   520/2684: active=293,455 lost=0 (+0)  [736s elapsed, 0.7 step/s, ETA 3065s]
  Step   530/2684: active=293,455 lost=0 (+0)  [753s elapsed, 0.7 step/s, ETA 3060s]
  Step   540/2684: active=293,455 lost=0 (+0)  [769s elapsed, 0.7 step/s, ETA 3054s]
  Step   550/2684: active=293,455 lost=0 (+0)  [786s elapsed, 0.7 step/s, ETA 3050s]
  Step   560/2684: active=293,455 lost=0 (+0)  [803s elapsed, 0.7 step/s, ETA 3045s]
  Step   570/2684: active=293,455 lost=0 (+0)  [819s elapsed, 0.7 step/s, ETA 3038s]
  Step   580/2684: active=293,455 lost=0 (+0)  [835s elapsed, 0.7 step/s, ETA 3030s]
  Step   590/2684: active=293,455 lost=0 (+0)  [852s elapsed, 0.7 step/s, ETA 3023s]
  Step   600/2684: active=293,455 lost=0 (+0)  [868s elapsed, 0.7 step/s, ETA 3016s]
  Step   610/2684: active=293,455 lost=0 (+0)  [885s elapsed, 0.7 step/s, ETA 3008s]
  Step   620/2684: active=293,455 lost=0 (+0)  [901s elapsed, 0.7 step/s, ETA 3000s]
  Step   630/2684: active=293,455 lost=0 (+0)  [918s elapsed, 0.7 step/s, ETA 2992s]
  Step   640/2684: active=293,455 lost=0 (+0)  [935s elapsed, 0.7 step/s, ETA 2986s]
  Step   650/2684: active=293,455 lost=0 (+0)  [951s elapsed, 0.7 step/s, ETA 2977s]
  Step   660/2684: active=293,455 lost=0 (+0)  [967s elapsed, 0.7 step/s, ETA 2967s]
  Step   670/2684: active=293,455 lost=0 (+0)  [983s elapsed, 0.7 step/s, ETA 2956s]
  Step   680/2684: active=293,455 lost=0 (+0)  [1000s elapsed, 0.7 step/s, ETA 2946s]
  Step   690/2684: active=293,455 lost=0 (+0)  [1016s elapsed, 0.7 step/s, ETA 2936s]
  Step   700/2684: active=293,455 lost=0 (+0)  [1032s elapsed, 0.7 step/s, ETA 2925s]
  Step   710/2684: active=293,455 lost=0 (+0)  [1049s elapsed, 0.7 step/s, ETA 2915s]
  Step   720/2684: active=293,455 lost=0 (+0)  [1065s elapsed, 0.7 step/s, ETA 2906s]
  Step   730/2684: active=293,455 lost=0 (+0)  [1082s elapsed, 0.7 step/s, ETA 2897s]
  Step   740/2684: active=293,455 lost=0 (+0)  [1099s elapsed, 0.7 step/s, ETA 2887s]
  Step   750/2684: active=293,455 lost=0 (+0)  [1116s elapsed, 0.7 step/s, ETA 2878s]
  Step   760/2684: active=293,455 lost=0 (+0)  [1133s elapsed, 0.7 step/s, ETA 2868s]
  Step   770/2684: active=293,455 lost=0 (+0)  [1149s elapsed, 0.7 step/s, ETA 2857s]
  Step   780/2684: active=293,455 lost=0 (+0)  [1166s elapsed, 0.7 step/s, ETA 2846s]
  Step   790/2684: active=293,455 lost=0 (+0)  [1183s elapsed, 0.7 step/s, ETA 2836s]
  Step   800/2684: active=293,455 lost=0 (+0)  [1200s elapsed, 0.7 step/s, ETA 2825s]
  Step   810/2684: active=293,455 lost=0 (+0)  [1217s elapsed, 0.7 step/s, ETA 2816s]
  Step   820/2684: active=293,455 lost=0 (+0)  [1234s elapsed, 0.7 step/s, ETA 2805s]
  Step   830/2684: active=293,455 lost=0 (+0)  [1251s elapsed, 0.7 step/s, ETA 2795s]
  Step   840/2684: active=293,455 lost=0 (+0)  [1268s elapsed, 0.7 step/s, ETA 2784s]
  Step   850/2684: active=293,455 lost=0 (+0)  [1285s elapsed, 0.7 step/s, ETA 2773s]
  Step   860/2684: active=293,455 lost=0 (+0)  [1302s elapsed, 0.7 step/s, ETA 2761s]
  Step   870/2684: active=293,455 lost=0 (+0)  [1319s elapsed, 0.7 step/s, ETA 2749s]
  Step   880/2684: active=293,455 lost=0 (+0)  [1336s elapsed, 0.7 step/s, ETA 2739s]
  Step   890/2684: active=293,455 lost=0 (+0)  [1353s elapsed, 0.7 step/s, ETA 2727s]
  Step   900/2684: active=293,455 lost=0 (+0)  [1370s elapsed, 0.7 step/s, ETA 2715s]
  Step   910/2684: active=293,455 lost=0 (+0)  [1387s elapsed, 0.7 step/s, ETA 2705s]
  Step   920/2684: active=293,455 lost=0 (+0)  [1404s elapsed, 0.7 step/s, ETA 2693s]
  Step   930/2684: active=293,455 lost=0 (+0)  [1421s elapsed, 0.7 step/s, ETA 2680s]
  Step   940/2684: active=293,455 lost=0 (+0)  [1438s elapsed, 0.7 step/s, ETA 2668s]
  Step   950/2684: active=293,455 lost=0 (+0)  [1455s elapsed, 0.7 step/s, ETA 2656s]
  Step   960/2684: active=293,455 lost=0 (+0)  [1472s elapsed, 0.7 step/s, ETA 2644s]
  Step   970/2684: active=293,455 lost=0 (+0)  [1489s elapsed, 0.7 step/s, ETA 2631s]
  Step   980/2684: active=293,455 lost=0 (+0)  [1506s elapsed, 0.7 step/s, ETA 2619s]
  Step   990/2684: active=293,455 lost=0 (+0)  [1523s elapsed, 0.6 step/s, ETA 2606s]
  Step  1000/2684: active=293,455 lost=0 (+0)  [1540s elapsed, 0.6 step/s, ETA 2594s]
  Step  1010/2684: active=293,455 lost=0 (+0)  [1557s elapsed, 0.6 step/s, ETA 2581s]
  Step  1020/2684: active=293,455 lost=0 (+0)  [1574s elapsed, 0.6 step/s, ETA 2568s]
  Step  1030/2684: active=293,455 lost=0 (+0)  [1591s elapsed, 0.6 step/s, ETA 2555s]
  Step  1040/2684: active=293,455 lost=0 (+0)  [1608s elapsed, 0.6 step/s, ETA 2541s]
  Step  1050/2684: active=293,455 lost=0 (+0)  [1624s elapsed, 0.6 step/s, ETA 2528s]
  Step  1060/2684: active=293,455 lost=0 (+0)  [1641s elapsed, 0.6 step/s, ETA 2515s]
  Step  1070/2684: active=293,455 lost=0 (+0)  [1658s elapsed, 0.6 step/s, ETA 2502s]
  Step  1080/2684: active=293,455 lost=0 (+0)  [1675s elapsed, 0.6 step/s, ETA 2488s]
  Step  1090/2684: active=293,455 lost=0 (+0)  [1692s elapsed, 0.6 step/s, ETA 2474s]
  Step  1100/2684: active=293,455 lost=0 (+0)  [1710s elapsed, 0.6 step/s, ETA 2462s]
  Step  1110/2684: active=293,455 lost=0 (+0)  [1727s elapsed, 0.6 step/s, ETA 2449s]
  Step  1120/2684: active=293,455 lost=0 (+0)  [1744s elapsed, 0.6 step/s, ETA 2435s]
  Step  1130/2684: active=293,455 lost=0 (+0)  [1761s elapsed, 0.6 step/s, ETA 2421s]
  Step  1140/2684: active=293,455 lost=0 (+0)  [1778s elapsed, 0.6 step/s, ETA 2408s]
  Step  1150/2684: active=293,455 lost=0 (+0)  [1795s elapsed, 0.6 step/s, ETA 2394s]
  Step  1160/2684: active=293,455 lost=0 (+0)  [1812s elapsed, 0.6 step/s, ETA 2380s]
  Step  1170/2684: active=293,455 lost=0 (+0)  [1829s elapsed, 0.6 step/s, ETA 2366s]
  Step  1180/2684: active=293,455 lost=0 (+0)  [1846s elapsed, 0.6 step/s, ETA 2353s]
  Step  1190/2684: active=293,455 lost=0 (+0)  [1863s elapsed, 0.6 step/s, ETA 2339s]
  Step  1200/2684: active=293,455 lost=0 (+0)  [1880s elapsed, 0.6 step/s, ETA 2325s]
  Step  1210/2684: active=293,455 lost=0 (+0)  [1897s elapsed, 0.6 step/s, ETA 2311s]
  Step  1220/2684: active=293,455 lost=0 (+0)  [1914s elapsed, 0.6 step/s, ETA 2297s]
  Step  1230/2684: active=293,455 lost=0 (+0)  [1932s elapsed, 0.6 step/s, ETA 2283s]
  Step  1240/2684: active=293,455 lost=0 (+0)  [1949s elapsed, 0.6 step/s, ETA 2269s]
  Step  1250/2684: active=293,455 lost=0 (+0)  [1966s elapsed, 0.6 step/s, ETA 2255s]
  Step  1260/2684: active=293,455 lost=0 (+0)  [1983s elapsed, 0.6 step/s, ETA 2241s]
  Step  1270/2684: active=293,455 lost=0 (+0)  [2000s elapsed, 0.6 step/s, ETA 2226s]
  Step  1280/2684: active=293,455 lost=0 (+0)  [2017s elapsed, 0.6 step/s, ETA 2212s]
  Step  1290/2684: active=293,455 lost=0 (+0)  [2034s elapsed, 0.6 step/s, ETA 2198s]
  Step  1300/2684: active=293,455 lost=0 (+0)  [2052s elapsed, 0.6 step/s, ETA 2184s]
  Step  1310/2684: active=293,455 lost=0 (+0)  [2069s elapsed, 0.6 step/s, ETA 2170s]
  Step  1320/2684: active=293,455 lost=0 (+0)  [2086s elapsed, 0.6 step/s, ETA 2155s]
  Step  1330/2684: active=293,455 lost=0 (+0)  [2103s elapsed, 0.6 step/s, ETA 2141s]
  Step  1340/2684: active=293,455 lost=0 (+0)  [2120s elapsed, 0.6 step/s, ETA 2126s]
  Step  1350/2684: active=293,455 lost=0 (+0)  [2137s elapsed, 0.6 step/s, ETA 2112s]
  Step  1360/2684: active=293,455 lost=0 (+0)  [2154s elapsed, 0.6 step/s, ETA 2097s]
  Step  1370/2684: active=293,455 lost=0 (+0)  [2170s elapsed, 0.6 step/s, ETA 2082s]
  Step  1380/2684: active=293,455 lost=0 (+0)  [2187s elapsed, 0.6 step/s, ETA 2067s]
  Step  1390/2684: active=293,455 lost=0 (+0)  [2204s elapsed, 0.6 step/s, ETA 2051s]
  Step  1400/2684: active=293,455 lost=0 (+0)  [2220s elapsed, 0.6 step/s, ETA 2036s]
  Step  1410/2684: active=293,455 lost=0 (+0)  [2237s elapsed, 0.6 step/s, ETA 2021s]
  Step  1420/2684: active=293,455 lost=0 (+0)  [2254s elapsed, 0.6 step/s, ETA 2006s]
  Step  1430/2684: active=293,455 lost=0 (+0)  [2270s elapsed, 0.6 step/s, ETA 1990s]
  Step  1440/2684: active=293,455 lost=0 (+0)  [2287s elapsed, 0.6 step/s, ETA 1975s]
  Step  1450/2684: active=293,455 lost=0 (+0)  [2304s elapsed, 0.6 step/s, ETA 1961s]
  Step  1460/2684: active=293,455 lost=0 (+0)  [2321s elapsed, 0.6 step/s, ETA 1945s]
  Step  1470/2684: active=293,455 lost=0 (+0)  [2337s elapsed, 0.6 step/s, ETA 1930s]
  Step  1480/2684: active=293,455 lost=0 (+0)  [2354s elapsed, 0.6 step/s, ETA 1915s]
  Step  1490/2684: active=293,455 lost=0 (+0)  [2370s elapsed, 0.6 step/s, ETA 1900s]
  Step  1500/2684: active=293,455 lost=0 (+0)  [2387s elapsed, 0.6 step/s, ETA 1884s]
  Step  1510/2684: active=293,455 lost=0 (+0)  [2403s elapsed, 0.6 step/s, ETA 1868s]
  Step  1520/2684: active=293,455 lost=0 (+0)  [2420s elapsed, 0.6 step/s, ETA 1853s]
  Step  1530/2684: active=293,455 lost=0 (+0)  [2436s elapsed, 0.6 step/s, ETA 1838s]
  Step  1540/2684: active=293,455 lost=0 (+0)  [2453s elapsed, 0.6 step/s, ETA 1822s]
  Step  1550/2684: active=293,455 lost=0 (+0)  [2469s elapsed, 0.6 step/s, ETA 1807s]
  Step  1560/2684: active=293,455 lost=0 (+0)  [2486s elapsed, 0.6 step/s, ETA 1792s]
  Step  1570/2684: active=293,455 lost=0 (+0)  [2503s elapsed, 0.6 step/s, ETA 1776s]
  Step  1580/2684: active=293,455 lost=0 (+0)  [2520s elapsed, 0.6 step/s, ETA 1761s]
  Step  1590/2684: active=293,455 lost=0 (+0)  [2536s elapsed, 0.6 step/s, ETA 1745s]
  Step  1600/2684: active=293,455 lost=0 (+0)  [2553s elapsed, 0.6 step/s, ETA 1730s]
  Step  1610/2684: active=293,455 lost=0 (+0)  [2569s elapsed, 0.6 step/s, ETA 1714s]
  Step  1620/2684: active=293,455 lost=0 (+0)  [2586s elapsed, 0.6 step/s, ETA 1698s]
  Step  1630/2684: active=293,455 lost=0 (+0)  [2602s elapsed, 0.6 step/s, ETA 1683s]
  Step  1640/2684: active=293,455 lost=0 (+0)  [2619s elapsed, 0.6 step/s, ETA 1667s]
  Step  1650/2684: active=293,455 lost=0 (+0)  [2635s elapsed, 0.6 step/s, ETA 1652s]
  Step  1660/2684: active=293,455 lost=0 (+0)  [2652s elapsed, 0.6 step/s, ETA 1636s]
  Step  1670/2684: active=293,455 lost=0 (+0)  [2668s elapsed, 0.6 step/s, ETA 1620s]
  Step  1680/2684: active=293,455 lost=0 (+0)  [2684s elapsed, 0.6 step/s, ETA 1604s]
  Step  1690/2684: active=293,455 lost=0 (+0)  [2700s elapsed, 0.6 step/s, ETA 1588s]
  Step  1700/2684: active=293,455 lost=0 (+0)  [2716s elapsed, 0.6 step/s, ETA 1572s]
  Step  1710/2684: active=293,455 lost=0 (+0)  [2732s elapsed, 0.6 step/s, ETA 1556s]
  Step  1720/2684: active=293,455 lost=0 (+0)  [2748s elapsed, 0.6 step/s, ETA 1540s]
  Step  1730/2684: active=293,455 lost=0 (+0)  [2764s elapsed, 0.6 step/s, ETA 1524s]
  Step  1740/2684: active=293,455 lost=0 (+0)  [2780s elapsed, 0.6 step/s, ETA 1508s]
  Step  1750/2684: active=293,455 lost=0 (+0)  [2796s elapsed, 0.6 step/s, ETA 1492s]
  Step  1760/2684: active=293,455 lost=0 (+0)  [2812s elapsed, 0.6 step/s, ETA 1476s]
  Step  1770/2684: active=293,455 lost=0 (+0)  [2828s elapsed, 0.6 step/s, ETA 1461s]
  Step  1780/2684: active=293,455 lost=0 (+0)  [2844s elapsed, 0.6 step/s, ETA 1444s]
  Step  1790/2684: active=293,455 lost=0 (+0)  [2860s elapsed, 0.6 step/s, ETA 1428s]
  Step  1800/2684: active=293,455 lost=0 (+0)  [2876s elapsed, 0.6 step/s, ETA 1412s]
  Step  1810/2684: active=293,455 lost=0 (+0)  [2892s elapsed, 0.6 step/s, ETA 1396s]
  Step  1820/2684: active=293,455 lost=0 (+0)  [2907s elapsed, 0.6 step/s, ETA 1380s]
  Step  1830/2684: active=293,455 lost=0 (+0)  [2923s elapsed, 0.6 step/s, ETA 1364s]
  Step  1840/2684: active=293,455 lost=0 (+0)  [2939s elapsed, 0.6 step/s, ETA 1348s]
  Step  1850/2684: active=293,455 lost=0 (+0)  [2955s elapsed, 0.6 step/s, ETA 1332s]
  Step  1860/2684: active=293,455 lost=0 (+0)  [2970s elapsed, 0.6 step/s, ETA 1316s]
  Step  1870/2684: active=293,455 lost=0 (+0)  [2986s elapsed, 0.6 step/s, ETA 1300s]
  Step  1880/2684: active=293,455 lost=0 (+0)  [3001s elapsed, 0.6 step/s, ETA 1283s]
  Step  1890/2684: active=293,455 lost=0 (+0)  [3017s elapsed, 0.6 step/s, ETA 1267s]
  Step  1900/2684: active=293,455 lost=0 (+0)  [3032s elapsed, 0.6 step/s, ETA 1251s]
  Step  1910/2684: active=293,455 lost=0 (+0)  [3048s elapsed, 0.6 step/s, ETA 1235s]
  Step  1920/2684: active=293,455 lost=0 (+0)  [3063s elapsed, 0.6 step/s, ETA 1219s]
  Step  1930/2684: active=293,455 lost=0 (+0)  [3080s elapsed, 0.6 step/s, ETA 1203s]
  Step  1940/2684: active=293,455 lost=0 (+0)  [3095s elapsed, 0.6 step/s, ETA 1187s]
  Step  1950/2684: active=293,455 lost=0 (+0)  [3111s elapsed, 0.6 step/s, ETA 1171s]
  Step  1960/2684: active=293,455 lost=0 (+0)  [3126s elapsed, 0.6 step/s, ETA 1155s]
  Step  1970/2684: active=293,455 lost=0 (+0)  [3141s elapsed, 0.6 step/s, ETA 1138s]
  Step  1980/2684: active=293,455 lost=0 (+0)  [3156s elapsed, 0.6 step/s, ETA 1122s]
  Step  1990/2684: active=293,455 lost=0 (+0)  [3172s elapsed, 0.6 step/s, ETA 1106s]
  Step  2000/2684: active=293,455 lost=0 (+0)  [3187s elapsed, 0.6 step/s, ETA 1090s]
  Step  2010/2684: active=293,455 lost=0 (+0)  [3202s elapsed, 0.6 step/s, ETA 1074s]
  Step  2020/2684: active=293,455 lost=0 (+0)  [3218s elapsed, 0.6 step/s, ETA 1058s]
  Step  2030/2684: active=293,455 lost=0 (+0)  [3233s elapsed, 0.6 step/s, ETA 1042s]
  Step  2040/2684: active=293,455 lost=0 (+0)  [3248s elapsed, 0.6 step/s, ETA 1025s]
  Step  2050/2684: active=293,455 lost=0 (+0)  [3263s elapsed, 0.6 step/s, ETA 1009s]
  Step  2060/2684: active=293,455 lost=0 (+0)  [3279s elapsed, 0.6 step/s, ETA 993s]
  Step  2070/2684: active=293,455 lost=0 (+0)  [3294s elapsed, 0.6 step/s, ETA 977s]
  Step  2080/2684: active=293,455 lost=0 (+0)  [3308s elapsed, 0.6 step/s, ETA 961s]
  Step  2090/2684: active=293,455 lost=0 (+0)  [3323s elapsed, 0.6 step/s, ETA 945s]
  Step  2100/2684: active=293,455 lost=0 (+0)  [3338s elapsed, 0.6 step/s, ETA 928s]
  Step  2110/2684: active=293,455 lost=0 (+0)  [3353s elapsed, 0.6 step/s, ETA 912s]
  Step  2120/2684: active=293,455 lost=0 (+0)  [3368s elapsed, 0.6 step/s, ETA 896s]
  Step  2130/2684: active=293,455 lost=0 (+0)  [3383s elapsed, 0.6 step/s, ETA 880s]
  Step  2140/2684: active=293,455 lost=0 (+0)  [3398s elapsed, 0.6 step/s, ETA 864s]
  Step  2150/2684: active=293,455 lost=0 (+0)  [3414s elapsed, 0.6 step/s, ETA 848s]
  Step  2160/2684: active=293,455 lost=0 (+0)  [3429s elapsed, 0.6 step/s, ETA 832s]
  Step  2170/2684: active=293,455 lost=0 (+0)  [3444s elapsed, 0.6 step/s, ETA 816s]
  Step  2180/2684: active=293,455 lost=0 (+0)  [3459s elapsed, 0.6 step/s, ETA 800s]
  Step  2190/2684: active=293,455 lost=0 (+0)  [3474s elapsed, 0.6 step/s, ETA 784s]
  Step  2200/2684: active=293,455 lost=0 (+0)  [3489s elapsed, 0.6 step/s, ETA 767s]
  Step  2210/2684: active=293,455 lost=0 (+0)  [3503s elapsed, 0.6 step/s, ETA 751s]
  Step  2220/2684: active=293,455 lost=0 (+0)  [3518s elapsed, 0.6 step/s, ETA 735s]
  Step  2230/2684: active=293,455 lost=0 (+0)  [3532s elapsed, 0.6 step/s, ETA 719s]
  Step  2240/2684: active=293,455 lost=0 (+0)  [3547s elapsed, 0.6 step/s, ETA 703s]
  Step  2250/2684: active=293,455 lost=0 (+0)  [3562s elapsed, 0.6 step/s, ETA 687s]
  Step  2260/2684: active=293,455 lost=0 (+0)  [3577s elapsed, 0.6 step/s, ETA 671s]
  Step  2270/2684: active=293,455 lost=0 (+0)  [3592s elapsed, 0.6 step/s, ETA 655s]
  Step  2280/2684: active=293,455 lost=0 (+0)  [3607s elapsed, 0.6 step/s, ETA 639s]
  Step  2290/2684: active=293,455 lost=0 (+0)  [3621s elapsed, 0.6 step/s, ETA 623s]
  Step  2300/2684: active=293,455 lost=0 (+0)  [3636s elapsed, 0.6 step/s, ETA 607s]
  Step  2310/2684: active=293,455 lost=0 (+0)  [3650s elapsed, 0.6 step/s, ETA 591s]
  Step  2320/2684: active=293,455 lost=0 (+0)  [3665s elapsed, 0.6 step/s, ETA 575s]
  Step  2330/2684: active=293,455 lost=0 (+0)  [3680s elapsed, 0.6 step/s, ETA 559s]
  Step  2340/2684: active=293,455 lost=0 (+0)  [3694s elapsed, 0.6 step/s, ETA 543s]
  Step  2350/2684: active=293,455 lost=0 (+0)  [3709s elapsed, 0.6 step/s, ETA 527s]
  Step  2360/2684: active=293,455 lost=0 (+0)  [3724s elapsed, 0.6 step/s, ETA 511s]
  Step  2370/2684: active=293,455 lost=0 (+0)  [3738s elapsed, 0.6 step/s, ETA 495s]
  Step  2380/2684: active=293,455 lost=0 (+0)  [3753s elapsed, 0.6 step/s, ETA 479s]
  Step  2390/2684: active=293,455 lost=0 (+0)  [3767s elapsed, 0.6 step/s, ETA 463s]
  Step  2400/2684: active=293,455 lost=0 (+0)  [3781s elapsed, 0.6 step/s, ETA 447s]
  Step  2410/2684: active=293,455 lost=0 (+0)  [3796s elapsed, 0.6 step/s, ETA 432s]
  Step  2420/2684: active=293,455 lost=0 (+0)  [3810s elapsed, 0.6 step/s, ETA 416s]
  Step  2430/2684: active=293,455 lost=0 (+0)  [3825s elapsed, 0.6 step/s, ETA 400s]
  Step  2440/2684: active=293,455 lost=0 (+0)  [3839s elapsed, 0.6 step/s, ETA 384s]
  Step  2450/2684: active=293,455 lost=0 (+0)  [3853s elapsed, 0.6 step/s, ETA 368s]
  Step  2460/2684: active=293,455 lost=0 (+0)  [3868s elapsed, 0.6 step/s, ETA 352s]
  Step  2470/2684: active=293,455 lost=0 (+0)  [3883s elapsed, 0.6 step/s, ETA 336s]
  Step  2480/2684: active=293,455 lost=0 (+0)  [3897s elapsed, 0.6 step/s, ETA 321s]
  Step  2490/2684: active=293,455 lost=0 (+0)  [3911s elapsed, 0.6 step/s, ETA 305s]
  Step  2500/2684: active=293,455 lost=0 (+0)  [3925s elapsed, 0.6 step/s, ETA 289s]
  Step  2510/2684: active=293,455 lost=0 (+0)  [3939s elapsed, 0.6 step/s, ETA 273s]
  Step  2520/2684: active=293,455 lost=0 (+0)  [3953s elapsed, 0.6 step/s, ETA 257s]
  Step  2530/2684: active=293,455 lost=0 (+0)  [3967s elapsed, 0.6 step/s, ETA 241s]
  Step  2540/2684: active=293,455 lost=0 (+0)  [3981s elapsed, 0.6 step/s, ETA 226s]
  Step  2550/2684: active=293,455 lost=0 (+0)  [3995s elapsed, 0.6 step/s, ETA 210s]
  Step  2560/2684: active=293,455 lost=0 (+0)  [4010s elapsed, 0.6 step/s, ETA 194s]
  Step  2570/2684: active=293,455 lost=0 (+0)  [4024s elapsed, 0.6 step/s, ETA 178s]
  Step  2580/2684: active=293,455 lost=0 (+0)  [4038s elapsed, 0.6 step/s, ETA 163s]
  Step  2590/2684: active=293,455 lost=0 (+0)  [4052s elapsed, 0.6 step/s, ETA 147s]
  Step  2600/2684: active=293,455 lost=0 (+0)  [4066s elapsed, 0.6 step/s, ETA 131s]
  Step  2610/2684: active=293,455 lost=0 (+0)  [4079s elapsed, 0.6 step/s, ETA 116s]
  Step  2620/2684: active=293,455 lost=0 (+0)  [4093s elapsed, 0.6 step/s, ETA 100s]
  Step  2630/2684: active=293,455 lost=0 (+0)  [4107s elapsed, 0.6 step/s, ETA 84s]
  Step  2640/2684: active=293,455 lost=0 (+0)  [4121s elapsed, 0.6 step/s, ETA 69s]
  Step  2650/2684: active=293,455 lost=0 (+0)  [4135s elapsed, 0.6 step/s, ETA 53s]
  Step  2660/2684: active=293,455 lost=0 (+0)  [4149s elapsed, 0.6 step/s, ETA 37s]
  Step  2670/2684: active=293,455 lost=0 (+0)  [4162s elapsed, 0.6 step/s, ETA 22s]
  Step  2680/2684: active=293,455 lost=0 (+0)  [4176s elapsed, 0.6 step/s, ETA 6s]
  Step  2684/2684: active=293,455 lost=0 (+0)  [4182s elapsed, 0.6 step/s, ETA 0s]
  Exported 2685 VTU files (binary)
  Stage 7 time: 4181.6s

================================================================================
TRACKING SUMMARY
================================================================================
  Particles: 293,455
  Final active: 293,455 (100.00%)
  Final lost: 0 (0.00%)
  Steps: 2684
  Time: 4181.6s (188,356 p*step/s)
  Output: output/femuss_comparison/femuss_0_to_2684

================================================================================
JAXTRACE vs FEMUSS COMPARISON
================================================================================
  Particles: 293,455

  JAXTrace:  active=293,455 (100.00%), lost=0 (0.00%)
  FEMUSS:    active=293,455 (100.00%), left_domain=0 (0.00%)

  Position errors (both active, N=293,455):
    Absolute error:
      Mean:   1.185744e-04
      Median: 1.168047e-05
      Max:    3.547552e-02
      Std:    9.682097e-04
      P90.0:  9.068203e-05
      P95.0:  2.809329e-04
      P99.0:  1.749458e-03
      P99.9:  1.645193e-02
    Relative error (|err| / |displacement|):
      Mean:   4.247170e-03
      Median: 2.622432e-04
      Max:    3.086208e+00
    Per-axis mean absolute error:
      X: mean=8.623015e-05, max=3.448023e-02
      Y: mean=6.175884e-05, max=1.842786e-02
      Z: mean=5.276702e-06, max=1.928577e-03

    Error magnitude distribution:
      < 1e-08:        0 (  0.00%)
      < 1e-07:      212 (  0.07%)
      < 1e-06:    5,506 (  1.88%)
      < 1e-05:  125,300 ( 42.70%)
      < 1e-04:  265,646 ( 90.52%)
      < 1e-03:  289,265 ( 98.57%)
      < 1e-02:  292,693 ( 99.74%)

  Retention agreement:
    Both active:            293,455
    Both lost/left:         0
    JAXTrace active, FEMUSS left: 0
    JAXTrace lost, FEMUSS active: 0

  Top 5 worst-error particles:
    #1: particle=8812, error=3.547552e-02, rel=8.6517e-01
         JT:    [-3.87108419e-03, -1.57873525e-04, -2.41704308e-03]
         FEMUSS:[3.06091425e-02, -8.48111966e-03, -1.82529231e-03]
    #2: particle=20131, error=3.344678e-02, rel=1.6799e+00
         JT:    [2.71395911e-02, -1.01114819e-02, -7.12230918e-04]
         FEMUSS:[-1.04422694e-03, 7.89574109e-03, -3.96662470e-04]
    #3: particle=46926, error=3.299608e-02, rel=8.1512e-01
         JT:    [-4.03703842e-03, -7.54873967e-04, -2.28067534e-03]
         FEMUSS:[2.80262871e-02, -8.53064953e-03, -1.80974206e-03]
    #4: particle=19826, error=3.231344e-02, rel=2.9163e+00
         JT:    [2.50817873e-02, -9.72507987e-03, -1.01985817e-03]
         FEMUSS:[-4.83682148e-03, 2.48240012e-03, -1.13305077e-03]
    #5: particle=79801, error=3.184292e-02, rel=8.9906e-01
         JT:    [-6.28896849e-03, 5.94675681e-03, -1.75310575e-04]
         FEMUSS:[2.12011082e-02, -1.01209016e-02, -4.87431151e-04]
================================================================================

  Comparison data saved to output/femuss_comparison/femuss_0_to_2684/comparison_data.npz

================================================================================
TIMING SUMMARY
================================================================================
  1_load_mesh                   10.7s  (  0.2%)
  2_precompute                  70.0s  (  1.5%)
  3_build_upload               442.9s  (  9.4%)
  4_load_particles               0.2s  (  0.0%)
  5_initial_assign               4.5s  (  0.1%)
  6_compile                     17.3s  (  0.4%)
  6_build_rk4                   17.3s  (  0.4%)
  7_tracking                  4181.6s  ( 88.5%)
  ─────────────────────────────────────────────
  TOTAL                       4727.2s
================================================================================

Done.
