
================================================================================
TRACKING SUMMARY
================================================================================
  Particles: 293,486
  Final active: 293,486 (100.00%)
  Final lost: 0 (0.00%)
  Steps: 2500
  Time: 6406.2s (114,532 p*step/s)
  Output: output/femuss_comparison/femuss_0_to_2500

================================================================================
JAXTRACE vs FEMUSS COMPARISON
================================================================================
  Particles: 293,486

  JAXTrace:  active=293,486 (100.00%), lost=0 (0.00%)
  FEMUSS:    active=241,130 (82.16%), left_domain=52,356 (17.84%)

  Position errors (both active, N=241,130):
    Absolute error:
      Mean:   3.136288e-04
      Median: 6.502391e-05
      Max:    3.572431e-02
      Std:    1.502639e-03
      P90.0:  3.420622e-04
      P95.0:  7.489049e-04
      P99.0:  6.832543e-03
      P99.9:  2.235038e-02
    Relative error (|err| / |displacement|):
      Mean:   1.015853e-02
      Median: 1.588805e-03
      Max:    6.145608e+00
    Per-axis mean absolute error:
      X: mean=2.410310e-04, max=3.435287e-02
      Y: mean=1.474237e-04, max=1.823066e-02
      Z: mean=1.722955e-05, max=1.869392e-03

    Error magnitude distribution:
      < 1e-08:        0 (  0.00%)
      < 1e-07:      201 (  0.08%)
      < 1e-06:    4,068 (  1.69%)
      < 1e-05:   46,874 ( 19.44%)
      < 1e-04:  148,249 ( 61.48%)
      < 1e-03:  231,502 ( 96.01%)
      < 1e-02:  239,782 ( 99.44%)

  Retention agreement:
    Both active:            241,130
    Both lost/left:         0
    JAXTrace active, FEMUSS left: 52,356
    JAXTrace lost, FEMUSS active: 0

  Top 5 worst-error particles:
    #1: particle=1874, error=3.572431e-02, rel=3.6632e+00
         JT:    [2.69221159e-02, 9.48217278e-03, -8.72639461e-04]
         FEMUSS:[-6.86174105e-03, -2.12981707e-03, -6.74879493e-04]
    #2: particle=67325, error=3.517550e-02, rel=8.1716e-01
         JT:    [-4.94175927e-03, 6.86791231e-04, -1.20256946e-03]
         FEMUSS:[2.94111093e-02, 8.24902132e-03, -1.29549401e-03]
    #3: particle=12824, error=3.505253e-02, rel=3.5693e+00
         JT:    [2.99989993e-02, 6.82680147e-03, -1.70345668e-03]
         FEMUSS:[-4.18358397e-03, -9.30625446e-04, -1.93364122e-03]
    #4: particle=1910, error=3.461774e-02, rel=3.7955e+00
         JT:    [2.99989993e-02, 6.81997039e-03, -1.70636306e-03]
         FEMUSS:[-3.93639898e-03, -9.78083106e-06, -2.06846530e-03]
    #5: particle=7417, error=3.459504e-02, rel=8.6821e-01
         JT:    [-4.50037437e-03, 2.33433589e-03, -1.27445221e-03]
         FEMUSS:[2.94551920e-02, 8.95523280e-03, -1.25897761e-03]
================================================================================

  Comparison data saved to output/femuss_comparison/femuss_0_to_2500/comparison_data.npz

Done.
