python3 benchmark_seeding_strategies_v2.py
✅ Enhanced VTK I/O available
/home/areza/areza/welding/jaxtrace/io/registry.py:41: UserWarning: h5py not available. HDF5 I/O will be disabled
  from .hdf5_io import H5Series
✅ HDF5 I/O available
================================================================================
Comprehensive L2 Search Methods Benchmark
Fair comparison of all L2 search strategies
================================================================================
JAX version: 0.8.2
JAX devices: [CudaDevice(id=0)]
================================================================================

[1/10] Loading mesh...
Loading mesh: data/FLA/post/0eule/featurelessAvtk_158.pvtu
  Nodes: 780,922
  Elements: 3,048,900
  Loaded field 'Displacement': (780922, 3)
Loading mesh: data/FLA/post/0eule/featurelessAvtk_159.pvtu
  Nodes: 780,922
  Elements: 3,048,900
  Loaded field 'Displacement': (780922, 3)
  Loaded in 7.55s
  Elements: 3,048,900, Nodes: 780,922, Timesteps: 2

[2/10] Deduplicating...
  Removed 209,749 duplicates

[3/10] Precomputing metadata...

Precomputed inverse matrices:
  Elements: 3,048,900
  Degenerate: 0 (0.0000%)
  Det range: [4.87e-13, 1.28e-07]
  Memory: 146,347,200 bytes (139.6 MB)
  Metadata ready

[4/10] Building octree...
  Built 24,550 leaves

  Building mesh-aligned octree (single-cell)...
    Extracted 517,069 cells in 137.05s
    Elements per cell: 5.89
    Cells per element: 1.00

  Building mesh-aligned octree (multi-cell vertex registration)...
    Extracted 665,820 cells in 313.27s
    Elements per cell: 18.31
    Cells per element: 4.00

  Building mesh-aligned octree with neighbor table (Option B)...
    Neighbor table built in 182.88s
    Mean neighbors per cell: 22.9

[5/10] Uploading to GPU...
  Uploading mesh-aligned octree (single-cell)...
  Uploading mesh-aligned octree (multi-cell)...
  Uploading mesh-aligned octree with neighbors (single-cell)...

  NOTE: Multi-cell octree doesn't use neighbor table
    Multi-cell registration already covers ~4 cells per element
    Neighbor table would search ~104 cells (excessive)
  Building mesh-aligned Morton (hybrid)...
    Elements per cell: mean=5.9, max=8
  Uploaded to GPU

[6/10] Generating particles (perturbed element centroids)...
  Filtering elements: middle 40% of x-axis
    X range: [-0.012000, 0.012000]
    Valid elements: 3,047,777 / 3,048,900 (100.0%)
  Generated 5 seeding strategies:
    - Element centroids (no perturbation): scale=0.000000e+00, mean=0.000000e+00
    - Perturbed 0.1× min element: scale=7.812493e-06, mean=1.247692e-05
    - Perturbed 1.0× min element: scale=7.812493e-05, mean=1.246208e-04
    - Perturbed 2.0× min element: scale=1.562499e-04, mean=2.493721e-04
    - Perturbed 3.0× min element: scale=2.343748e-04, mean=3.736366e-04
  Ground truth element IDs stored for all strategies

[7/10] Defining test configurations...
================================================================================
1. Fixed radius=10 (baseline)
   Fixed radius search (21 leaves)
   Expected work: 21

2. Mesh-Aligned Octree (direct)
   Direct cell lookup (center cell only)
   Expected work: ~5.9 elements/cell

3. Mesh-Aligned Morton r=2 (HYBRID - NEW)
   Morton radius over cell centers (5 cells)
   Expected work: ~30 tests (5 cells × 5.9 elem/cell)

4. Mesh-Aligned Morton (2,5,10) (HYBRID - NEW)
   Incremental radius over cell centers
   Expected work: ~68 tests avg (11.5 cells × 5.9 elem/cell)

5. Mesh-Aligned Neighbors (Option B - NEW)
   Pre-computed neighbor table (27 cells @ 3 levels)
   Expected work: ~13.9 tests/particle, 99.95% for centroids

6. Mesh-Aligned Octree Multi-Cell (Phase 2 - NEW)
   Multi-cell vertex registration (~4 cells per element)
   Expected work: ~94 tests/particle (~4 cells × ~23.6 elem/cell)

7. Mesh-Aligned Multi-Cell + 2×2×2 Local (Option A - NEW)
   Multi-cell + 2×2×2 local neighborhood search (8 cells)
   Expected work: ~146 tests/particle (8 cells × 18.31 elem/cell)


[8/10] Running initial assignment for all configurations...
================================================================================

  Config: Fixed radius=10 (baseline)
    Time: 264.345s
    Assigned: 323,950/324,000 (99.98%)
    Throughput: 1,226 p/s

  Config: Mesh-Aligned Octree (direct)
    Time: 260.489s
    Assigned: 323,950/324,000 (99.98%)
    Throughput: 1,244 p/s

  Config: Mesh-Aligned Morton r=2 (HYBRID - NEW)
    Time: 259.319s
    Assigned: 323,950/324,000 (99.98%)
    Throughput: 1,249 p/s

  Config: Mesh-Aligned Morton (2,5,10) (HYBRID - NEW)
    Time: 257.469s
    Assigned: 323,950/324,000 (99.98%)
    Throughput: 1,258 p/s

  Config: Mesh-Aligned Neighbors (Option B - NEW)
    Time: 2.063s
    Assigned: 321,565/324,000 (99.25%)
    Throughput: 157,079 p/s

  Config: Mesh-Aligned Octree Multi-Cell (Phase 2 - NEW)
    Time: 250.817s
    Assigned: 323,950/324,000 (99.98%)
    Throughput: 1,292 p/s

  Config: Mesh-Aligned Multi-Cell + 2×2×2 Local (Option A - NEW)
    Time: 252.497s
    Assigned: 323,950/324,000 (99.98%)
    Throughput: 1,283 p/s

[9/10] Testing all seeding strategies with initial assignment...
================================================================================
Testing 5 seeding strategies × 7 methods


Seeding Strategy: Element centroids (no perturbation)
  Perturbation scale: 0.000000e+00 (0.0× min element)
--------------------------------------------------------------------------------
  Fixed radius=10 (baseline)              : 100.00% (324,000/324,000)
  Mesh-Aligned Octree (direct)            : 100.00% (324,000/324,000)
  Mesh-Aligned Morton r=2 (HYBRID - NEW)  : 100.00% (324,000/324,000)
  Mesh-Aligned Morton (2,5,10) (HYBRID - NEW): 100.00% (324,000/324,000)
  Mesh-Aligned Neighbors (Option B - NEW) :  99.26% (321,615/324,000)
  Mesh-Aligned Octree Multi-Cell (Phase 2 - NEW): 100.00% (324,000/324,000)
  Mesh-Aligned Multi-Cell + 2×2×2 Local (Option A - NEW): 100.00% (324,000/324,000)

Seeding Strategy: Perturbed 0.1× min element
  Perturbation scale: 7.812493e-06 (0.1× min element)
--------------------------------------------------------------------------------
  Fixed radius=10 (baseline)              :  99.98% (323,950/324,000)
  Mesh-Aligned Octree (direct)            :  99.98% (323,950/324,000)
  Mesh-Aligned Morton r=2 (HYBRID - NEW)  :  99.98% (323,950/324,000)
  Mesh-Aligned Morton (2,5,10) (HYBRID - NEW):  99.98% (323,950/324,000)
  Mesh-Aligned Neighbors (Option B - NEW) :  99.25% (321,565/324,000)
  Mesh-Aligned Octree Multi-Cell (Phase 2 - NEW):  99.98% (323,950/324,000)
  Mesh-Aligned Multi-Cell + 2×2×2 Local (Option A - NEW):  99.98% (323,950/324,000)

Seeding Strategy: Perturbed 1.0× min element
  Perturbation scale: 7.812493e-05 (1.0× min element)
--------------------------------------------------------------------------------
  Fixed radius=10 (baseline)              :  96.87% (313,854/324,000)
  Mesh-Aligned Octree (direct)            :  96.87% (313,854/324,000)
  Mesh-Aligned Morton r=2 (HYBRID - NEW)  :  96.87% (313,854/324,000)
  Mesh-Aligned Morton (2,5,10) (HYBRID - NEW):  96.87% (313,854/324,000)
  Mesh-Aligned Neighbors (Option B - NEW) :  96.05% (311,197/324,000)
  Mesh-Aligned Octree Multi-Cell (Phase 2 - NEW):  96.87% (313,854/324,000)
  Mesh-Aligned Multi-Cell + 2×2×2 Local (Option A - NEW):  96.87% (313,854/324,000)

Seeding Strategy: Perturbed 2.0× min element
  Perturbation scale: 1.562499e-04 (2.0× min element)
--------------------------------------------------------------------------------
  Fixed radius=10 (baseline)              :  93.70% (303,578/324,000)
  Mesh-Aligned Octree (direct)            :  93.70% (303,578/324,000)
  Mesh-Aligned Morton r=2 (HYBRID - NEW)  :  93.70% (303,578/324,000)
  Mesh-Aligned Morton (2,5,10) (HYBRID - NEW):  93.70% (303,578/324,000)
  Mesh-Aligned Neighbors (Option B - NEW) :  92.74% (300,489/324,000)
  Mesh-Aligned Octree Multi-Cell (Phase 2 - NEW):  93.70% (303,578/324,000)
  Mesh-Aligned Multi-Cell + 2×2×2 Local (Option A - NEW):  93.70% (303,578/324,000)

Seeding Strategy: Perturbed 3.0× min element
  Perturbation scale: 2.343748e-04 (3.0× min element)
--------------------------------------------------------------------------------
  Fixed radius=10 (baseline)              :  90.70% (293,864/324,000)
  Mesh-Aligned Octree (direct)            :  90.70% (293,864/324,000)
  Mesh-Aligned Morton r=2 (HYBRID - NEW)  :  90.70% (293,864/324,000)
  Mesh-Aligned Morton (2,5,10) (HYBRID - NEW):  90.70% (293,864/324,000)
  Mesh-Aligned Neighbors (Option B - NEW) :  89.51% (290,000/324,000)
  Mesh-Aligned Octree Multi-Cell (Phase 2 - NEW):  90.70% (293,864/324,000)
  Mesh-Aligned Multi-Cell + 2×2×2 Local (Option A - NEW):  90.70% (293,864/324,000)

[10/10] Results Analysis
================================================================================

SEEDING STRATEGY × METHOD SEARCHABILITY MATRIX
================================================================================
Strategy \ Method               Fixed radius=10 (bas  Mesh-Aligned Octree   Mesh-Aligned Morton   Mesh-Aligned Morton   Mesh-Aligned Neighbo  Mesh-Aligned Octree   Mesh-Aligned Multi-C
----------------------------------------------------------------------------------------------------------------------------------------------------------------------------------------
0.0× min element                                100.00%               100.00%               100.00%               100.00%                99.26%               100.00%               100.00%
0.1× min element                                 99.98%                99.98%                99.98%                99.98%                99.25%                99.98%                99.98%
1.0× min element                                 96.87%                96.87%                96.87%                96.87%                96.05%                96.87%                96.87%
2.0× min element                                 93.70%                93.70%                93.70%                93.70%                92.74%                93.70%                93.70%
3.0× min element                                 90.70%                90.70%                90.70%                90.70%                89.51%                90.70%                90.70%


BEST METHOD PER SEEDING STRATEGY
================================================================================
Strategy                        Best Method                               Success Rate
--------------------------------------------------------------------------------
Element centroids (no perturbation)  Fixed radius=10 (baseline)                     100.00%
Perturbed 0.1× min element      Fixed radius=10 (baseline)                      99.98%
Perturbed 1.0× min element      Fixed radius=10 (baseline)                      96.87%
Perturbed 2.0× min element      Fixed radius=10 (baseline)                      93.70%
Perturbed 3.0× min element      Fixed radius=10 (baseline)                      90.70%


METHOD ROBUSTNESS ACROSS PERTURBATION LEVELS
================================================================================
Method                                     Avg Success   Min Success   Max Success   Std Dev
--------------------------------------------------------------------------------
Fixed radius=10 (baseline)                      96.25%        90.70%       100.00%     3.63%
Mesh-Aligned Octree (direct)                    96.25%        90.70%       100.00%     3.63%
Mesh-Aligned Morton r=2 (HYBRID - NEW)          96.25%        90.70%       100.00%     3.63%
Mesh-Aligned Morton (2,5,10) (HYBRID - NEW)        96.25%        90.70%       100.00%     3.63%
Mesh-Aligned Neighbors (Option B - NEW)         95.36%        89.51%        99.26%     3.79%
Mesh-Aligned Octree Multi-Cell (Phase 2 - NEW)        96.25%        90.70%       100.00%     3.63%
Mesh-Aligned Multi-Cell + 2×2×2 Local (Option A - NEW)        96.25%        90.70%       100.00%     3.63%


KEY FINDINGS
================================================================================

Multi-Cell vs Single-Cell Comparison:

================================================================================
Benchmark complete!
================================================================================
