python3 benchmark_l2_search_methods.py
✅ Enhanced VTK I/O available
/home/areza/areza/welding/jaxtrace/io/registry.py:41: UserWarning: h5py not available. HDF5 I/O will be disabled
  from .hdf5_io import H5Series
✅ HDF5 I/O available
================================================================================
Comprehensive L2 Search Methods Benchmark
Fair comparison of all L2 search strategies
================================================================================
JAX version: 0.8.2
JAX devices: [CudaDevice(id=0)]
================================================================================

[1/10] Loading mesh...
Loading mesh: data/FLA/post/0eule/featurelessAvtk_158.pvtu
  Nodes: 780,922
  Elements: 3,048,900
  Loaded field 'Displacement': (780922, 3)
Loading mesh: data/FLA/post/0eule/featurelessAvtk_159.pvtu
  Nodes: 780,922
  Elements: 3,048,900
  Loaded field 'Displacement': (780922, 3)
  Loaded in 7.53s
  Elements: 3,048,900, Nodes: 780,922, Timesteps: 2

[2/10] Deduplicating...
  Removed 209,749 duplicates

[3/10] Precomputing metadata...

Precomputed inverse matrices:
  Elements: 3,048,900
  Degenerate: 0 (0.0000%)
  Det range: [4.87e-13, 1.28e-07]
  Memory: 146,347,200 bytes (139.6 MB)
  Metadata ready

[4/10] Building octree...
  Built 24,550 leaves

  Building mesh-aligned octree (single-cell)...
    Extracted 517,069 cells in 133.24s
    Elements per cell: 5.89
    Cells per element: 1.00

  Building mesh-aligned octree (multi-cell vertex registration)...
    Extracted 665,820 cells in 305.69s
    Elements per cell: 18.31
    Cells per element: 4.00

  Building mesh-aligned octree with neighbor table (Option B)...
    Neighbor table built in 172.57s
    Mean neighbors per cell: 22.9

[5/10] Uploading to GPU...
  Uploading mesh-aligned octree (single-cell)...
  Uploading mesh-aligned octree (multi-cell)...
  Uploading mesh-aligned octree with neighbors (single-cell)...

  NOTE: Multi-cell octree doesn't use neighbor table
    Multi-cell registration already covers ~4 cells per element
    Neighbor table would search ~104 cells (excessive)
  Building mesh-aligned Morton (hybrid)...
    Elements per cell: mean=5.9, max=8
  Uploaded to GPU

[6/10] Generating particles (perturbed element centroids)...
  Filtering elements: middle 40% of x-axis
    X range: [-0.012000, 0.012000]
    Valid elements: 3,047,777 / 3,048,900 (100.0%)
  Generated 324,000 particles from perturbed centroids
    Perturbation scale: 7.812493e-06 (10.0% of min element)
    Mean perturbation: 1.247692e-05
    Ground truth element IDs stored for RK4 tracking

[7/10] Defining test configurations...
================================================================================
1. Fixed radius=10 (baseline)
   Fixed radius search (21 leaves)
   Expected work: 21

2. Mesh-Aligned Octree (direct)
   Direct cell lookup (center cell only)
   Expected work: ~5.9 elements/cell

3. Mesh-Aligned Octree Multi-Cell (Phase 2 - NEW)
   Multi-cell vertex registration (~4 cells per element)
   Expected work: ~94 tests/particle (~4 cells × ~23.6 elem/cell)

4. Mesh-Aligned Multi-Cell + 2×2×2 Local (Option A - NEW)
   Multi-cell + 2×2×2 local neighborhood search (8 cells)
   Expected work: ~146 tests/particle (8 cells × 18.31 elem/cell)


[8/10] Running initial assignment for all configurations...
================================================================================

  Config: Fixed radius=10 (baseline)
    Time: 256.921s
    Assigned: 323,950/324,000 (99.98%)
    Throughput: 1,261 p/s

  Config: Mesh-Aligned Octree (direct)
    Time: 257.203s
    Assigned: 323,950/324,000 (99.98%)
    Throughput: 1,260 p/s

  Config: Mesh-Aligned Octree Multi-Cell (Phase 2 - NEW)
    Time: 255.845s
    Assigned: 323,950/324,000 (99.98%)
    Throughput: 1,266 p/s

  Config: Mesh-Aligned Multi-Cell + 2×2×2 Local (Option A - NEW)
    Time: 255.504s
    Assigned: 323,950/324,000 (99.98%)
    Throughput: 1,268 p/s

[9/10] Running RK4 tracking for all configurations...
================================================================================
Configuration: 100 steps, dt=0.0025, point-in-tet=inverse


  Config: Fixed radius=10 (baseline)
      Compiling...
      Compilation time: 20.69s
      Running 100 RK4 steps...
    Time: 116.807s
    Final active: 298,312/324,000 (92.07%)
    Throughput: 277,381 p/s

  Config: Mesh-Aligned Octree (direct)
      Compiling...
      Compilation time: 19.80s
      Running 100 RK4 steps...
    Time: 28.674s
    Final active: 259,934/324,000 (80.23%)
    Throughput: 1,129,960 p/s

  Config: Mesh-Aligned Octree Multi-Cell (Phase 2 - NEW)
      Compiling...
      Compilation time: 20.08s
      Running 100 RK4 steps...
    Time: 28.554s
    Final active: 259,934/324,000 (80.23%)
    Throughput: 1,134,705 p/s

  Config: Mesh-Aligned Multi-Cell + 2×2×2 Local (Option A - NEW)
      Compiling...
      Compilation time: 18.49s
      Running 100 RK4 steps...
    Time: 28.412s
    Final active: 259,934/324,000 (80.23%)
    Throughput: 1,140,380 p/s

[10/10] Results Analysis
================================================================================

INITIAL ASSIGNMENT RESULTS
================================================================================
Configuration                             Success Rate      Throughput      Time
--------------------------------------------------------------------------------
Fixed radius=10 (baseline)                      99.98%          1,261 p/s  256.921s
Mesh-Aligned Octree (direct)                    99.98%          1,260 p/s  257.203s
Mesh-Aligned Octree Multi-Cell (Phase 2 - NEW)        99.98%          1,266 p/s  255.845s
Mesh-Aligned Multi-Cell + 2×2×2 Local (Option A - NEW)        99.98%          1,268 p/s  255.504s


RK4 TRACKING RESULTS (100 steps)
================================================================================
Note: All methods start with GROUND TRUTH element IDs (fair comparison)
Configuration                              Retention      Throughput   Speedup
--------------------------------------------------------------------------------
Fixed radius=10 (baseline)                    92.07%        277,381 p/s     1.00× ★
Mesh-Aligned Octree (direct)                  80.23%      1,129,960 p/s     4.07× ★
Mesh-Aligned Octree Multi-Cell (Phase 2 - NEW)      80.23%      1,134,705 p/s     4.09× ★
Mesh-Aligned Multi-Cell + 2×2×2 Local (Option A - NEW)      80.23%      1,140,380 p/s     4.11× ★


ACCURACY vs PERFORMANCE TRADE-OFF
================================================================================
Configuration                              Retention   Speedup      Rating
--------------------------------------------------------------------------------
Fixed radius=10 (baseline)                    92.07%     1.00×        POOR
Mesh-Aligned Octree (direct)                  80.23%     4.07×        POOR
Mesh-Aligned Octree Multi-Cell (Phase 2 - NEW)      80.23%     4.09×        POOR
Mesh-Aligned Multi-Cell + 2×2×2 Local (Option A - NEW)      80.23%     4.11×        POOR


RECOMMENDATIONS
================================================================================

Best Throughput: Mesh-Aligned Multi-Cell + 2×2×2 Local (Option A - NEW)
  Retention: 80.23%
  Speedup: 4.11×
  Throughput: 1,140,380 p/s

Best Retention: Fixed radius=10 (baseline)
  Retention: 92.07%
  Speedup: 1.00×


PRODUCTION RECOMMENDATION
================================================================================

================================================================================
Benchmark complete!
================================================================================
