✅ Enhanced VTK I/O available
✅ HDF5 I/O available
==========================================================================================
L2 Search Accuracy Benchmark
==========================================================================================
JAX version: 0.9.0.1
JAX devices: [CudaDevice(id=0)]
Float dtype: <class 'numpy.float64'>

[1/4] Loading mesh from /media/arhashemi/HDD2TB/Workspace/welding/Edgar/FLA/post/0eule ...
Loading mesh: /media/arhashemi/HDD2TB/Workspace/welding/Edgar/FLA/post/0eule/cylA_159.pvtu
  Nodes: 799,104
  Elements: 3,050,196
  Loaded field 'Displacement': (799104, 3)
  Elements: 3,050,196, Nodes: 571,533 (removed 227,571 duplicates)
  Loaded in 10.1s

[2/4] Precomputing metadata...

Precomputed inverse matrices:
  Elements: 3,050,196
  Degenerate: 0 (0.0000%)
  Det range: [4.87e-13, 1.28e-07]
  Memory: 292,818,816 bytes (279.3 MB)
  Element sizes: min=7.81e-05, mean=1.01e-04, max=5.00e-03
  Done in 66.4s

[3/4] Building search structures and uploading to GPU...
  Multi-cell octree: 666,162 cells, 18.3 elem/cell, 4.0 cells/elem
  Morton structure: 517,309 cells, 5.9 elem/cell
  Done in 508.4s

  Seeding region:
    X: [-0.020400, 0.015600] (fraction [0.08, 0.38])
    Y: [-0.011500, 0.011500] (fraction [0.25, 0.75])
    Z: [-0.005000, 0.000000] (fraction [0.50, 1.00])
    Valid elements: 3,036,288 / 3,050,196 (99.5%)

[4/4] Running L2 accuracy benchmark...
  Particles per scenario: 10,000
  Batch size: 50,000
  Point-in-tet tolerance: 1e-06

  Generating particle sets...
    perturbation=0.0x: mean_displacement=0.00e+00, in_mesh_bbox=10000/10000

  --- radius r=2 ---
    perturb=0.0x: found=3,067 (30.67%), correct_elem=3,067/3,067 (100.0%), outside_bbox=0, search_fail=6933, time=7.04s

  --- radius r=10 ---
    perturb=0.0x: found=5,802 (58.02%), correct_elem=5,802/5,802 (100.0%), outside_bbox=0, search_fail=4198, time=6.64s

  --- 1x1x1 ---
    perturb=0.0x: found=4,982 (49.82%), correct_elem=4,982/4,982 (100.0%), outside_bbox=0, search_fail=5018, time=5.34s, mean_PIT=23.4

  --- 3x3x3 ---
    perturb=0.0x: found=10,000 (100.00%), correct_elem=10,000/10,000 (100.0%), outside_bbox=0, search_fail=0, time=5.56s, mean_PIT=186.6

  --- 5x5x5 ---
    perturb=0.0x: found=10,000 (100.00%), correct_elem=10,000/10,000 (100.0%), outside_bbox=0, search_fail=0, time=6.58s, mean_PIT=946.1


==========================================================================================
SUMMARY: Percentage of particles FOUND (assigned to any element)
==========================================================================================
Method            0.0x    
------------------------------------------------------------------------------------------
radius r=2          30.67%
radius r=10         58.02%
1x1x1               49.82%
3x3x3              100.00%
5x5x5              100.00%

==========================================================================================
ACCURACY: Among FOUND particles, % matching source element
  (For perturbation < ~0.5x, particles stay near/inside source element,
   so accuracy should be ~100%. Lower values indicate search error.)
==========================================================================================
Method            0.0x    
------------------------------------------------------------------------------------------
radius r=2          100.0%
radius r=10         100.0%
1x1x1               100.0%
3x3x3               100.0%
5x5x5               100.0%

==========================================================================================
UNFOUND ANALYSIS: Search failures (inside bbox but not found)
  (0 = all unfound particles are outside mesh bbox, no search error)
==========================================================================================
Method            0.0x    
------------------------------------------------------------------------------------------
radius r=2           6933
radius r=10          4198
1x1x1                5018
3x3x3                   0
5x5x5                   0

==========================================================================================
TIMING (seconds)
==========================================================================================
Method            0.0x    
------------------------------------------------------------------------------------------
radius r=2           7.04s
radius r=10          6.64s
1x1x1                5.34s
3x3x3                5.56s
5x5x5                6.58s

==========================================================================================
MEAN PIT TESTS PER QUERY (octree methods only; radius uses fixed 256 bound)
==========================================================================================
Method            0.0x    
------------------------------------------------------------------------------------------
radius r=2            n/a
radius r=10           n/a
1x1x1                23.4
3x3x3               186.6
5x5x5               946.1

==========================================================================================
INTRA-ELEMENT ACCURACY TEST
  Particles placed inside elements via barycentric coordinates.
  Ground truth element is GUARANTEED — any failure is a real error.
==========================================================================================
      centroid: generated 10,000 particles
        random: generated 10,000 particles
     near_face: generated 10,000 particles
     near_edge: generated 10,000 particles
   near_vertex: generated 10,000 particles

  --- radius r=2 ---
        centroid: found=3,081/10,000, correct_elem=3,081, wrong_elem=0, NOT_FOUND=6,919, time=6.91s
          random: found=2,466/10,000, correct_elem=2,466, wrong_elem=0, NOT_FOUND=7,534, time=6.87s
       near_face: found=2,279/10,000, correct_elem=2,279, wrong_elem=0, NOT_FOUND=7,721, time=6.85s
       near_edge: found=1,944/10,000, correct_elem=1,944, wrong_elem=0, NOT_FOUND=8,056, time=6.87s
     near_vertex: found=1,213/10,000, correct_elem=1,213, wrong_elem=0, NOT_FOUND=8,787, time=6.77s

  --- radius r=10 ---
        centroid: found=5,834/10,000, correct_elem=5,834, wrong_elem=0, NOT_FOUND=4,166, time=6.95s
          random: found=5,061/10,000, correct_elem=5,061, wrong_elem=0, NOT_FOUND=4,939, time=6.91s
       near_face: found=4,872/10,000, correct_elem=4,872, wrong_elem=0, NOT_FOUND=5,128, time=6.89s
       near_edge: found=4,813/10,000, correct_elem=4,813, wrong_elem=0, NOT_FOUND=5,187, time=6.87s
     near_vertex: found=4,528/10,000, correct_elem=4,528, wrong_elem=0, NOT_FOUND=5,472, time=6.88s

  --- 1x1x1 ---
        centroid: found=4,952/10,000, correct_elem=4,952, wrong_elem=0, NOT_FOUND=5,048, time=5.26s
          random: found=4,992/10,000, correct_elem=4,992, wrong_elem=0, NOT_FOUND=5,008, time=5.21s
       near_face: found=4,973/10,000, correct_elem=4,973, wrong_elem=0, NOT_FOUND=5,027, time=5.22s
       near_edge: found=5,119/10,000, correct_elem=5,119, wrong_elem=0, NOT_FOUND=4,881, time=5.20s
     near_vertex: found=4,966/10,000, correct_elem=4,966, wrong_elem=0, NOT_FOUND=5,034, time=5.16s

  --- 3x3x3 ---
        centroid: found=10,000/10,000, correct_elem=10,000, wrong_elem=0, NOT_FOUND=0, time=5.51s
          random: found=10,000/10,000, correct_elem=10,000, wrong_elem=0, NOT_FOUND=0, time=5.53s
       near_face: found=10,000/10,000, correct_elem=10,000, wrong_elem=0, NOT_FOUND=0, time=5.54s
       near_edge: found=10,000/10,000, correct_elem=10,000, wrong_elem=0, NOT_FOUND=0, time=5.47s
     near_vertex: found=10,000/10,000, correct_elem=10,000, wrong_elem=0, NOT_FOUND=0, time=5.58s

  --- 5x5x5 ---
        centroid: found=10,000/10,000, correct_elem=10,000, wrong_elem=0, NOT_FOUND=0, time=6.60s
          random: found=10,000/10,000, correct_elem=10,000, wrong_elem=0, NOT_FOUND=0, time=6.58s
       near_face: found=10,000/10,000, correct_elem=10,000, wrong_elem=0, NOT_FOUND=0, time=6.64s
       near_edge: found=10,000/10,000, correct_elem=10,000, wrong_elem=0, NOT_FOUND=0, time=6.60s
     near_vertex: found=10,000/10,000, correct_elem=10,000, wrong_elem=0, NOT_FOUND=0, time=6.55s

==========================================================================================
INTRA-ELEMENT: Found rate (should be 100.00% for all)
==========================================================================================
Method          centroid        random     near_face     near_edge   near_vertex
------------------------------------------------------------------------------------------
radius r=2        30.81%        24.66%        22.79%        19.44%        12.13%
radius r=10        58.34%        50.61%        48.72%        48.13%        45.28%
1x1x1             49.52%        49.92%        49.73%        51.19%        49.66%
3x3x3            100.00%       100.00%       100.00%       100.00%       100.00%
5x5x5            100.00%       100.00%       100.00%       100.00%       100.00%

==========================================================================================
INTRA-ELEMENT: Correct element rate (should be 100.00% for all)
==========================================================================================
Method          centroid        random     near_face     near_edge   near_vertex
------------------------------------------------------------------------------------------
radius r=2        30.81%        24.66%        22.79%        19.44%        12.13%
radius r=10        58.34%        50.61%        48.72%        48.13%        45.28%
1x1x1             49.52%        49.92%        49.73%        51.19%        49.66%
3x3x3            100.00%       100.00%       100.00%       100.00%       100.00%
5x5x5            100.00%       100.00%       100.00%       100.00%       100.00%

==========================================================================================
1×1×1 FAILURE ANALYSIS
  Why does 1×1×1 miss ~50% of particles that 3×3×3 finds?
==========================================================================================

  Position type: centroid
  Missed by 1×1×1 but found by 3×3×3: 5048

  Analyzed 5000 failures:
    Element NOT in center cell, found in neighbor:  5000 (100.0%)
    Element IN center cell (level/search issue):    0 (0.0%)
    No matching cell at any level (edge case):      0 (0.0%)

  Neighbor offset distribution (where 3×3×3 finds the element):
      (+0,+1,+0) face-adjacent   :  1512 (7.6%)
      (+0,+0,+1) face-adjacent   :  1474 (7.4%)
      (-1,+0,+0) face-adjacent   :  1339 (6.7%)
      (+1,+0,+0) face-adjacent   :  1184 (5.9%)
      (+1,+0,+1) edge-adjacent   :  1120 (5.6%)
      (+0,+0,-1) face-adjacent   :  1027 (5.1%)
      (+0,+1,+1) edge-adjacent   :  1010 (5.0%)
      (+0,-1,+0) face-adjacent   :   999 (5.0%)
      (+0,-1,+1) edge-adjacent   :   936 (4.7%)
      (-1,+0,+1) edge-adjacent   :   932 (4.7%)
      (+1,+1,+0) edge-adjacent   :   930 (4.7%)
      (-1,+1,+0) edge-adjacent   :   930 (4.7%)
      (-1,-1,+0) edge-adjacent   :   769 (3.8%)
      (+0,+1,-1) edge-adjacent   :   735 (3.7%)
      (+1,+0,-1) edge-adjacent   :   704 (3.5%)

  Summary by adjacency type:
    Face-adjacent  (6 cells):   7535 (37.7%)
    Edge-adjacent (12 cells):  10000 (50.0%)
    Corner-adjacent (8 cells):  2465 (12.3%)

Benchmark complete!
