python3 benchmark_l2_search_methods.py
✅ Enhanced VTK I/O available
/home/areza/areza/welding/jaxtrace/io/registry.py:41: UserWarning: h5py not available. HDF5 I/O will be disabled
  from .hdf5_io import H5Series
✅ HDF5 I/O available
================================================================================
Comprehensive L2 Search Methods Benchmark
Fair comparison of all L2 search strategies
================================================================================
JAX version: 0.8.2
JAX devices: [CudaDevice(id=0)]
================================================================================

[1/10] Loading mesh...
Loading mesh: data/FLA/post/0eule/featurelessAvtk_158.pvtu
  Nodes: 780,922
  Elements: 3,048,900
  Loaded field 'Displacement': (780922, 3)
Loading mesh: data/FLA/post/0eule/featurelessAvtk_159.pvtu
  Nodes: 780,922
  Elements: 3,048,900
  Loaded field 'Displacement': (780922, 3)
  Loaded in 9.17s
  Elements: 3,048,900, Nodes: 780,922, Timesteps: 2

[2/10] Deduplicating...
  Removed 209,749 duplicates

[3/10] Precomputing metadata...

Precomputed inverse matrices:
  Elements: 3,048,900
  Degenerate: 0 (0.0000%)
  Det range: [4.87e-13, 1.28e-07]
  Memory: 146,347,200 bytes (139.6 MB)
  Metadata ready

[4/10] Building octree...
  Built 24,550 leaves

  Building mesh-aligned octree (single-cell)...
    Extracted 517,069 cells in 144.43s
    Elements per cell: 5.89
    Cells per element: 1.00

  Building mesh-aligned octree (multi-cell vertex registration)...
    Extracted 665,820 cells in 335.62s
    Elements per cell: 18.31
    Cells per element: 4.00

  Building mesh-aligned octree with neighbor table (Option B)...
    Neighbor table built in 186.86s
    Mean neighbors per cell: 22.9

[5/10] Uploading to GPU...
  Uploading mesh-aligned octree (single-cell)...
  Uploading mesh-aligned octree (multi-cell)...
  Uploading mesh-aligned octree with neighbors (single-cell)...

  NOTE: Multi-cell octree doesn't use neighbor table
    Multi-cell registration already covers ~4 cells per element
    Neighbor table would search ~104 cells (excessive)
  Building mesh-aligned Morton (hybrid)...
    Elements per cell: mean=5.9, max=8
  Uploaded to GPU

[6/10] Generating particles (perturbed element centroids)...
  Filtering elements: middle 40% of x-axis
    X range: [-0.012000, 0.012000]
    Valid elements: 3,047,777 / 3,048,900 (100.0%)
  Generated 324,000 particles from perturbed centroids
    Perturbation scale: 7.812493e-06 (10.0% of min element)
    Mean perturbation: 1.247692e-05
    Ground truth element IDs stored for RK4 tracking

[7/10] Defining test configurations...
================================================================================
1. Fixed radius=10 (baseline)
   Fixed radius search (21 leaves)
   Expected work: 21

2. Mesh-Aligned Octree (direct)
   Direct cell lookup (center cell only)
   Expected work: ~5.9 elements/cell

3. Mesh-Aligned Morton r=2 (HYBRID - NEW)
   Morton radius over cell centers (5 cells)
   Expected work: ~30 tests (5 cells × 5.9 elem/cell)

4. Mesh-Aligned Morton (2,5,10) (HYBRID - NEW)
   Incremental radius over cell centers
   Expected work: ~68 tests avg (11.5 cells × 5.9 elem/cell)

5. Mesh-Aligned Neighbors (Option B - NEW)
   Pre-computed neighbor table (27 cells @ 3 levels)
   Expected work: ~13.9 tests/particle, 99.95% for centroids

6. Mesh-Aligned Octree Multi-Cell (Phase 2 - NEW)
   Multi-cell vertex registration (~4 cells per element)
   Expected work: ~94 tests/particle (~4 cells × ~23.6 elem/cell)


[8/10] Running initial assignment for all configurations...
================================================================================

  Config: Fixed radius=10 (baseline)
    Time: 364.994s
    Assigned: 323,950/324,000 (99.98%)
    Throughput: 888 p/s

  Config: Mesh-Aligned Octree (direct)
    Time: 328.494s
    Assigned: 323,950/324,000 (99.98%)
    Throughput: 986 p/s

  Config: Mesh-Aligned Morton r=2 (HYBRID - NEW)
    Time: 341.243s
    Assigned: 323,950/324,000 (99.98%)
    Throughput: 949 p/s

  Config: Mesh-Aligned Morton (2,5,10) (HYBRID - NEW)
    Time: 361.663s
    Assigned: 323,950/324,000 (99.98%)
    Throughput: 896 p/s

  Config: Mesh-Aligned Neighbors (Option B - NEW)
    Time: 3.283s
    Assigned: 321,565/324,000 (99.25%)
    Throughput: 98,681 p/s

  Config: Mesh-Aligned Octree Multi-Cell (Phase 2 - NEW)
    Time: 321.936s
    Assigned: 323,950/324,000 (99.98%)
    Throughput: 1,006 p/s

[9/10] Running RK4 tracking for all configurations...
================================================================================
Configuration: 100 steps, dt=0.0025, point-in-tet=inverse


  Config: Fixed radius=10 (baseline)
      Compiling...
      Compilation time: 46.46s
      Running 100 RK4 steps...
    Time: 122.711s
    Final active: 298,312/324,000 (92.07%)
    Throughput: 264,035 p/s

  Config: Mesh-Aligned Octree (direct)
      Compiling...
      Compilation time: 33.24s
      Running 100 RK4 steps...
    Time: 28.604s
    Final active: 259,934/324,000 (80.23%)
    Throughput: 1,132,711 p/s

  Config: Mesh-Aligned Morton r=2 (HYBRID - NEW)
      Compiling...
      Compilation time: 20.99s
      Running 100 RK4 steps...
    Time: 28.462s
    Final active: 259,934/324,000 (80.23%)
    Throughput: 1,138,376 p/s

  Config: Mesh-Aligned Morton (2,5,10) (HYBRID - NEW)
      Compiling...
      Compilation time: 43.82s
      Running 100 RK4 steps...
    Time: 204.092s
    Final active: 298,312/324,000 (92.07%)
    Throughput: 158,752 p/s

  Config: Mesh-Aligned Neighbors (Option B - NEW)
      Compiling...
      Compilation time: 39.23s
      Running 100 RK4 steps...
    Time: 29.880s
    Final active: 259,934/324,000 (80.23%)
    Throughput: 1,084,319 p/s

  Config: Mesh-Aligned Octree Multi-Cell (Phase 2 - NEW)
      Compiling...
      Compilation time: 40.87s
      Running 100 RK4 steps...
    Time: 29.990s
    Final active: 259,934/324,000 (80.23%)
    Throughput: 1,080,353 p/s

[10/10] Results Analysis
================================================================================

INITIAL ASSIGNMENT RESULTS
================================================================================
Configuration                             Success Rate      Throughput      Time
--------------------------------------------------------------------------------
Fixed radius=10 (baseline)                      99.98%            888 p/s  364.994s
Mesh-Aligned Octree (direct)                    99.98%            986 p/s  328.494s
Mesh-Aligned Morton r=2 (HYBRID - NEW)          99.98%            949 p/s  341.243s
Mesh-Aligned Morton (2,5,10) (HYBRID - NEW)        99.98%            896 p/s  361.663s
Mesh-Aligned Neighbors (Option B - NEW)         99.25%         98,681 p/s    3.283s
Mesh-Aligned Octree Multi-Cell (Phase 2 - NEW)        99.98%          1,006 p/s  321.936s


RK4 TRACKING RESULTS (100 steps)
================================================================================
Note: All methods start with GROUND TRUTH element IDs (fair comparison)
Configuration                              Retention      Throughput   Speedup
--------------------------------------------------------------------------------
Fixed radius=10 (baseline)                    92.07%        264,035 p/s     1.00× ★
Mesh-Aligned Octree (direct)                  80.23%      1,132,711 p/s     4.29× ★
Mesh-Aligned Morton r=2 (HYBRID - NEW)        80.23%      1,138,376 p/s     4.31× ★
Mesh-Aligned Morton (2,5,10) (HYBRID - NEW)      92.07%        158,752 p/s     0.60×
Mesh-Aligned Neighbors (Option B - NEW)       80.23%      1,084,319 p/s     4.11×
Mesh-Aligned Octree Multi-Cell (Phase 2 - NEW)      80.23%      1,080,353 p/s     4.09×


ACCURACY vs PERFORMANCE TRADE-OFF
================================================================================
Configuration                              Retention   Speedup      Rating
--------------------------------------------------------------------------------
Fixed radius=10 (baseline)                    92.07%     1.00×        POOR
Mesh-Aligned Octree (direct)                  80.23%     4.29×        POOR
Mesh-Aligned Morton r=2 (HYBRID - NEW)        80.23%     4.31×        POOR
Mesh-Aligned Morton (2,5,10) (HYBRID - NEW)      92.07%     0.60×        POOR
Mesh-Aligned Neighbors (Option B - NEW)       80.23%     4.11×        POOR
Mesh-Aligned Octree Multi-Cell (Phase 2 - NEW)      80.23%     4.09×        POOR


RECOMMENDATIONS
================================================================================

Best Throughput: Mesh-Aligned Morton r=2 (HYBRID - NEW)
  Retention: 80.23%
  Speedup: 4.31×
  Throughput: 1,138,376 p/s

Best Retention: Fixed radius=10 (baseline)
  Retention: 92.07%
  Speedup: 1.00×


PRODUCTION RECOMMENDATION
================================================================================

================================================================================
Benchmark complete!
================================================================================
