/home/arhashemi/Workspace/welding/JAXTrace/jaxtrace/io/registry.py:41: UserWarning: h5py not available. HDF5 I/O will be disabled
  from .hdf5_io import H5Series
✅ Enhanced VTK I/O available
✅ HDF5 I/O available
================================================================================
BLOCK-WISE RK4 TEST WITH COMPREHENSIVE MONITORING
================================================================================
JAX version: 0.8.0
JAX backend: gpu
Available devices: [CudaDevice(id=0)]

================================================================================
MESH LOADING
================================================================================

Loading: /home/arhashemi/Workspace/welding/Edgar/ThreadedA/post/0eule/threadedAvtk_20.pvtu
Loading mesh: /home/arhashemi/Workspace/welding/Edgar/ThreadedA/post/0eule/threadedAvtk_20.pvtu
  Nodes: 895,972
  Elements: 3,485,406
  Loaded field 'Displacement': (895972, 3)
✓ Mesh loaded (5.30 s):
  Nodes: 895,972
  Elements: 3,485,406
  Velocity field: (895972, 3) (loaded from 'Displacement')

================================================================================
FOREST STRUCTURE
================================================================================

Grid configuration: (8, 8, 4)
Bounding box:
  X: [-0.0300, 0.0300]
  Y: [-0.0230, 0.0230]
  Z: [-0.0100, 0.0000]

✓ Block grid created (0.00 s): 256 blocks
✓ Element assignment (7.64 s):
  Blocks used: 256/256
  Elements per block: 2 - 444040

✓ Element neighbors built (59.85 s)
✓ Padded arrays (6.40 s):
  Shape: (256, 444040)
  Memory: 6527.6 MB

✓ Block classification:
  Light blocks: 240
  Heavy blocks: 16

Building hash buckets for 16 heavy blocks...

================================================================================
PARTICLE GENERATION
================================================================================

Generating 1,000 test particles...
✓ Generated 1,000 particles

================================================================================
INITIAL ASSIGNMENT
================================================================================

Finding containing elements...
✓ Initial assignment (82.73 s):
  Found: 960/1000 (96.0%)
  Throughput: 11.6 p/s

Active particles for testing: 960

================================================================================
VELOCITY FIELD SETUP
================================================================================

✓ Velocity field prepared for block-wise tracking
  Source: Loaded from mesh file ('Displacement')
  Shape: (256, 895972, 3) (n_blocks × n_nodes × 3)
  Velocity magnitude range: [0.000231, 0.888108] m/s

================================================================================
TEST 1: BASELINE (rk4_step_with_incremental_search)
================================================================================
Current approach: Separate interpolation and RK4 integration
Expected: ~13 p/s (from previous tests)

Warming up JIT compilation...
✓ JIT warm-up complete

Running baseline test (10 timesteps)...

✓ Baseline test complete
  Total time: 48.14 s
  Time per step: 4.814 s ± 0.636 s
  Throughput: 199.4 p/s

Resource Usage (Baseline):
  CPU: 69.8% (max: 155.6%)
  RAM: 11566 MB (max: 11584 MB)
  GPU Memory: 2885 MB (max: 2885 MB)
  GPU Util: 46.5% (max: 64.0%)

================================================================================
TEST 2: BLOCK-WISE RK4 (rk4_step_blockwise)
================================================================================
New approach: On-the-fly k1-k4 computation within each block
Expected: 15-18 p/s (15-40% improvement)

Warming up JIT compilation...
Traceback (most recent call last):
  File "/home/arhashemi/Workspace/welding/JAXTrace/test_blockwise_rk4_monitored.py", line 571, in <module>
    _ = rk4_step_blockwise(
        particle_data_blockwise,
    ...<5 lines>...
        dt
    )
  File "/home/arhashemi/Workspace/welding/JAXTrace/jaxtrace/gpu/tracking/blockwise_rk4.py", line 503, in rk4_step_blockwise
    active=particle_data.active
           ^^^^^^^^^^^^^^^^^^^^
AttributeError: 'ParticleData' object has no attribute 'active'. Did you mean: 'n_active'?
