ERROR:2026-01-26 10:12:32,570:jax._src.xla_bridge:475: Jax plugin configuration error: Exception when calling jax_plugins.xla_cuda13.initialize()
Traceback (most recent call last):
  File "/home/arhashemi/Workspace/welding/JAXTrace/.venv/lib/python3.13/site-packages/jax/_src/xla_bridge.py", line 473, in discover_pjrt_plugins
    plugin_module.initialize()
    ~~~~~~~~~~~~~~~~~~~~~~~~^^
  File "/home/arhashemi/Workspace/welding/JAXTrace/.venv/lib/python3.13/site-packages/jax_plugins/xla_cuda13/__init__.py", line 334, in initialize
    c_api = xb.register_plugin(
        'cuda', priority=500, library_path=str(path), options=options
    )
  File "/home/arhashemi/Workspace/welding/JAXTrace/.venv/lib/python3.13/site-packages/jax/_src/xla_bridge.py", line 609, in register_plugin
    c_api = xla_client.load_pjrt_plugin_dynamically(plugin_name, library_path)
  File "/home/arhashemi/Workspace/welding/JAXTrace/.venv/lib/python3.13/site-packages/jaxlib/xla_client.py", line 117, in load_pjrt_plugin_dynamically
    return _xla.load_pjrt_plugin(plugin_name, library_path, c_api=None)
           ~~~~~~~~~~~~~~~~~~~~~^^^^^^^^^^^^^^^^^^^^^^^^^^^^^^^^^^^^^^^
jax.errors.JaxRuntimeError: ALREADY_EXISTS: PJRT_Api already exists for device type cuda
/home/arhashemi/Workspace/welding/JAXTrace/jaxtrace/io/registry.py:41: UserWarning: h5py not available. HDF5 I/O will be disabled
  from .hdf5_io import H5Series
✅ Enhanced VTK I/O available
✅ HDF5 I/O available
================================================================================
Bbox and Found Particle Analysis
================================================================================

Loading mesh...
Loading mesh: /home/arhashemi/Workspace/welding/Edgar/FLA/post/0eule/featurelessAvtk_158.pvtu
  Nodes: 780,922
  Elements: 3,048,900
  Loaded field 'Displacement': (780922, 3)
Loading mesh: /home/arhashemi/Workspace/welding/Edgar/FLA/post/0eule/featurelessAvtk_159.pvtu
  Nodes: 780,922
  Elements: 3,048,900
  Loaded field 'Displacement': (780922, 3)
  Loaded 3,048,900 elements, 571,173 nodes

Mesh bounding box:
  X: [-0.0299999993, 0.0299999993] (range: 0.0599999987)
  Y: [-0.0230000000, 0.0230000000] (range: 0.0460000001)
  Z: [-0.0099999998, 0.0000000000] (range: 0.0099999998)

Extracting octree cells...
  Unique cells: 265,598

Uploading to GPU...
Uploading mesh-aligned octree to GPU...
  GPU memory: 74.1 MB
  Cells: 265,598
  Elements: 3,047,074
  Mean elements/cell: 11.5
  CSR data entries: 3,047,074
  Done

Searching for 10,000 particles...
  Found: 3,590 / 10,000 (35.9%)

================================================================================
Analysis of FOUND Particle #1
================================================================================

Position: [ 0.00591951 -0.01582314 -0.00844005]
Found in element: 39803
Number of tests: 5

Element's cell:
  Level: 8
  Grid indices: [ 1 -4 -2]
  Cell size: [0.005     0.0051111 0.005    ]
  Morton code: 267642492140875169

Query computation at level 8:
  Cell sizes: X=0.0050000000, Y=0.0051109791, Z=0.0050000000
  Grid indices: (1, -4, -2)
  Actual element grid: (1, -4, -2)
  ✅ MATCH! Query correctly found this element.

Cell size comparison:
  Actual:  X=0.0049999999, Y=0.0051111002, Z=0.0049999999
  Query:   X=0.0050000000, Y=0.0051109791, Z=0.0050000000
  Error:   X=1.1175870906e-10, Y=1.2107193470e-07, Z=1.1175870906e-10

================================================================================
Analysis of UNFOUND Particles (first 3)
================================================================================

Unfound particle #0:
  Position: [-0.00752759  0.02073286 -0.00268006]
  In bbox: True

Unfound particle #2:
  Position: [-0.02651498  0.0168441  -0.00398885]
  In bbox: True

Unfound particle #4:
  Position: [ 0.01994656 -0.0132324  -0.00818175]
  In bbox: True

================================================================================

