ERROR:2026-01-26 10:09:02,627:jax._src.xla_bridge:475: Jax plugin configuration error: Exception when calling jax_plugins.xla_cuda13.initialize()
Traceback (most recent call last):
  File "/home/arhashemi/Workspace/welding/JAXTrace/.venv/lib/python3.13/site-packages/jax/_src/xla_bridge.py", line 473, in discover_pjrt_plugins
    plugin_module.initialize()
    ~~~~~~~~~~~~~~~~~~~~~~~~^^
  File "/home/arhashemi/Workspace/welding/JAXTrace/.venv/lib/python3.13/site-packages/jax_plugins/xla_cuda13/__init__.py", line 334, in initialize
    c_api = xb.register_plugin(
        'cuda', priority=500, library_path=str(path), options=options
    )
  File "/home/arhashemi/Workspace/welding/JAXTrace/.venv/lib/python3.13/site-packages/jax/_src/xla_bridge.py", line 609, in register_plugin
    c_api = xla_client.load_pjrt_plugin_dynamically(plugin_name, library_path)
  File "/home/arhashemi/Workspace/welding/JAXTrace/.venv/lib/python3.13/site-packages/jaxlib/xla_client.py", line 117, in load_pjrt_plugin_dynamically
    return _xla.load_pjrt_plugin(plugin_name, library_path, c_api=None)
           ~~~~~~~~~~~~~~~~~~~~~^^^^^^^^^^^^^^^^^^^^^^^^^^^^^^^^^^^^^^^
jax.errors.JaxRuntimeError: ALREADY_EXISTS: PJRT_Api already exists for device type cuda
/home/arhashemi/Workspace/welding/JAXTrace/jaxtrace/io/registry.py:41: UserWarning: h5py not available. HDF5 I/O will be disabled
  from .hdf5_io import H5Series
✅ Enhanced VTK I/O available
✅ HDF5 I/O available
================================================================================
Debug Unfound Particle
================================================================================

Loading mesh...
Loading mesh: /home/arhashemi/Workspace/welding/Edgar/FLA/post/0eule/featurelessAvtk_158.pvtu
  Nodes: 780,922
  Elements: 3,048,900
  Loaded field 'Displacement': (780922, 3)
Loading mesh: /home/arhashemi/Workspace/welding/Edgar/FLA/post/0eule/featurelessAvtk_159.pvtu
  Nodes: 780,922
  Elements: 3,048,900
  Loaded field 'Displacement': (780922, 3)
  Loaded 3,048,900 elements, 571,173 nodes

Extracting octree cells...
  Unique cells: 265,598

Testing particle at position: [-0.00752759  0.02073286 -0.00268006]
  X=-0.00752759, Y=0.02073286, Z=-0.00268006

================================================================================
Manual Cell Lookup
================================================================================

Level 14: Grid=(   -97,    259,    -35), Morton=  391169796239022943, ❌ NOT FOUND
Level 13: Grid=(   -49,    129,    -18), Morton=  391169796210035563, ❌ NOT FOUND
Level 12: Grid=(   -25,     64,     -9), Morton=  391169796206412141, ❌ NOT FOUND
Level 11: Grid=(   -13,     32,     -5), Morton=  391169796205959213, ❌ NOT FOUND
Level 10: Grid=(    -7,     16,     -3), Morton=  391169796205902597, ❌ NOT FOUND
Level  9: Grid=(    -4,      8,     -2), Morton=  391169796205895520, ❌ NOT FOUND
Level  8: Grid=(    -2,      4,     -1), Morton=  391169796205894636, ❌ NOT FOUND
Level  7: Grid=(    -1,      2,     -1), Morton=  391169796205894525, ❌ NOT FOUND

================================================================================
Brute Force Search: Which elements contain this particle?
================================================================================

❌ No containing element found in first 100k elements!
   This particle is likely outside the mesh or in the later 2.9M elements.

================================================================================

