/home/arhashemi/Workspace/welding/JAXTrace/jaxtrace/io/registry.py:41: UserWarning: h5py not available. HDF5 I/O will be disabled
  from .hdf5_io import H5Series
✅ Enhanced VTK I/O available
✅ HDF5 I/O available
================================================================================
PREFIX TABLE FILL DEBUG
================================================================================

[1/3] Loading mesh...
Loading mesh: /home/arhashemi/Workspace/welding/Edgar/ThreadedA/post/0eule/threadedAvtk_159.pvtu
  Nodes: 900,658
  Elements: 3,512,279

[2/3] Building octree...
  Built 32,168 leaves

[3/3] Analyzing prefix 0x03124C:

Analyzing 32,168 leaves...

Prefix 0x03124C writes:

  Leaf 16,113:
    Depth: 7
    Morton prefix: 0x189260 (21 bits)
    Type: Deep leaf

  Leaf 16,114:
    Depth: 7
    Morton prefix: 0x189261 (21 bits)
    Type: Deep leaf
    ⚠️  Overwrites leaf 16113

  Leaf 16,115:
    Depth: 7
    Morton prefix: 0x189262 (21 bits)
    Type: Deep leaf
    ⚠️  Overwrites leaf 16114

  Leaf 16,116:
    Depth: 7
    Morton prefix: 0x189263 (21 bits)
    Type: Deep leaf
    ⚠️  Overwrites leaf 16115

  Leaf 16,117:
    Depth: 7
    Morton prefix: 0x189264 (21 bits)
    Type: Deep leaf
    ⚠️  Overwrites leaf 16116

  Leaf 16,118:
    Depth: 7
    Morton prefix: 0x189265 (21 bits)
    Type: Deep leaf
    ⚠️  Overwrites leaf 16117

  Leaf 16,119:
    Depth: 7
    Morton prefix: 0x189266 (21 bits)
    Type: Deep leaf
    ⚠️  Overwrites leaf 16118

  Leaf 16,120:
    Depth: 7
    Morton prefix: 0x189267 (21 bits)
    Type: Deep leaf
    ⚠️  Overwrites leaf 16119

Final value: prefix_table[0x03124C] = 16120
Expected: 16115
Actual:   16120

================================================================================
LEAF COMPARISON
================================================================================

Leaf 16115:
  Start index: 1,756,120
  Length: 102
  Depth: 7
  Morton prefix: 0x189262 (21 bits)
  Maps to prefix: 0x03124C

Leaf 16120:
  Start index: 1,756,775
  Length: 147
  Depth: 7
  Morton prefix: 0x189267 (21 bits)
  Maps to prefix: 0x03124C

================================================================================
