/home/arhashemi/Workspace/welding/JAXTrace/jaxtrace/io/registry.py:41: UserWarning: h5py not available. HDF5 I/O will be disabled
  from .hdf5_io import H5Series
✅ Enhanced VTK I/O available
✅ HDF5 I/O available
================================================================================
PREFIX TABLE RANGE FIX TEST
================================================================================

[1/3] Loading mesh...
Loading mesh: /home/arhashemi/Workspace/welding/Edgar/ThreadedA/post/0eule/threadedAvtk_159.pvtu
  Nodes: 900,658
  Elements: 3,512,279

[2/3] Building octree with fixed prefix table...
[1/5] Computing element centroids...
  Bounding box: min=[-0.02875006 -0.02172227 -0.00937501], max=[ 2.8750056e-02  2.1722268e-02 -1.9521895e-05]
[2/5] Computing Morton codes for 3,512,279 elements...
[3/5] Sorting elements by Morton code...
[4/5] Building adaptive octree (capacity=256)...
  Built 32,168 octree leaves
  Depth distribution:
    Depth 2: 51 leaves
    Depth 3: 58 leaves
    Depth 4: 181 leaves
    Depth 5: 515 leaves
    Depth 6: 4,091 leaves
    Depth 7: 27,272 leaves
[5/5] Building prefix table...
  Prefix table: 262,144 entries (depth=6)
  Memory: 2.0 MB (start + length arrays)
  Prefix sharing: 3,417 prefixes map to multiple leaves (max: 8)

[3/3] Testing prefix 0x03124C:

  Prefix start: 16113
  Prefix length: 8
  Leaf range: [16113, 16121)

✅ Expected leaf 16115 IS in the range!
   Leaf 16115 is at offset 2 in the range

================================================================================
