/home/arhashemi/Workspace/welding/JAXTrace/jaxtrace/io/registry.py:41: UserWarning: h5py not available. HDF5 I/O will be disabled
  from .hdf5_io import H5Series
✅ Enhanced VTK I/O available
✅ HDF5 I/O available
================================================================================
NEIGHBOR CONNECTIVITY ANALYSIS
================================================================================

[1/3] Loading mesh...
Loading mesh: /home/arhashemi/Workspace/welding/Edgar/FLA/post/0eule/featurelessAvtk_120.pvtu
  Nodes: 780,922
  Elements: 3,048,900
  Loaded field 'Displacement': (780922, 3)
  Nodes: 780,922
  Elements: 3,048,900

[2/3] Classifying elements...
  Fine elements (<0.1363mm): 288,749
  Medium elements: 2,451,108
  Coarse elements (>0.2727mm): 309,043

[3/3] Building element neighbors...
  Built in 52.23s

  Coarse elements near refined boundary: 300,356

Analyzing neighbor connectivity...

Boundary coarse element neighbor statistics (sample of 20):
  Fine neighbors per element:
    Mean: 0.00
    Min: 0
    Max: 0
  Medium neighbors per element:
    Mean: 0.00
  Coarse neighbors per element:
    Mean: 3.40
  Total neighbors per element:
    Mean: 3.40

  Coarse boundary elements with ZERO fine neighbors: 20/20 (100.0%)

  ❌ PROBLEM FOUND!
     Most coarse boundary elements have NO fine neighbors!
     L1 search (neighbor hops) will NEVER find fine elements!
     Particles will remain stuck in coarse elements even when
     they move into refined region.

Detailed example (first boundary element):
  Element 44:
    Size: 2.1812 mm (coarse)
    Centroid: (-8.12, 9.90, -0.31) mm
    Neighbors (3):
           41: coarse, size=2.1812mm
           46: coarse, size=2.1812mm
           47: coarse, size=2.1812mm

================================================================================
CHECKING SPECIFIC ELEMENTS FROM TRACKING DIAGNOSTIC
================================================================================

Element 1793360 (from tracking diagnostic):
  Size: 2.1812 mm (COARSE)
  Centroid: (-12.19, -0.64, -1.56) mm
  Neighbors: 3 total
    Fine: 0
    Medium: 0
    Coarse: 3
  ❌ This element has ZERO fine neighbors!
     L1 search will never find fine elements from here.

Element 1793477 (from tracking diagnostic):
  Size: 1.0906 mm (COARSE)
  Centroid: (-10.16, -0.16, -2.19) mm
  Neighbors: 4 total
    Fine: 0
    Medium: 0
    Coarse: 4
  ❌ This element has ZERO fine neighbors!
     L1 search will never find fine elements from here.

================================================================================
