python3 diagnose_missing_elements.py
✅ Enhanced VTK I/O available
✅ HDF5 I/O available
================================================================================
Deep Diagnostic Analysis of Missing Elements
================================================================================

[1/4] Loading mesh...
Loading mesh: /home/arhashemi/Workspace/welding/Edgar/FLA/post/0eule/featurelessAvtk_158.pvtu
  Nodes: 780,922
  Elements: 3,048,900
  Loaded field 'Displacement': (780922, 3)
Loading mesh: /home/arhashemi/Workspace/welding/Edgar/FLA/post/0eule/featurelessAvtk_159.pvtu
  Nodes: 780,922
  Elements: 3,048,900
  Loaded field 'Displacement': (780922, 3)
  Loaded in 9.2s
    Elements: 3,048,900, Nodes: 780,922
  Deduplicating...
    Removed 209,749 duplicates (571,173 nodes remaining)

[2/4] Identifying missing elements...
    Processed 500,000/3,048,900...
    Processed 1,000,000/3,048,900...
    Processed 1,500,000/3,048,900...
    Processed 2,000,000/3,048,900...
    Processed 2,500,000/3,048,900...
    Processed 3,000,000/3,048,900...
  Identified in 59.8s
    Missing elements: 1,826
    Covered elements: 3,047,074

[3/4] Analyzing geometry of missing elements...
    Analyzed 100/1826...
    Analyzed 200/1826...
    Analyzed 300/1826...
    Analyzed 400/1826...
    Analyzed 500/1826...
    Analyzed 600/1826...
    Analyzed 700/1826...
    Analyzed 800/1826...
    Analyzed 900/1826...
    Analyzed 1000/1826...
    Analyzed 1100/1826...
    Analyzed 1200/1826...
    Analyzed 1300/1826...
    Analyzed 1400/1826...
    Analyzed 1500/1826...
    Analyzed 1600/1826...
    Analyzed 1700/1826...
    Analyzed 1800/1826...

  Geometry Analysis Results (sample of 1,826 elements):

  Axis-aligned edges per element:
    2 edges: 1826 elements (100.0%)

  Volume statistics:
    Min: 5.199287e-12
    Max: 2.129638e-08
    Mean: 1.507401e-09
    Median: 5.199303e-12

  Bounding box size statistics:
    X: min=3.124997e-04, max=5.000001e-03
    Y: min=3.194441e-04, max=5.111130e-03
    Z: min=3.125002e-04, max=5.000000e-03

  Spatial distribution of centroids:
    X: min=-0.026250, max=0.027500
    Y: min=-0.019167, max=0.021722
    Z: min=-0.008750, max=-0.002500

[4/4] Finding nearest covered elements for missing elements...
    Analyzed 10/1826...
    Analyzed 20/1826...
    Analyzed 30/1826...
    Analyzed 40/1826...
    Analyzed 50/1826...
    Analyzed 60/1826...
    Analyzed 70/1826...
    Analyzed 80/1826...
    Analyzed 90/1826...
    Analyzed 100/1826...
    Analyzed 110/1826...
    Analyzed 120/1826...
    Analyzed 130/1826...
    Analyzed 140/1826...
    Analyzed 150/1826...
    Analyzed 160/1826...
    Analyzed 170/1826...
    Analyzed 180/1826...
    Analyzed 190/1826...
    Analyzed 200/1826...
    Analyzed 210/1826...
    Analyzed 220/1826...
    Analyzed 230/1826...
    Analyzed 240/1826...
    Analyzed 250/1826...
    Analyzed 260/1826...
    Analyzed 270/1826...
    Analyzed 280/1826...
    Analyzed 290/1826...
    Analyzed 300/1826...
    Analyzed 310/1826...
    Analyzed 320/1826...
    Analyzed 330/1826...
    Analyzed 340/1826...
    Analyzed 350/1826...
    Analyzed 360/1826...
    Analyzed 370/1826...
    Analyzed 380/1826...
    Analyzed 390/1826...
    Analyzed 400/1826...
    Analyzed 410/1826...
    Analyzed 420/1826...
    Analyzed 430/1826...
    Analyzed 440/1826...
    Analyzed 450/1826...
    Analyzed 460/1826...
    Analyzed 470/1826...
    Analyzed 480/1826...
    Analyzed 490/1826...
    Analyzed 500/1826...
    Analyzed 510/1826...
    Analyzed 520/1826...
    Analyzed 530/1826...
    Analyzed 540/1826...
    Analyzed 550/1826...
    Analyzed 560/1826...
    Analyzed 570/1826...
    Analyzed 580/1826...
    Analyzed 590/1826...
    Analyzed 600/1826...
    Analyzed 610/1826...
    Analyzed 620/1826...
    Analyzed 630/1826...
    Analyzed 640/1826...
    Analyzed 650/1826...
    Analyzed 660/1826...
    Analyzed 670/1826...
    Analyzed 680/1826...
    Analyzed 690/1826...
    Analyzed 700/1826...
    Analyzed 710/1826...
    Analyzed 720/1826...
    Analyzed 730/1826...
    Analyzed 740/1826...
    Analyzed 750/1826...
    Analyzed 760/1826...
    Analyzed 770/1826...
    Analyzed 780/1826...
    Analyzed 790/1826...
    Analyzed 800/1826...
    Analyzed 810/1826...
    Analyzed 820/1826...
    Analyzed 830/1826...
    Analyzed 840/1826...
    Analyzed 850/1826...
    Analyzed 860/1826...
    Analyzed 870/1826...
    Analyzed 880/1826...
    Analyzed 890/1826...
    Analyzed 900/1826...
    Analyzed 910/1826...
    Analyzed 920/1826...
    Analyzed 930/1826...
    Analyzed 940/1826...
    Analyzed 950/1826...
    Analyzed 960/1826...
    Analyzed 970/1826...
    Analyzed 980/1826...
    Analyzed 990/1826...
    Analyzed 1000/1826...
    Analyzed 1010/1826...
    Analyzed 1020/1826...
    Analyzed 1030/1826...
    Analyzed 1040/1826...
    Analyzed 1050/1826...
    Analyzed 1060/1826...
    Analyzed 1070/1826...
    Analyzed 1080/1826...
    Analyzed 1090/1826...
    Analyzed 1100/1826...
    Analyzed 1110/1826...
    Analyzed 1120/1826...
    Analyzed 1130/1826...
    Analyzed 1140/1826...
    Analyzed 1150/1826...
    Analyzed 1160/1826...
    Analyzed 1170/1826...
    Analyzed 1180/1826...
    Analyzed 1190/1826...
    Analyzed 1200/1826...
    Analyzed 1210/1826...
    Analyzed 1220/1826...
    Analyzed 1230/1826...
    Analyzed 1240/1826...
    Analyzed 1250/1826...
    Analyzed 1260/1826...
    Analyzed 1270/1826...
    Analyzed 1280/1826...
    Analyzed 1290/1826...
    Analyzed 1300/1826...
    Analyzed 1310/1826...
    Analyzed 1320/1826...
    Analyzed 1330/1826...
    Analyzed 1340/1826...
    Analyzed 1350/1826...
    Analyzed 1360/1826...
    Analyzed 1370/1826...
    Analyzed 1380/1826...
    Analyzed 1390/1826...
    Analyzed 1400/1826...
    Analyzed 1410/1826...
    Analyzed 1420/1826...
    Analyzed 1430/1826...
    Analyzed 1440/1826...
    Analyzed 1450/1826...
    Analyzed 1460/1826...
    Analyzed 1470/1826...
    Analyzed 1480/1826...
    Analyzed 1490/1826...
    Analyzed 1500/1826...
    Analyzed 1510/1826...
    Analyzed 1520/1826...
    Analyzed 1530/1826...
    Analyzed 1540/1826...
    Analyzed 1550/1826...
    Analyzed 1560/1826...
    Analyzed 1570/1826...
    Analyzed 1580/1826...
    Analyzed 1590/1826...
    Analyzed 1600/1826...
    Analyzed 1610/1826...
    Analyzed 1620/1826...
    Analyzed 1630/1826...
    Analyzed 1640/1826...
    Analyzed 1650/1826...
    Analyzed 1660/1826...
    Analyzed 1670/1826...
    Analyzed 1680/1826...
    Analyzed 1690/1826...
    Analyzed 1700/1826...
    Analyzed 1710/1826...
    Analyzed 1720/1826...
    Analyzed 1730/1826...
    Analyzed 1740/1826...
    Analyzed 1750/1826...
    Analyzed 1760/1826...
    Analyzed 1770/1826...
    Analyzed 1780/1826...
    Analyzed 1790/1826...
    Analyzed 1800/1826...
    Analyzed 1810/1826...
    Analyzed 1820/1826...

  Neighbor analysis (sample of 1826 elements):
    Elements with face neighbors (3 nodes): 1826 (100.0%)
    Elements with edge neighbors (2 nodes): 0 (0.0%)
    Elements with vertex neighbors (1 node): 0 (0.0%)

  Maximum shared nodes distribution:
    3 nodes: 1826 elements (100.0%)

  Sample missing element details:

  Element 39532:
    Centroid: (-0.017500, 0.000000, -0.006250)
    Volume: 2.129633e-08
    Bbox size: (5.000000e-03, 5.111120e-03, 5.000000e-03)
    Axis-aligned edges: 2/6
      X-axis: length=5.000000e-03
      Y-axis: length=5.111120e-03

  Element 39535:
    Centroid: (-0.017500, -0.005111, -0.006250)
    Volume: 2.129629e-08
    Bbox size: (5.000000e-03, 5.111110e-03, 5.000000e-03)
    Axis-aligned edges: 2/6
      X-axis: length=5.000000e-03
      Y-axis: length=5.111110e-03

  Element 39539:
    Centroid: (-0.017500, -0.010222, -0.006250)
    Volume: 2.129637e-08
    Bbox size: (5.000000e-03, 5.111130e-03, 5.000000e-03)
    Axis-aligned edges: 2/6
      X-axis: length=5.000000e-03
      Y-axis: length=5.111130e-03

  Element 39551:
    Centroid: (-0.026250, 0.000000, -0.002500)
    Volume: 2.129633e-08
    Bbox size: (4.999999e-03, 5.111120e-03, 5.000000e-03)
    Axis-aligned edges: 2/6
      Y-axis: length=5.111120e-03
      Z-axis: length=5.000000e-03

  Element 39556:
    Centroid: (-0.026250, 0.000000, -0.007500)
    Volume: 2.129633e-08
    Bbox size: (4.999999e-03, 5.111120e-03, 5.000000e-03)
    Axis-aligned edges: 2/6
      Z-axis: length=5.000000e-03
      Y-axis: length=5.111120e-03

================================================================================
RECOMMENDATIONS
================================================================================

1. CSR Structure Analysis:
   ✅ Implementation uses fori_loop with VARIABLE n_elems_in_cell
   ✅ No padding required - each cell can have different element count
   ✅ SAFE to add missing elements to nearest cells!

2. Proposed Fix Strategy:
   ✅ >90% of missing elements have FACE neighbors (3 shared nodes)
   → Strategy: Register each missing element in its face neighbor's cells
   → Expected coverage: ~90%+ of missing elements

3. Alternative: Fallback Grid Level
   - For missing elements without clear neighbors
   - Use coarser grid level (e.g., level 7 or 8)
   - Register in cell(s) at that level

4. Expected Impact:
   - Current missing: 1,826 elements (0.06%)
   - After fix: 0 missing elements (100% coverage)
   - Retention improvement: 0.06% → negligible for initial, but important for completeness

================================================================================
Diagnostic Complete
================================================================================
