✅ Enhanced VTK I/O available
✅ HDF5 I/O available
================================================================================
Vanishing Position Diagnostic
================================================================================

[1/6] Found 2500 VTU files in:
      output/benchmark_with_export/Mesh-Aligned_Multi-Cell_+_3×3×3_Local_(Option_A_-_Phase_2)

[2/6] Loading mesh...
Loading mesh: data/FLA/post/0eule/featurelessAvtk_158.pvtu
  Nodes: 780,922
  Elements: 3,048,900
  Loaded field 'Displacement': (780922, 3)
Loading mesh: data/FLA/post/0eule/featurelessAvtk_159.pvtu
  Nodes: 780,922
  Elements: 3,048,900
  Loaded field 'Displacement': (780922, 3)
  571,173 nodes, 3,048,900 elements

[3/6] Precomputing metadata and uploading to GPU...

Precomputed inverse matrices:
  Elements: 3,048,900
  Degenerate: 0 (0.0000%)
  Det range: [4.87e-13, 1.28e-07]
  Memory: 146,347,200 bytes (139.6 MB)
  Building mesh-aligned octree (multi-cell vertex registration)...
    665,842 cells, 18.32 elem/cell, 4.00 cells/elem
  Uploaded to GPU

[4/6] Scanning 201 VTU files (steps 1500–1700) for vanishing particles...
  Loaded step  1500: 175,638 active particles
  Loaded step  1501: 175,505 active particles
  Loaded step  1502: 175,433 active particles
  Loaded step  1503: 175,366 active particles
  Loaded step  1504: 175,301 active particles
  Loaded step  1505: 175,221 active particles
  Loaded step  1506: 175,144 active particles
  Loaded step  1507: 175,090 active particles
  Loaded step  1508: 175,021 active particles
  Loaded step  1509: 174,954 active particles
  Loaded step  1510: 174,954 active particles
  Loaded step  1511: 174,808 active particles
  Loaded step  1512: 174,730 active particles
  Loaded step  1513: 174,677 active particles
  Loaded step  1514: 174,601 active particles
  Loaded step  1515: 174,537 active particles
  Loaded step  1516: 174,465 active particles
  Loaded step  1517: 174,386 active particles
  Loaded step  1518: 174,312 active particles
  Loaded step  1519: 174,263 active particles
  Loaded step  1520: 174,263 active particles
  Loaded step  1521: 174,120 active particles
  Loaded step  1522: 174,049 active particles
  Loaded step  1523: 173,967 active particles
  Loaded step  1524: 173,896 active particles
  Loaded step  1525: 173,843 active particles
  Loaded step  1526: 173,768 active particles
  Loaded step  1527: 173,708 active particles
  Loaded step  1528: 173,644 active particles
  Loaded step  1529: 173,562 active particles
  Loaded step  1530: 173,562 active particles
  Loaded step  1531: 173,430 active particles
  Loaded step  1532: 173,354 active particles
  Loaded step  1533: 173,288 active particles
  Loaded step  1534: 173,214 active particles
  Loaded step  1535: 173,136 active particles
  Loaded step  1536: 173,054 active particles
  Loaded step  1537: 173,000 active particles
  Loaded step  1538: 172,924 active particles
  Loaded step  1539: 172,854 active particles
  Loaded step  1540: 172,854 active particles
  Loaded step  1541: 172,719 active particles
  Loaded step  1542: 172,633 active particles
  Loaded step  1543: 172,575 active particles
  Loaded step  1544: 172,500 active particles
  Loaded step  1545: 172,439 active particles
  Loaded step  1546: 172,369 active particles
  Loaded step  1547: 172,302 active particles
  Loaded step  1548: 172,208 active particles
  Loaded step  1549: 172,148 active particles
  Loaded step  1550: 172,148 active particles
  Loaded step  1551: 172,007 active particles
  Loaded step  1552: 171,947 active particles
  Loaded step  1553: 171,882 active particles
  Loaded step  1554: 171,800 active particles
  Loaded step  1555: 171,736 active particles
  Loaded step  1556: 171,668 active particles
  Loaded step  1557: 171,597 active particles
  Loaded step  1558: 171,541 active particles
  Loaded step  1559: 171,463 active particles
  Loaded step  1560: 171,463 active particles
  Loaded step  1561: 171,320 active particles
  Loaded step  1562: 171,251 active particles
  Loaded step  1563: 171,187 active particles
  Loaded step  1564: 171,128 active particles
  Loaded step  1565: 171,050 active particles
  Loaded step  1566: 170,966 active particles
  Loaded step  1567: 170,896 active particles
  Loaded step  1568: 170,831 active particles
  Loaded step  1569: 170,761 active particles
  Loaded step  1570: 170,761 active particles
  Loaded step  1571: 170,632 active particles
  Loaded step  1572: 170,554 active particles
  Loaded step  1573: 170,489 active particles
  Loaded step  1574: 170,425 active particles
  Loaded step  1575: 170,356 active particles
  Loaded step  1576: 170,296 active particles
  Loaded step  1577: 170,229 active particles
  Loaded step  1578: 170,144 active particles
  Loaded step  1579: 170,071 active particles
  Loaded step  1580: 170,071 active particles
  Loaded step  1581: 169,944 active particles
  Loaded step  1582: 169,883 active particles
  Loaded step  1583: 169,819 active particles
  Loaded step  1584: 169,731 active particles
  Loaded step  1585: 169,662 active particles
  Loaded step  1586: 169,601 active particles
  Loaded step  1587: 169,521 active particles
  Loaded step  1588: 169,467 active particles
  Loaded step  1589: 169,406 active particles
  Loaded step  1590: 169,406 active particles
  Loaded step  1591: 169,255 active particles
  Loaded step  1592: 169,193 active particles
  Loaded step  1593: 169,123 active particles
  Loaded step  1594: 169,063 active particles
  Loaded step  1595: 169,001 active particles
  Loaded step  1596: 168,932 active particles
  Loaded step  1597: 168,851 active particles
  Loaded step  1598: 168,791 active particles
  Loaded step  1599: 168,719 active particles
  Loaded step  1600: 168,719 active particles
  Loaded step  1601: 168,593 active particles
  Loaded step  1602: 168,528 active particles
  Loaded step  1603: 168,448 active particles
  Loaded step  1604: 168,382 active particles
  Loaded step  1605: 168,312 active particles
  Loaded step  1606: 168,246 active particles
  Loaded step  1607: 168,185 active particles
  Loaded step  1608: 168,116 active particles
  Loaded step  1609: 168,037 active particles
  Loaded step  1610: 168,037 active particles
  Loaded step  1611: 167,900 active particles
  Loaded step  1612: 167,838 active particles
  Loaded step  1613: 167,767 active particles
  Loaded step  1614: 167,697 active particles
  Loaded step  1615: 167,619 active particles
  Loaded step  1616: 167,543 active particles
  Loaded step  1617: 167,476 active particles
  Loaded step  1618: 167,413 active particles
  Loaded step  1619: 167,343 active particles
  Loaded step  1620: 167,343 active particles
  Loaded step  1621: 167,198 active particles
  Loaded step  1622: 167,128 active particles
  Loaded step  1623: 167,053 active particles
  Loaded step  1624: 167,000 active particles
  Loaded step  1625: 166,925 active particles
  Loaded step  1626: 166,851 active particles
  Loaded step  1627: 166,767 active particles
  Loaded step  1628: 166,692 active particles
  Loaded step  1629: 166,624 active particles
  Loaded step  1630: 166,624 active particles
  Loaded step  1631: 166,478 active particles
  Loaded step  1632: 166,403 active particles
  Loaded step  1633: 166,322 active particles
  Loaded step  1634: 166,240 active particles
  Loaded step  1635: 166,174 active particles
  Loaded step  1636: 166,109 active particles
  Loaded step  1637: 166,031 active particles
  Loaded step  1638: 165,949 active particles
  Loaded step  1639: 165,871 active particles
  Loaded step  1640: 165,871 active particles
  Loaded step  1641: 165,708 active particles
  Loaded step  1642: 165,645 active particles
  Loaded step  1643: 165,562 active particles
  Loaded step  1644: 165,485 active particles
  Loaded step  1645: 165,405 active particles
  Loaded step  1646: 165,327 active particles
  Loaded step  1647: 165,249 active particles
  Loaded step  1648: 165,184 active particles
  Loaded step  1649: 165,106 active particles
  Loaded step  1650: 165,106 active particles
  Loaded step  1651: 164,949 active particles
  Loaded step  1652: 164,867 active particles
  Loaded step  1653: 164,787 active particles
  Loaded step  1654: 164,711 active particles
  Loaded step  1655: 164,638 active particles
  Loaded step  1656: 164,565 active particles
  Loaded step  1657: 164,482 active particles
  Loaded step  1658: 164,409 active particles
  Loaded step  1659: 164,329 active particles
  Loaded step  1660: 164,329 active particles
  Loaded step  1661: 164,175 active particles
  Loaded step  1662: 164,098 active particles
  Loaded step  1663: 164,024 active particles
  Loaded step  1664: 163,943 active particles
  Loaded step  1665: 163,861 active particles
  Loaded step  1666: 163,791 active particles
  Loaded step  1667: 163,713 active particles
  Loaded step  1668: 163,639 active particles
  Loaded step  1669: 163,560 active particles
  Loaded step  1670: 163,560 active particles
  Loaded step  1671: 163,403 active particles
  Loaded step  1672: 163,322 active particles
  Loaded step  1673: 163,254 active particles
  Loaded step  1674: 163,186 active particles
  Loaded step  1675: 163,103 active particles
  Loaded step  1676: 163,025 active particles
  Loaded step  1677: 162,947 active particles
  Loaded step  1678: 162,865 active particles
  Loaded step  1679: 162,791 active particles
  Loaded step  1680: 162,791 active particles
  Loaded step  1681: 162,642 active particles
  Loaded step  1682: 162,563 active particles
  Loaded step  1683: 162,480 active particles
  Loaded step  1684: 162,402 active particles
  Loaded step  1685: 162,325 active particles
  Loaded step  1686: 162,250 active particles
  Loaded step  1687: 162,172 active particles
  Loaded step  1688: 162,095 active particles
  Loaded step  1689: 162,012 active particles
  Loaded step  1690: 162,012 active particles
  Loaded step  1691: 161,854 active particles
  Loaded step  1692: 161,787 active particles
  Loaded step  1693: 161,709 active particles
  Loaded step  1694: 161,621 active particles
  Loaded step  1695: 161,545 active particles
  Loaded step  1696: 161,463 active particles
  Loaded step  1697: 161,376 active particles
  Loaded step  1698: 161,307 active particles
  Loaded step  1699: 161,226 active particles
  Loaded step  1700: 161,226 active particles

   Step     Active→     →Active     Lost   Cum.Lost
  -----  ----------  ----------  -------  ---------
   1500     175,638     175,505      133        133
   1501     175,505     175,433       72        205
   1502     175,433     175,366       67        272
   1503     175,366     175,301       65        337
   1504     175,301     175,221       80        417
   1505     175,221     175,144       77        494
   1506     175,144     175,090       54        548
   1507     175,090     175,021       69        617
   1508     175,021     174,954       67        684
   1509     174,954     174,954        0        684
   1510     174,954     174,808      146        830
   1511     174,808     174,730       78        908
   1512     174,730     174,677       53        961
   1513     174,677     174,601       76       1037
   1514     174,601     174,537       64       1101
   1515     174,537     174,465       72       1173
   1516     174,465     174,386       79       1252
   1517     174,386     174,312       74       1326
   1518     174,312     174,263       49       1375
   1519     174,263     174,263        0       1375
   1520     174,263     174,120      143       1518
   1521     174,120     174,049       71       1589
   1522     174,049     173,967       82       1671
   1523     173,967     173,896       71       1742
   1524     173,896     173,843       53       1795
   1525     173,843     173,768       75       1870
   1526     173,768     173,708       60       1930
   1527     173,708     173,644       64       1994
   1528     173,644     173,562       82       2076
   1529     173,562     173,562        0       2076
   1530     173,562     173,430      132       2208
   1531     173,430     173,354       76       2284
   1532     173,354     173,288       66       2350
   1533     173,288     173,214       74       2424
   1534     173,214     173,136       78       2502
   1535     173,136     173,054       82       2584
   1536     173,054     173,000       54       2638
   1537     173,000     172,924       76       2714
   1538     172,924     172,854       70       2784
   1539     172,854     172,854        0       2784
   1540     172,854     172,719      135       2919
   1541     172,719     172,633       86       3005
   1542     172,633     172,575       58       3063
   1543     172,575     172,500       75       3138
   1544     172,500     172,439       61       3199
   1545     172,439     172,369       70       3269
   1546     172,369     172,302       67       3336
   1547     172,302     172,208       94       3430
   1548     172,208     172,148       60       3490
   1549     172,148     172,148        0       3490
   1550     172,148     172,007      141       3631
   1551     172,007     171,947       60       3691
   1552     171,947     171,882       65       3756
   1553     171,882     171,800       82       3838
   1554     171,800     171,736       64       3902
   1555     171,736     171,668       68       3970
   1556     171,668     171,597       71       4041
   1557     171,597     171,541       56       4097
   1558     171,541     171,463       78       4175
   1559     171,463     171,463        0       4175
   1560     171,463     171,320      143       4318
   1561     171,320     171,251       69       4387
   1562     171,251     171,187       64       4451
   1563     171,187     171,128       59       4510
   1564     171,128     171,050       78       4588
   1565     171,050     170,966       84       4672
   1566     170,966     170,896       70       4742
   1567     170,896     170,831       65       4807
   1568     170,831     170,761       70       4877
   1569     170,761     170,761        0       4877
   1570     170,761     170,632      129       5006
   1571     170,632     170,554       78       5084
   1572     170,554     170,489       65       5149
   1573     170,489     170,425       64       5213
   1574     170,425     170,356       69       5282
   1575     170,356     170,296       60       5342
   1576     170,296     170,229       67       5409
   1577     170,229     170,144       85       5494
   1578     170,144     170,071       73       5567
   1579     170,071     170,071        0       5567
   1580     170,071     169,944      127       5694
   1581     169,944     169,883       61       5755
   1582     169,883     169,819       64       5819
   1583     169,819     169,731       88       5907
   1584     169,731     169,662       69       5976
   1585     169,662     169,601       61       6037
   1586     169,601     169,521       80       6117
   1587     169,521     169,467       54       6171
   1588     169,467     169,406       61       6232
   1589     169,406     169,406        0       6232
   1590     169,406     169,255      151       6383
   1591     169,255     169,193       62       6445
   1592     169,193     169,123       70       6515
   1593     169,123     169,063       60       6575
   1594     169,063     169,001       62       6637
   1595     169,001     168,932       69       6706
   1596     168,932     168,851       81       6787
   1597     168,851     168,791       60       6847
   1598     168,791     168,719       72       6919
   1599     168,719     168,719        0       6919
   1600     168,719     168,593      126       7045
   1601     168,593     168,528       65       7110
   1602     168,528     168,448       80       7190
   1603     168,448     168,382       66       7256
   1604     168,382     168,312       70       7326
   1605     168,312     168,246       66       7392
   1606     168,246     168,185       61       7453
   1607     168,185     168,116       69       7522
   1608     168,116     168,037       79       7601
   1609     168,037     168,037        0       7601
   1610     168,037     167,900      137       7738
   1611     167,900     167,838       62       7800
   1612     167,838     167,767       71       7871
   1613     167,767     167,697       70       7941
   1614     167,697     167,619       78       8019
   1615     167,619     167,543       76       8095
   1616     167,543     167,476       67       8162
   1617     167,476     167,413       63       8225
   1618     167,413     167,343       70       8295
   1619     167,343     167,343        0       8295
   1620     167,343     167,198      145       8440
   1621     167,198     167,128       70       8510
   1622     167,128     167,053       75       8585
   1623     167,053     167,000       53       8638
   1624     167,000     166,925       75       8713
   1625     166,925     166,851       74       8787
   1626     166,851     166,767       84       8871
   1627     166,767     166,692       75       8946
   1628     166,692     166,624       68       9014
   1629     166,624     166,624        0       9014
   1630     166,624     166,478      146       9160
   1631     166,478     166,403       75       9235
   1632     166,403     166,322       81       9316
   1633     166,322     166,240       82       9398
   1634     166,240     166,174       66       9464
   1635     166,174     166,109       65       9529
   1636     166,109     166,031       78       9607
   1637     166,031     165,949       82       9689
   1638     165,949     165,871       78       9767
   1639     165,871     165,871        0       9767
   1640     165,871     165,708      163       9930
   1641     165,708     165,645       63       9993
   1642     165,645     165,562       83      10076
   1643     165,562     165,485       77      10153
   1644     165,485     165,405       80      10233
   1645     165,405     165,327       78      10311
   1646     165,327     165,249       78      10389
   1647     165,249     165,184       65      10454
   1648     165,184     165,106       78      10532
   1649     165,106     165,106        0      10532
   1650     165,106     164,949      157      10689
   1651     164,949     164,867       82      10771
   1652     164,867     164,787       80      10851
   1653     164,787     164,711       76      10927
   1654     164,711     164,638       73      11000
   1655     164,638     164,565       73      11073
   1656     164,565     164,482       83      11156
   1657     164,482     164,409       73      11229
   1658     164,409     164,329       80      11309
   1659     164,329     164,329        0      11309
   1660     164,329     164,175      154      11463
   1661     164,175     164,098       77      11540
   1662     164,098     164,024       74      11614
   1663     164,024     163,943       81      11695
   1664     163,943     163,861       82      11777
   1665     163,861     163,791       70      11847
   1666     163,791     163,713       78      11925
   1667     163,713     163,639       74      11999
   1668     163,639     163,560       79      12078
   1669     163,560     163,560        0      12078
   1670     163,560     163,403      157      12235
   1671     163,403     163,322       81      12316
   1672     163,322     163,254       68      12384
   1673     163,254     163,186       68      12452
   1674     163,186     163,103       83      12535
   1675     163,103     163,025       78      12613
   1676     163,025     162,947       78      12691
   1677     162,947     162,865       82      12773
   1678     162,865     162,791       74      12847
   1679     162,791     162,791        0      12847
   1680     162,791     162,642      149      12996
   1681     162,642     162,563       79      13075
   1682     162,563     162,480       83      13158
   1683     162,480     162,402       78      13236
   1684     162,402     162,325       77      13313
   1685     162,325     162,250       75      13388
   1686     162,250     162,172       78      13466
   1687     162,172     162,095       77      13543
   1688     162,095     162,012       83      13626
   1689     162,012     162,012        0      13626
   1690     162,012     161,854      158      13784
   1691     161,854     161,787       67      13851
   1692     161,787     161,709       78      13929
   1693     161,709     161,621       88      14017
   1694     161,621     161,545       76      14093
   1695     161,545     161,463       82      14175
   1696     161,463     161,376       87      14262
   1697     161,376     161,307       69      14331
   1698     161,307     161,226       81      14412
   1699     161,226     161,226        0      14412

  Total vanishing events: 14412
  Inspecting: random sample of 400 from all 14412 events

[5/6] Probe position analysis...
  11 probes per event × 400 events = 4400 total probes
  ... 0/400 events processed
  ... 50/400 events processed
  ... 100/400 events processed
  ... 150/400 events processed
  ... 200/400 events processed
  ... 250/400 events processed
  ... 300/400 events processed
  ... 350/400 events processed

  GPU 3×3×3 found:  4400/4400 (100.0%)
  GPU 3×3×3 failed: 0/4400 (0.0%)

[6/6] Detailed reporting

================================================================================
PER-EVENT DETAILS (first 20 events)
================================================================================

  Event   0: step=1500 pid=7950 elem=43582
    last_pos   = [ 0.0038552  -0.00274912 -0.00487551]
    vel_approx = [0.00761835 0.00123305 0.00010173]  |v|=7.7182e-03
      frac         GPU   tests    CPU_adj  note
    ------  ----------  ------  ---------  ----
     -0.50       43582      21      43582  
     -0.30       43582      21      43582  
     -0.10       43582      21      43582  
      0.10       43582      21      43582  
      0.30       43582      21      43582  
      0.50       43582      21      43582  
      0.70       43582      21      43582  
      0.90       43582      21      43582  
      1.10       41867     300         -1  
      1.30       41867     300         -1  
      1.50       41867     300         -1  

  Event   1: step=1500 pid=187792 elem=675096
    last_pos   = [ 0.00093055  0.00801792 -0.00093851]
    vel_approx = [-0.00367855  0.00156043  0.00034051]  |v|=4.0103e-03
      frac         GPU   tests    CPU_adj  note
    ------  ----------  ------  ---------  ----
     -0.50      675096     347     675096  
     -0.30      675096     347     675096  
     -0.10      675096     347     675096  
      0.10      675096     347     675096  
      0.30      675096     347     675096  
      0.50      675096     347     675096  
      0.70      675096     347     675096  
      0.90      675096     347     675096  
      1.10      675096     347     675096  
      1.30     1249731     148         -1  
      1.50     1249731     148         -1  

  Event   2: step=1501 pid=125320 elem=2176830
    last_pos   = [ 0.00681136 -0.00894904 -0.00318   ]
    vel_approx = [ 7.3909191e-03  4.9243786e-04 -3.8724247e-06]  |v|=7.4073e-03
      frac         GPU   tests    CPU_adj  note
    ------  ----------  ------  ---------  ----
     -0.50     2176830      88    2176830  
     -0.30     2176830      88    2176830  
     -0.10     2176830      88    2176830  
      0.10     2176830      88    2176830  
      0.30     2176830      88    2176830  
      0.50       41100     426         -1  
      0.70       41100     426         -1  
      0.90       41100     426         -1  
      1.10       41100     426         -1  
      1.30       41100     426         -1  
      1.50       41100     426         -1  

  Event   3: step=1503 pid=316793 elem=517666
    last_pos   = [ 0.01407215  0.00708234 -0.00091551]
    vel_approx = [6.2140175e-03 3.2459479e-04 2.5888407e-05]  |v|=6.2225e-03
      frac         GPU   tests    CPU_adj  note
    ------  ----------  ------  ---------  ----
     -0.50      517666     144     517666  
     -0.30      517666     144     517666  
     -0.10      517666     144     517666  
      0.10      517666     144     517666  
      0.30      517666     144     517666  
      0.50      517666     144     517666  
      0.70      517666     144     517666  
      0.90       40014     225         -1  
      1.10       40014     225         -1  
      1.30       40014     225         -1  
      1.50       40014     225         -1  

  Event   4: step=1503 pid=217661 elem=309628
    last_pos   = [ 0.00958556 -0.00603868 -0.00291083]
    vel_approx = [7.1284492e-03 7.1723503e-04 1.0963839e-05]  |v|=7.1644e-03
      frac         GPU   tests    CPU_adj  note
    ------  ----------  ------  ---------  ----
     -0.50      309628     134     309628  
     -0.30      309628     134     309628  
     -0.10      309628     134     309628  
      0.10      309628     134     309628  
      0.30       40825     475         -1  
      0.50       40825     475         -1  
      0.70       40825     475         -1  
      0.90       40825     475         -1  
      1.10       40825     475         -1  
      1.30       40825     475         -1  
      1.50       40825     475         -1  

  Event   5: step=1503 pid=159303 elem=41142
    last_pos   = [ 0.00559353 -0.00108785 -0.00939659]
    vel_approx = [6.6447789e-03 6.3930161e-04 1.4140742e-05]  |v|=6.6755e-03
      frac         GPU   tests    CPU_adj  note
    ------  ----------  ------  ---------  ----
     -0.50       41142     117      41142  
     -0.30       41142     117      41142  
     -0.10       41142     117      41142  
      0.10       41142     117      41142  
      0.30       41142     117      41142  
      0.50       41142     117      41142  
      0.70       40171     180         -1  
      0.90       40171     180         -1  
      1.10       40171     180         -1  
      1.30       40171     180         -1  
      1.50       40171     180         -1  

  Event   6: step=1503 pid=141402 elem=2176830
    last_pos   = [ 0.00713074 -0.00953424 -0.00285469]
    vel_approx = [ 7.3909191e-03  4.9243786e-04 -3.8724247e-06]  |v|=7.4073e-03
      frac         GPU   tests    CPU_adj  note
    ------  ----------  ------  ---------  ----
     -0.50     2176830      88    2176830  
     -0.30     2176830      88    2176830  
     -0.10     2176830      88    2176830  
      0.10     2176830      88    2176830  
      0.30     2176830      88    2176830  
      0.50     2176830      88    2176830  
      0.70     2176830      88    2176830  
      0.90       41100     426         -1  
      1.10       41100     426         -1  
      1.30       41100     426         -1  
      1.50       41100     426         -1  

  Event   7: step=1503 pid=56666 elem=43773
    last_pos   = [ 0.00441534 -0.00198905 -0.00558209]
    vel_approx = [7.1346946e-03 1.1840226e-03 8.2034698e-05]  |v|=7.2327e-03
      frac         GPU   tests    CPU_adj  note
    ------  ----------  ------  ---------  ----
     -0.50       43773     121      43773  
     -0.30       43773     121      43773  
     -0.10       43773     121      43773  
      0.10       43773     121      43773  
      0.30       41939     275         -1  
      0.50       41939     275         -1  
      0.70       41939     275         -1  
      0.90       41939     275         -1  
      1.10       41939     275         -1  
      1.30       41939     275         -1  
      1.50       41939     275         -1  

  Event   8: step=1505 pid=28846 elem=2177033
    last_pos   = [ 0.00670873 -0.00562493 -0.00203319]
    vel_approx = [7.7616973e-03 1.3618895e-03 4.6032066e-05]  |v|=7.8804e-03
      frac         GPU   tests    CPU_adj  note
    ------  ----------  ------  ---------  ----
     -0.50     2177033      66    2177033  
     -0.30     2177033      66    2177033  
     -0.10     2177033      66    2177033  
      0.10     2177033      66    2177033  
      0.30     2177033      66    2177033  
      0.50     2176736     376         -1  
      0.70     2176736     376         -1  
      0.90     2176736     376         -1  
      1.10     2176736     376         -1  
      1.30     2176736     376         -1  
      1.50     2176736     376         -1  

  Event   9: step=1505 pid=6357 elem=1983152
    last_pos   = [ 0.00458699 -0.01006556 -0.00041208]
    vel_approx = [ 7.7158986e-03  4.6285568e-04 -3.6957725e-05]  |v|=7.7299e-03
      frac         GPU   tests    CPU_adj  note
    ------  ----------  ------  ---------  ----
     -0.50     1983152     108    1983152  
     -0.30     1983152     108    1983152  
     -0.10     1983152     108    1983152  
      0.10     1982998     303         -1  
      0.30     1982998     303         -1  
      0.50     1982998     303         -1  
      0.70     1982998     303         -1  
      0.90     1982998     303         -1  
      1.10     1982998     303         -1  
      1.30     1982998     303         -1  
      1.50     1982998     303         -1  

  Event  10: step=1506 pid=27778 elem=1983150
    last_pos   = [ 0.00474908 -0.01085971 -0.00024476]
    vel_approx = [ 7.6158228e-03  3.7825503e-04 -3.6590758e-05]  |v|=7.6253e-03
      frac         GPU   tests    CPU_adj  note
    ------  ----------  ------  ---------  ----
     -0.50     1983150      76    1983150  
     -0.30     1983150      76    1983150  
     -0.10     1983150      76    1983150  
      0.10     1983150      76    1983150  
      0.30     1983150      76    1983150  
      0.50      309377     207         -1  
      0.70      309377     207         -1  
      0.90      309377     207         -1  
      1.10      309377     207         -1  
      1.30      309377     207         -1  
      1.50      309377     207         -1  

  Event  11: step=1506 pid=180050 elem=2226005
    last_pos   = [ 0.01356032 -0.00422713 -0.00142541]
    vel_approx = [ 6.8108677e-03  5.2843691e-04 -5.9105278e-06]  |v|=6.8313e-03
      frac         GPU   tests    CPU_adj  note
    ------  ----------  ------  ---------  ----
     -0.50     2226005      72    2226005  
     -0.30     2226005      72    2226005  
     -0.10     2226005      72    2226005  
      0.10     2226005      72    2226005  
      0.30     2226005      72    2226005  
      0.50     2226005      72    2226005  
      0.70     2226005      72    2226005  
      0.90       39895     159         -1  
      1.10       39895     159         -1  
      1.30       39895     159         -1  
      1.50       39895     159         -1  

  Event  12: step=1506 pid=224609 elem=44437
    last_pos   = [ 0.00496143  0.00146825 -0.005034  ]
    vel_approx = [5.9870901e-03 1.2145988e-03 6.5729051e-05]  |v|=6.1094e-03
      frac         GPU   tests    CPU_adj  note
    ------  ----------  ------  ---------  ----
     -0.50       44437     157      44437  
     -0.30       44437     157      44437  
     -0.10       44437     157      44437  
      0.10       44437     157      44437  
      0.30       44437     157      44437  
      0.50       42427     358         -1  
      0.70       42427     358         -1  
      0.90       42427     358         -1  
      1.10       42427     358         -1  
      1.30       42427     358         -1  
      1.50       42427     358         -1  

  Event  13: step=1507 pid=132181 elem=41142
    last_pos   = [ 0.00525877 -0.00171415 -0.00973219]
    vel_approx = [6.6447789e-03 6.3930161e-04 1.4140742e-05]  |v|=6.6755e-03
      frac         GPU   tests    CPU_adj  note
    ------  ----------  ------  ---------  ----
     -0.50       41142     104      41142  
     -0.30       41142     104      41142  
     -0.10       41142     104      41142  
      0.10       41142     104      41142  
      0.30       41142     104      41142  
      0.50       41142     104      41142  
      0.70       40171     167         -1  
      0.90       40171     167         -1  
      1.10       40171     167         -1  
      1.30       40171     167         -1  
      1.50       40171     167         -1  

  Event  14: step=1508 pid=144144 elem=44584
    last_pos   = [ 0.00279846  0.0038797  -0.0058974 ]
    vel_approx = [5.5143875e-03 4.6982360e-04 3.7001530e-05]  |v|=5.5345e-03
      frac         GPU   tests    CPU_adj  note
    ------  ----------  ------  ---------  ----
     -0.50       44584      48      44584  
     -0.30       44584      48      44584  
     -0.10       44584      48      44584  
      0.10       44584      48      44584  
      0.30       44584      48      44584  
      0.50       44584      48      44584  
      0.70       42329     320         -1  
      0.90       42329     320         -1  
      1.10       42329     314         -1  
      1.30       42329     314         -1  
      1.50       42329     314         -1  

  Event  15: step=1508 pid=158608 elem=41965
    last_pos   = [ 0.00742778 -0.00464301 -0.00506845]
    vel_approx = [7.1472498e-03 8.1746676e-04 5.1656079e-05]  |v|=7.1940e-03
      frac         GPU   tests    CPU_adj  note
    ------  ----------  ------  ---------  ----
     -0.50       41965      97      41965  
     -0.30       41965      97      41965  
     -0.10       41965      97      41965  
      0.10       41965      97      41965  
      0.30       40766     252         -1  
      0.50       40766     252         -1  
      0.70       40766     252         -1  
      0.90       40766     252         -1  
      1.10       40766     252         -1  
      1.30       40766     252         -1  
      1.50       40766     252         -1  

  Event  16: step=1508 pid=288505 elem=40756
    last_pos   = [ 0.00934597 -0.00283568 -0.00564275]
    vel_approx = [6.8992116e-03 7.3015736e-04 2.8437757e-05]  |v|=6.9378e-03
      frac         GPU   tests    CPU_adj  note
    ------  ----------  ------  ---------  ----
     -0.50       40756     106      40756  
     -0.30       40756     106      40756  
     -0.10       40756     106      40756  
      0.10       40756     106      40756  
      0.30       40756     106      40756  
      0.50       40756     106      40756  
      0.70       39718     211         -1  
      0.90       39718     211         -1  
      1.10       39718     211         -1  
      1.30       39718     211         -1  
      1.50       39718     211         -1  

  Event  17: step=1511 pid=159747 elem=43557
    last_pos   = [ 0.00457191  0.00060295 -0.00541624]
    vel_approx = [6.329183e-03 1.287846e-03 7.382139e-05]  |v|=6.4593e-03
      frac         GPU   tests    CPU_adj  note
    ------  ----------  ------  ---------  ----
     -0.50       43557     135      43557  
     -0.30       43557     135      43557  
     -0.10       43557     135      43557  
      0.10       43557     135      43557  
      0.30       43557     135      43557  
      0.50       43557     135      43557  
      0.70       43557     135      43557  
      0.90       41837     332         -1  
      1.10       41837     332         -1  
      1.30       41837     332         -1  
      1.50       41837     332         -1  

  Event  18: step=1512 pid=309752 elem=40830
    last_pos   = [ 0.01060095 -0.00453827 -0.00438719]
    vel_approx = [6.8975980e-03 6.5123383e-04 1.2217126e-05]  |v|=6.9283e-03
      frac         GPU   tests    CPU_adj  note
    ------  ----------  ------  ---------  ----
     -0.50       40830      37      40830  
     -0.30       40830      37      40830  
     -0.10       40830      37      40830  
      0.10       40830      37      40830  
      0.30       40830      37      40830  
      0.50       40830      37      40830  
      0.70       39894     217         -1  
      0.90       39894     217         -1  
      1.10       39894     217         -1  
      1.30       39894     217         -1  
      1.50       39894     217         -1  

  Event  19: step=1512 pid=237482 elem=41181
    last_pos   = [ 0.00517232  0.01303822 -0.00956349]
    vel_approx = [6.055459e-03 8.780618e-05 9.546096e-06]  |v|=6.0561e-03
      frac         GPU   tests    CPU_adj  note
    ------  ----------  ------  ---------  ----
     -0.50       41181      61      41181  
     -0.30       41181      61      41181  
     -0.10       41181      61      41181  
      0.10       41181      61      41181  
      0.30       41181      61      41181  
      0.50       41181      61      41181  
      0.70       40166     130         -1  
      0.90       40166     130         -1  
      1.10       40166     130         -1  
      1.30       40166     130         -1  
      1.50       40166     130         -1  

================================================================================
FAILURE DISTRIBUTION BY RK4 FRACTION
================================================================================
(frac=0.0 is last-known position, frac=0.5 is pos_k1/k2, frac=1.0 is pos_final)

  frac=-0.50  gpu_fail=    0  (cpu_finds=    0)  
  frac=-0.30  gpu_fail=    0  (cpu_finds=    0)  
  frac=-0.10  gpu_fail=    0  (cpu_finds=    0)  
  frac= 0.10  gpu_fail=    0  (cpu_finds=    0)  
  frac= 0.30  gpu_fail=    0  (cpu_finds=    0)  
  frac= 0.50  gpu_fail=    0  (cpu_finds=    0)  
  frac= 0.70  gpu_fail=    0  (cpu_finds=    0)  
  frac= 0.90  gpu_fail=    0  (cpu_finds=    0)  
  frac= 1.10  gpu_fail=    0  (cpu_finds=    0)  
  frac= 1.30  gpu_fail=    0  (cpu_finds=    0)  
  frac= 1.50  gpu_fail=    0  (cpu_finds=    0)  

================================================================================
FAILURE CLUSTERS BY LAST-KNOWN ELEMENT (top 15)
================================================================================

     elem_id   n_fail   cpu_finds   in_octree  pos_x_range
  ----------  -------  ----------  ----------  ----------

================================================================================
DEEP OCTREE INSPECTION: TOP 5 LOSS ELEMENTS
================================================================================

================================================================================
SUMMARY
================================================================================

  VTU steps scanned:       200 (steps 1500–1700)
  Total vanishing events:  14412
  Events inspected:        400
  Probe positions tested:  4400
  GPU 3×3×3 found:         4400 (100.0%)
  GPU 3×3×3 failed:        0 (0.0%)

================================================================================
DONE
================================================================================
