/home/arhashemi/Workspace/welding/JAXTrace/jaxtrace/io/registry.py:41: UserWarning: h5py not available. HDF5 I/O will be disabled
  from .hdf5_io import H5Series
✅ Enhanced VTK I/O available
✅ HDF5 I/O available
================================================================================
SEARCH FAILURE DIAGNOSIS
================================================================================

[1/3] Loading mesh...
Loading mesh: /home/arhashemi/Workspace/welding/Edgar/FLA/post/0eule/featurelessAvtk_120.pvtu
  Nodes: 780,922
  Elements: 3,048,900
  Loaded field 'Displacement': (780922, 3)

Smallest element:
  Element ID: 200176
  Size: 1.363260e-04 m = 0.136326 mm
  Centroid: [-0.001211, 0.002975, -0.001230]
  Node indices: [51105 51148 47674 51382]

[2/3] Setting up search structures...
[1/5] Computing element centroids...
  Bounding box: min=[-0.02875006 -0.02172227 -0.00937501], max=[ 2.8750056e-02  2.1722268e-02 -1.9521895e-05]
[2/5] Computing Morton codes for 3,048,900 elements...
[3/5] Sorting elements by Morton code...
[4/5] Building adaptive octree (capacity=256)...
  Built 28,330 octree leaves
  Depth distribution:
    Depth 2: 51 leaves
    Depth 3: 59 leaves
    Depth 4: 179 leaves
    Depth 5: 529 leaves
    Depth 6: 4,019 leaves
    Depth 7: 23,493 leaves
[5/5] Building prefix table...
  Prefix table: 262,144 entries (depth=6)
  Memory: 2.0 MB (start + length arrays)
  Prefix sharing: 2,941 prefixes map to multiple leaves (max: 8)

[3/3] Testing search with increasing radii...
  radius=  1: NOT FOUND (elem_id = -1)
  radius=  2: NOT FOUND (elem_id = -1)
  radius=  5: NOT FOUND (elem_id = -1)
  radius= 10: NOT FOUND (elem_id = -1)
  radius= 20: NOT FOUND (elem_id = -1)
  radius= 50: NOT FOUND (elem_id = -1)
  radius=100: NOT FOUND (elem_id = -1)
  radius=200: NOT FOUND (elem_id = -1)
================================================================================
