✅ Enhanced VTK I/O available
✅ HDF5 I/O available
================================================================================
Vanishing Position Diagnostic
================================================================================

[1/6] Found 2500 VTU files in:
      output/benchmark_with_export/Mesh-Aligned_Multi-Cell_+_3×3×3_Local_(Option_A_-_Phase_2)

[2/6] Loading mesh...
Loading mesh: data/FLA/post/0eule/featurelessAvtk_158.pvtu
  Nodes: 780,922
  Elements: 3,048,900
  Loaded field 'Displacement': (780922, 3)
Loading mesh: data/FLA/post/0eule/featurelessAvtk_159.pvtu
  Nodes: 780,922
  Elements: 3,048,900
  Loaded field 'Displacement': (780922, 3)
  571,173 nodes, 3,048,900 elements

[3/6] Precomputing metadata and uploading to GPU...

Precomputed inverse matrices:
  Elements: 3,048,900
  Degenerate: 0 (0.0000%)
  Det range: [4.87e-13, 1.28e-07]
  Memory: 146,347,200 bytes (139.6 MB)
  Building mesh-aligned octree (multi-cell vertex registration)...
    665,842 cells, 18.32 elem/cell, 4.00 cells/elem
  Uploaded to GPU

[4/6] Scanning 201 VTU files (steps 350–550) for vanishing particles...
  Loaded step   350: 231,555 active particles
  Loaded step   351: 231,507 active particles
  Loaded step   352: 231,416 active particles
  Loaded step   353: 231,336 active particles
  Loaded step   354: 231,202 active particles
  Loaded step   355: 231,118 active particles
  Loaded step   356: 230,826 active particles
  Loaded step   357: 230,753 active particles
  Loaded step   358: 230,680 active particles
  Loaded step   359: 230,596 active particles
  Loaded step   360: 230,443 active particles
  Loaded step   361: 230,387 active particles
  Loaded step   362: 230,097 active particles
  Loaded step   363: 229,999 active particles
  Loaded step   364: 229,922 active particles
  Loaded step   365: 229,840 active particles
  Loaded step   366: 229,682 active particles
  Loaded step   367: 229,629 active particles
  Loaded step   368: 229,369 active particles
  Loaded step   369: 229,216 active particles
  Loaded step   370: 229,151 active particles
  Loaded step   371: 229,061 active particles
  Loaded step   372: 228,895 active particles
  Loaded step   373: 228,847 active particles
  Loaded step   374: 228,615 active particles
  Loaded step   375: 228,417 active particles
  Loaded step   376: 228,366 active particles
  Loaded step   377: 228,275 active particles
  Loaded step   378: 228,106 active particles
  Loaded step   379: 228,046 active particles
  Loaded step   380: 227,830 active particles
  Loaded step   381: 227,595 active particles
  Loaded step   382: 227,565 active particles
  Loaded step   383: 227,467 active particles
  Loaded step   384: 227,296 active particles
  Loaded step   385: 227,226 active particles
  Loaded step   386: 227,005 active particles
  Loaded step   387: 226,752 active particles
  Loaded step   388: 226,722 active particles
  Loaded step   389: 226,637 active particles
  Loaded step   390: 226,467 active particles
  Loaded step   391: 226,380 active particles
  Loaded step   392: 226,186 active particles
  Loaded step   393: 225,952 active particles
  Loaded step   394: 225,877 active particles
  Loaded step   395: 225,798 active particles
  Loaded step   396: 225,651 active particles
  Loaded step   397: 225,530 active particles
  Loaded step   398: 225,359 active particles
  Loaded step   399: 225,080 active particles
  Loaded step   400: 225,001 active particles
  Loaded step   401: 224,934 active particles
  Loaded step   402: 224,811 active particles
  Loaded step   403: 224,658 active particles
  Loaded step   404: 224,535 active particles
  Loaded step   405: 224,200 active particles
  Loaded step   406: 224,108 active particles
  Loaded step   407: 224,053 active particles
  Loaded step   408: 223,946 active particles
  Loaded step   409: 223,767 active particles
  Loaded step   410: 223,680 active particles
  Loaded step   411: 223,322 active particles
  Loaded step   412: 223,229 active particles
  Loaded step   413: 223,164 active particles
  Loaded step   414: 223,064 active particles
  Loaded step   415: 222,878 active particles
  Loaded step   416: 222,800 active particles
  Loaded step   417: 222,502 active particles
  Loaded step   418: 222,342 active particles
  Loaded step   419: 222,270 active particles
  Loaded step   420: 222,183 active particles
  Loaded step   421: 221,985 active particles
  Loaded step   422: 221,910 active particles
  Loaded step   423: 221,645 active particles
  Loaded step   424: 221,443 active particles
  Loaded step   425: 221,372 active particles
  Loaded step   426: 221,288 active particles
  Loaded step   427: 221,078 active particles
  Loaded step   428: 221,000 active particles
  Loaded step   429: 220,730 active particles
  Loaded step   430: 220,521 active particles
  Loaded step   431: 220,444 active particles
  Loaded step   432: 220,365 active particles
  Loaded step   433: 220,149 active particles
  Loaded step   434: 220,076 active particles
  Loaded step   435: 219,823 active particles
  Loaded step   436: 219,581 active particles
  Loaded step   437: 219,523 active particles
  Loaded step   438: 219,432 active particles
  Loaded step   439: 219,231 active particles
  Loaded step   440: 219,156 active particles
  Loaded step   441: 218,920 active particles
  Loaded step   442: 218,652 active particles
  Loaded step   443: 218,601 active particles
  Loaded step   444: 218,502 active particles
  Loaded step   445: 218,318 active particles
  Loaded step   446: 218,210 active particles
  Loaded step   447: 218,008 active particles
  Loaded step   448: 217,697 active particles
  Loaded step   449: 217,640 active particles
  Loaded step   450: 217,555 active particles
  Loaded step   451: 217,425 active particles
  Loaded step   452: 217,264 active particles
  Loaded step   453: 217,116 active particles
  Loaded step   454: 216,753 active particles
  Loaded step   455: 216,703 active particles
  Loaded step   456: 216,619 active particles
  Loaded step   457: 216,510 active particles
  Loaded step   458: 216,323 active particles
  Loaded step   459: 216,220 active particles
  Loaded step   460: 215,835 active particles
  Loaded step   461: 215,775 active particles
  Loaded step   462: 215,698 active particles
  Loaded step   463: 215,598 active particles
  Loaded step   464: 215,407 active particles
  Loaded step   465: 215,316 active particles
  Loaded step   466: 214,938 active particles
  Loaded step   467: 214,860 active particles
  Loaded step   468: 214,787 active particles
  Loaded step   469: 214,693 active particles
  Loaded step   470: 214,497 active particles
  Loaded step   471: 214,450 active particles
  Loaded step   472: 214,184 active particles
  Loaded step   473: 214,095 active particles
  Loaded step   474: 214,030 active particles
  Loaded step   475: 213,951 active particles
  Loaded step   476: 213,906 active particles
  Loaded step   477: 213,877 active particles
  Loaded step   478: 213,837 active particles
  Loaded step   479: 213,819 active particles
  Loaded step   480: 213,783 active particles
  Loaded step   481: 213,745 active particles
  Loaded step   482: 213,740 active particles
  Loaded step   483: 213,730 active particles
  Loaded step   484: 213,714 active particles
  Loaded step   485: 213,702 active particles
  Loaded step   486: 213,674 active particles
  Loaded step   487: 213,650 active particles
  Loaded step   488: 213,625 active particles
  Loaded step   489: 213,615 active particles
  Loaded step   490: 213,604 active particles
  Loaded step   491: 213,588 active particles
  Loaded step   492: 213,560 active particles
  Loaded step   493: 213,528 active particles
  Loaded step   494: 213,505 active particles
  Loaded step   495: 213,495 active particles
  Loaded step   496: 213,485 active particles
  Loaded step   497: 213,468 active particles
  Loaded step   498: 213,445 active particles
  Loaded step   499: 213,417 active particles
  Loaded step   500: 213,387 active particles
  Loaded step   501: 213,373 active particles
  Loaded step   502: 213,366 active particles
  Loaded step   503: 213,348 active particles
  Loaded step   504: 213,332 active particles
  Loaded step   505: 213,298 active particles
  Loaded step   506: 213,253 active particles
  Loaded step   507: 213,233 active particles
  Loaded step   508: 213,223 active particles
  Loaded step   509: 213,205 active particles
  Loaded step   510: 213,186 active particles
  Loaded step   511: 213,152 active particles
  Loaded step   512: 213,117 active particles
  Loaded step   513: 213,085 active particles
  Loaded step   514: 213,075 active particles
  Loaded step   515: 213,056 active particles
  Loaded step   516: 213,038 active particles
  Loaded step   517: 213,003 active particles
  Loaded step   518: 212,968 active particles
  Loaded step   519: 212,935 active particles
  Loaded step   520: 212,924 active particles
  Loaded step   521: 212,906 active particles
  Loaded step   522: 212,885 active particles
  Loaded step   523: 212,849 active particles
  Loaded step   524: 212,813 active particles
  Loaded step   525: 212,781 active particles
  Loaded step   526: 212,769 active particles
  Loaded step   527: 212,757 active particles
  Loaded step   528: 212,734 active particles
  Loaded step   529: 212,700 active particles
  Loaded step   530: 212,676 active particles
  Loaded step   531: 212,636 active particles
  Loaded step   532: 212,623 active particles
  Loaded step   533: 212,614 active particles
  Loaded step   534: 212,594 active particles
  Loaded step   535: 212,562 active particles
  Loaded step   536: 212,536 active particles
  Loaded step   537: 212,504 active particles
  Loaded step   538: 212,482 active particles
  Loaded step   539: 212,471 active particles
  Loaded step   540: 212,457 active particles
  Loaded step   541: 212,420 active particles
  Loaded step   542: 212,395 active particles
  Loaded step   543: 212,360 active particles
  Loaded step   544: 212,340 active particles
  Loaded step   545: 212,328 active particles
  Loaded step   546: 212,314 active particles
  Loaded step   547: 212,274 active particles
  Loaded step   548: 212,255 active particles
  Loaded step   549: 212,219 active particles
  Loaded step   550: 212,199 active particles

   Step     Active→     →Active     Lost   Cum.Lost
  -----  ----------  ----------  -------  ---------
    350     231,555     231,507       48         48
    351     231,507     231,416       91        139
    352     231,416     231,336       80        219
    353     231,336     231,202      134        353
    354     231,202     231,118       84        437
    355     231,118     230,826      292        729
    356     230,826     230,753       73        802
    357     230,753     230,680       73        875
    358     230,680     230,596       84        959
    359     230,596     230,443      153       1112
    360     230,443     230,387       56       1168
    361     230,387     230,097      290       1458
    362     230,097     229,999       98       1556
    363     229,999     229,922       77       1633
    364     229,922     229,840       82       1715
    365     229,840     229,682      158       1873
    366     229,682     229,629       53       1926
    367     229,629     229,369      260       2186
    368     229,369     229,216      153       2339
    369     229,216     229,151       65       2404
    370     229,151     229,061       90       2494
    371     229,061     228,895      166       2660
    372     228,895     228,847       48       2708
    373     228,847     228,615      232       2940
    374     228,615     228,417      198       3138
    375     228,417     228,366       51       3189
    376     228,366     228,275       91       3280
    377     228,275     228,106      169       3449
    378     228,106     228,046       60       3509
    379     228,046     227,830      216       3725
    380     227,830     227,595      235       3960
    381     227,595     227,565       30       3990
    382     227,565     227,467       98       4088
    383     227,467     227,296      171       4259
    384     227,296     227,226       70       4329
    385     227,226     227,005      221       4550
    386     227,005     226,752      253       4803
    387     226,752     226,722       30       4833
    388     226,722     226,637       85       4918
    389     226,637     226,467      170       5088
    390     226,467     226,380       87       5175
    391     226,380     226,186      194       5369
    392     226,186     225,952      234       5603
    393     225,952     225,877       75       5678
    394     225,877     225,798       79       5757
    395     225,798     225,651      147       5904
    396     225,651     225,530      121       6025
    397     225,530     225,359      171       6196
    398     225,359     225,080      279       6475
    399     225,080     225,001       79       6554
    400     225,001     224,934       67       6621
    401     224,934     224,811      123       6744
    402     224,811     224,658      153       6897
    403     224,658     224,535      123       7020
    404     224,535     224,200      335       7355
    405     224,200     224,108       92       7447
    406     224,108     224,053       55       7502
    407     224,053     223,946      107       7609
    408     223,946     223,767      179       7788
    409     223,767     223,680       87       7875
    410     223,680     223,322      358       8233
    411     223,322     223,229       93       8326
    412     223,229     223,164       65       8391
    413     223,164     223,064      100       8491
    414     223,064     222,878      186       8677
    415     222,878     222,800       78       8755
    416     222,800     222,502      298       9053
    417     222,502     222,342      160       9213
    418     222,342     222,270       72       9285
    419     222,270     222,183       87       9372
    420     222,183     221,985      198       9570
    421     221,985     221,910       75       9645
    422     221,910     221,645      265       9910
    423     221,645     221,443      202      10112
    424     221,443     221,372       71      10183
    425     221,372     221,288       84      10267
    426     221,288     221,078      210      10477
    427     221,078     221,000       78      10555
    428     221,000     220,730      270      10825
    429     220,730     220,521      209      11034
    430     220,521     220,444       77      11111
    431     220,444     220,365       79      11190
    432     220,365     220,149      216      11406
    433     220,149     220,076       73      11479
    434     220,076     219,823      253      11732
    435     219,823     219,581      242      11974
    436     219,581     219,523       58      12032
    437     219,523     219,432       91      12123
    438     219,432     219,231      201      12324
    439     219,231     219,156       75      12399
    440     219,156     218,920      236      12635
    441     218,920     218,652      268      12903
    442     218,652     218,601       51      12954
    443     218,601     218,502       99      13053
    444     218,502     218,318      184      13237
    445     218,318     218,210      108      13345
    446     218,210     218,008      202      13547
    447     218,008     217,697      311      13858
    448     217,697     217,640       57      13915
    449     217,640     217,555       85      14000
    450     217,555     217,425      130      14130
    451     217,425     217,264      161      14291
    452     217,264     217,116      148      14439
    453     217,116     216,753      363      14802
    454     216,753     216,703       50      14852
    455     216,703     216,619       84      14936
    456     216,619     216,510      109      15045
    457     216,510     216,323      187      15232
    458     216,323     216,220      103      15335
    459     216,220     215,835      385      15720
    460     215,835     215,775       60      15780
    461     215,775     215,698       77      15857
    462     215,698     215,598      100      15957
    463     215,598     215,407      191      16148
    464     215,407     215,316       91      16239
    465     215,316     214,938      378      16617
    466     214,938     214,860       78      16695
    467     214,860     214,787       73      16768
    468     214,787     214,693       94      16862
    469     214,693     214,497      196      17058
    470     214,497     214,450       47      17105
    471     214,450     214,184      266      17371
    472     214,184     214,095       89      17460
    473     214,095     214,030       65      17525
    474     214,030     213,951       79      17604
    475     213,951     213,906       45      17649
    476     213,906     213,877       29      17678
    477     213,877     213,837       40      17718
    478     213,837     213,819       18      17736
    479     213,819     213,783       36      17772
    480     213,783     213,745       38      17810
    481     213,745     213,740        5      17815
    482     213,740     213,730       10      17825
    483     213,730     213,714       16      17841
    484     213,714     213,702       12      17853
    485     213,702     213,674       28      17881
    486     213,674     213,650       24      17905
    487     213,650     213,625       25      17930
    488     213,625     213,615       10      17940
    489     213,615     213,604       11      17951
    490     213,604     213,588       16      17967
    491     213,588     213,560       28      17995
    492     213,560     213,528       32      18027
    493     213,528     213,505       23      18050
    494     213,505     213,495       10      18060
    495     213,495     213,485       10      18070
    496     213,485     213,468       17      18087
    497     213,468     213,445       23      18110
    498     213,445     213,417       28      18138
    499     213,417     213,387       30      18168
    500     213,387     213,373       14      18182
    501     213,373     213,366        7      18189
    502     213,366     213,348       18      18207
    503     213,348     213,332       16      18223
    504     213,332     213,298       34      18257
    505     213,298     213,253       45      18302
    506     213,253     213,233       20      18322
    507     213,233     213,223       10      18332
    508     213,223     213,205       18      18350
    509     213,205     213,186       19      18369
    510     213,186     213,152       34      18403
    511     213,152     213,117       35      18438
    512     213,117     213,085       32      18470
    513     213,085     213,075       10      18480
    514     213,075     213,056       19      18499
    515     213,056     213,038       18      18517
    516     213,038     213,003       35      18552
    517     213,003     212,968       35      18587
    518     212,968     212,935       33      18620
    519     212,935     212,924       11      18631
    520     212,924     212,906       18      18649
    521     212,906     212,885       21      18670
    522     212,885     212,849       36      18706
    523     212,849     212,813       36      18742
    524     212,813     212,781       32      18774
    525     212,781     212,769       12      18786
    526     212,769     212,757       12      18798
    527     212,757     212,734       23      18821
    528     212,734     212,700       34      18855
    529     212,700     212,676       24      18879
    530     212,676     212,636       40      18919
    531     212,636     212,623       13      18932
    532     212,623     212,614        9      18941
    533     212,614     212,594       20      18961
    534     212,594     212,562       32      18993
    535     212,562     212,536       26      19019
    536     212,536     212,504       32      19051
    537     212,504     212,482       22      19073
    538     212,482     212,471       11      19084
    539     212,471     212,457       14      19098
    540     212,457     212,420       37      19135
    541     212,420     212,395       25      19160
    542     212,395     212,360       35      19195
    543     212,360     212,340       20      19215
    544     212,340     212,328       12      19227
    545     212,328     212,314       14      19241
    546     212,314     212,274       40      19281
    547     212,274     212,255       19      19300
    548     212,255     212,219       36      19336
    549     212,219     212,199       20      19356

  Total vanishing events: 19356
  Inspecting first 200

[5/6] Probe position analysis...
  11 probes per event × 200 events = 2200 total probes
  ... 0/200 events processed
  ... 50/200 events processed
  ... 100/200 events processed
  ... 150/200 events processed

  GPU 3×3×3 found:  2200/2200 (100.0%)
  GPU 3×3×3 failed: 0/2200 (0.0%)

[6/6] Detailed reporting

================================================================================
PER-EVENT DETAILS (first 20 events)
================================================================================

  Event   0: step=350 pid=112401 elem=422460
    last_pos   = [-0.01501294  0.00864044 -0.00637056]
    vel_approx = [ 6.4729941e-03 -2.6354089e-04  1.5602314e-05]  |v|=6.4784e-03
      frac         GPU   tests    CPU_adj  note
    ------  ----------  ------  ---------  ----
     -0.50      422460     314     422460  
     -0.30      422460     314     422460  
     -0.10      422460     314     422460  
      0.10      422460     314     422460  
      0.30      422460     314     422460  
      0.50      422460     314     422460  
      0.70      422460     314     422460  
      0.90      422844      18         -1  
      1.10      422844      18         -1  
      1.30      422844      18         -1  
      1.50      422844      18         -1  

  Event   1: step=350 pid=105747 elem=39527
    last_pos   = [-0.01500827  0.00209247 -0.00536486]
    vel_approx = [ 6.6489708e-03 -4.0554418e-04  5.7377247e-06]  |v|=6.6613e-03
      frac         GPU   tests    CPU_adj  note
    ------  ----------  ------  ---------  ----
     -0.50       39527     207      39527  
     -0.30       39527     207      39527  
     -0.10       39527     207      39527  
      0.10       39527     207      39527  
      0.30       39527     207      39527  
      0.50       40343      48         -1  
      0.70       40343      48         -1  
      0.90       40343      48         -1  
      1.10       40343      48         -1  
      1.30       40343      48         -1  
      1.50       40343      48         -1  

  Event   2: step=350 pid=112281 elem=422460
    last_pos   = [-0.01501166  0.00801358 -0.00637379]
    vel_approx = [ 6.4729941e-03 -2.6354089e-04  1.5602314e-05]  |v|=6.4784e-03
      frac         GPU   tests    CPU_adj  note
    ------  ----------  ------  ---------  ----
     -0.50      422460     314     422460  
     -0.30      422460     314     422460  
     -0.10      422460     314     422460  
      0.10      422460     314     422460  
      0.30      422460     314     422460  
      0.50      422460     314     422460  
      0.70      422460     314     422460  
      0.90      422844      18         -1  
      1.10      422844      18         -1  
      1.30      422844      18         -1  
      1.50      422844      18         -1  

  Event   3: step=350 pid=247194 elem=24
    last_pos   = [-0.01251252  0.00733081 -0.000792  ]
    vel_approx = [ 6.3543702e-03 -4.2886392e-04  5.2773659e-05]  |v|=6.3690e-03
      frac         GPU   tests    CPU_adj  note
    ------  ----------  ------  ---------  ----
     -0.50          24     330         24  
     -0.30          24     330         24  
     -0.10          24     330         24  
      0.10          24     330         24  
      0.30          24     330         24  
      0.50          24     330         24  
      0.70          24     330         24  
      0.90         185      64         -1  
      1.10         185      64         -1  
      1.30         185      64         -1  
      1.50         185      64         -1  

  Event   4: step=350 pid=111516 elem=422452
    last_pos   = [-0.01500843  0.00396237 -0.00383561]
    vel_approx = [ 6.5140687e-03 -3.6495907e-04  2.9083707e-05]  |v|=6.5243e-03
      frac         GPU   tests    CPU_adj  note
    ------  ----------  ------  ---------  ----
     -0.50      422452     432     422452  
     -0.30      422452     432     422452  
     -0.10      422452     432     422452  
      0.10      422452     432     422452  
      0.30      422452     432     422452  
      0.50      422452     432     422452  
      0.70      422908     123         -1  
      0.90      422908     123         -1  
      1.10      422908     123         -1  
      1.30      422908     123         -1  
      1.50      422908     123         -1  

  Event   5: step=350 pid=104733 elem=39548
    last_pos   = [-0.01500088 -0.00317878 -0.00435499]
    vel_approx = [ 6.7185550e-03 -4.1420423e-04  8.9636478e-06]  |v|=6.7313e-03
      frac         GPU   tests    CPU_adj  note
    ------  ----------  ------  ---------  ----
     -0.50       39548     316      39548  
     -0.30       39548     316      39548  
     -0.10       39548     316      39548  
      0.10       40398      82         -1  
      0.30       40398      82         -1  
      0.50       40398      82         -1  
      0.70       40398      82         -1  
      0.90       40398      82         -1  
      1.10       40398      82         -1  
      1.30       40398      82         -1  
      1.50       40398      82         -1  

  Event   6: step=350 pid=104734 elem=39548
    last_pos   = [-0.01500091 -0.00317925 -0.00418689]
    vel_approx = [ 6.7185550e-03 -4.1420423e-04  8.9636478e-06]  |v|=6.7313e-03
      frac         GPU   tests    CPU_adj  note
    ------  ----------  ------  ---------  ----
     -0.50       39548     316      39548  
     -0.30       39548     316      39548  
     -0.10       39548     316      39548  
      0.10       40398      82         -1  
      0.30       40398      82         -1  
      0.50       40398      82         -1  
      0.70       40398      82         -1  
      0.90       40398      82         -1  
      1.10       40398      82         -1  
      1.30       40398      82         -1  
      1.50       40398      82         -1  

  Event   7: step=350 pid=104735 elem=39548
    last_pos   = [-0.01500093 -0.00317969 -0.00401881]
    vel_approx = [ 6.7185550e-03 -4.1420423e-04  8.9636478e-06]  |v|=6.7313e-03
      frac         GPU   tests    CPU_adj  note
    ------  ----------  ------  ---------  ----
     -0.50       39548     316      39548  
     -0.30       39548     316      39548  
     -0.10       39548     316      39548  
      0.10       40398      82         -1  
      0.30       40398      82         -1  
      0.50       40398      82         -1  
      0.70       40398      82         -1  
      0.90       40398      82         -1  
      1.10       40398      82         -1  
      1.30       40398      82         -1  
      1.50       40398      82         -1  

  Event   8: step=350 pid=104736 elem=39548
    last_pos   = [-0.01500096 -0.00318013 -0.00385072]
    vel_approx = [ 6.7185550e-03 -4.1420423e-04  8.9636478e-06]  |v|=6.7313e-03
      frac         GPU   tests    CPU_adj  note
    ------  ----------  ------  ---------  ----
     -0.50       39548     316      39548  
     -0.30       39548     316      39548  
     -0.10       39548     316      39548  
      0.10       40398      82         -1  
      0.30       40398      82         -1  
      0.50       40398      82         -1  
      0.70       40398      82         -1  
      0.90       40398      82         -1  
      1.10       40398      82         -1  
      1.30       40398      82         -1  
      1.50       40398      82         -1  

  Event   9: step=350 pid=247075 elem=24
    last_pos   = [-0.01251034  0.00671584 -0.00062352]
    vel_approx = [ 6.3543702e-03 -4.2886392e-04  5.2773659e-05]  |v|=6.3690e-03
      frac         GPU   tests    CPU_adj  note
    ------  ----------  ------  ---------  ----
     -0.50          24     330         24  
     -0.30          24     330         24  
     -0.10          24     330         24  
      0.10          24     330         24  
      0.30          24     330         24  
      0.50          24     330         24  
      0.70         189      57         -1  
      0.90         189      57         -1  
      1.10         189      57         -1  
      1.30         189      57         -1  
      1.50         189      57         -1  

  Event  10: step=350 pid=240295 elem=2418481
    last_pos   = [-0.01251133 -0.00049887 -0.00064886]
    vel_approx = [ 6.6213408e-03 -6.5942737e-04  2.3736717e-05]  |v|=6.6541e-03
      frac         GPU   tests    CPU_adj  note
    ------  ----------  ------  ---------  ----
     -0.50     2418481     201    2418481  
     -0.30     2418481     201    2418481  
     -0.10     2418481     201    2418481  
      0.10     2418481     201    2418481  
      0.30     2418481     201    2418481  
      0.50     2418481     201    2418481  
      0.70     1793359      36         -1  
      0.90     1793359      36         -1  
      1.10     1793359      36         -1  
      1.30     1793359      36         -1  
      1.50     1793359      36         -1  

  Event  11: step=350 pid=112297 elem=2
    last_pos   = [-0.01500073  0.00807403 -0.00366241]
    vel_approx = [ 6.4645140e-03 -2.5348688e-04  3.8892995e-05]  |v|=6.4696e-03
      frac         GPU   tests    CPU_adj  note
    ------  ----------  ------  ---------  ----
     -0.50           2     440          2  
     -0.30           2     440          2  
     -0.10           2     440          2  
      0.10      422880     143         -1  
      0.30      422880     143         -1  
      0.50      422880     143         -1  
      0.70      422880     143         -1  
      0.90      422880     143         -1  
      1.10      422880     143         -1  
      1.30      422880     143         -1  
      1.50      422880     143         -1  

  Event  12: step=350 pid=112298 elem=2
    last_pos   = [-0.01500026  0.00807238 -0.00349474]
    vel_approx = [ 6.4645140e-03 -2.5348688e-04  3.8892995e-05]  |v|=6.4696e-03
      frac         GPU   tests    CPU_adj  note
    ------  ----------  ------  ---------  ----
     -0.50           2     440          2  
     -0.30           2     440          2  
     -0.10           2     440          2  
      0.10      422880     143         -1  
      0.30      422880     143         -1  
      0.50      422880     143         -1  
      0.70      422880     143         -1  
      0.90      422880     143         -1  
      1.10      422880     143         -1  
      1.30      422880     143         -1  
      1.50      422880     143         -1  

  Event  13: step=350 pid=112299 elem=2
    last_pos   = [-0.01500001  0.00807068 -0.00332705]
    vel_approx = [ 6.4645140e-03 -2.5348688e-04  3.8892995e-05]  |v|=6.4696e-03
      frac         GPU   tests    CPU_adj  note
    ------  ----------  ------  ---------  ----
     -0.50           2     440          2  
     -0.30           2     440          2  
     -0.10           2     440          2  
      0.10      422880     143         -1  
      0.30      422880     143         -1  
      0.50      422880     143         -1  
      0.70      422880     143         -1  
      0.90      422880     143         -1  
      1.10      422880     143         -1  
      1.30      422880     143         -1  
      1.50      422880     143         -1  

  Event  14: step=350 pid=112300 elem=2
    last_pos   = [-0.01500242  0.00806897 -0.0031594 ]
    vel_approx = [ 6.4645140e-03 -2.5348688e-04  3.8892995e-05]  |v|=6.4696e-03
      frac         GPU   tests    CPU_adj  note
    ------  ----------  ------  ---------  ----
     -0.50           2     440          2  
     -0.30           2     440          2  
     -0.10           2     440          2  
      0.10           2     440          2  
      0.30      422880     143         -1  
      0.50      422880     143         -1  
      0.70      422880     143         -1  
      0.90      422880     143         -1  
      1.10      422880     143         -1  
      1.30      422880     143         -1  
      1.50      422880     143         -1  

  Event  15: step=350 pid=112301 elem=2
    last_pos   = [-0.01500217  0.00806727 -0.00299172]
    vel_approx = [ 6.4645140e-03 -2.5348688e-04  3.8892995e-05]  |v|=6.4696e-03
      frac         GPU   tests    CPU_adj  note
    ------  ----------  ------  ---------  ----
     -0.50           2     440          2  
     -0.30           2     440          2  
     -0.10           2     440          2  
      0.10           2     440          2  
      0.30      422880     143         -1  
      0.50      422880     143         -1  
      0.70      422880     143         -1  
      0.90      422880     143         -1  
      1.10      422880     143         -1  
      1.30      422880     143         -1  
      1.50      422880     143         -1  

  Event  16: step=350 pid=104878 elem=39544
    last_pos   = [-0.01501251 -0.00255542 -0.00015693]
    vel_approx = [ 6.6638784e-03 -3.8113992e-04  1.4124131e-05]  |v|=6.6748e-03
      frac         GPU   tests    CPU_adj  note
    ------  ----------  ------  ---------  ----
     -0.50       39544     257      39544  
     -0.30       39544     257      39544  
     -0.10       39544     257      39544  
      0.10       39544     257      39544  
      0.30       39548     283      39548  
      0.50       39548     283      39548  
      0.70       39548     283      39548  
      0.90     2418476     106         -1  
      1.10     2418476     106         -1  
      1.30     2418476     106         -1  
      1.50     2418476     106         -1  

  Event  17: step=350 pid=246953 elem=25
    last_pos   = [-0.01251288  0.00608841 -0.0009608 ]
    vel_approx = [ 6.3663702e-03 -4.5622175e-04  4.5279881e-05]  |v|=6.3829e-03
      frac         GPU   tests    CPU_adj  note
    ------  ----------  ------  ---------  ----
     -0.50          25     303         25  
     -0.30          25     303         25  
     -0.10          25     303         25  
      0.10          25     303         25  
      0.30          25     303         25  
      0.50          25     303         25  
      0.70          25     303         25  
      0.90         150      41         -1  
      1.10         150      41         -1  
      1.30         150      41         -1  
      1.50         150      41         -1  

  Event  18: step=350 pid=246954 elem=24
    last_pos   = [-0.01251235  0.00609009 -0.00079204]
    vel_approx = [ 6.3543702e-03 -4.2886392e-04  5.2773659e-05]  |v|=6.3690e-03
      frac         GPU   tests    CPU_adj  note
    ------  ----------  ------  ---------  ----
     -0.50          24     302         24  
     -0.30          24     302         24  
     -0.10          24     302         24  
      0.10          24     302         24  
      0.30          24     302         24  
      0.50          24     302         24  
      0.70          24     302         24  
      0.90         184      56         -1  
      1.10         184      56         -1  
      1.30         184      56         -1  
      1.50         184      56         -1  

  Event  19: step=350 pid=246955 elem=24
    last_pos   = [-0.01251026  0.00609548 -0.00062353]
    vel_approx = [ 6.3543702e-03 -4.2886392e-04  5.2773659e-05]  |v|=6.3690e-03
      frac         GPU   tests    CPU_adj  note
    ------  ----------  ------  ---------  ----
     -0.50          24     302         24  
     -0.30          24     302         24  
     -0.10          24     302         24  
      0.10          24     302         24  
      0.30          24     302         24  
      0.50          24     302         24  
      0.70         184      56         -1  
      0.90         184      56         -1  
      1.10         184      56         -1  
      1.30         184      56         -1  
      1.50         184      56         -1  

================================================================================
FAILURE DISTRIBUTION BY RK4 FRACTION
================================================================================
(frac=0.0 is last-known position, frac=0.5 is pos_k1/k2, frac=1.0 is pos_final)

  frac=-0.50  gpu_fail=    0  (cpu_finds=    0)  
  frac=-0.30  gpu_fail=    0  (cpu_finds=    0)  
  frac=-0.10  gpu_fail=    0  (cpu_finds=    0)  
  frac= 0.10  gpu_fail=    0  (cpu_finds=    0)  
  frac= 0.30  gpu_fail=    0  (cpu_finds=    0)  
  frac= 0.50  gpu_fail=    0  (cpu_finds=    0)  
  frac= 0.70  gpu_fail=    0  (cpu_finds=    0)  
  frac= 0.90  gpu_fail=    0  (cpu_finds=    0)  
  frac= 1.10  gpu_fail=    0  (cpu_finds=    0)  
  frac= 1.30  gpu_fail=    0  (cpu_finds=    0)  
  frac= 1.50  gpu_fail=    0  (cpu_finds=    0)  

================================================================================
FAILURE CLUSTERS BY LAST-KNOWN ELEMENT (top 15)
================================================================================

     elem_id   n_fail   cpu_finds   in_octree  pos_x_range
  ----------  -------  ----------  ----------  ----------

================================================================================
DEEP OCTREE INSPECTION: TOP 5 LOSS ELEMENTS
================================================================================

================================================================================
SUMMARY
================================================================================

  VTU steps scanned:       200 (steps 350–550)
  Total vanishing events:  19356
  Events inspected:        200
  Probe positions tested:  2200
  GPU 3×3×3 found:         2200 (100.0%)
  GPU 3×3×3 failed:        0 (0.0%)

================================================================================
DONE
================================================================================
