python3 diagnose_aa_tolerance.py
ERROR:2026-01-16 13:53:04,749:jax._src.xla_bridge:475: Jax plugin configuration error: Exception when calling jax_plugins.xla_cuda13.initialize()
Traceback (most recent call last):
  File "/home/arhashemi/Workspace/welding/JAXTrace/.venv/lib/python3.13/site-packages/jax/_src/xla_bridge.py", line 473, in discover_pjrt_plugins
    plugin_module.initialize()
    ~~~~~~~~~~~~~~~~~~~~~~~~^^
  File "/home/arhashemi/Workspace/welding/JAXTrace/.venv/lib/python3.13/site-packages/jax_plugins/xla_cuda13/__init__.py", line 334, in initialize
    c_api = xb.register_plugin(
        'cuda', priority=500, library_path=str(path), options=options
    )
  File "/home/arhashemi/Workspace/welding/JAXTrace/.venv/lib/python3.13/site-packages/jax/_src/xla_bridge.py", line 609, in register_plugin
    c_api = xla_client.load_pjrt_plugin_dynamically(plugin_name, library_path)
  File "/home/arhashemi/Workspace/welding/JAXTrace/.venv/lib/python3.13/site-packages/jaxlib/xla_client.py", line 117, in load_pjrt_plugin_dynamically
    return _xla.load_pjrt_plugin(plugin_name, library_path, c_api=None)
           ~~~~~~~~~~~~~~~~~~~~~^^^^^^^^^^^^^^^^^^^^^^^^^^^^^^^^^^^^^^^
jax.errors.JaxRuntimeError: ALREADY_EXISTS: PJRT_Api already exists for device type cuda
✅ Enhanced VTK I/O available
/home/arhashemi/Workspace/welding/JAXTrace/jaxtrace/io/registry.py:41: UserWarning: h5py not available. HDF5 I/O will be disabled
  from .hdf5_io import H5Series
✅ HDF5 I/O available
Loading mesh...
Loading mesh: /home/arhashemi/Workspace/welding/Edgar/FLA/post/0eule/featurelessAvtk_120.pvtu
  Nodes: 780,922
  Elements: 3,048,900
  Loaded field 'Displacement': (780922, 3)
Loading mesh: /home/arhashemi/Workspace/welding/Edgar/FLA/post/0eule/featurelessAvtk_121.pvtu
  Nodes: 780,922
  Elements: 3,048,900
  Loaded field 'Displacement': (780922, 3)
Deduplicating...

Mesh: 3,048,900 elements

Checking sample elements for axis-alignment:

================================================================================

Element 1555874:
  p0: [ 0.00335938 -0.00119792 -0.00421875]
  p1: [ 0.00328125 -0.00111806 -0.00429688]
  p2: [ 0.00335938 -0.00111806 -0.00421875]
  p3: [ 0.00335938 -0.00111806 -0.00429688]

  Edge analysis:
    p0→p1    L=1.363263e-04  →  NOT aligned |Δx|=7.81e-05 |Δy|=7.99e-05 |Δz|=7.81e-05
    p0→p2    L=7.986126e-05  →  Y-aligned (tol=1e-10×L, perp=[0.00e+00, 0.00e+00])
    p0→p3    L=1.117198e-04  →  NOT aligned |Δx|=0.00e+00 |Δy|=7.99e-05 |Δz|=7.81e-05
    p1→p2    L=1.104855e-04  →  NOT aligned |Δx|=7.81e-05 |Δy|=0.00e+00 |Δz|=7.81e-05
    p1→p3    L=7.812516e-05  →  X-aligned (tol=1e-10×L, perp=[0.00e+00, 0.00e+00])
    p2→p3    L=7.812493e-05  →  Z-aligned (tol=1e-10×L, perp=[0.00e+00, 0.00e+00])


Element 1836903:
  p0: [-0.00125    -0.00303473 -0.001875  ]
  p1: [-0.00132813 -0.00295487 -0.00195312]
  p2: [-0.00125    -0.00295487 -0.00195312]
  p3: [-0.00125    -0.00303473 -0.00195312]

  Edge analysis:
    p0→p1    L=1.363261e-04  →  NOT aligned |Δx|=7.81e-05 |Δy|=7.99e-05 |Δz|=7.81e-05
    p0→p2    L=1.117197e-04  →  NOT aligned |Δx|=0.00e+00 |Δy|=7.99e-05 |Δz|=7.81e-05
    p0→p3    L=7.812504e-05  →  Z-aligned (tol=1e-10×L, perp=[0.00e+00, 0.00e+00])
    p1→p2    L=7.812504e-05  →  X-aligned (tol=1e-10×L, perp=[0.00e+00, 0.00e+00])
    p1→p3    L=1.117197e-04  →  NOT aligned |Δx|=7.81e-05 |Δy|=7.99e-05 |Δz|=0.00e+00
    p2→p3    L=7.986091e-05  →  Y-aligned (tol=1e-10×L, perp=[0.00e+00, 0.00e+00])


Element 1776224:
  p0: [ 0.00640625 -0.00479167 -0.00046875]
  p1: [ 0.00640625 -0.00471181 -0.00046875]
  p2: [ 0.00632813 -0.00471181 -0.00046875]
  p3: [ 0.00640625 -0.00479167 -0.00039063]

  Edge analysis:
    p0→p1    L=7.986091e-05  →  Y-aligned (tol=1e-10×L, perp=[0.00e+00, 0.00e+00])
    p0→p2    L=1.117196e-04  →  NOT aligned |Δx|=7.81e-05 |Δy|=7.99e-05 |Δz|=0.00e+00
    p0→p3    L=7.812498e-05  →  Z-aligned (tol=1e-10×L, perp=[0.00e+00, 0.00e+00])
    p1→p2    L=7.812493e-05  →  X-aligned (tol=1e-10×L, perp=[0.00e+00, 0.00e+00])
    p1→p3    L=1.117196e-04  →  NOT aligned |Δx|=0.00e+00 |Δy|=7.99e-05 |Δz|=7.81e-05
    p2→p3    L=1.363260e-04  →  NOT aligned |Δx|=7.81e-05 |Δy|=7.99e-05 |Δz|=7.81e-05


Element 274337:
  p0: [-0.00609375  0.00319445  0.        ]
  p1: [-6.17187517e-03  3.27430991e-03 -7.81249983e-05]
  p2: [-0.00617188  0.00327431  0.        ]
  p3: [-0.00609375  0.00327431  0.        ]

  Edge analysis:
    p0→p1    L=1.363264e-04  →  NOT aligned |Δx|=7.81e-05 |Δy|=7.99e-05 |Δz|=7.81e-05
    p0→p2    L=1.117201e-04  →  NOT aligned |Δx|=7.81e-05 |Δy|=7.99e-05 |Δz|=0.00e+00
    p0→p3    L=7.986114e-05  →  Y-aligned (tol=1e-10×L, perp=[0.00e+00, 0.00e+00])
    p1→p2    L=7.812500e-05  →  Z-aligned (tol=1e-10×L, perp=[0.00e+00, 0.00e+00])
    p1→p3    L=1.104857e-04  →  NOT aligned |Δx|=7.81e-05 |Δy|=0.00e+00 |Δz|=7.81e-05
    p2→p3    L=7.812539e-05  →  X-aligned (tol=1e-10×L, perp=[0.00e+00, 0.00e+00])


Element 2594666:
  p0: [-0.00523438 -0.00702778 -0.0003125 ]
  p1: [-0.00515625 -0.00702778 -0.00023437]
  p2: [-0.00523438 -0.00694792 -0.0003125 ]
  p3: [-0.00523438 -0.00702778 -0.00023437]

  Edge analysis:
    p0→p1    L=1.104854e-04  →  NOT aligned |Δx|=7.81e-05 |Δy|=0.00e+00 |Δz|=7.81e-05
    p0→p2    L=7.986091e-05  →  Y-aligned (tol=1e-10×L, perp=[0.00e+00, 0.00e+00])
    p0→p3    L=7.812500e-05  →  Z-aligned (tol=1e-10×L, perp=[0.00e+00, 0.00e+00])
    p1→p2    L=1.363260e-04  →  NOT aligned |Δx|=7.81e-05 |Δy|=7.99e-05 |Δz|=7.81e-05
    p1→p3    L=7.812493e-05  →  X-aligned (tol=1e-10×L, perp=[0.00e+00, 0.00e+00])
    p2→p3    L=1.117197e-04  →  NOT aligned |Δx|=0.00e+00 |Δy|=7.99e-05 |Δz|=7.81e-05

================================================================================

AA Detection with Different Tolerances:

================================================================================
Testing on 10,000 elements:

  tol = 1e-10 (relative):  0/10,000 = 0.00% AA
  tol = 1e-09 (relative):  0/10,000 = 0.00% AA
  tol = 1e-08 (relative):  0/10,000 = 0.00% AA
  tol = 1e-07 (relative):  0/10,000 = 0.00% AA
  tol = 1e-06 (relative):  0/10,000 = 0.00% AA
  tol = 1e-05 (relative):  0/10,000 = 0.00% AA
  tol = 1e-04 (relative):  0/10,000 = 0.00% AA
  tol = 1e-03 (relative):  0/10,000 = 0.00% AA

================================================================================
Recommendation: Adjust tol_base in aa_detection.py if needed
================================================================================
