python3 diagnose_seeding_strategies.py
✅ Enhanced VTK I/O available
✅ HDF5 I/O available
================================================================================
Seeding Strategy Diagnostic: mesh_aligned_octree_multi_local (3×3×3)
================================================================================
Strategies:
  1. Exact element centroids
  2. 10% element-size perturbed centroids
  3. 1× element-size perturbed centroids
  4. 2× element-size perturbed centroids
N particles per strategy: 50,000

[1/6] Loading mesh...
Loading mesh: /home/arhashemi/Workspace/welding/Edgar/FLA/post/0eule/featurelessAvtk_158.pvtu
  Nodes: 780,922
  Elements: 3,048,900
  Loaded field 'Displacement': (780922, 3)
Loading mesh: /home/arhashemi/Workspace/welding/Edgar/FLA/post/0eule/featurelessAvtk_159.pvtu
  Nodes: 780,922
  Elements: 3,048,900
  Loaded field 'Displacement': (780922, 3)
  Loaded in 9.0s
  Elements: 3,048,900, Nodes: 780,922

[2/6] Deduplicating...
  Removed 209,749 duplicates
  Nodes after dedup: 571,173

[3/6] Precomputing metadata for inverse point-in-tet...

Precomputed inverse matrices:
  Elements: 3,048,900
  Degenerate: 0 (0.0000%)
  Det range: [4.87e-13, 1.28e-07]
  Memory: 146,347,200 bytes (139.6 MB)
  Metadata ready in 61.9s

[4/6] Building and uploading mesh-aligned octree (multi-cell)...
  Extracted in 346.6s
    Cells: 665,842
    Elements per cell: 18.32
    Cells per element: 4.00
  Uploaded in 0.2s

[5/6] Sampling 50,000 elements and computing geometry...
    Computed 10,000/50,000...
    Computed 20,000/50,000...
    Computed 30,000/50,000...
    Computed 40,000/50,000...
    Computed 50,000/50,000...
  Computed in 0.8s
  Element edge length stats:
    Min:    7.812493e-05
    Max:    5.000000e-03
    Mean:   9.887495e-05
    Median: 7.812493e-05

[6/6] Running 4 seeding strategies with 3×3×3 search...
================================================================================

  Warming up JIT...
  JIT ready.

  --- Strategy: Strategy 1: Exact centroids ---
  Particles: 50,000
    Searched 10,000/50,000... (147/s, ~271s remaining)
    Searched 20,000/50,000... (147/s, ~204s remaining)
    Searched 30,000/50,000... (147/s, ~136s remaining)
    Searched 40,000/50,000... (146/s, ~68s remaining)
    Searched 50,000/50,000... (147/s, ~0s remaining)
  Searched in 340.4s (147 p/s)
  Found:   50,000/50,000 (100.00%)
  Missed:  0/50,000 (0.00%)
  Correct: 50,000/50,000 (100.00%) [of those with ground truth]
  Wrong:   0/50,000 (0.00%)
  Mean tests/particle: 173.8

  --- Strategy: Strategy 2: 10% element-size perturbed centroids ---
  Particles: 50,000
    Searched 10,000/50,000... (147/s, ~272s remaining)
    Searched 20,000/50,000... (147/s, ~204s remaining)
    Searched 30,000/50,000... (147/s, ~136s remaining)
    Searched 40,000/50,000... (146/s, ~68s remaining)
    Searched 50,000/50,000... (147/s, ~0s remaining)
  Searched in 341.2s (147 p/s)
  Found:   50,000/50,000 (100.00%)
  Missed:  0/50,000 (0.00%)
  Correct: 50,000/50,000 (100.00%) [of those with ground truth]
  Wrong:   0/50,000 (0.00%)
  Mean tests/particle: 174.5

  --- Strategy: Strategy 3: 1× element-size perturbed centroids ---
  Particles: 50,000
    Searched 10,000/50,000... (123/s, ~325s remaining)
    Searched 20,000/50,000... (123/s, ~245s remaining)
    Searched 30,000/50,000... (121/s, ~165s remaining)
    Searched 40,000/50,000... (121/s, ~83s remaining)
    Searched 50,000/50,000... (121/s, ~0s remaining)
  Searched in 412.0s (121 p/s)
  Found:   48,936/50,000 (97.87%)
  Missed:  1,064/50,000 (2.13%)
  Correct: 0/50,000 (0.00%) [of those with ground truth]
  Wrong:   48,936/50,000 (97.87%)
  Mean tests/particle: 190.2

  --- Strategy: Strategy 4: 2× element-size perturbed centroids ---
  Particles: 50,000
    Searched 10,000/50,000... (108/s, ~369s remaining)
    Searched 20,000/50,000... (107/s, ~281s remaining)
    Searched 30,000/50,000... (107/s, ~187s remaining)
    Searched 40,000/50,000... (106/s, ~94s remaining)
    Searched 50,000/50,000... (106/s, ~0s remaining)
  Searched in 470.1s (106 p/s)
  Found:   47,934/50,000 (95.87%)
  Missed:  2,066/50,000 (4.13%)
  Correct: 0/50,000 (0.00%) [of those with ground truth]
  Wrong:   47,934/50,000 (95.87%)
  Mean tests/particle: 198.9

================================================================================
SUMMARY: 3×3×3 search results across seeding strategies
================================================================================
  Octree: multi-cell vertex registration (665,842 cells, 18.3 elem/cell, 4.0 cells/elem)
  Max tests per search: 600

Strategy                                       Found    Missed   Found%   Correct%   MeanTests
----------------------------------------------------------------------------------------------
  1. Exact centroids                          50,000         0  100.00%    100.00%       173.8
  2. Perturbed 10% elem-size                  50,000         0  100.00%    100.00%       174.5
  3. Perturbed 1× elem-size                   48,936     1,064   97.87%      0.00%       190.2
  4. Perturbed 2× elem-size                   47,934     2,066   95.87%      0.00%       198.9

Notes:
  Found%:   fraction of queries where any element was returned
  Correct%: fraction of found results matching the ground-truth element
            (for perturbed strategies, 'wrong' may be a neighboring element)
  For strategy 3 & 4, particles may have crossed element boundaries,
  so a 'wrong' element may still be geometrically correct (adjacent element).
================================================================================
