python diagnose_refinement_transitions.py
✅ Enhanced VTK I/O available
✅ HDF5 I/O available
================================================================================
Refinement Transition Diagnostic
================================================================================

[1/7] Loading mesh...
Loading mesh: /home/arhashemi/Workspace/welding/Edgar/FLA/post/0eule/featurelessAvtk_158.pvtu
  Nodes: 780,922
  Elements: 3,048,900
  Loaded field 'Displacement': (780922, 3)
Loading mesh: /home/arhashemi/Workspace/welding/Edgar/FLA/post/0eule/featurelessAvtk_159.pvtu
  Nodes: 780,922
  Elements: 3,048,900
  Loaded field 'Displacement': (780922, 3)
  Loaded in 9.1s
    Elements: 3,048,900, Nodes: 780,922
  Deduplicating...
    Removed 209,749 duplicates (571,173 nodes remaining)

[2/7] Extracting multi-cell octree...
  Extracted in 359.4s
    Cells: 665,824
    Mean cells/element: 4.00

[3/7] Computing refinement levels for all elements...
    Processed 500,000/3,048,900...
    Processed 1,000,000/3,048,900...
    Processed 1,500,000/3,048,900...
    Processed 2,000,000/3,048,900...
    Processed 2,500,000/3,048,900...
    Processed 3,000,000/3,048,900...
  Computed in 67.6s

  Refinement Level Distribution:
    Level  8:      839 elements ( 0.03%), size≈0.040000
    Level  9:    1,594 elements ( 0.05%), size≈0.020000
    Level 10:    4,382 elements ( 0.14%), size≈0.010000
    Level 11:   15,104 elements ( 0.50%), size≈0.005000
    Level 12:   44,016 elements ( 1.44%), size≈0.002500
    Level 13:  382,211 elements (12.54%), size≈0.001250
    Level 14: 2,600,754 elements (85.30%), size≈0.000625

    Non-Kuhn: 1,826 elements (0.06%)

[4/7] Building face neighbor relationships...
    Processed 500,000/3,048,900...
    Processed 1,000,000/3,048,900...
    Processed 1,500,000/3,048,900...
    Processed 2,000,000/3,048,900...
    Processed 2,500,000/3,048,900...
    Processed 3,000,000/3,048,900...
  Built in 13.1s
    Total unique faces: 6,278,115
    Interior faces: 5,917,485

[5/7] Analyzing refinement transitions at face neighbors...
  Analyzed in 12.1s

  Face Neighbor Refinement Transitions:
    1:1_same_level      : 5,910,889 (99.89%)
    one_non_kuhn        :    6,586 ( 0.11%)
    both_non_kuhn       :       10 ( 0.00%)
    1:2_one_level_up    :        0 ( 0.00%)
    2:1_one_level_down  :        0 ( 0.00%)
    multi_level         :        0 ( 0.00%)

  Cross-Cell Faces by Refinement Level Difference:
    Same level (1:1):        717,989 (99.78%)
    One level diff (1:2):          0 ( 0.00%)
    Multi-level (>1):          1,591 ( 0.22%)
    TOTAL cross-cell:        719,580

[6/7] Analyzing the 344 fallback elements...
  Found 344 elements with single-cell registration (fallback)

  Fallback Element Refinement Levels:
    Level 10:    8 ( 2.33%)
    Level 11:   21 ( 6.10%)
    Level 12:   31 ( 9.01%)
    Level 13:   63 (18.31%)
    Level 14:  221 (64.24%)

  Fallback Element Spatial Distribution:
    X: min=-0.026250, max=0.026250
    Y: min=-0.015333, max=0.021722
    Z: min=-0.008750, max=-0.002500

[7/7] Estimating 3×3×3 search coverage at refinement transitions...

================================================================================
Refinement Transition Diagnostic Complete
================================================================================

Key Findings:

1. Refinement Level Distribution:
   - Finest level: 14, Coarsest level: 8
   - Span: 6 levels

2. Face Neighbor Transitions:
   - 1:1 (same level): 5,910,889 (99.9%)
   - 1:2 (one level):  0 (0.0%)
   - Multi-level:      0 (0.0%)

3. Cross-Cell Faces (719,580 expected):
   - At same level:    717,989 (99.8%)
   - At 1:2 boundary:  0 (0.0%)
   - Multi-level gap:  1,591 (0.2%)

4. Fallback Elements:
   - Count: 344 (expected 344)
   - Levels: 10 to 14

Recommendations:
Traceback (most recent call last):
  File "/home/arhashemi/Workspace/welding/JAXTrace/diagnose_refinement_transitions.py", line 388, in <module>
    main()
    ~~~~^^
  File "/home/arhashemi/Workspace/welding/JAXTrace/diagnose_refinement_transitions.py", line 378, in main
    if coverage_failures > sampled * 0.5:
       ^^^^^^^^^^^^^^^^^
UnboundLocalError: cannot access local variable 'coverage_failures' where it is not associated with a value
