python diagnose_degenerate_elements.py
✅ Enhanced VTK I/O available
✅ HDF5 I/O available
================================================================================
Degenerate Element Diagnostic
================================================================================

[1/5] Loading mesh...
Loading mesh: /home/arhashemi/Workspace/welding/Edgar/FLA/post/0eule/featurelessAvtk_158.pvtu
  Nodes: 780,922
  Elements: 3,048,900
  Loaded field 'Displacement': (780922, 3)
Loading mesh: /home/arhashemi/Workspace/welding/Edgar/FLA/post/0eule/featurelessAvtk_159.pvtu
  Nodes: 780,922
  Elements: 3,048,900
  Loaded field 'Displacement': (780922, 3)
  Loaded in 9.1s
    Elements: 3,048,900, Nodes: 780,922
  Deduplicating...
    Removed 209,749 duplicates (571,173 nodes remaining)

[2/5] Extracting multi-cell octree to identify non-Kuhn elements...
  Extracted in 356.5s

[3/5] Identifying non-Kuhn elements...
    Processed 500,000/3,048,900...
    Processed 1,000,000/3,048,900...
    Processed 1,500,000/3,048,900...
    Processed 2,000,000/3,048,900...
    Processed 2,500,000/3,048,900...
    Processed 3,000,000/3,048,900...
  Identified in 59.9s
    Kuhn elements: 3,047,074 (99.94%)
    Non-Kuhn elements: 1,826 (0.06%)

[4/5] Analyzing element quality (this may take a while)...
  Analyzing 11,826 elements:
    - All 1,826 non-Kuhn elements
    - 10,000 sampled Kuhn elements
    Analyzed 1,000/11,826...
    Analyzed 2,000/11,826...
    Analyzed 3,000/11,826...
    Analyzed 4,000/11,826...
    Analyzed 5,000/11,826...
    Analyzed 6,000/11,826...
    Analyzed 7,000/11,826...
    Analyzed 8,000/11,826...
    Analyzed 9,000/11,826...
    Analyzed 10,000/11,826...
    Analyzed 11,000/11,826...
  Analyzed in 1.6s

[5/5] Statistical Analysis
================================================================================

  Volume Statistics (absolute):
    Min:    8.123856e-14
    Max:    2.129638e-08
    Mean:   2.385835e-10
    Median: 8.123910e-14
    Std:    2.070949e-09

  Aspect Ratio Statistics:
    Min:    2.48
    Max:    4.50
    Mean:   4.50
    Median: 4.50
    Std:    0.05

  Edge Collapse Ratio Statistics:
    Min:    0.573071
    Max:    0.699294
    Mean:   0.573159
    Median: 0.573074

  Degenerate Element Counts (of 11,826 analyzed):
    Inverted (volume < 0):             0 ( 0.00%)
    Near-zero volume (< 1e-10):   11,428 (96.63%)
    Poor aspect ratio (> 100):         0 ( 0.00%)
    Collapsed edges (< 1%):            0 ( 0.00%)
    ANY degenerate property:      11,428 (96.63%)

  Degenerate Elements by Type:
    Kuhn elements:      9,982/10,000 (99.82%)
    Non-Kuhn elements:  1,446/ 1,826 (79.19%)

  Volume Comparison:
    Kuhn mean:     6.897409e-12
    Non-Kuhn mean: 1.507401e-09
    Ratio:         218.546x

  Aspect Ratio Comparison:
    Kuhn mean:     4.50
    Non-Kuhn mean: 4.50
    Ratio:         1.000x

  Worst 10 Elements (by aspect ratio):
     1. Element  99,594 (Kuhn    ): aspect=     4.5, vol=8.124e-14, collapse=0.5731
     2. Element 115,009 (Kuhn    ): aspect=     4.5, vol=8.124e-14, collapse=0.5731
     3. Element 116,566 (Kuhn    ): aspect=     4.5, vol=8.124e-14, collapse=0.5731
     4. Element 118,590 (Kuhn    ): aspect=     4.5, vol=8.124e-14, collapse=0.5731
     5. Element 125,216 (Kuhn    ): aspect=     4.5, vol=8.124e-14, collapse=0.5731
     6. Element 125,403 (Kuhn    ): aspect=     4.5, vol=8.124e-14, collapse=0.5731
     7. Element 125,624 (Kuhn    ): aspect=     4.5, vol=8.124e-14, collapse=0.5731
     8. Element 126,444 (Kuhn    ): aspect=     4.5, vol=8.124e-14, collapse=0.5731
     9. Element 144,448 (Kuhn    ): aspect=     4.5, vol=8.124e-14, collapse=0.5731
    10. Element 159,099 (Kuhn    ): aspect=     4.5, vol=8.124e-14, collapse=0.5731

  Worst 10 Elements (by volume):
     1. Element 340,975 (Kuhn    ): vol=8.124e-14, aspect=     4.5, collapse=0.5731
     2. Element 362,306 (Kuhn    ): vol=8.124e-14, aspect=     4.5, collapse=0.5731
     3. Element 398,147 (Kuhn    ): vol=8.124e-14, aspect=     4.5, collapse=0.5731
     4. Element 399,561 (Kuhn    ): vol=8.124e-14, aspect=     4.5, collapse=0.5731
     5. Element 408,576 (Kuhn    ): vol=8.124e-14, aspect=     4.5, collapse=0.5731
     6. Element 706,585 (Kuhn    ): vol=8.124e-14, aspect=     4.5, collapse=0.5731
     7. Element 871,927 (Kuhn    ): vol=8.124e-14, aspect=     4.5, collapse=0.5731
     8. Element 878,497 (Kuhn    ): vol=8.124e-14, aspect=     4.5, collapse=0.5731
     9. Element 944,605 (Kuhn    ): vol=8.124e-14, aspect=     4.5, collapse=0.5731
    10. Element 1,127,122 (Kuhn    ): vol=8.124e-14, aspect=     4.5, collapse=0.5731

  Spatial Distribution of Degenerate Elements:
    X: min=-0.010781, max=0.009844
    Y: min=-0.010542, max=0.011181
    Z: min=-0.006094, max=-0.000020

================================================================================
Degenerate Element Diagnostic Complete
================================================================================

Recommendations:
  ⚠  Found 11,428 degenerate elements (96.63% of analyzed)
  ⚠  11,428 near-zero volume elements - NUMERICAL INSTABILITY
     → These amplify floating-point errors in barycentric coordinate calculation

  🔍 1,446/1,826 non-Kuhn elements are degenerate
     → These may be the transition elements causing particle loss!
