/home/arhashemi/Workspace/welding/JAXTrace/jaxtrace/io/registry.py:41: UserWarning: h5py not available. HDF5 I/O will be disabled
  from .hdf5_io import H5Series
✅ Enhanced VTK I/O available
✅ HDF5 I/O available
================================================================================
DETAILED RK4 STEP DIAGNOSIS
================================================================================

[1/4] Loading mesh and velocity...
Loading mesh: /home/arhashemi/Workspace/welding/Edgar/FLA/post/0eule/featurelessAvtk_120.pvtu
  Nodes: 780,922
  Elements: 3,048,900
  Loaded field 'Displacement': (780922, 3)
  Velocity field mean: 1.950221e-01 m/s

[2/4] Setting up mesh structures...
[1/5] Computing element centroids...
  Bounding box: min=[-0.02875006 -0.02172227 -0.00937501], max=[ 2.8750056e-02  2.1722268e-02 -1.9521895e-05]
[2/5] Computing Morton codes for 3,048,900 elements...
[3/5] Sorting elements by Morton code...
[4/5] Building adaptive octree (capacity=256)...
  Built 28,330 octree leaves
  Depth distribution:
    Depth 2: 51 leaves
    Depth 3: 59 leaves
    Depth 4: 179 leaves
    Depth 5: 529 leaves
    Depth 6: 4,019 leaves
    Depth 7: 23,493 leaves
[5/5] Building prefix table...
  Prefix table: 262,144 entries (depth=6)
  Memory: 2.0 MB (start + length arrays)
  Prefix sharing: 2,941 prefixes map to multiple leaves (max: 8)

[3/4] Creating custom RK4 with debug output...
Traceback (most recent call last):
  File "/home/arhashemi/Workspace/welding/JAXTrace/diagnose_rk4_step_detailed.py", line 158, in <module>
    rk4_debug = create_rk4_debug(
        mesh_gpu_connectivity,
    ...<4 lines>...
        l2_search_radius=2
    )
  File "/home/arhashemi/Workspace/welding/JAXTrace/diagnose_rk4_step_detailed.py", line 70, in create_rk4_debug
    from jaxtrace.gpu.search.morton_global_search import create_search_l0_l1_l2_single
ImportError: cannot import name 'create_search_l0_l1_l2_single' from 'jaxtrace.gpu.search.morton_global_search' (/home/arhashemi/Workspace/welding/JAXTrace/jaxtrace/gpu/search/morton_global_search.py)
