python diagnose_element_assignment_accuracy.py
ERROR:2026-01-14 11:46:18,348:jax._src.xla_bridge:475: Jax plugin configuration error: Exception when calling jax_plugins.xla_cuda13.initialize()
Traceback (most recent call last):
  File "/home/arhashemi/Workspace/welding/JAXTrace/.venv/lib/python3.13/site-packages/jax/_src/xla_bridge.py", line 473, in discover_pjrt_plugins
    plugin_module.initialize()
    ~~~~~~~~~~~~~~~~~~~~~~~~^^
  File "/home/arhashemi/Workspace/welding/JAXTrace/.venv/lib/python3.13/site-packages/jax_plugins/xla_cuda13/__init__.py", line 334, in initialize
    c_api = xb.register_plugin(
        'cuda', priority=500, library_path=str(path), options=options
    )
  File "/home/arhashemi/Workspace/welding/JAXTrace/.venv/lib/python3.13/site-packages/jax/_src/xla_bridge.py", line 609, in register_plugin
    c_api = xla_client.load_pjrt_plugin_dynamically(plugin_name, library_path)
  File "/home/arhashemi/Workspace/welding/JAXTrace/.venv/lib/python3.13/site-packages/jaxlib/xla_client.py", line 117, in load_pjrt_plugin_dynamically
    return _xla.load_pjrt_plugin(plugin_name, library_path, c_api=None)
           ~~~~~~~~~~~~~~~~~~~~~^^^^^^^^^^^^^^^^^^^^^^^^^^^^^^^^^^^^^^^
jax.errors.JaxRuntimeError: ALREADY_EXISTS: PJRT_Api already exists for device type cuda
✅ Enhanced VTK I/O available
/home/arhashemi/Workspace/welding/JAXTrace/jaxtrace/io/registry.py:41: UserWarning: h5py not available. HDF5 I/O will be disabled
  from .hdf5_io import H5Series
✅ HDF5 I/O available
================================================================================
ELEMENT ASSIGNMENT ACCURACY DIAGNOSTIC
================================================================================

1. Loading mesh...
Loading mesh: /home/arhashemi/Workspace/welding/Edgar/FLA/post/0eule/featurelessAvtk_120.pvtu
  Nodes: 780,922
  Elements: 3,048,900
  Loaded field 'Displacement': (780922, 3)
   Loaded: 3,048,900 elements, 780,922 nodes

1.5. Checking for duplicate nodes...
   Removed 209,749 duplicate nodes

2. Building Morton octree...
   Built: 24,550 leaves
   Uploaded to GPU: n_leaves=24,550, table_depth=7

3. Loading particle positions...
   No saved particles found. Generating test particles in refined region...
   Generated: 10000 test particles

4. Testing element assignment accuracy with cascading radius search...
   Method: cascading_fallback (same as production) -> verify with point_in_tet
   Initial radius: 500
   Fallback radii: [1000, 2000, 5000, 10000, 100000]
   Running cascading initial assignment...

  Initial search (radius=500) for all particles...
    Assigned: 9,305/10,000 (93.05%)

  Cascading fallback search for 695 unassigned particles...
    radius=1000: Searching 695 particles...
               Found: 314 (total: 9,619/10,000, 96.19%)
    radius=2000: Searching 381 particles...
               Found: 186 (total: 9,805/10,000, 98.05%)
    radius=5000: Searching 195 particles...
               Found: 153 (total: 9,958/10,000, 99.58%)
    radius=10000: Searching 42 particles...
               Found: 8 (total: 9,966/10,000, 99.66%)
    radius=100000: Searching 34 particles...
               Found: 34 (total: 10,000/10,000, 100.00%)

  Final assignment: 10,000/10,000 (100.00%)

   Verifying spatial accuracy with point_in_tet...
   Method 1: Barycentric coordinates (used in search code)...
   Method 2: Signed volume (independent verification)...

5. RESULTS:
   Total particles:        10000
   Assigned (elem >= 0):   10000 (100.00%)
   Unassigned (elem = -1): 0 (0.00%)

   Method 1 - Barycentric (used in search code):
     Correctly inside:     10000 (100.00%)
     WRONG (outside elem): 0 (0.00%)

   Method 2 - Signed Volume (independent):
     Correctly inside:     10000 (100.00%)
     WRONG (outside elem): 0 (0.00%)

   Method Comparison:
     Disagreements:        0 (0.00%)

6. ACCURACY CHECK PASSED:
   All assigned particles are correctly inside their elements.
   Wrong trajectories must be due to other issues (interpolation, RK4).

================================================================================
