
================================================================================
RIGOROUS DUPLICATE NODE ANALYSIS
================================================================================

This diagnostic determines if duplicate nodes are:
  1. TRUE duplicates from VTU piece boundaries (exact same position)
  2. FALSE duplicates from floating-point precision issues

================================================================================
Loading PVTU: /home/arhashemi/Workspace/welding/Edgar/FLA/post/0eule/featurelessAvtk_120.pvtu
================================================================================
  Nodes: 780,922
  Elements: 3,048,900

================================================================================
Analyzing mesh length scales
================================================================================

Domain size:
  X: 6.000000e-02 (-3.000000e-02 to 3.000000e-02)
  Y: 4.600000e-02 (-2.300000e-02 to 2.300000e-02)
  Z: 1.000000e-02 (-1.000000e-02 to 0.000000e+00)

Nearest-neighbor distances (sampled):
  Min: 7.812500e-05
  Max: 1.830604e-02
  Mean: 5.098375e-04
  Median: 4.207159e-04

Typical element size: 4.207159e-04
Relative to domain: 7.011932e-03

Floating-point precision analysis:
  float64 epsilon: 2.220446e-16
  Relative precision at domain scale: 1.332268e-17
  Relative precision at element scale: 9.341770e-20

Recommended duplicate detection tolerance:
  Conservative: 4.207159e-10 (1e-6 × element size)
  Aggressive:   4.207159e-13 (1e-9 × element size)

================================================================================
Finding EXACT duplicate nodes (bit-level equality)
================================================================================

Exact duplicates (bit-level equality):
  Duplicate positions: 182,586
  Duplicate nodes: 392,335
  Unique nodes: 388,587

Duplicate group sizes:
  Min: 2
  Max: 9
  Mean: 2.15

Distribution by group size:
  2 nodes: 160,981 groups
  3 nodes: 17,057 groups
  4 nodes: 3,790 groups
  5 nodes: 579 groups
  6 nodes: 128 groups
  7 nodes: 33 groups
  8 nodes: 14 groups
  9 nodes: 4 groups

================================================================================
Finding NEAR-duplicates (FP precision artifacts)
Tolerance: 4.21e-10
================================================================================

Node pairs within 4.21e-10:
  Total pairs: 243,831

Distance distribution:
  Min: 0.000000e+00
  Max: 0.000000e+00
  Mean: 0.000000e+00
  Median: 0.000000e+00

  Exactly zero distance: 243,831 pairs
  Non-zero distance: 0 pairs

================================================================================
Analyzing connectivity patterns of duplicate nodes
================================================================================

Sampling 100 duplicate groups...

Connectivity analysis (sampled):
  Element pairs sharing 3 nodes (would be face neighbors): 0
  Element pairs sharing <3 nodes: 0

⚠️  No face-sharing found in sample
   May need larger sample or different analysis

================================================================================
Verifying piece boundary hypothesis
================================================================================

Spatial distribution of duplicate nodes:
  X: [-3.000000e-02, 3.000000e-02]
     Mean: 3.256006e-05
     Std:  4.016923e-03
  Y: [-2.300000e-02, 2.300000e-02]
     Mean: 9.642923e-05
     Std:  3.953380e-03
  Z: [-1.000000e-02, 0.000000e+00]
     Mean: -1.752683e-03
     Std:  1.604188e-03

Checking for coordinate clustering (piece boundary signature):

  X-axis: Found 5 peaks above threshold
    This suggests piece boundaries at specific X coordinates!
    Peak 1: X=3.000000e-03 (47309 nodes)
    Peak 2: X=6.000000e-04 (46912 nodes)
    Peak 3: X=-3.000000e-03 (45977 nodes)

  Y-axis: Found 3 peaks above threshold
    This suggests piece boundaries at specific Y coordinates!
    Peak 1: Y=3.220000e-03 (46334 nodes)
    Peak 2: Y=4.600000e-04 (43703 nodes)
    Peak 3: Y=-3.220000e-03 (39939 nodes)

  Z-axis: Found 3 peaks above threshold
    This suggests piece boundaries at specific Z coordinates!
    Peak 1: Z=-3.000000e-04 (70810 nodes)
    Peak 2: Z=-1.000000e-04 (41704 nodes)
    Peak 3: Z=-5.000000e-04 (36346 nodes)

================================================================================
FINAL DIAGNOSIS
================================================================================

✅ Found 182,586 groups with EXACT duplicate nodes
   Total duplicate nodes: 392,335

   These are REAL duplicates, not floating-point artifacts!
   Bit-level equality confirms they're from VTU piece boundaries.

   ROOT CAUSE: vtkXMLPUnstructuredGridReader does NOT merge piece nodes.
   SOLUTION: Implement node deduplication preprocessing.

⚠️  Found near-duplicates beyond exact duplicates
   These may be floating-point precision issues
   Recommended tolerance: 4.207159e-10

================================================================================

