✅ Enhanced VTK I/O available
✅ HDF5 I/O available
================================================================================
DEFINITIVE DIAGNOSTIC: vmapped vs single-particle L2 search
================================================================================

[1/8] Loading mesh...
Loading mesh: data/FLA/post/0eule/featurelessAvtk_158.pvtu
  Nodes: 780,922
  Elements: 3,048,900
  Loaded field 'Displacement': (780922, 3)
Loading mesh: data/FLA/post/0eule/featurelessAvtk_159.pvtu
  Nodes: 780,922
  Elements: 3,048,900
  Loaded field 'Displacement': (780922, 3)
  571,173 nodes, 3,048,900 elements

[2/8] Building search structures...

Precomputed inverse matrices:
  Elements: 3,048,900
  Degenerate: 0 (0.0000%)
  Det range: [4.87e-13, 1.28e-07]
  Memory: 146,347,200 bytes (139.6 MB)
  Octree: 665,842 cells, 18.32 elem/cell
  Velocity fields shape: (2, 571173, 3)

[3/8] Loading VTU snapshots for steps (1683, 1690)...
  Found 2500 VTU files in output/benchmark_with_export/Mesh-Aligned_Multi-Cell_+_3×3×3_Local_(Option_A_-_Phase_2)
  Loaded steps: [1683, 1684, 1685, 1686, 1687, 1688, 1689, 1690]
  Total vanishing particles in range: 468
    Focus PID=265608 at step 1683: pos=(0.013020, -0.009078, -0.001867), elem=2226011
    Added 50 random vanishing particles

  Total test positions: 51

[4/8] Individual (non-vmapped) L2 search...
  Individual search: 51/51 found (100.0%)
  Time: 1.46s
  Mean tests: 105.6
    [PID=265608_step=1683] elem=2226011, tests=127
    [vanishing_PID=110422_step=1683] elem=40756, tests=106
    [vanishing_PID=66462_step=1683] elem=309628, tests=134
    [vanishing_PID=307908_step=1683] elem=309312, tests=68
    [vanishing_PID=88484_step=1686] elem=2226005, tests=69
    [vanishing_PID=311242_step=1683] elem=40981, tests=161
    [vanishing_PID=211964_step=1685] elem=2226007, tests=116
    [vanishing_PID=88282_step=1685] elem=40768, tests=169
    [vanishing_PID=291379_step=1683] elem=41064, tests=128
    [vanishing_PID=53514_step=1688] elem=518372, tests=153

[5/8] Vmapped (batch) L2 search...

  Testing batch_size=1...
    Time: 1.84s
    Matches: 1/1, Mismatches: 0/1

  Testing batch_size=2...
    Time: 1.99s
    Matches: 2/2, Mismatches: 0/2

  Testing batch_size=4...
    Time: 1.92s
    Matches: 4/4, Mismatches: 0/4

  Testing batch_size=8...
    Time: 1.98s
    Matches: 8/8, Mismatches: 0/8

  Testing batch_size=16...
    Time: 2.19s
    Matches: 16/16, Mismatches: 0/16

  Testing batch_size=32...
    Time: 2.14s
    Matches: 32/32, Mismatches: 0/32

[6/8] Full comparison at batch_size=32
  Results for 32 particles:
    Both found same element: 32
    Both found but DIFFERENT element: 0
    Individual found, vmap LOST: 0 *** THIS IS THE BUG ***
    Vmap found, individual lost: 0
    Both lost: 0

[7/10] Test full L0+L1+L2 hierarchy under vmap (L1 on vs off)...
  (This tests whether L1→L2 fallback is corrupted by vmap)
[1/5] Computing element centroids...
  Bounding box: min=[-0.03000006 -0.02300005 -0.01000001], max=[3.0000059e-02 2.3000047e-02 9.9999999e-09]
[2/5] Computing Morton codes for 3,048,900 elements...
[3/5] Sorting elements by Morton code...
[4/5] Building adaptive octree (capacity=256)...
  Built 24,550 octree leaves
  Depth distribution:
    Depth 2: 52 leaves
    Depth 3: 57 leaves
    Depth 4: 154 leaves
    Depth 5: 556 leaves
    Depth 6: 2,995 leaves
    Depth 7: 20,736 leaves
[5/5] Building prefix table...
  Prefix table: 2,097,152 entries (depth=7)
  Memory: 16.0 MB (start + length arrays)
  Prefix sharing: 0 prefixes map to multiple leaves (max: 1)
  Testing with 51 particles found by individual L2

  RK4 step with L1 ENABLED:
    Lost after 1 step: 50/51
    L0=97, L1=0, L2=24, miss=134

  RK4 step with L1 DISABLED (L0 → L2 only):
    Lost after 1 step: 50/51
    L0=97, L1=0, L2=24, miss=134

  *** COMPARISON (1 step) ***
    L1 enabled:  50 particles lost, 134 misses
    L1 disabled: 50 particles lost, 134 misses
    → Same particle loss (issue not in L1)

  Multi-step cascade test (10 steps):
    L1 ENABLED:
      Step 0: lost=50/51, L0=97, L1=0, L2=24, miss=134
      Step 1: lost=50/51, L0=5, L1=0, L2=0, miss=250
      Step 2: lost=50/51, L0=5, L1=0, L2=0, miss=250
      Step 3: lost=50/51, L0=5, L1=0, L2=0, miss=250
      Step 4: lost=50/51, L0=5, L1=0, L2=0, miss=250
      Step 5: lost=50/51, L0=5, L1=0, L2=0, miss=250
      Step 6: lost=51/51, L0=1, L1=0, L2=1, miss=253
      Step 7: lost=51/51, L0=0, L1=0, L2=0, miss=255
      Step 8: lost=51/51, L0=0, L1=0, L2=0, miss=255
      Step 9: lost=51/51, L0=0, L1=0, L2=0, miss=255

    L1 DISABLED:
      Step 0: lost=50/51, L0=97, L1=0, L2=24, miss=134
      Step 1: lost=50/51, L0=5, L1=0, L2=0, miss=250
      Step 2: lost=50/51, L0=5, L1=0, L2=0, miss=250
      Step 3: lost=50/51, L0=5, L1=0, L2=0, miss=250
      Step 4: lost=50/51, L0=5, L1=0, L2=0, miss=250
      Step 5: lost=50/51, L0=5, L1=0, L2=0, miss=250
      Step 6: lost=51/51, L0=1, L1=0, L2=1, miss=253
      Step 7: lost=51/51, L0=0, L1=0, L2=0, miss=255
      Step 8: lost=51/51, L0=0, L1=0, L2=0, miss=255
      Step 9: lost=51/51, L0=0, L1=0, L2=0, miss=255

[8/10] RK4 sub-step replay (single-particle GPU, no vmap)...
  Replaying RK4 sub-steps one at a time to capture failing positions.
  For each failure: brute-force check if position is inside ANY element.

  Mesh bbox: min=[-0.03  -0.023 -0.01 ], max=[0.03  0.023 0.   ]
  Replaying 15 particles through RK4 sub-steps

  ======================================================================
  PID=265608_step=1683
  pos  = [1.30200814e-02, -9.07836575e-03, -1.86693051e-03]
  elem = 2226011
  GPU PIT at start: inside=True
       k1: cached= 2226011 →   L0 elem= 2226011  |v|=7.0422e-03  disp=0.0000e+00  L2(127t)= 2226011  bbox=Y
       k2: cached= 2226011 →   L0 elem= 2226011  |v|=7.0422e-03  disp=8.8024e-06  L2(127t)= 2226011  bbox=Y
       k3: cached= 2226011 →   L0 elem= 2226011  |v|=7.0422e-03  disp=8.8024e-06  L2(127t)= 2226011  bbox=Y
       k4: cached= 2226011 →   L0 elem= 2226011  |v|=7.0422e-03  disp=1.7606e-05  L2(127t)= 2226011  bbox=Y
    final: cached= 2226011 →   L0 elem= 2226011  |v|=7.0422e-03  disp=1.7606e-05  L2(127t)= 2226011  bbox=Y
  ======================================================================
  vanishing_PID=80943_step=1684
  pos  = [5.09509910e-03, 1.32879950e-02, -9.39602312e-03]
  elem = 41181
  GPU PIT at start: inside=True
       k1: cached=   41181 →   L0 elem=   41181  |v|=6.0465e-03  disp=0.0000e+00  L2( 61t)=   41181  bbox=Y
       k2: cached=   41181 →   L0 elem=   41181  |v|=6.0465e-03  disp=7.5580e-06  L2( 61t)=   41181  bbox=Y
       k3: cached=   41181 →   L0 elem=   41181  |v|=6.0465e-03  disp=7.5580e-06  L2( 61t)=   41181  bbox=Y
       k4: cached=   41181 →   L2 elem=   40166  |v|=6.1084e-03  disp=1.5116e-05  L2(130t)=   40166  bbox=Y
    final: cached=   40166 →   L0 elem=   40166  |v|=6.1084e-03  disp=1.5142e-05  L2(130t)=   40166  bbox=Y
  ======================================================================
  vanishing_PID=2247_step=1685
  pos  = [7.21691595e-03, -3.58921848e-03, -5.28281275e-03]
  elem = 41964
  GPU PIT at start: inside=True
       k1: cached=   41964 →   L0 elem=   41964  |v|=7.0113e-03  disp=0.0000e+00  L2( 86t)=   41964  bbox=Y
       k2: cached=   41964 →   L2 elem=   40766  |v|=7.1909e-03  disp=8.7640e-06  L2(235t)=   40766  bbox=Y
       k3: cached=   40766 →   L0 elem=   40766  |v|=7.1909e-03  disp=8.9884e-06  L2(235t)=   40766  bbox=Y
       k4: cached=   40766 →   L0 elem=   40766  |v|=7.1909e-03  disp=1.7977e-05  L2(235t)=   40766  bbox=Y
    final: cached=   40766 →   L0 elem=   40766  |v|=7.1909e-03  disp=1.7901e-05  L2(235t)=   40766  bbox=Y
  ======================================================================
  vanishing_PID=55721_step=1685
  pos  = [9.58660152e-03, -5.79515612e-03, -2.89782463e-03]
  elem = 309626
  GPU PIT at start: inside=True
       k1: cached=  309626 →   L0 elem=  309626  |v|=7.0623e-03  disp=0.0000e+00  L2(158t)=  309626  bbox=Y
       k2: cached=  309626 →   L0 elem=  309626  |v|=7.0623e-03  disp=8.8277e-06  L2(158t)=  309626  bbox=Y
       k3: cached=  309626 →   L0 elem=  309626  |v|=7.0623e-03  disp=8.8277e-06  L2(158t)=  309626  bbox=Y
       k4: cached=  309626 →   L2 elem=   40825  |v|=7.1485e-03  disp=1.7656e-05  L2(475t)=   40825  bbox=Y
    final: cached=   40825 →   L0 elem=   40825  |v|=7.1485e-03  disp=1.7690e-05  L2(475t)=   40825  bbox=Y
  ======================================================================
  vanishing_PID=102483_step=1687
  pos  = [5.41067729e-03, 1.29767619e-02, -9.39399283e-03]
  elem = 41181
  GPU PIT at start: inside=True
       k1: cached=   41181 →   L0 elem=   41181  |v|=6.0465e-03  disp=0.0000e+00  L2( 61t)=   41181  bbox=Y
       k2: cached=   41181 →   L2 elem=   40166  |v|=6.1084e-03  disp=7.5580e-06  L2(130t)=   40166  bbox=Y
       k3: cached=   40166 →   L0 elem=   40166  |v|=6.1084e-03  disp=7.6355e-06  L2(130t)=   40166  bbox=Y
       k4: cached=   40166 →   L0 elem=   40166  |v|=6.1084e-03  disp=1.5271e-05  L2(130t)=   40166  bbox=Y
    final: cached=   40166 →   L0 elem=   40166  |v|=6.1084e-03  disp=1.5245e-05  L2(130t)=   40166  bbox=Y
  ======================================================================
  vanishing_PID=181160_step=1688
  pos  = [8.42246879e-03, 1.14842238e-04, -6.56316662e-03]
  elem = 40751
  GPU PIT at start: inside=True
       k1: cached=   40751 →   L0 elem=   40751  |v|=6.3308e-03  disp=0.0000e+00  L2( 87t)=   40751  bbox=Y
       k2: cached=   40751 →   L0 elem=   40751  |v|=6.3308e-03  disp=7.9135e-06  L2( 87t)=   40751  bbox=Y
       k3: cached=   40751 →   L0 elem=   40751  |v|=6.3308e-03  disp=7.9135e-06  L2( 87t)=   40751  bbox=Y
       k4: cached=   40751 →   L2 elem=   39719  |v|=6.7537e-03  disp=1.5827e-05  L2(166t)=   39719  bbox=Y
    final: cached=   39719 →   L0 elem=   39719  |v|=6.7537e-03  disp=1.6002e-05  L2(166t)=   39719  bbox=Y
  ======================================================================
  vanishing_PID=305783_step=1688
  pos  = [8.97829328e-03, 2.65623396e-03, -6.00903016e-03]
  elem = 40981
  GPU PIT at start: inside=True
       k1: cached=   40981 →   L0 elem=   40981  |v|=6.3307e-03  disp=0.0000e+00  L2(161t)=   40981  bbox=Y
       k2: cached=   40981 →   L0 elem=   40981  |v|=6.3307e-03  disp=7.9135e-06  L2(161t)=   40981  bbox=Y
       k3: cached=   40981 →   L0 elem=   40981  |v|=6.3307e-03  disp=7.9135e-06  L2(161t)=   40981  bbox=Y
       k4: cached=   40981 →   L2 elem=   40004  |v|=6.3643e-03  disp=1.5827e-05  L2(264t)=   40004  bbox=Y
    final: cached=   40004 →   L0 elem=   40004  |v|=6.3643e-03  disp=1.5839e-05  L2(264t)=   40004  bbox=Y
  ======================================================================
  vanishing_PID=50200_step=1687
  pos  = [9.39958170e-03, -6.45427173e-03, -3.08624795e-03]
  elem = 309657
  GPU PIT at start: inside=True
       k1: cached=  309657 →   L0 elem=  309657  |v|=7.1485e-03  disp=0.0000e+00  L2(110t)=  309657  bbox=Y
       k2: cached=  309657 →   L0 elem=  309657  |v|=7.1485e-03  disp=8.9359e-06  L2(110t)=  309657  bbox=Y
       k3: cached=  309657 →   L0 elem=  309657  |v|=7.1485e-03  disp=8.9359e-06  L2(110t)=  309657  bbox=Y
       k4: cached=  309657 →   L2 elem=   40825  |v|=7.1485e-03  disp=1.7871e-05  L2(426t)=   40825  bbox=Y
    final: cached=   40825 →   L0 elem=   40825  |v|=7.1485e-03  disp=1.7871e-05  L2(426t)=   40825  bbox=Y
  ======================================================================
  vanishing_PID=264111_step=1684
  pos  = [6.85629854e-03, 1.08763920e-02, -1.05602748e-03]
  elem = 517690
  GPU PIT at start: inside=True
       k1: cached=  517690 →   L0 elem=  517690  |v|=5.8795e-03  disp=0.0000e+00  L2(136t)=  517690  bbox=Y
       k2: cached=  517690 →   L2 elem=  517656  |v|=5.9263e-03  disp=7.3495e-06  L2(275t)=  517656  bbox=Y
       k3: cached=  517656 →   L0 elem=  517656  |v|=5.9263e-03  disp=7.4081e-06  L2(275t)=  517656  bbox=Y
       k4: cached=  517656 →   L0 elem=  517656  |v|=5.9263e-03  disp=1.4816e-05  L2(275t)=  517656  bbox=Y
    final: cached=  517656 →   L0 elem=  517656  |v|=5.9263e-03  disp=1.4795e-05  L2(275t)=  517656  bbox=Y
  ======================================================================
  vanishing_PID=302568_step=1687
  pos  = [1.30631207e-02, -1.34749785e-02, -1.93444500e-03]
  elem = 309312
  GPU PIT at start: inside=True
       k1: cached=  309312 →   L0 elem=  309312  |v|=7.0698e-03  disp=0.0000e+00  L2( 68t)=  309312  bbox=Y
       k2: cached=  309312 →   L2 elem=   39880  |v|=7.1182e-03  disp=8.8374e-06  L2(225t)=   39880  bbox=Y
       k3: cached=   39880 →   L0 elem=   39880  |v|=7.1182e-03  disp=8.8980e-06  L2(225t)=   39880  bbox=Y
       k4: cached=   39880 →   L0 elem=   39880  |v|=7.1182e-03  disp=1.7795e-05  L2(225t)=   39880  bbox=Y
    final: cached=   39880 →   L0 elem=   39880  |v|=7.1182e-03  disp=1.7775e-05  L2(225t)=   39880  bbox=Y
  ======================================================================
  vanishing_PID=163293_step=1683
  pos  = [1.07107274e-02, -7.92801753e-03, -4.27676830e-03]
  elem = 40840
  GPU PIT at start: inside=True
       k1: cached=   40840 →   L0 elem=   40840  |v|=7.0760e-03  disp=0.0000e+00  L2(156t)=   40840  bbox=Y
       k2: cached=   40840 →   L0 elem=   40840  |v|=7.0760e-03  disp=8.8448e-06  L2(156t)=   40840  bbox=Y
       k3: cached=   40840 →   L0 elem=   40840  |v|=7.0760e-03  disp=8.8448e-06  L2(156t)=   40840  bbox=Y
       k4: cached=   40840 →   L2 elem=   39902  |v|=7.0757e-03  disp=1.7690e-05  L2(379t)=   39902  bbox=Y
    final: cached=   39902 →   L0 elem=   39902  |v|=7.0757e-03  disp=1.7690e-05  L2(379t)=   39902  bbox=Y
  ======================================================================
  vanishing_PID=41259_step=1687
  pos  = [9.45719890e-03, 3.84562090e-03, -3.03503498e-03]
  elem = 1508076
  GPU PIT at start: inside=True
       k1: cached= 1508076 →   L0 elem= 1508076  |v|=6.0220e-03  disp=0.0000e+00  L2(143t)= 1508076  bbox=Y
       k2: cached= 1508076 →   L0 elem= 1508076  |v|=6.0220e-03  disp=7.5278e-06  L2(143t)= 1508076  bbox=Y
       k3: cached= 1508076 →   L0 elem= 1508076  |v|=6.0220e-03  disp=7.5278e-06  L2(143t)= 1508076  bbox=Y
       k4: cached= 1508076 →   L2 elem=   40988  |v|=6.2461e-03  disp=1.5055e-05  L2(385t)=   40988  bbox=Y
    final: cached=   40988 →   L0 elem=   40988  |v|=6.2461e-03  disp=1.5147e-05  L2(385t)=   40988  bbox=Y
  ======================================================================
  vanishing_PID=311242_step=1683
  pos  = [8.80904216e-03, 2.96160299e-03, -6.17814437e-03]
  elem = 40981
  GPU PIT at start: inside=True
       k1: cached=   40981 →   L0 elem=   40981  |v|=6.3307e-03  disp=0.0000e+00  L2(161t)=   40981  bbox=Y
       k2: cached=   40981 →   L0 elem=   40981  |v|=6.3307e-03  disp=7.9135e-06  L2(161t)=   40981  bbox=Y
       k3: cached=   40981 →   L0 elem=   40981  |v|=6.3307e-03  disp=7.9135e-06  L2(161t)=   40981  bbox=Y
       k4: cached=   40981 →   L2 elem=   40004  |v|=6.3640e-03  disp=1.5827e-05  L2(264t)=   40004  bbox=Y
    final: cached=   40004 →   L0 elem=   40004  |v|=6.3640e-03  disp=1.5839e-05  L2(264t)=   40004  bbox=Y
  ======================================================================
  vanishing_PID=313790_step=1683
  pos  = [1.33622792e-02, -1.12096509e-02, -1.62370002e-03]
  elem = 309301
  GPU PIT at start: inside=True
       k1: cached=  309301 →   L0 elem=  309301  |v|=7.0006e-03  disp=0.0000e+00  L2( 98t)=  309301  bbox=Y
       k2: cached=  309301 →   L0 elem=  309301  |v|=7.0006e-03  disp=8.7511e-06  L2( 98t)=  309301  bbox=Y
       k3: cached=  309301 →   L0 elem=  309301  |v|=7.0006e-03  disp=8.7511e-06  L2( 98t)=  309301  bbox=Y
       k4: cached=  309301 →   L2 elem=   39882  |v|=7.0751e-03  disp=1.7501e-05  L2(259t)=   39882  bbox=Y
    final: cached=   39882 →   L0 elem=   39882  |v|=7.0751e-03  disp=1.7531e-05  L2(259t)=   39882  bbox=Y
  ======================================================================
  vanishing_PID=53514_step=1688
  pos  = [3.35697876e-03, 1.06121078e-02, -5.14549960e-04]
  elem = 518372
  GPU PIT at start: inside=True
       k1: cached=  518372 →   L0 elem=  518372  |v|=5.5101e-03  disp=0.0000e+00  L2(153t)=  518372  bbox=Y
       k2: cached=  518372 →   L0 elem=  518372  |v|=5.5101e-03  disp=6.8877e-06  L2(153t)=  518372  bbox=Y
       k3: cached=  518372 →   L0 elem=  518372  |v|=5.5101e-03  disp=6.8877e-06  L2(153t)=  518372  bbox=Y
       k4: cached=  518372 →   L2 elem=  517718  |v|=5.5365e-03  disp=1.3775e-05  L2(314t)=  517718  bbox=Y
    final: cached=  517718 →   L0 elem=  517718  |v|=5.5365e-03  disp=1.3786e-05  L2(314t)=  517718  bbox=Y

[9/10] Analysis of L2 coverage at failing positions...
  No misses during sub-step replay! All 75 sub-steps found elements.

[10/10] Velocity magnitude analysis...
  Checking if 'Displacement' field values are realistic velocities.

    elem= 2226011: vel=(7.0351e-03, 3.1367e-04, -2.7820e-05), |v|=7.0422e-03
    elem=   40756: vel=(6.7943e-03, 7.1581e-04, 2.7022e-05), |v|=6.8320e-03
    elem=  309628: vel=(7.2169e-03, 7.8048e-04, 5.0814e-06), |v|=7.2590e-03
    elem=  309312: vel=(7.0683e-03, 1.4506e-04, -2.9660e-05), |v|=7.0698e-03
    elem= 2226005: vel=(6.8734e-03, 5.7448e-04, -1.4497e-05), |v|=6.8974e-03

  Velocity magnitudes: mean=6.7146e-03, max=7.2590e-03, min=5.5101e-03
  Max displacement in half-step (k2,k3): 9.073738e-06
  Max displacement in full-step  (k4):   1.814748e-05
  Mesh bbox size: [0.06  0.046 0.01 ]

================================================================================
SUMMARY
================================================================================
  Test positions: 51
  Individual L2 search found: 51/51
  Max vmap batch tested: 32
  Vmapped L2 search found: 32/32
  Exact matches: 32/32

  RK4 sub-step replay (15 particles):
    Total sub-steps: 75
    Misses: 0 (0.0%)

  Conclusions:
    No misses in single-particle replay but vmapped RK4 loses particles.
    This points to a vmap-specific compilation artifact.

Done.
