python3 diagnose_mesh_octree_structure.py
Loading mesh...
ERROR:2026-01-21 17:47:31,605:jax._src.xla_bridge:475: Jax plugin configuration error: Exception when calling jax_plugins.xla_cuda12.initialize()
Traceback (most recent call last):
  File "/home/arhashemi/Workspace/welding/JAXTrace/.venv/lib/python3.13/site-packages/jax/_src/xla_bridge.py", line 473, in discover_pjrt_plugins
    plugin_module.initialize()
    ~~~~~~~~~~~~~~~~~~~~~~~~^^
  File "/home/arhashemi/Workspace/welding/JAXTrace/.venv/lib/python3.13/site-packages/jax_plugins/xla_cuda12/__init__.py", line 334, in initialize
    c_api = xb.register_plugin(
        'cuda', priority=500, library_path=str(path), options=options
    )
  File "/home/arhashemi/Workspace/welding/JAXTrace/.venv/lib/python3.13/site-packages/jax/_src/xla_bridge.py", line 609, in register_plugin
    c_api = xla_client.load_pjrt_plugin_dynamically(plugin_name, library_path)
  File "/home/arhashemi/Workspace/welding/JAXTrace/.venv/lib/python3.13/site-packages/jaxlib/xla_client.py", line 117, in load_pjrt_plugin_dynamically
    return _xla.load_pjrt_plugin(plugin_name, library_path, c_api=None)
           ~~~~~~~~~~~~~~~~~~~~~^^^^^^^^^^^^^^^^^^^^^^^^^^^^^^^^^^^^^^^
jax.errors.JaxRuntimeError: ALREADY_EXISTS: PJRT_Api already exists for device type cuda
✅ Enhanced VTK I/O available
/home/arhashemi/Workspace/welding/JAXTrace/jaxtrace/io/registry.py:41: UserWarning: h5py not available. HDF5 I/O will be disabled
  from .hdf5_io import H5Series
✅ HDF5 I/O available

Loading velocity sequence:
  Pattern: featurelessAvtk_{timestep}.pvtu
  Range: 158-159 (2 timesteps)
  Field: 'Displacement'

  Loading mesh topology from: featurelessAvtk_158.pvtu
Loading mesh: /home/arhashemi/Workspace/welding/Edgar/FLA/post/0eule/featurelessAvtk_158.pvtu
  Nodes: 780,922
  Elements: 3,048,900
  Loaded field 'Displacement': (780922, 3)
    Nodes: 780,922
    Elements: 3,048,900

  Loading velocity fields:
Loading mesh: /home/arhashemi/Workspace/welding/Edgar/FLA/post/0eule/featurelessAvtk_159.pvtu
  Nodes: 780,922
  Elements: 3,048,900
  Loaded field 'Displacement': (780922, 3)
    Loaded 2/2 timesteps
    Memory: 17.9 MB
  Loaded: 3,048,900 elements, 780,922 nodes

================================================================================
Deduplicating nodes (fixing PVTU piece boundaries)
================================================================================
  Original nodes: 780,922
  Detecting exact duplicates...
  Unique nodes:   571,173
  Duplicate nodes: 209,749 (26.9%)

  Compacting node array...
  Remapping connectivity...
  Remapping velocity sequence...
    Original velocity: (2, 780922, 3)
    Remapped velocity: (2, 571173, 3)
  Validating...
  ✅ No degenerate elements

✅ Node deduplication complete!
  Removed 209,749 duplicate nodes
  Mesh size: 780,922 → 571,173 nodes
  Velocity arrays remapped: 2 timesteps
================================================================================

  After deduplication: 571,173 nodes (209,749 duplicates removed)
================================================================================
Diagnostic: Mesh Intrinsic Octree Structure
================================================================================

Mesh: 3,048,900 elements, 571,173 nodes

[1/5] Verifying axis-aligned edges (Kuhn property)...
  Sampling 10,000 elements...
    Checked 2,000/10,000 elements...
    Checked 4,000/10,000 elements...
    Checked 6,000/10,000 elements...
    Checked 8,000/10,000 elements...
    Checked 10,000/10,000 elements...

  Axis-aligned edges per element:
    Mean: 3.00
    Mode: 3
    Distribution: {np.int64(2): np.int64(2), np.int64(3): np.int64(9998)}
  ✅ Mesh has Kuhn structure (≥3 axis-aligned edges)

[2/5] Inferring octree cell IDs from element geometry...
  Inferring cell IDs for all elements...
    Processed 500,000/3,048,900 elements...
    Processed 1,000,000/3,048,900 elements...
    Processed 1,500,000/3,048,900 elements...
    Processed 2,000,000/3,048,900 elements...
    Processed 2,500,000/3,048,900 elements...
    Processed 3,000,000/3,048,900 elements...
  ✅ Inferred cell IDs for 3,048,900 elements

[2.5/5] DETAILED INSPECTION: Examining sample element geometry...
  (Understanding the true relationship between Kuhn tets and parent cubes)

  Inspecting 3 sample elements:

  Element 1550192 (level 14):
    Vertices:
      v0: (  0.00093750,  -0.00199653,  -0.00429688)
      v1: (  0.00085937,  -0.00191667,  -0.00429688)
      v2: (  0.00085937,  -0.00199653,  -0.00429688)
      v3: (  0.00093750,  -0.00199653,  -0.00421875)
    Axis-aligned edges:
      Edge v0-v2 (X): length=0.00007812
        From: (0.00093750, -0.00199653, -0.00429688)
        To:   (0.00085937, -0.00199653, -0.00429688)
      Edge v0-v3 (Z): length=0.00007812
        From: (0.00093750, -0.00199653, -0.00429688)
        To:   (0.00093750, -0.00199653, -0.00421875)
      Edge v1-v2 (Y): length=0.00007986
        From: (0.00085937, -0.00191667, -0.00429688)
        To:   (0.00085937, -0.00199653, -0.00429688)
    Inferred cell properties:
      Level: 14
      Size: 0.00007986 (grid scale: 16384)
      Grid indices: (14, -33, -71)
      Cell bounds:
        X: [0.00111806, 0.00119792]
        Y: [-0.00263542, -0.00255556]
        Z: [-0.00567014, -0.00559028]
      Vertex containment check:
        v0: ❌ OUTSIDE
          X too low: 0.00093750 < 0.00111806
          Y too high: -0.00199653 > -0.00255556
          Z too high: -0.00429688 > -0.00559028
        v1: ❌ OUTSIDE
          X too low: 0.00085937 < 0.00111806
          Y too high: -0.00191667 > -0.00255556
          Z too high: -0.00429688 > -0.00559028
        v2: ❌ OUTSIDE
          X too low: 0.00085937 < 0.00111806
          Y too high: -0.00199653 > -0.00255556
          Z too high: -0.00429688 > -0.00559028
        v3: ❌ OUTSIDE
          X too low: 0.00093750 < 0.00111806
          Y too high: -0.00199653 > -0.00255556
          Z too high: -0.00421875 > -0.00559028

  Element 1300391 (level 13):
    Vertices:
      v0: (  0.00718750,   0.00415278,  -0.00093750)
      v1: (  0.00734375,   0.00399306,  -0.00093750)
      v2: (  0.00734375,   0.00415278,  -0.00093750)
      v3: (  0.00734375,   0.00399306,  -0.00078125)
    Axis-aligned edges:
      Edge v0-v2 (X): length=0.00015625
        From: (0.00718750, 0.00415278, -0.00093750)
        To:   (0.00734375, 0.00415278, -0.00093750)
      Edge v1-v2 (Y): length=0.00015972
        From: (0.00734375, 0.00399306, -0.00093750)
        To:   (0.00734375, 0.00415278, -0.00093750)
      Edge v1-v3 (Z): length=0.00015625
        From: (0.00734375, 0.00399306, -0.00093750)
        To:   (0.00734375, 0.00399306, -0.00078125)
    Inferred cell properties:
      Level: 13
      Size: 0.00015972 (grid scale: 8192)
      Grid indices: (58, 32, -8)
      Cell bounds:
        X: [0.00926389, 0.00942361]
        Y: [0.00511111, 0.00527084]
        Z: [-0.00127778, -0.00111806]
      Vertex containment check:
        v0: ❌ OUTSIDE
          X too low: 0.00718750 < 0.00926389
          Y too low: 0.00415278 < 0.00511111
          Z too high: -0.00093750 > -0.00111806
        v1: ❌ OUTSIDE
          X too low: 0.00734375 < 0.00926389
          Y too low: 0.00399306 < 0.00511111
          Z too high: -0.00093750 > -0.00111806
        v2: ❌ OUTSIDE
          X too low: 0.00734375 < 0.00926389
          Y too low: 0.00415278 < 0.00511111
          Z too high: -0.00093750 > -0.00111806
        v3: ❌ OUTSIDE
          X too low: 0.00734375 < 0.00926389
          Y too low: 0.00399306 < 0.00511111
          Z too high: -0.00078125 > -0.00111806

  Element 937021 (level 12):
    Vertices:
      v0: (  0.00187500,   0.00127778,  -0.00062500)
      v1: (  0.00156250,   0.00159722,  -0.00093750)
      v2: (  0.00187500,   0.00159722,  -0.00062500)
      v3: (  0.00187500,   0.00159722,  -0.00093750)
    Axis-aligned edges:
      Edge v0-v2 (Y): length=0.00031944
        From: (0.00187500, 0.00127778, -0.00062500)
        To:   (0.00187500, 0.00159722, -0.00062500)
      Edge v1-v3 (X): length=0.00031250
        From: (0.00156250, 0.00159722, -0.00093750)
        To:   (0.00187500, 0.00159722, -0.00093750)
      Edge v2-v3 (Z): length=0.00031250
        From: (0.00187500, 0.00159722, -0.00062500)
        To:   (0.00187500, 0.00159722, -0.00093750)
    Inferred cell properties:
      Level: 12
      Size: 0.00031944 (grid scale: 4096)
      Grid indices: (6, 5, -4)
      Cell bounds:
        X: [0.00191667, 0.00223611]
        Y: [0.00159722, 0.00191667]
        Z: [-0.00127778, -0.00095833]
      Vertex containment check:
        v0: ❌ OUTSIDE
          X too low: 0.00187500 < 0.00191667
          Y too low: 0.00127778 < 0.00159722
          Z too high: -0.00062500 > -0.00095833
        v1: ❌ OUTSIDE
          X too low: 0.00156250 < 0.00191667
          Z too high: -0.00093750 > -0.00095833
        v2: ❌ OUTSIDE
          X too low: 0.00187500 < 0.00191667
          Z too high: -0.00062500 > -0.00095833
        v3: ❌ OUTSIDE
          X too low: 0.00187500 < 0.00191667
          Z too high: -0.00093750 > -0.00095833

  Detailed inspection complete.

[3/5] Analyzing octree depth distribution...
  Depth distribution:
    Level  8:      948 elements ( 0.03%)
    Level  9:    1,733 elements ( 0.06%)
    Level 10:    4,421 elements ( 0.15%)
    Level 11:   15,217 elements ( 0.50%)
    Level 12:   45,066 elements ( 1.48%)
    Level 13:  381,987 elements (12.53%)
    Level 14: 2,599,528 elements (85.26%)

  Depth statistics:
    Min level: 8
    Max level: 14
    Mean level: 13.82
    Median level: 14

[4/5] Counting elements per octree cell...
  Unique cells: 487,446
  Elements per cell:
    Mean: 6.25
    Median: 6
    Min: 1
    Max: 18
    Std: 1.49
    95th percentile: 12
    99th percentile: 12

  Elements/cell distribution (top 10):
     6 elements: 443,934 cells (91.07%)
    12 elements: 25,972 cells ( 5.33%)
     3 elements: 12,038 cells ( 2.47%)
     9 elements:  2,161 cells ( 0.44%)
     2 elements:  1,172 cells ( 0.24%)
     4 elements:    937 cells ( 0.19%)
     8 elements:    442 cells ( 0.09%)
    10 elements:    413 cells ( 0.08%)
    18 elements:    144 cells ( 0.03%)
     5 elements:     80 cells ( 0.02%)
  ✅ Element count per cell matches Kuhn subdivision (5-6 tets)

[5/5] Verifying element containment within cells...
  Sampling 1,000 elements to verify containment...
    Checked 200/1,000 elements...
    Checked 400/1,000 elements...
    Checked 600/1,000 elements...
    Checked 800/1,000 elements...
    Checked 1000/1,000 elements...

  Contained within inferred cell: 0.00%
  ⚠  WARNING: Some elements extend beyond cell boundaries

================================================================================
DIAGNOSTIC RESULTS
================================================================================

✅ Mesh has Kuhn structure (axis-aligned edges: 3.0 avg)
✅ Inferred 487,446 unique octree cells
✅ Depth range: 8-14
✅ Elements per cell: 6.3 ± 1.5
✅ Element containment: 0.0%

================================================================================
CONCLUSION
================================================================================

⚠  WARNING: Mesh structure may not be suitable for mesh-aligned octree
  - Consider fallback approach (coarse-depth multi-insert)
================================================================================
