ERROR:2026-01-08 11:07:13,560:jax._src.xla_bridge:475: Jax plugin configuration error: Exception when calling jax_plugins.xla_cuda12.initialize()
Traceback (most recent call last):
  File "/home/arhashemi/Workspace/welding/JAXTrace/.venv/lib/python3.13/site-packages/jax/_src/xla_bridge.py", line 473, in discover_pjrt_plugins
    plugin_module.initialize()
    ~~~~~~~~~~~~~~~~~~~~~~~~^^
  File "/home/arhashemi/Workspace/welding/JAXTrace/.venv/lib/python3.13/site-packages/jax_plugins/xla_cuda12/__init__.py", line 334, in initialize
    c_api = xb.register_plugin(
        'cuda', priority=500, library_path=str(path), options=options
    )
  File "/home/arhashemi/Workspace/welding/JAXTrace/.venv/lib/python3.13/site-packages/jax/_src/xla_bridge.py", line 609, in register_plugin
    c_api = xla_client.load_pjrt_plugin_dynamically(plugin_name, library_path)
  File "/home/arhashemi/Workspace/welding/JAXTrace/.venv/lib/python3.13/site-packages/jaxlib/xla_client.py", line 117, in load_pjrt_plugin_dynamically
    return _xla.load_pjrt_plugin(plugin_name, library_path, c_api=None)
           ~~~~~~~~~~~~~~~~~~~~~^^^^^^^^^^^^^^^^^^^^^^^^^^^^^^^^^^^^^^^
jax.errors.JaxRuntimeError: ALREADY_EXISTS: PJRT_Api already exists for device type cuda
/home/arhashemi/Workspace/welding/JAXTrace/jaxtrace/io/registry.py:41: UserWarning: h5py not available. HDF5 I/O will be disabled
  from .hdf5_io import H5Series
✅ Enhanced VTK I/O available
✅ HDF5 I/O available

================================================================================
PVTU PIECE BOUNDARY CONNECTIVITY DIAGNOSTIC
================================================================================

This diagnostic investigates if particle loss occurs at PVTU piece boundaries.

Key questions:
  1. Does VTK merge PVTU pieces properly (shared nodes)?
  2. Do elements across piece boundaries have face-based neighbors?
  3. Does Morton curve separate pieces spatially?

================================================================================
Loading PVTU with piece information
================================================================================
File: /home/arhashemi/Workspace/welding/Edgar/FLA/post/0eule/featurelessAvtk_120.pvtu

Merged mesh:
  Nodes: 780,922
  Elements: 3,048,900

Cell data arrays:
  - Stress: shape=(3048900, 6), dtype=float64
  - Strain: shape=(3048900, 6), dtype=float64

No explicit piece IDs found in cell data.
Note: VTK merges all pieces into a single mesh.

================================================================================
Detecting potential piece boundaries via spatial gaps
================================================================================
Computing 3,048,900 element centroids...

Domain bounding box:
  X: [-0.028750, 0.028750] (size: 0.057500)
  Y: [-0.021722, 0.021722] (size: 0.043444)
  Z: [-0.009375, -0.000020] (size: 0.009355)

Spatial distribution analysis (20³ grid):
  Occupied cells: 2,736 / 8,000
  Empty cells: 5,264
  Elements per occupied cell:
    Min: 1
    Max: 36,408
    Mean: 1114.4
    Std: 4914.9

⚠️  Found 5264 empty grid cells - pieces may be spatially separated!

================================================================================
Building face-based neighbor graph
================================================================================

Building element neighbors array for 3,048,900 elements...
  Method: face

Extracting element neighbors for 3,048,900 elements...
Building face-to-element map for 3,048,900 elements...
  Processed 500,000/3,048,900 elements...
  Processed 1,000,000/3,048,900 elements...
  Processed 1,500,000/3,048,900 elements...
  Processed 2,000,000/3,048,900 elements...
  Processed 2,500,000/3,048,900 elements...
  Processed 3,000,000/3,048,900 elements...
  Total unique faces: 6,438,428
Building neighbor lists...
  Processed 500,000/3,048,900 elements...
  Processed 1,000,000/3,048,900 elements...
  Processed 1,500,000/3,048,900 elements...
  Processed 2,000,000/3,048,900 elements...
  Processed 2,500,000/3,048,900 elements...
  Processed 3,000,000/3,048,900 elements...

AdjacencyStats(
  Elements: 3,048,900
  Total faces: 6,438,428
  Internal faces: 5,757,172
  Boundary faces: 681,256
  Neighbors per element: min=0, max=4, avg=3.78
)
  Converting to padded array (3048900, 4)...
  Elements with max neighbors: 2,399,456 (78.7%)
  Elements with < max neighbors: 649,444 (21.3%)
  Avg neighbors per element: 3.78
  Element neighbors array built successfully!

================================================================================
Analyzing neighbor connectivity patterns
================================================================================

Neighbor statistics:
  Elements with 0 neighbors: 4
  Elements with 1 neighbor:  532
  Elements with 2 neighbors: 30,736
  Elements with 3 neighbors: 618,172
  Elements with 4 neighbors: 2,399,456

================================================================================
Under-connected elements (<4 neighbors): 649,444 / 3,048,900 (21.30%)
================================================================================

Spatial distribution of under-connected elements:
  X: [-0.028750, 0.028750] (mean: -0.000084)
  Y: [-0.021722, 0.021722] (mean: 0.000097)
  Z: [-0.009375, -0.000020] (mean: -0.001559)

Nearest-neighbor distances between under-connected elements:
  Min: 2.762100e-05
  Max: 2.844888e-03
  Mean: 4.620072e-05
  Median: 2.792998e-05

⚠️  Under-connected elements are CLUSTERED (median NN distance < 0.001)
    This suggests piece boundaries or mesh defects!

================================================================================
Checking for duplicate nodes (piece boundary merging)
================================================================================

Node uniqueness check:
  Total nodes: 780,922
  Unique positions: 571,173
  Duplicate positions: 182,586

⚠️  WARNING: Found 182,586 positions with multiple nodes!
    This suggests PVTU pieces may not be properly merged!
    Elements across piece boundaries will NOT be neighbors!

  Elements using duplicate nodes: 1,417,423

================================================================================
Analyzing Morton curve spatial ordering
================================================================================

Building Morton octree...
  Leaves: 24,550
  Elements per leaf:
    Min: 1
    Max: 255
    Mean: 124.2

Analyzing spatial coherence of Morton leaves...

Spatial spread within leaves (first 100 leaves):
  Min: 6.388887e-04
  Max: 1.753332e-02
  Mean: 5.702492e-03
  Median: 3.509522e-03

⚠️  WARNING: Some leaves contain spatially distant elements!
    Max spread: 1.753332e-02
    This could indicate Morton curve is mixing pieces!

================================================================================
DIAGNOSIS SUMMARY
================================================================================

❌ CRITICAL ISSUE DETECTED:
   PVTU pieces have DUPLICATE NODES at boundaries!
   Elements across piece boundaries are NOT topologically connected!
   This WILL cause particle loss at piece boundaries!

   ROOT CAUSE: VTK is not merging piece nodes properly.
   SOLUTION: Regenerate PVTU files with proper node sharing,
             or post-process to merge duplicate nodes.

================================================================================
Diagnostic complete.
================================================================================

