✅ Enhanced VTK I/O available
✅ HDF5 I/O available
================================================================================
ROOT CAUSE DIAGNOSTIC: Particle Loss Investigation
================================================================================

[1/8] Loading mesh...
Loading mesh: data/FLA/post/0eule/featurelessAvtk_158.pvtu
  Nodes: 780,922
  Elements: 3,048,900
  Loaded field 'Displacement': (780922, 3)
Loading mesh: data/FLA/post/0eule/featurelessAvtk_159.pvtu
  Nodes: 780,922
  Elements: 3,048,900
  Loaded field 'Displacement': (780922, 3)
  780,922 raw nodes → 571,173 after dedup (209,749 removed)
  3,048,900 elements

[2/8] Building search structures...

Precomputed inverse matrices:
  Elements: 3,048,900
  Degenerate: 0 (0.0000%)
  Det range: [4.87e-13, 1.28e-07]
  Memory: 146,347,200 bytes (139.6 MB)
  Octree: 665,842 cells, 18.32 elem/cell

[3/8] Neighbor connectivity health check...
  Elements with missing face-neighbors: 357,737 / 3,048,900 (11.7%)
  Total missing faces: 360,630
    1 missing face(s): 354,846 elements
    2 missing face(s): 2,889 elements
    3 missing face(s): 2 elements

[4/8] Loading VTU exports for steps (1680, 1690)...
  Step 1680: 162,791 active
  Step 1681: 162,642 active
  Step 1682: 162,563 active
  Step 1683: 162,480 active
  Step 1684: 162,402 active
  Step 1685: 162,325 active
  Step 1686: 162,250 active
  Step 1687: 162,172 active
  Step 1688: 162,095 active
  Step 1689: 162,012 active
  Step 1690: 162,012 active
  Total vanishing events in range: 779
  WARNING: Forced PID 265608 not found vanishing in (1680, 1690). Searching all snapshots...
    Found at step 1680: pos=[ 0.01294973 -0.0090815  -0.00186665], elem=2226011
    Found at step 1681: pos=[ 0.01298491 -0.00907993 -0.00186679], elem=2226011
    Found at step 1682: pos=[ 0.01300249 -0.00907915 -0.00186686], elem=2226011
    Found at step 1683: pos=[ 0.01302008 -0.00907837 -0.00186693], elem=2226011
    Found at step 1684: pos=[ 0.01303767 -0.00907758 -0.001867  ], elem=2226011
    Found at step 1685: pos=[ 0.01305526 -0.0090768  -0.00186707], elem=2226011
    Found at step 1686: pos=[ 0.01307285 -0.00907601 -0.00186714], elem=2226011
    Found at step 1687: pos=[ 0.01309043 -0.00907523 -0.00186721], elem=2226011
    Found at step 1688: pos=[ 0.01310802 -0.00907444 -0.00186728], elem=2226011
    Found at step 1689: pos=[ 0.01312561 -0.00907366 -0.00186735], elem=2226011
    Found at step 1690: pos=[ 0.01312561 -0.00907366 -0.00186735], elem=2226011
  Replaying 30 events (0 forced + 30 sampled)

[5/8] RK4 sub-step replay (CPU + GPU verification)...
  Replaying each vanishing particle's last RK4 step on CPU,
  checking exactly where the search fails.


  ======================================================================
  Particle 109765 @ step 1680
  pos = [ 0.00940567 -0.00546703 -0.00558447]
  elem = 40768
       k1: L0=   40768  L1=   40768  L2cpu=   40768  L2gpu=   40768(169t)  → L0
           vel = [6.970247e-03, 5.468234e-04, 1.185502e-05]  |v| = 6.9917e-03
       k2: L0=   40768  L1=   40768  L2cpu=   40768  L2gpu=   40768(169t)  → L0
           vel = [6.969438e-03, 5.462204e-04, 1.176521e-05]  |v| = 6.9908e-03
       k3: L0=   40768  L1=   40768  L2cpu=   40768  L2gpu=   40768(169t)  → L0
           vel = [6.969438e-03, 5.462204e-04, 1.176521e-05]  |v| = 6.9908e-03
       k4: L0=      -1  L1=      -1  L2cpu=   39720  L2gpu=   39720(360t)  → L2_cpu
           vel = [6.968927e-03, 5.462043e-04, 1.175636e-05]  |v| = 6.9903e-03
    final: L0=   39720  L1=   39720  L2cpu=   39720  L2gpu=   39720(360t)  → L0
           vel = [6.968927e-03, 5.462043e-04, 1.175636e-05]  |v| = 6.9903e-03

  ======================================================================
  Particle 214227 @ step 1680
  pos = [ 0.00616684  0.0035664  -0.00532955]
  elem = 42370
       k1: L0=   42370  L1=   42370  L2cpu=   42370  L2gpu=   42370(105t)  → L0
           vel = [5.913562e-03, 8.203347e-04, 3.567591e-05]  |v| = 5.9703e-03
       k2: L0=   42370  L1=   42370  L2cpu=   42370  L2gpu=   42370(105t)  → L0
           vel = [5.914711e-03, 8.199122e-04, 3.568656e-05]  |v| = 5.9714e-03
       k3: L0=   42370  L1=   42370  L2cpu=   42370  L2gpu=   42370(105t)  → L0
           vel = [5.914711e-03, 8.199122e-04, 3.568656e-05]  |v| = 5.9714e-03
       k4: L0=      -1  L1=      -1  L2cpu=   40977  L2gpu=   40977(427t)  → L2_cpu
           vel = [5.915784e-03, 8.196288e-04, 3.569679e-05]  |v| = 5.9724e-03
    final: L0=   40977  L1=   40977  L2cpu=   40977  L2gpu=   40977(427t)  → L0
           vel = [5.915784e-03, 8.196288e-04, 3.569679e-05]  |v| = 5.9724e-03

  ======================================================================
  Particle 275177 @ step 1680
  pos = [ 0.00802701  0.01241747 -0.00696366]
  elem = 41064
       k1: L0=   41064  L1=   41064  L2cpu=   41064  L2gpu=   41064(128t)  → L0
           vel = [6.073170e-03, 1.427914e-04, 1.611565e-05]  |v| = 6.0749e-03
       k2: L0=   41064  L1=   41064  L2cpu=   41064  L2gpu=   41064(128t)  → L0
           vel = [6.073347e-03, 1.428267e-04, 1.610998e-05]  |v| = 6.0750e-03
       k3: L0=   41064  L1=   41064  L2cpu=   41064  L2gpu=   41064(128t)  → L0
           vel = [6.073347e-03, 1.428267e-04, 1.610998e-05]  |v| = 6.0750e-03
       k4: L0=      -1  L1=      -1  L2cpu=   40165  L2gpu=   40165(260t)  → L2_cpu
           vel = [6.073497e-03, 1.428918e-04, 1.610875e-05]  |v| = 6.0752e-03
    final: L0=   40165  L1=   40165  L2cpu=   40165  L2gpu=   40165(260t)  → L0
           vel = [6.073497e-03, 1.428918e-04, 1.610875e-05]  |v| = 6.0752e-03

  ======================================================================
  Particle 104783 @ step 1680
  pos = [ 0.00902068 -0.00361595 -0.00595499]
  elem = 40765
       k1: L0=   40765  L1=   40765  L2cpu=   40765  L2gpu=   40765(108t)  → L0
           vel = [6.887719e-03, 6.436539e-04, 2.173976e-05]  |v| = 6.9178e-03
       k2: L0=   40765  L1=   40765  L2cpu=   40765  L2gpu=   40765(108t)  → L0
           vel = [6.887186e-03, 6.426670e-04, 2.163179e-05]  |v| = 6.9171e-03
       k3: L0=   40765  L1=   40765  L2cpu=   40765  L2gpu=   40765(108t)  → L0
           vel = [6.887186e-03, 6.426670e-04, 2.163179e-05]  |v| = 6.9171e-03
       k4: L0=   40765  L1=   40765  L2cpu=   40765  L2gpu=   40765(108t)  → L0
           vel = [6.886653e-03, 6.416801e-04, 2.152381e-05]  |v| = 6.9165e-03
    final: L0=   40765  L1=   40765  L2cpu=   40765  L2gpu=   40765(108t)  → L0
           vel = [6.886653e-03, 6.416801e-04, 2.152381e-05]  |v| = 6.9165e-03

  ======================================================================
  Particle 45033 @ step 1680
  pos = [ 0.00824043 -0.00568618 -0.00423429]
  elem = 41851
       k1: L0=   41851  L1=   41851  L2cpu=   41851  L2gpu=   41851( 19t)  → L0
           vel = [7.137990e-03, 7.168397e-04, 2.707910e-05]  |v| = 7.1739e-03
       k2: L0=   41851  L1=   41851  L2cpu=   41851  L2gpu=   41851( 19t)  → L0
           vel = [7.136785e-03, 7.157449e-04, 2.693842e-05]  |v| = 7.1726e-03
       k3: L0=   41851  L1=   41851  L2cpu=   41851  L2gpu=   41851( 19t)  → L0
           vel = [7.136786e-03, 7.157449e-04, 2.693843e-05]  |v| = 7.1726e-03
       k4: L0=   41851  L1=   41851  L2cpu=   41851  L2gpu=   41851( 19t)  → L0
           vel = [7.135581e-03, 7.146501e-04, 2.679776e-05]  |v| = 7.1713e-03
    final: L0=   41851  L1=   41851  L2cpu=   41851  L2gpu=   41851( 19t)  → L0
           vel = [7.135581e-03, 7.146501e-04, 2.679776e-05]  |v| = 7.1713e-03

  ======================================================================
  Particle 286245 @ step 1681
  pos = [ 0.01256347 -0.01412321 -0.00242876]
  elem = 309312
       k1: L0=  309312  L1=  309312  L2cpu=  309312  L2gpu=  309312( 68t)  → L0
           vel = [7.063624e-03, 1.707080e-04, -2.139346e-05]  |v| = 7.0657e-03
       k2: L0=      -1  L1=      -1  L2cpu=   39880  L2gpu=   39880(225t)  → L2_cpu
           vel = [7.063424e-03, 1.706685e-04, -2.139305e-05]  |v| = 7.0655e-03
       k3: L0=   39880  L1=   39880  L2cpu=   39880  L2gpu=   39880(225t)  → L0
           vel = [7.063424e-03, 1.706685e-04, -2.139305e-05]  |v| = 7.0655e-03
       k4: L0=   39880  L1=   39880  L2cpu=   39880  L2gpu=   39880(225t)  → L0
           vel = [7.063192e-03, 1.706005e-04, -2.139576e-05]  |v| = 7.0653e-03
    final: L0=   39880  L1=   39880  L2cpu=   39880  L2gpu=   39880(225t)  → L0
           vel = [7.063192e-03, 1.706005e-04, -2.139576e-05]  |v| = 7.0653e-03

  ======================================================================
  Particle 61784 @ step 1682
  pos = [ 0.01272393 -0.00189129 -0.00227344]
  elem = 2607057
       k1: L0= 2607057  L1= 2607057  L2cpu= 2607057  L2gpu= 2607057( 62t)  → L0
           vel = [6.662123e-03, 5.878574e-04, 7.402821e-06]  |v| = 6.6880e-03
       k2: L0=      -1  L1=      -1  L2cpu=   39897  L2gpu=   39897(140t)  → L2_cpu
           vel = [6.661885e-03, 5.872813e-04, 7.371462e-06]  |v| = 6.6877e-03
       k3: L0=   39897  L1=   39897  L2cpu=   39897  L2gpu=   39897(140t)  → L0
           vel = [6.661885e-03, 5.872813e-04, 7.371463e-06]  |v| = 6.6877e-03
       k4: L0=   39897  L1=   39897  L2cpu=   39897  L2gpu=   39897(140t)  → L0
           vel = [6.661634e-03, 5.867545e-04, 7.332195e-06]  |v| = 6.6874e-03
    final: L0=   39897  L1=   39897  L2cpu=   39897  L2gpu=   39897(140t)  → L0
           vel = [6.661634e-03, 5.867545e-04, 7.332195e-06]  |v| = 6.6874e-03

  ======================================================================
  Particle 60941 @ step 1683
  pos = [ 0.00956768 -0.00675463 -0.00292098]
  elem = 309657
       k1: L0=  309657  L1=  309657  L2cpu=  309657  L2gpu=  309657(110t)  → L0
           vel = [7.112311e-03, 6.267456e-04, 2.493555e-06]  |v| = 7.1399e-03
       k2: L0=  309657  L1=  309657  L2cpu=  309657  L2gpu=  309657(110t)  → L0
           vel = [7.111256e-03, 6.259921e-04, 2.456235e-06]  |v| = 7.1388e-03
       k3: L0=  309657  L1=  309657  L2cpu=  309657  L2gpu=  309657(110t)  → L0
           vel = [7.111256e-03, 6.259922e-04, 2.456236e-06]  |v| = 7.1388e-03
       k4: L0=      -1  L1=      -1  L2cpu=   40825  L2gpu=   40825(426t)  → L2_cpu
           vel = [7.110369e-03, 6.253636e-04, 2.380405e-06]  |v| = 7.1378e-03
    final: L0=   40825  L1=   40825  L2cpu=   40825  L2gpu=   40825(426t)  → L0
           vel = [7.110369e-03, 6.253636e-04, 2.380405e-06]  |v| = 7.1378e-03

  ======================================================================
  Particle 19024 @ step 1683
  pos = [ 0.00576957 -0.00051614 -0.00922909]
  elem = 41142
       k1: L0=   41142  L1=   41142  L2cpu=   41142  L2gpu=   41142(117t)  → L0
           vel = [6.626123e-03, 5.964291e-04, 5.578719e-06]  |v| = 6.6529e-03
       k2: L0=      -1  L1=      -1  L2cpu=   40171  L2gpu=   40171(180t)  → L2_cpu
           vel = [6.626254e-03, 5.963220e-04, 5.567833e-06]  |v| = 6.6530e-03
       k3: L0=   40171  L1=   40171  L2cpu=   40171  L2gpu=   40171(180t)  → L0
           vel = [6.626254e-03, 5.963220e-04, 5.567833e-06]  |v| = 6.6530e-03
       k4: L0=   40171  L1=   40171  L2cpu=   40171  L2gpu=   40171(180t)  → L0
           vel = [6.626410e-03, 5.962535e-04, 5.567884e-06]  |v| = 6.6532e-03
    final: L0=   40171  L1=   40171  L2cpu=   40171  L2gpu=   40171(180t)  → L0
           vel = [6.626410e-03, 5.962535e-04, 5.567884e-06]  |v| = 6.6532e-03

  ======================================================================
  Particle 290915 @ step 1683
  pos = [ 0.00785676  0.00985631 -0.00392632]
  elem = 42549
       k1: L0=   42549  L1=   42549  L2cpu=   42549  L2gpu=   42549( 29t)  → L0
           vel = [5.957129e-03, 3.033460e-04, 3.440620e-05]  |v| = 5.9649e-03
       k2: L0=      -1  L1=      -1  L2cpu=   41025  L2gpu=   41025(353t)  → L2_cpu
           vel = [5.957611e-03, 3.032207e-04, 3.438945e-05]  |v| = 5.9654e-03
       k3: L0=   41025  L1=   41025  L2cpu=   41025  L2gpu=   41025(353t)  → L0
           vel = [5.957611e-03, 3.032207e-04, 3.438945e-05]  |v| = 5.9654e-03
       k4: L0=   41025  L1=   41025  L2cpu=   41025  L2gpu=   41025(353t)  → L0
           vel = [5.958072e-03, 3.031002e-04, 3.437200e-05]  |v| = 5.9659e-03
    final: L0=   41025  L1=   41025  L2cpu=   41025  L2gpu=   41025(353t)  → L0
           vel = [5.958072e-03, 3.031002e-04, 3.437200e-05]  |v| = 5.9659e-03

  ======================================================================
  Particle 262344 @ step 1683
  pos = [ 0.00912221  0.00145839 -0.00587666]
  elem = 40751
       k1: L0=   40751  L1=   40751  L2cpu=   40751  L2gpu=   40751( 95t)  → L0
           vel = [6.415204e-03, 6.923865e-04, 2.942723e-05]  |v| = 6.4525e-03
       k2: L0=      -1  L1=      -1  L2cpu=   39719  L2gpu=   39719(174t)  → L2_cpu
           vel = [6.414991e-03, 6.921618e-04, 2.942451e-05]  |v| = 6.4523e-03
       k3: L0=   39719  L1=   39719  L2cpu=   39719  L2gpu=   39719(174t)  → L0
           vel = [6.414991e-03, 6.921618e-04, 2.942451e-05]  |v| = 6.4523e-03
       k4: L0=   39719  L1=   39719  L2cpu=   39719  L2gpu=   39719(174t)  → L0
           vel = [6.414661e-03, 6.920385e-04, 2.942624e-05]  |v| = 6.4519e-03
    final: L0=   39719  L1=   39719  L2cpu=   39719  L2gpu=   39719(174t)  → L0
           vel = [6.414661e-03, 6.920385e-04, 2.942624e-05]  |v| = 6.4519e-03

  ======================================================================
  Particle 238302 @ step 1683
  pos = [ 0.01211291 -0.01072343 -0.00287985]
  elem = 40847
       k1: L0=   40847  L1=   40847  L2cpu=   40847  L2gpu=   40847( 98t)  → L0
           vel = [7.044834e-03, 2.915362e-04, -1.503165e-05]  |v| = 7.0509e-03
       k2: L0=      -1  L1=      -1  L2cpu=   39882  L2gpu=   39882(362t)  → L2_cpu
           vel = [7.044474e-03, 2.914001e-04, -1.502291e-05]  |v| = 7.0505e-03
       k3: L0=   39882  L1=   39882  L2cpu=   39882  L2gpu=   39882(362t)  → L0
           vel = [7.044474e-03, 2.914001e-04, -1.502291e-05]  |v| = 7.0505e-03
       k4: L0=   39882  L1=   39882  L2cpu=   39882  L2gpu=   39882(362t)  → L0
           vel = [7.044240e-03, 2.913440e-04, -1.502463e-05]  |v| = 7.0503e-03
    final: L0=   39882  L1=   39882  L2cpu=   39882  L2gpu=   39882(362t)  → L0
           vel = [7.044240e-03, 2.913440e-04, -1.502463e-05]  |v| = 7.0503e-03

  ======================================================================
  Particle 254928 @ step 1683
  pos = [ 0.01313942 -0.00841533 -0.00184982]
  elem = 2226011
       k1: L0= 2226011  L1= 2226011  L2cpu= 2226011  L2gpu= 2226011(134t)  → L0
           vel = [6.976687e-03, 3.542638e-04, -1.645749e-05]  |v| = 6.9857e-03
       k2: L0= 2226011  L1= 2226011  L2cpu= 2226011  L2gpu= 2226011(134t)  → L0
           vel = [6.976385e-03, 3.541054e-04, -1.645651e-05]  |v| = 6.9854e-03
       k3: L0= 2226011  L1= 2226011  L2cpu= 2226011  L2gpu= 2226011(134t)  → L0
           vel = [6.976385e-03, 3.541054e-04, -1.645651e-05]  |v| = 6.9854e-03
       k4: L0=      -1  L1=      -1  L2cpu=   39902  L2gpu=   39902(247t)  → L2_cpu
           vel = [6.976074e-03, 3.538881e-04, -1.646781e-05]  |v| = 6.9851e-03
    final: L0=   39902  L1=   39902  L2cpu=   39902  L2gpu=   39902(247t)  → L0
           vel = [6.976074e-03, 3.538881e-04, -1.646781e-05]  |v| = 6.9851e-03

  ======================================================================
  Particle 80943 @ step 1684
  pos = [ 0.0050951   0.013288   -0.00939602]
  elem = 41181
       k1: L0=   41181  L1=   41181  L2cpu=   41181  L2gpu=   41181( 61t)  → L0
           vel = [6.053173e-03, 7.986291e-05, 2.706589e-06]  |v| = 6.0537e-03
       k2: L0=   41181  L1=   41181  L2cpu=   41181  L2gpu=   41181( 61t)  → L0
           vel = [6.053317e-03, 7.995580e-05, 2.703734e-06]  |v| = 6.0538e-03
       k3: L0=   41181  L1=   41181  L2cpu=   41181  L2gpu=   41181( 61t)  → L0
           vel = [6.053317e-03, 7.995580e-05, 2.703734e-06]  |v| = 6.0538e-03
       k4: L0=      -1  L1=      -1  L2cpu=   40166  L2gpu=   40166(130t)  → L2_cpu
           vel = [6.053405e-03, 8.001276e-05, 2.699071e-06]  |v| = 6.0539e-03
    final: L0=   40166  L1=   40166  L2cpu=   40166  L2gpu=   40166(130t)  → L0
           vel = [6.053405e-03, 8.001276e-05, 2.699071e-06]  |v| = 6.0539e-03

  ======================================================================
  Particle 124004 @ step 1684
  pos = [ 0.00538973  0.01237897 -0.00230571]
  elem = 1508030
       k1: L0= 1508030  L1= 1508030  L2cpu= 1508030  L2gpu= 1508030( 57t)  → L0
           vel = [5.918416e-03, 1.645945e-04, 4.854459e-05]  |v| = 5.9209e-03
       k2: L0=      -1  L1=      -1  L2cpu=  517656  L2gpu=  517656(326t)  → L2_cpu
           vel = [5.918698e-03, 1.646762e-04, 4.852580e-05]  |v| = 5.9212e-03
       k3: L0=  517656  L1=  517656  L2cpu=  517656  L2gpu=  517656(326t)  → L0
           vel = [5.918698e-03, 1.646762e-04, 4.852580e-05]  |v| = 5.9212e-03
       k4: L0=  517656  L1=  517656  L2cpu=  517656  L2gpu=  517656(326t)  → L0
           vel = [5.918970e-03, 1.647551e-04, 4.850701e-05]  |v| = 5.9215e-03
    final: L0=  517656  L1=  517656  L2cpu=  517656  L2gpu=  517656(326t)  → L0
           vel = [5.918970e-03, 1.647551e-04, 4.850701e-05]  |v| = 5.9215e-03

  ======================================================================
  Particle 264436 @ step 1684
  pos = [ 0.00786002  0.01274668 -0.00713367]
  elem = 41064
       k1: L0=   41064  L1=   41064  L2cpu=   41064  L2gpu=   41064(128t)  → L0
           vel = [6.076029e-03, 1.299609e-04, 1.521140e-05]  |v| = 6.0774e-03
       k2: L0=      -1  L1=      -1  L2cpu=   40165  L2gpu=   40165(260t)  → L2_cpu
           vel = [6.076200e-03, 1.300032e-04, 1.520670e-05]  |v| = 6.0776e-03
       k3: L0=   40165  L1=   40165  L2cpu=   40165  L2gpu=   40165(260t)  → L0
           vel = [6.076200e-03, 1.300032e-04, 1.520670e-05]  |v| = 6.0776e-03
       k4: L0=   40165  L1=   40165  L2cpu=   40165  L2gpu=   40165(260t)  → L0
           vel = [6.076342e-03, 1.300778e-04, 1.520680e-05]  |v| = 6.0778e-03
    final: L0=   40165  L1=   40165  L2cpu=   40165  L2gpu=   40165(260t)  → L0
           vel = [6.076342e-03, 1.300778e-04, 1.520680e-05]  |v| = 6.0778e-03

  ======================================================================
  Particle 243763 @ step 1685
  pos = [ 0.01229246 -0.01040773 -0.00270682]
  elem = 40847
       k1: L0=   40847  L1=   40847  L2cpu=   40847  L2gpu=   40847( 98t)  → L0
           vel = [7.037146e-03, 3.044817e-04, -1.481494e-05]  |v| = 7.0437e-03
       k2: L0=      -1  L1=      -1  L2cpu=   39882  L2gpu=   39882(362t)  → L2_cpu
           vel = [7.036899e-03, 3.044184e-04, -1.481558e-05]  |v| = 7.0435e-03
       k3: L0=   39882  L1=   39882  L2cpu=   39882  L2gpu=   39882(362t)  → L0
           vel = [7.036899e-03, 3.044184e-04, -1.481558e-05]  |v| = 7.0435e-03
       k4: L0=   39882  L1=   39882  L2cpu=   39882  L2gpu=   39882(362t)  → L0
           vel = [7.036665e-03, 3.043631e-04, -1.481725e-05]  |v| = 7.0433e-03
    final: L0=   39882  L1=   39882  L2cpu=   39882  L2gpu=   39882(362t)  → L0
           vel = [7.036665e-03, 3.043631e-04, -1.481725e-05]  |v| = 7.0433e-03

  ======================================================================
  Particle 269373 @ step 1685
  pos = [ 0.00753656  0.0101726  -0.00425511]
  elem = 42549
       k1: L0=   42549  L1=   42549  L2cpu=   42549  L2gpu=   42549( 29t)  → L0
           vel = [5.952106e-03, 2.799061e-04, 3.370338e-05]  |v| = 5.9588e-03
       k2: L0=   42549  L1=   42549  L2cpu=   42549  L2gpu=   42549( 29t)  → L0
           vel = [5.952708e-03, 2.797572e-04, 3.369038e-05]  |v| = 5.9594e-03
       k3: L0=   42549  L1=   42549  L2cpu=   42549  L2gpu=   42549( 29t)  → L0
           vel = [5.952708e-03, 2.797572e-04, 3.369038e-05]  |v| = 5.9594e-03
       k4: L0=      -1  L1=      -1  L2cpu=   41025  L2gpu=   41025(353t)  → L2_cpu
           vel = [5.953244e-03, 2.796223e-04, 3.367533e-05]  |v| = 5.9599e-03
    final: L0=   41025  L1=   41025  L2cpu=   41025  L2gpu=   41025(353t)  → L0
           vel = [5.953244e-03, 2.796223e-04, 3.367533e-05]  |v| = 5.9599e-03

  ======================================================================
  Particle 286426 @ step 1685
  pos = [ 0.01273495 -0.01317727 -0.00226395]
  elem = 309312
       k1: L0=  309312  L1=  309312  L2cpu=  309312  L2gpu=  309312( 68t)  → L0
           vel = [7.053931e-03, 1.896246e-04, -2.232174e-05]  |v| = 7.0565e-03
       k2: L0=      -1  L1=      -1  L2cpu=   39880  L2gpu=   39880(225t)  → L2_cpu
           vel = [7.053704e-03, 1.895613e-04, -2.232401e-05]  |v| = 7.0563e-03
       k3: L0=   39880  L1=   39880  L2cpu=   39880  L2gpu=   39880(225t)  → L0
           vel = [7.053704e-03, 1.895613e-04, -2.232401e-05]  |v| = 7.0563e-03
       k4: L0=   39880  L1=   39880  L2cpu=   39880  L2gpu=   39880(225t)  → L0
           vel = [7.053471e-03, 1.894940e-04, -2.232673e-05]  |v| = 7.0561e-03
    final: L0=   39880  L1=   39880  L2cpu=   39880  L2gpu=   39880(225t)  → L0
           vel = [7.053471e-03, 1.894940e-04, -2.232673e-05]  |v| = 7.0561e-03

  ======================================================================
  Particle 269374 @ step 1686
  pos = [ 0.00753635  0.01017556 -0.00408815]
  elem = 42549
       k1: L0=   42549  L1=   42549  L2cpu=   42549  L2gpu=   42549( 29t)  → L0
           vel = [5.947355e-03, 2.828081e-04, 3.461619e-05]  |v| = 5.9542e-03
       k2: L0=   42549  L1=   42549  L2cpu=   42549  L2gpu=   42549( 29t)  → L0
           vel = [5.947956e-03, 2.826591e-04, 3.460322e-05]  |v| = 5.9548e-03
       k3: L0=   42549  L1=   42549  L2cpu=   42549  L2gpu=   42549( 29t)  → L0
           vel = [5.947956e-03, 2.826591e-04, 3.460322e-05]  |v| = 5.9548e-03
       k4: L0=      -1  L1=      -1  L2cpu=   41025  L2gpu=   41025(353t)  → L2_cpu
           vel = [5.948444e-03, 2.825345e-04, 3.458666e-05]  |v| = 5.9553e-03
    final: L0=   41025  L1=   41025  L2cpu=   41025  L2gpu=   41025(353t)  → L0
           vel = [5.948444e-03, 2.825345e-04, 3.458666e-05]  |v| = 5.9553e-03

  ======================================================================
  Particle 319131 @ step 1686
  pos = [ 0.01353477 -0.01146687 -0.00146171]
  elem = 309301
       k1: L0=  309301  L1=  309301  L2cpu=  309301  L2gpu=  309301( 98t)  → L0
           vel = [7.018882e-03, 2.518640e-04, -2.189561e-05]  |v| = 7.0234e-03
       k2: L0=      -1  L1=      -1  L2cpu=   39882  L2gpu=   39882(259t)  → L2_cpu
           vel = [7.018655e-03, 2.517997e-04, -2.189490e-05]  |v| = 7.0232e-03
       k3: L0=   39882  L1=   39882  L2cpu=   39882  L2gpu=   39882(259t)  → L0
           vel = [7.018655e-03, 2.517997e-04, -2.189490e-05]  |v| = 7.0232e-03
       k4: L0=   39882  L1=   39882  L2cpu=   39882  L2gpu=   39882(259t)  → L0
           vel = [7.018422e-03, 2.517417e-04, -2.189671e-05]  |v| = 7.0230e-03
    final: L0=   39882  L1=   39882  L2cpu=   39882  L2gpu=   39882(259t)  → L0
           vel = [7.018422e-03, 2.517417e-04, -2.189671e-05]  |v| = 7.0230e-03

  ======================================================================
  Particle 126743 @ step 1686
  pos = [ 0.00895947 -0.00190629 -0.00603332]
  elem = 40762
       k1: L0=   40762  L1=   40762  L2cpu=   40762  L2gpu=   40762( 87t)  → L0
           vel = [6.749908e-03, 6.922078e-04, 2.266939e-05]  |v| = 6.7853e-03
       k2: L0=      -1  L1=      -1  L2cpu=   39719  L2gpu=   39719(143t)  → L2_cpu
           vel = [6.749835e-03, 6.911065e-04, 2.259524e-05]  |v| = 6.7852e-03
       k3: L0=   39719  L1=   39719  L2cpu=   39719  L2gpu=   39719(143t)  → L0
           vel = [6.749835e-03, 6.911065e-04, 2.259524e-05]  |v| = 6.7852e-03
       k4: L0=   39719  L1=   39719  L2cpu=   39719  L2gpu=   39719(143t)  → L0
           vel = [6.749492e-03, 6.909764e-04, 2.259693e-05]  |v| = 6.7848e-03
    final: L0=   39719  L1=   39719  L2cpu=   39719  L2gpu=   39719(143t)  → L0
           vel = [6.749492e-03, 6.909764e-04, 2.259693e-05]  |v| = 6.7848e-03

  ======================================================================
  Particle 221980 @ step 1686
  pos = [ 0.01177246 -0.0113587  -0.00322619]
  elem = 40847
       k1: L0=   40847  L1=   40847  L2cpu=   40847  L2gpu=   40847( 98t)  → L0
           vel = [7.059433e-03, 2.651122e-04, -1.545260e-05]  |v| = 7.0644e-03
       k2: L0=      -1  L1=      -1  L2cpu=   39882  L2gpu=   39882(362t)  → L2_cpu
           vel = [7.059175e-03, 2.650395e-04, -1.545245e-05]  |v| = 7.0642e-03
       k3: L0=   39882  L1=   39882  L2cpu=   39882  L2gpu=   39882(362t)  → L0
           vel = [7.059175e-03, 2.650395e-04, -1.545245e-05]  |v| = 7.0642e-03
       k4: L0=   39882  L1=   39882  L2cpu=   39882  L2gpu=   39882(362t)  → L0
           vel = [7.058941e-03, 2.649818e-04, -1.545425e-05]  |v| = 7.0639e-03
    final: L0=   39882  L1=   39882  L2cpu=   39882  L2gpu=   39882(362t)  → L0
           vel = [7.058941e-03, 2.649818e-04, -1.545425e-05]  |v| = 7.0639e-03

  ======================================================================
  Particle 137069 @ step 1686
  pos = [ 0.01009538 -0.00406869 -0.00489396]
  elem = 40830
       k1: L0=   40830  L1=   40830  L2cpu=   40830  L2gpu=   40830( 37t)  → L0
           vel = [6.871065e-03, 6.321348e-04, 1.859148e-05]  |v| = 6.9001e-03
       k2: L0=   40830  L1=   40830  L2cpu=   40830  L2gpu=   40830( 37t)  → L0
           vel = [6.870442e-03, 6.313022e-04, 1.857423e-05]  |v| = 6.8994e-03
       k3: L0=   40830  L1=   40830  L2cpu=   40830  L2gpu=   40830( 37t)  → L0
           vel = [6.870442e-03, 6.313022e-04, 1.857422e-05]  |v| = 6.8994e-03
       k4: L0=      -1  L1=      -1  L2cpu=   39894  L2gpu=   39894(217t)  → L2_cpu
           vel = [6.870031e-03, 6.309462e-04, 1.856152e-05]  |v| = 6.8990e-03
    final: L0=   39894  L1=   39894  L2cpu=   39894  L2gpu=   39894(217t)  → L0
           vel = [6.870031e-03, 6.309462e-04, 1.856152e-05]  |v| = 6.8990e-03

  ======================================================================
  Particle 34177 @ step 1686
  pos = [ 0.00893605 -0.00562983 -0.00354988]
  elem = 309628
       k1: L0=  309628  L1=  309628  L2cpu=  309628  L2gpu=  309628(134t)  → L0
           vel = [7.097787e-03, 7.266981e-04, 1.797541e-05]  |v| = 7.1349e-03
       k2: L0=  309628  L1=  309628  L2cpu=  309628  L2gpu=  309628(134t)  → L0
           vel = [7.096729e-03, 7.259601e-04, 1.793880e-05]  |v| = 7.1338e-03
       k3: L0=  309628  L1=  309628  L2cpu=  309628  L2gpu=  309628(134t)  → L0
           vel = [7.096729e-03, 7.259601e-04, 1.793880e-05]  |v| = 7.1338e-03
       k4: L0=      -1  L1=      -1  L2cpu=   40825  L2gpu=   40825(475t)  → L2_cpu
           vel = [7.095766e-03, 7.252924e-04, 1.788051e-05]  |v| = 7.1328e-03
    final: L0=   40825  L1=   40825  L2cpu=   40825  L2gpu=   40825(475t)  → L0
           vel = [7.095766e-03, 7.252924e-04, 1.788051e-05]  |v| = 7.1328e-03

  ======================================================================
  Particle 115823 @ step 1687
  pos = [ 0.00899513 -0.00256788 -0.00599491]
  elem = 40756
       k1: L0=   40756  L1=   40756  L2cpu=   40756  L2gpu=   40756(106t)  → L0
           vel = [6.814676e-03, 6.931028e-04, 2.177692e-05]  |v| = 6.8499e-03
       k2: L0=   40756  L1=   40756  L2cpu=   40756  L2gpu=   40756(106t)  → L0
           vel = [6.814129e-03, 6.921257e-04, 2.166607e-05]  |v| = 6.8492e-03
       k3: L0=   40756  L1=   40756  L2cpu=   40756  L2gpu=   40756(106t)  → L0
           vel = [6.814129e-03, 6.921257e-04, 2.166608e-05]  |v| = 6.8492e-03
       k4: L0=      -1  L1=      -1  L2cpu=   39718  L2gpu=   39718(211t)  → L2_cpu
           vel = [6.813768e-03, 6.918837e-04, 2.164700e-05]  |v| = 6.8488e-03
    final: L0=   39718  L1=   39718  L2cpu=   39718  L2gpu=   39718(211t)  → L0
           vel = [6.813768e-03, 6.918837e-04, 2.164700e-05]  |v| = 6.8488e-03

  ======================================================================
  Particle 115882 @ step 1687
  pos = [ 0.00879644 -0.00218776 -0.00619791]
  elem = 40762
       k1: L0=   40762  L1=   40762  L2cpu=   40762  L2gpu=   40762( 87t)  → L0
           vel = [6.780800e-03, 6.883291e-04, 2.126296e-05]  |v| = 6.8157e-03
       k2: L0=      -1  L1=      -1  L2cpu=   39719  L2gpu=   39719(143t)  → L2_cpu
           vel = [6.780668e-03, 6.874371e-04, 2.120518e-05]  |v| = 6.8155e-03
       k3: L0=   39719  L1=   39719  L2cpu=   39719  L2gpu=   39719(143t)  → L0
           vel = [6.780668e-03, 6.874371e-04, 2.120518e-05]  |v| = 6.8155e-03
       k4: L0=   39719  L1=   39719  L2cpu=   39719  L2gpu=   39719(143t)  → L0
           vel = [6.780323e-03, 6.873063e-04, 2.120685e-05]  |v| = 6.8151e-03
    final: L0=   39719  L1=   39719  L2cpu=   39719  L2gpu=   39719(143t)  → L0
           vel = [6.780323e-03, 6.873063e-04, 2.120685e-05]  |v| = 6.8151e-03

  ======================================================================
  Particle 71863 @ step 1687
  pos = [ 0.00991158 -0.00611328 -0.00257659]
  elem = 309626
       k1: L0=  309626  L1=  309626  L2cpu=  309626  L2gpu=  309626(158t)  → L0
           vel = [7.066858e-03, 6.910445e-04, 1.999685e-06]  |v| = 7.1006e-03
       k2: L0=  309626  L1=  309626  L2cpu=  309626  L2gpu=  309626(158t)  → L0
           vel = [7.065780e-03, 6.898388e-04, 1.931780e-06]  |v| = 7.0994e-03
       k3: L0=  309626  L1=  309626  L2cpu=  309626  L2gpu=  309626(158t)  → L0
           vel = [7.065781e-03, 6.898389e-04, 1.931782e-06]  |v| = 7.0994e-03
       k4: L0=      -1  L1=      -1  L2cpu=   40825  L2gpu=   40825(475t)  → L2_cpu
           vel = [7.064872e-03, 6.890533e-04, 1.849692e-06]  |v| = 7.0984e-03
    final: L0=   40825  L1=   40825  L2cpu=   40825  L2gpu=   40825(475t)  → L0
           vel = [7.064872e-03, 6.890533e-04, 1.849692e-06]  |v| = 7.0984e-03

  ======================================================================
  Particle 305783 @ step 1688
  pos = [ 0.00897829  0.00265623 -0.00600903]
  elem = 40981
       k1: L0=   40981  L1=   40981  L2cpu=   40981  L2gpu=   40981(161t)  → L0
           vel = [6.264910e-03, 6.673073e-04, 2.869690e-05]  |v| = 6.3004e-03
       k2: L0=   40981  L1=   40981  L2cpu=   40981  L2gpu=   40981(161t)  → L0
           vel = [6.265617e-03, 6.668296e-04, 2.869555e-05]  |v| = 6.3011e-03
       k3: L0=   40981  L1=   40981  L2cpu=   40981  L2gpu=   40981(161t)  → L0
           vel = [6.265617e-03, 6.668296e-04, 2.869555e-05]  |v| = 6.3011e-03
       k4: L0=      -1  L1=      -1  L2cpu=   40004  L2gpu=   40004(264t)  → L2_cpu
           vel = [6.266138e-03, 6.664918e-04, 2.869441e-05]  |v| = 6.3015e-03
    final: L0=   40004  L1=   40004  L2cpu=   40004  L2gpu=   40004(264t)  → L0
           vel = [6.266138e-03, 6.664918e-04, 2.869441e-05]  |v| = 6.3015e-03

  ======================================================================
  Particle 249104 @ step 1688
  pos = [ 0.01245014 -0.01070878 -0.00254209]
  elem = 40847
       k1: L0=   40847  L1=   40847  L2cpu=   40847  L2gpu=   40847( 98t)  → L0
           vel = [7.036718e-03, 2.905659e-04, -1.617453e-05]  |v| = 7.0427e-03
       k2: L0=      -1  L1=      -1  L2cpu=   39882  L2gpu=   39882(362t)  → L2_cpu
           vel = [7.036350e-03, 2.904239e-04, -1.616500e-05]  |v| = 7.0424e-03
       k3: L0=   39882  L1=   39882  L2cpu=   39882  L2gpu=   39882(362t)  → L0
           vel = [7.036350e-03, 2.904239e-04, -1.616500e-05]  |v| = 7.0424e-03
       k4: L0=   39882  L1=   39882  L2cpu=   39882  L2gpu=   39882(362t)  → L0
           vel = [7.036116e-03, 2.903678e-04, -1.616671e-05]  |v| = 7.0421e-03
    final: L0=   39882  L1=   39882  L2cpu=   39882  L2gpu=   39882(362t)  → L0
           vel = [7.036116e-03, 2.903678e-04, -1.616671e-05]  |v| = 7.0421e-03


================================================================================
SUSPECT 1: Refinement Face Neighboring (1:2 / 2:1)
================================================================================


================================================================================
SUSPECT 2/3: pvtu Part Boundary & Velocity Discontinuity
================================================================================


================================================================================
SUSPECT 4/5: L2 Coverage and Correctness
================================================================================

  Summary:
    Total miss stages: 0
    GPU/CPU L2 mismatches: 0
    L2 miss but brute-force found: 0


================================================================================
SUSPECT 6: Float32 vs Float64 Precision
================================================================================
  Testing if float32 rounding causes GPU to compute wrong cell indices...
  Total positions with f32 rounding > 1e-8: 0


================================================================================
OVERALL SUMMARY
================================================================================

  Particles replayed: 30
  No failure (all stages found element): 30
  Failure by first failing stage:

  Failure classification:
    elem=-1 cascading to later stages: 0
    Zero velocity at failure point: 0

  Mesh domain (node extents):
    x: [-0.030000, 0.030000]
    y: [-0.023000, 0.023000]
    z: [-0.010000, 0.000000]

================================================================================
DONE
================================================================================
