✅ Enhanced VTK I/O available
✅ HDF5 I/O available
================================================================================
Vanishing Position Diagnostic
================================================================================

[1/6] Found 2500 VTU files in:
      output/benchmark_with_export/Mesh-Aligned_Multi-Cell_+_3×3×3_Local_(Option_A_-_Phase_2)

[2/6] Loading mesh...
Loading mesh: data/FLA/post/0eule/featurelessAvtk_158.pvtu
  Nodes: 780,922
  Elements: 3,048,900
  Loaded field 'Displacement': (780922, 3)
Loading mesh: data/FLA/post/0eule/featurelessAvtk_159.pvtu
  Nodes: 780,922
  Elements: 3,048,900
  Loaded field 'Displacement': (780922, 3)
  571,173 nodes, 3,048,900 elements

[3/6] Precomputing metadata and uploading to GPU...

Precomputed inverse matrices:
  Elements: 3,048,900
  Degenerate: 0 (0.0000%)
  Det range: [4.87e-13, 1.28e-07]
  Memory: 146,347,200 bytes (139.6 MB)
  Building mesh-aligned octree (multi-cell vertex registration)...
    665,842 cells, 18.32 elem/cell, 4.00 cells/elem
  Uploaded to GPU

[4/6] Scanning 201 VTU files (steps 1750–1950) for vanishing particles...
  Loaded step  1750: 157,052 active particles
  Loaded step  1751: 156,979 active particles
  Loaded step  1752: 156,906 active particles
  Loaded step  1753: 156,821 active particles
  Loaded step  1754: 156,744 active particles
  Loaded step  1755: 156,654 active particles
  Loaded step  1756: 156,571 active particles
  Loaded step  1757: 156,498 active particles
  Loaded step  1758: 156,420 active particles
  Loaded step  1759: 156,339 active particles
  Loaded step  1760: 156,258 active particles
  Loaded step  1761: 156,165 active particles
  Loaded step  1762: 156,084 active particles
  Loaded step  1763: 156,012 active particles
  Loaded step  1764: 155,933 active particles
  Loaded step  1765: 155,853 active particles
  Loaded step  1766: 155,768 active particles
  Loaded step  1767: 155,683 active particles
  Loaded step  1768: 155,595 active particles
  Loaded step  1769: 155,522 active particles
  Loaded step  1770: 155,429 active particles
  Loaded step  1771: 155,356 active particles
  Loaded step  1772: 155,277 active particles
  Loaded step  1773: 155,184 active particles
  Loaded step  1774: 155,098 active particles
  Loaded step  1775: 155,030 active particles
  Loaded step  1776: 154,938 active particles
  Loaded step  1777: 154,873 active particles
  Loaded step  1778: 154,793 active particles
  Loaded step  1779: 154,699 active particles
  Loaded step  1780: 154,609 active particles
  Loaded step  1781: 154,540 active particles
  Loaded step  1782: 154,451 active particles
  Loaded step  1783: 154,379 active particles
  Loaded step  1784: 154,298 active particles
  Loaded step  1785: 154,215 active particles
  Loaded step  1786: 154,125 active particles
  Loaded step  1787: 154,042 active particles
  Loaded step  1788: 153,962 active particles
  Loaded step  1789: 153,886 active particles
  Loaded step  1790: 153,813 active particles
  Loaded step  1791: 153,728 active particles
  Loaded step  1792: 153,641 active particles
  Loaded step  1793: 153,562 active particles
  Loaded step  1794: 153,479 active particles
  Loaded step  1795: 153,410 active particles
  Loaded step  1796: 153,338 active particles
  Loaded step  1797: 153,256 active particles
  Loaded step  1798: 153,165 active particles
  Loaded step  1799: 153,078 active particles
  Loaded step  1800: 152,996 active particles
  Loaded step  1801: 152,923 active particles
  Loaded step  1802: 152,858 active particles
  Loaded step  1803: 152,778 active particles
  Loaded step  1804: 152,692 active particles
  Loaded step  1805: 152,605 active particles
  Loaded step  1806: 152,518 active particles
  Loaded step  1807: 152,437 active particles
  Loaded step  1808: 152,379 active particles
  Loaded step  1809: 152,304 active particles
  Loaded step  1810: 152,223 active particles
  Loaded step  1811: 152,139 active particles
  Loaded step  1812: 152,057 active particles
  Loaded step  1813: 151,978 active particles
  Loaded step  1814: 151,921 active particles
  Loaded step  1815: 151,850 active particles
  Loaded step  1816: 151,764 active particles
  Loaded step  1817: 151,682 active particles
  Loaded step  1818: 151,609 active particles
  Loaded step  1819: 151,527 active particles
  Loaded step  1820: 151,464 active particles
  Loaded step  1821: 151,394 active particles
  Loaded step  1822: 151,316 active particles
  Loaded step  1823: 151,228 active particles
  Loaded step  1824: 151,158 active particles
  Loaded step  1825: 151,082 active particles
  Loaded step  1826: 151,028 active particles
  Loaded step  1827: 150,960 active particles
  Loaded step  1828: 150,888 active particles
  Loaded step  1829: 150,807 active particles
  Loaded step  1830: 150,733 active particles
  Loaded step  1831: 150,656 active particles
  Loaded step  1832: 150,598 active particles
  Loaded step  1833: 150,535 active particles
  Loaded step  1834: 150,465 active particles
  Loaded step  1835: 150,397 active particles
  Loaded step  1836: 150,324 active particles
  Loaded step  1837: 150,253 active particles
  Loaded step  1838: 150,189 active particles
  Loaded step  1839: 150,130 active particles
  Loaded step  1840: 150,061 active particles
  Loaded step  1841: 149,989 active particles
  Loaded step  1842: 149,922 active particles
  Loaded step  1843: 149,857 active particles
  Loaded step  1844: 149,790 active particles
  Loaded step  1845: 149,721 active particles
  Loaded step  1846: 149,659 active particles
  Loaded step  1847: 149,590 active particles
  Loaded step  1848: 149,529 active particles
  Loaded step  1849: 149,456 active particles
  Loaded step  1850: 149,394 active particles
  Loaded step  1851: 149,326 active particles
  Loaded step  1852: 149,262 active particles
  Loaded step  1853: 149,196 active particles
  Loaded step  1854: 149,138 active particles
  Loaded step  1855: 149,059 active particles
  Loaded step  1856: 148,996 active particles
  Loaded step  1857: 148,937 active particles
  Loaded step  1858: 148,879 active particles
  Loaded step  1859: 148,815 active particles
  Loaded step  1860: 148,755 active particles
  Loaded step  1861: 148,676 active particles
  Loaded step  1862: 148,619 active particles
  Loaded step  1863: 148,556 active particles
  Loaded step  1864: 148,502 active particles
  Loaded step  1865: 148,441 active particles
  Loaded step  1866: 148,380 active particles
  Loaded step  1867: 148,311 active particles
  Loaded step  1868: 148,259 active particles
  Loaded step  1869: 148,195 active particles
  Loaded step  1870: 148,139 active particles
  Loaded step  1871: 148,084 active particles
  Loaded step  1872: 148,029 active particles
  Loaded step  1873: 147,959 active particles
  Loaded step  1874: 147,897 active particles
  Loaded step  1875: 147,842 active particles
  Loaded step  1876: 147,786 active particles
  Loaded step  1877: 147,729 active particles
  Loaded step  1878: 147,680 active particles
  Loaded step  1879: 147,609 active particles
  Loaded step  1880: 147,548 active particles
  Loaded step  1881: 147,490 active particles
  Loaded step  1882: 147,432 active particles
  Loaded step  1883: 147,375 active particles
  Loaded step  1884: 147,321 active particles
  Loaded step  1885: 147,258 active particles
  Loaded step  1886: 147,200 active particles
  Loaded step  1887: 147,147 active particles
  Loaded step  1888: 147,091 active particles
  Loaded step  1889: 147,039 active particles
  Loaded step  1890: 146,986 active particles
  Loaded step  1891: 146,935 active particles
  Loaded step  1892: 146,874 active particles
  Loaded step  1893: 146,816 active particles
  Loaded step  1894: 146,767 active particles
  Loaded step  1895: 146,716 active particles
  Loaded step  1896: 146,662 active particles
  Loaded step  1897: 146,614 active particles
  Loaded step  1898: 146,548 active particles
  Loaded step  1899: 146,493 active particles
  Loaded step  1900: 146,438 active particles
  Loaded step  1901: 146,386 active particles
  Loaded step  1902: 146,334 active particles
  Loaded step  1903: 146,289 active particles
  Loaded step  1904: 146,225 active particles
  Loaded step  1905: 146,171 active particles
  Loaded step  1906: 146,115 active particles
  Loaded step  1907: 146,070 active particles
  Loaded step  1908: 146,016 active particles
  Loaded step  1909: 145,968 active particles
  Loaded step  1910: 145,913 active particles
  Loaded step  1911: 145,860 active particles
  Loaded step  1912: 145,797 active particles
  Loaded step  1913: 145,752 active particles
  Loaded step  1914: 145,699 active particles
  Loaded step  1915: 145,651 active particles
  Loaded step  1916: 145,597 active particles
  Loaded step  1917: 145,545 active particles
  Loaded step  1918: 145,488 active particles
  Loaded step  1919: 145,435 active particles
  Loaded step  1920: 145,388 active particles
  Loaded step  1921: 145,341 active particles
  Loaded step  1922: 145,290 active particles
  Loaded step  1923: 145,235 active particles
  Loaded step  1924: 145,182 active particles
  Loaded step  1925: 145,126 active particles
  Loaded step  1926: 145,076 active particles
  Loaded step  1927: 145,025 active particles
  Loaded step  1928: 144,977 active particles
  Loaded step  1929: 144,916 active particles
  Loaded step  1930: 144,864 active particles
  Loaded step  1931: 144,813 active particles
  Loaded step  1932: 144,768 active particles
  Loaded step  1933: 144,723 active particles
  Loaded step  1934: 144,670 active particles
  Loaded step  1935: 144,616 active particles
  Loaded step  1936: 144,561 active particles
  Loaded step  1937: 144,508 active particles
  Loaded step  1938: 144,457 active particles
  Loaded step  1939: 144,405 active particles
  Loaded step  1940: 144,362 active particles
  Loaded step  1941: 144,308 active particles
  Loaded step  1942: 144,251 active particles
  Loaded step  1943: 144,195 active particles
  Loaded step  1944: 144,145 active particles
  Loaded step  1945: 144,093 active particles
  Loaded step  1946: 144,036 active particles
  Loaded step  1947: 143,985 active particles
  Loaded step  1948: 143,939 active particles
  Loaded step  1949: 143,883 active particles
  Loaded step  1950: 143,837 active particles

   Step     Active→     →Active     Lost   Cum.Lost
  -----  ----------  ----------  -------  ---------
   1750     157,052     156,979       73         73
   1751     156,979     156,906       73        146
   1752     156,906     156,821       85        231
   1753     156,821     156,744       77        308
   1754     156,744     156,654       90        398
   1755     156,654     156,571       83        481
   1756     156,571     156,498       73        554
   1757     156,498     156,420       78        632
   1758     156,420     156,339       81        713
   1759     156,339     156,258       81        794
   1760     156,258     156,165       93        887
   1761     156,165     156,084       81        968
   1762     156,084     156,012       72       1040
   1763     156,012     155,933       79       1119
   1764     155,933     155,853       80       1199
   1765     155,853     155,768       85       1284
   1766     155,768     155,683       85       1369
   1767     155,683     155,595       88       1457
   1768     155,595     155,522       73       1530
   1769     155,522     155,429       93       1623
   1770     155,429     155,356       73       1696
   1771     155,356     155,277       79       1775
   1772     155,277     155,184       93       1868
   1773     155,184     155,098       86       1954
   1774     155,098     155,030       68       2022
   1775     155,030     154,938       92       2114
   1776     154,938     154,873       65       2179
   1777     154,873     154,793       80       2259
   1778     154,793     154,699       94       2353
   1779     154,699     154,609       90       2443
   1780     154,609     154,540       69       2512
   1781     154,540     154,451       89       2601
   1782     154,451     154,379       72       2673
   1783     154,379     154,298       81       2754
   1784     154,298     154,215       83       2837
   1785     154,215     154,125       90       2927
   1786     154,125     154,042       83       3010
   1787     154,042     153,962       80       3090
   1788     153,962     153,886       76       3166
   1789     153,886     153,813       73       3239
   1790     153,813     153,728       85       3324
   1791     153,728     153,641       87       3411
   1792     153,641     153,562       79       3490
   1793     153,562     153,479       83       3573
   1794     153,479     153,410       69       3642
   1795     153,410     153,338       72       3714
   1796     153,338     153,256       82       3796
   1797     153,256     153,165       91       3887
   1798     153,165     153,078       87       3974
   1799     153,078     152,996       82       4056
   1800     152,996     152,923       73       4129
   1801     152,923     152,858       65       4194
   1802     152,858     152,778       80       4274
   1803     152,778     152,692       86       4360
   1804     152,692     152,605       87       4447
   1805     152,605     152,518       87       4534
   1806     152,518     152,437       81       4615
   1807     152,437     152,379       58       4673
   1808     152,379     152,304       75       4748
   1809     152,304     152,223       81       4829
   1810     152,223     152,139       84       4913
   1811     152,139     152,057       82       4995
   1812     152,057     151,978       79       5074
   1813     151,978     151,921       57       5131
   1814     151,921     151,850       71       5202
   1815     151,850     151,764       86       5288
   1816     151,764     151,682       82       5370
   1817     151,682     151,609       73       5443
   1818     151,609     151,527       82       5525
   1819     151,527     151,464       63       5588
   1820     151,464     151,394       70       5658
   1821     151,394     151,316       78       5736
   1822     151,316     151,228       88       5824
   1823     151,228     151,158       70       5894
   1824     151,158     151,082       76       5970
   1825     151,082     151,028       54       6024
   1826     151,028     150,960       68       6092
   1827     150,960     150,888       72       6164
   1828     150,888     150,807       81       6245
   1829     150,807     150,733       74       6319
   1830     150,733     150,656       77       6396
   1831     150,656     150,598       58       6454
   1832     150,598     150,535       63       6517
   1833     150,535     150,465       70       6587
   1834     150,465     150,397       68       6655
   1835     150,397     150,324       73       6728
   1836     150,324     150,253       71       6799
   1837     150,253     150,189       64       6863
   1838     150,189     150,130       59       6922
   1839     150,130     150,061       69       6991
   1840     150,061     149,989       72       7063
   1841     149,989     149,922       67       7130
   1842     149,922     149,857       65       7195
   1843     149,857     149,790       67       7262
   1844     149,790     149,721       69       7331
   1845     149,721     149,659       62       7393
   1846     149,659     149,590       69       7462
   1847     149,590     149,529       61       7523
   1848     149,529     149,456       73       7596
   1849     149,456     149,394       62       7658
   1850     149,394     149,326       68       7726
   1851     149,326     149,262       64       7790
   1852     149,262     149,196       66       7856
   1853     149,196     149,138       58       7914
   1854     149,138     149,059       79       7993
   1855     149,059     148,996       63       8056
   1856     148,996     148,937       59       8115
   1857     148,937     148,879       58       8173
   1858     148,879     148,815       64       8237
   1859     148,815     148,755       60       8297
   1860     148,755     148,676       79       8376
   1861     148,676     148,619       57       8433
   1862     148,619     148,556       63       8496
   1863     148,556     148,502       54       8550
   1864     148,502     148,441       61       8611
   1865     148,441     148,380       61       8672
   1866     148,380     148,311       69       8741
   1867     148,311     148,259       52       8793
   1868     148,259     148,195       64       8857
   1869     148,195     148,139       56       8913
   1870     148,139     148,084       55       8968
   1871     148,084     148,029       55       9023
   1872     148,029     147,959       70       9093
   1873     147,959     147,897       62       9155
   1874     147,897     147,842       55       9210
   1875     147,842     147,786       56       9266
   1876     147,786     147,729       57       9323
   1877     147,729     147,680       49       9372
   1878     147,680     147,609       71       9443
   1879     147,609     147,548       61       9504
   1880     147,548     147,490       58       9562
   1881     147,490     147,432       58       9620
   1882     147,432     147,375       57       9677
   1883     147,375     147,321       54       9731
   1884     147,321     147,258       63       9794
   1885     147,258     147,200       58       9852
   1886     147,200     147,147       53       9905
   1887     147,147     147,091       56       9961
   1888     147,091     147,039       52      10013
   1889     147,039     146,986       53      10066
   1890     146,986     146,935       51      10117
   1891     146,935     146,874       61      10178
   1892     146,874     146,816       58      10236
   1893     146,816     146,767       49      10285
   1894     146,767     146,716       51      10336
   1895     146,716     146,662       54      10390
   1896     146,662     146,614       48      10438
   1897     146,614     146,548       66      10504
   1898     146,548     146,493       55      10559
   1899     146,493     146,438       55      10614
   1900     146,438     146,386       52      10666
   1901     146,386     146,334       52      10718
   1902     146,334     146,289       45      10763
   1903     146,289     146,225       64      10827
   1904     146,225     146,171       54      10881
   1905     146,171     146,115       56      10937
   1906     146,115     146,070       45      10982
   1907     146,070     146,016       54      11036
   1908     146,016     145,968       48      11084
   1909     145,968     145,913       55      11139
   1910     145,913     145,860       53      11192
   1911     145,860     145,797       63      11255
   1912     145,797     145,752       45      11300
   1913     145,752     145,699       53      11353
   1914     145,699     145,651       48      11401
   1915     145,651     145,597       54      11455
   1916     145,597     145,545       52      11507
   1917     145,545     145,488       57      11564
   1918     145,488     145,435       53      11617
   1919     145,435     145,388       47      11664
   1920     145,388     145,341       47      11711
   1921     145,341     145,290       51      11762
   1922     145,290     145,235       55      11817
   1923     145,235     145,182       53      11870
   1924     145,182     145,126       56      11926
   1925     145,126     145,076       50      11976
   1926     145,076     145,025       51      12027
   1927     145,025     144,977       48      12075
   1928     144,977     144,916       61      12136
   1929     144,916     144,864       52      12188
   1930     144,864     144,813       51      12239
   1931     144,813     144,768       45      12284
   1932     144,768     144,723       45      12329
   1933     144,723     144,670       53      12382
   1934     144,670     144,616       54      12436
   1935     144,616     144,561       55      12491
   1936     144,561     144,508       53      12544
   1937     144,508     144,457       51      12595
   1938     144,457     144,405       52      12647
   1939     144,405     144,362       43      12690
   1940     144,362     144,308       54      12744
   1941     144,308     144,251       57      12801
   1942     144,251     144,195       56      12857
   1943     144,195     144,145       50      12907
   1944     144,145     144,093       52      12959
   1945     144,093     144,036       57      13016
   1946     144,036     143,985       51      13067
   1947     143,985     143,939       46      13113
   1948     143,939     143,883       56      13169
   1949     143,883     143,837       46      13215

  Total vanishing events: 13215
  Inspecting first 200

[5/6] Probe position analysis...
  11 probes per event × 200 events = 2200 total probes
  ... 0/200 events processed
  ... 50/200 events processed
  ... 100/200 events processed
  ... 150/200 events processed

  GPU 3×3×3 found:  2200/2200 (100.0%)
  GPU 3×3×3 failed: 0/2200 (0.0%)

[6/6] Detailed reporting

================================================================================
PER-EVENT DETAILS (first 20 events)
================================================================================

  Event   0: step=1750 pid=301825 elem=41015
    last_pos   = [ 0.00941534  0.01065729 -0.00558427]
    vel_approx = [6.0661542e-03 1.9792205e-04 2.4072042e-05]  |v|=6.0694e-03
      frac         GPU   tests    CPU_adj  note
    ------  ----------  ------  ---------  ----
     -0.50       41015     120      41015  
     -0.30       41015     120      41015  
     -0.10       41015     120      41015  
      0.10       39995     260         -1  
      0.30       39995     260         -1  
      0.50       39995     260         -1  
      0.70       39995     260         -1  
      0.90       39995     260         -1  
      1.10       39995     260         -1  
      1.30       39995     260         -1  
      1.50       39995     260         -1  

  Event   1: step=1750 pid=1541 elem=309657
    last_pos   = [ 0.00956694 -0.00677888 -0.00291978]
    vel_approx = [7.1392395e-03 6.6017458e-04 2.7722524e-06]  |v|=7.1697e-03
      frac         GPU   tests    CPU_adj  note
    ------  ----------  ------  ---------  ----
     -0.50      309657     110     309657  
     -0.30      309657     110     309657  
     -0.10      309657     110     309657  
      0.10      309657     110     309657  
      0.30      309657     110     309657  
      0.50      309657     110     309657  
      0.70      309657     110     309657  
      0.90       40825     426         -1  
      1.10       40825     426         -1  
      1.30       40825     426         -1  
      1.50       40825     426         -1  

  Event   2: step=1750 pid=27654 elem=309498
    last_pos   = [ 0.00905815 -0.01122514 -0.00092816]
    vel_approx = [ 7.2078574e-03  3.3702943e-04 -2.8866041e-05]  |v|=7.2158e-03
      frac         GPU   tests    CPU_adj  note
    ------  ----------  ------  ---------  ----
     -0.50      309498      75     309498  
     -0.30      309498      75     309498  
     -0.10      309498      75     309498  
      0.10      309498      75     309498  
      0.30      309498      75     309498  
      0.50      309498      75     309498  
      0.70      309498      75     309498  
      0.90      309291     311         -1  
      1.10      309291     311         -1  
      1.30      309291     311         -1  
      1.50      309291     311         -1  

  Event   3: step=1750 pid=318087 elem=41015
    last_pos   = [ 0.00974519  0.01098637 -0.00524511]
    vel_approx = [6.0661542e-03 1.9792205e-04 2.4072042e-05]  |v|=6.0694e-03
      frac         GPU   tests    CPU_adj  note
    ------  ----------  ------  ---------  ----
     -0.50       41015     120      41015  
     -0.30       41015     120      41015  
     -0.10       41015     120      41015  
      0.10       41015     120      41015  
      0.30       41015     120      41015  
      0.50       41015     120      41015  
      0.70       39995     260         -1  
      0.90       39995     260         -1  
      1.10       39995     260         -1  
      1.30       39995     260         -1  
      1.50       39995     260         -1  

  Event   4: step=1750 pid=280584 elem=41064
    last_pos   = [ 0.00923315  0.01248863 -0.00576268]
    vel_approx = [6.0627316e-03 1.5902569e-04 2.0371321e-05]  |v|=6.0649e-03
      frac         GPU   tests    CPU_adj  note
    ------  ----------  ------  ---------  ----
     -0.50       41064     128      41064  
     -0.30       41064     128      41064  
     -0.10       41064     128      41064  
      0.10       41064     128      41064  
      0.30       40165     260         -1  
      0.50       40165     260         -1  
      0.70       40165     260         -1  
      0.90       40165     260         -1  
      1.10       40165     260         -1  
      1.30       40165     260         -1  
      1.50       40165     260         -1  

  Event   5: step=1750 pid=307976 elem=309308
    last_pos   = [ 0.01435462 -0.01332562 -0.00064052]
    vel_approx = [ 7.0318161e-03  1.8295938e-04 -2.8212227e-05]  |v|=7.0343e-03
      frac         GPU   tests    CPU_adj  note
    ------  ----------  ------  ---------  ----
     -0.50      309308      74     309308  
     -0.30      309308      74     309308  
     -0.10      309308      74     309308  
      0.10      309308      74     309308  
      0.30       39880     225         -1  
      0.50       39880     225         -1  
      0.70       39880     225         -1  
      0.90       39880     225         -1  
      1.10       39880     225         -1  
      1.30       39880     225         -1  
      1.50       39880     225         -1  

  Event   6: step=1750 pid=58117 elem=1086092
    last_pos   = [ 0.00250638  0.00510358 -0.00382043]
    vel_approx = [ 4.7366782e-03  6.6696305e-04 -4.4839977e-05]  |v|=4.7836e-03
      frac         GPU   tests    CPU_adj  note
    ------  ----------  ------  ---------  ----
     -0.50     1086092     104    1086092  
     -0.30     1086092     104    1086092  
     -0.10     1086092     104    1086092  
      0.10       42388     382         -1  
      0.30       42388     382         -1  
      0.50       42388     382         -1  
      0.70       42388     382         -1  
      0.90       42388     382         -1  
      1.10       42388     382         -1  
      1.30       42388     382         -1  
      1.50       42388     382         -1  

  Event   7: step=1750 pid=168585 elem=2226011
    last_pos   = [ 0.01266943 -0.00812328 -0.00231934]
    vel_approx = [ 6.9998717e-03  3.1967985e-04 -2.0742824e-05]  |v|=7.0072e-03
      frac         GPU   tests    CPU_adj  note
    ------  ----------  ------  ---------  ----
     -0.50     2226011     134    2226011  
     -0.30     2226011     134    2226011  
     -0.10     2226011     134    2226011  
      0.10     2226011     134    2226011  
      0.30     2226011     134    2226011  
      0.50     2226011     134    2226011  
      0.70       39902     247         -1  
      0.90       39902     247         -1  
      1.10       39902     247         -1  
      1.30       39902     247         -1  
      1.50       39902     247         -1  

  Event   8: step=1750 pid=291084 elem=41015
    last_pos   = [ 0.00924767  0.0109553  -0.00575095]
    vel_approx = [6.0661542e-03 1.9792205e-04 2.4072042e-05]  |v|=6.0694e-03
      frac         GPU   tests    CPU_adj  note
    ------  ----------  ------  ---------  ----
     -0.50       41015     120      41015  
     -0.30       41015     120      41015  
     -0.10       41015     120      41015  
      0.10       39995     260         -1  
      0.30       39995     260         -1  
      0.50       39995     260         -1  
      0.70       39995     260         -1  
      0.90       39995     260         -1  
      1.10       39995     260         -1  
      1.30       39995     260         -1  
      1.50       39995     260         -1  

  Event   9: step=1750 pid=99212 elem=40830
    last_pos   = [ 0.01061492 -0.00445318 -0.00438351]
    vel_approx = [6.8975980e-03 6.5123383e-04 1.2217126e-05]  |v|=6.9283e-03
      frac         GPU   tests    CPU_adj  note
    ------  ----------  ------  ---------  ----
     -0.50       40830      37      40830  
     -0.30       40830      37      40830  
     -0.10       40830      37      40830  
      0.10       39894     217         -1  
      0.30       39894     217         -1  
      0.50       39894     217         -1  
      0.70       39894     217         -1  
      0.90       39894     217         -1  
      1.10       39894     217         -1  
      1.30       39894     217         -1  
      1.50       39894     217         -1  

  Event  10: step=1750 pid=82830 elem=40829
    last_pos   = [ 0.01024211 -0.00559014 -0.00474717]
    vel_approx = [ 7.0254710e-03  4.8630900e-04 -1.8492201e-06]  |v|=7.0423e-03
      frac         GPU   tests    CPU_adj  note
    ------  ----------  ------  ---------  ----
     -0.50       40829      42      40829  
     -0.30       40829      42      40829  
     -0.10       40829      42      40829  
      0.10       40829      42      40829  
      0.30       40829      42      40829  
      0.50       40829      42      40829  
      0.70       39894     366         -1  
      0.90       39894     366         -1  
      1.10       39894     366         -1  
      1.30       39894     366         -1  
      1.50       39894     366         -1  

  Event  11: step=1750 pid=162700 elem=40847
    last_pos   = [ 0.01176948 -0.0107703  -0.00321976]
    vel_approx = [ 7.0789256e-03  2.9853842e-04 -1.5232628e-05]  |v|=7.0852e-03
      frac         GPU   tests    CPU_adj  note
    ------  ----------  ------  ---------  ----
     -0.50       40847      98      40847  
     -0.30       40847      98      40847  
     -0.10       40847      98      40847  
      0.10       40847      98      40847  
      0.30       40847      98      40847  
      0.50       40847      98      40847  
      0.70       39882     362         -1  
      0.90       39882     362         -1  
      1.10       39882     362         -1  
      1.30       39882     362         -1  
      1.50       39882     362         -1  

  Event  12: step=1750 pid=222349 elem=2226011
    last_pos   = [ 0.01329142 -0.00940195 -0.00170148]
    vel_approx = [ 6.9998717e-03  3.1967985e-04 -2.0742824e-05]  |v|=7.0072e-03
      frac         GPU   tests    CPU_adj  note
    ------  ----------  ------  ---------  ----
     -0.50     2226011     127    2226011  
     -0.30     2226011     127    2226011  
     -0.10     2226011     127    2226011  
      0.10     2226011     127    2226011  
      0.30     2226011     127    2226011  
      0.50       39902     240         -1  
      0.70       39902     240         -1  
      0.90       39902     240         -1  
      1.10       39902     240         -1  
      1.30       39902     240         -1  
      1.50       39902     240         -1  

  Event  13: step=1750 pid=7185 elem=2226064
    last_pos   = [ 0.01029908 -0.00547063 -0.00219006]
    vel_approx = [ 7.0525454e-03  6.9323997e-04 -2.9792973e-06]  |v|=7.0865e-03
      frac         GPU   tests    CPU_adj  note
    ------  ----------  ------  ---------  ----
     -0.50     2226064      10    2226064  
     -0.30     2226064      10    2226064  
     -0.10     2226064      10    2226064  
      0.10     2226064      10    2226064  
      0.30     2226064      10    2226064  
      0.50     2226064      10    2226064  
      0.70     2226000     306         -1  
      0.90     2226000     306         -1  
      1.10     2226000     306         -1  
      1.30     2226000     306         -1  
      1.50     2226000     306         -1  

  Event  14: step=1750 pid=37649 elem=42756
    last_pos   = [ 0.00507317  0.01263359 -0.00492617]
    vel_approx = [5.9256139e-03 1.6819814e-04 3.4206339e-05]  |v|=5.9281e-03
      frac         GPU   tests    CPU_adj  note
    ------  ----------  ------  ---------  ----
     -0.50       42756       6      42756  
     -0.30       42756       6      42756  
     -0.10       42756       6      42756  
      0.10       41027     270         -1  
      0.30       41027     270         -1  
      0.50       41027     270         -1  
      0.70       41027     270         -1  
      0.90       41027     270         -1  
      1.10       41027     270         -1  
      1.30       41027     270         -1  
      1.50       41027     270         -1  

  Event  15: step=1750 pid=312203 elem=41016
    last_pos   = [ 0.00896107  0.00830623 -0.0060318 ]
    vel_approx = [6.0389889e-03 3.1485918e-04 2.5568204e-05]  |v|=6.0472e-03
      frac         GPU   tests    CPU_adj  note
    ------  ----------  ------  ---------  ----
     -0.50       41016     181      41016  
     -0.30       41016     181      41016  
     -0.10       41016     181      41016  
      0.10       41016     181      41016  
      0.30       41016     181      41016  
      0.50       39995     330         -1  
      0.70       39995     330         -1  
      0.90       39995     330         -1  
      1.10       39995     330         -1  
      1.30       39995     330         -1  
      1.50       39995     330         -1  

  Event  16: step=1750 pid=157844 elem=2226011
    last_pos   = [ 0.01252851 -0.00798263 -0.00246704]
    vel_approx = [ 6.9998717e-03  3.1967985e-04 -2.0742824e-05]  |v|=7.0072e-03
      frac         GPU   tests    CPU_adj  note
    ------  ----------  ------  ---------  ----
     -0.50     2226011     134    2226011  
     -0.30     2226011     134    2226011  
     -0.10     2226011     134    2226011  
      0.10     2226011     134    2226011  
      0.30       39902     247         -1  
      0.50       39902     247         -1  
      0.70       39902     247         -1  
      0.90       39902     247         -1  
      1.10       39902     247         -1  
      1.30       39902     247         -1  
      1.50       39902     247         -1  

  Event  17: step=1750 pid=184725 elem=2226011
    last_pos   = [ 0.01263961 -0.00849718 -0.00235951]
    vel_approx = [ 6.9998717e-03  3.1967985e-04 -2.0742824e-05]  |v|=7.0072e-03
      frac         GPU   tests    CPU_adj  note
    ------  ----------  ------  ---------  ----
     -0.50     2226011     134    2226011  
     -0.30     2226011     134    2226011  
     -0.10     2226011     134    2226011  
      0.10       39902     247         -1  
      0.30       39902     247         -1  
      0.50       39902     247         -1  
      0.70       39902     247         -1  
      0.90       39902     247         -1  
      1.10       39902     247         -1  
      1.30       39902     247         -1  
      1.50       39902     247         -1  

  Event  18: step=1750 pid=7062 elem=309628
    last_pos   = [ 0.00975213 -0.00617827 -0.00274558]
    vel_approx = [7.1284520e-03 7.1723474e-04 1.0963304e-05]  |v|=7.1645e-03
      frac         GPU   tests    CPU_adj  note
    ------  ----------  ------  ---------  ----
     -0.50      309628     134     309628  
     -0.30      309628     134     309628  
     -0.10      309628     134     309628  
      0.10      309628     134     309628  
      0.30       40825     475         -1  
      0.50       40825     475         -1  
      0.70       40825     475         -1  
      0.90       40825     475         -1  
      1.10       40825     475         -1  
      1.30       40825     475         -1  
      1.50       40825     475         -1  

  Event  19: step=1750 pid=184726 elem=2226011
    last_pos   = [ 0.0128117  -0.00847749 -0.00217861]
    vel_approx = [ 6.9998717e-03  3.1967985e-04 -2.0742824e-05]  |v|=7.0072e-03
      frac         GPU   tests    CPU_adj  note
    ------  ----------  ------  ---------  ----
     -0.50     2226011     134    2226011  
     -0.30     2226011     134    2226011  
     -0.10     2226011     134    2226011  
      0.10     2226011     134    2226011  
      0.30     2226011     134    2226011  
      0.50     2226011     134    2226011  
      0.70       39902     247         -1  
      0.90       39902     247         -1  
      1.10       39902     247         -1  
      1.30       39902     247         -1  
      1.50       39902     247         -1  

================================================================================
FAILURE DISTRIBUTION BY RK4 FRACTION
================================================================================
(frac=0.0 is last-known position, frac=0.5 is pos_k1/k2, frac=1.0 is pos_final)

  frac=-0.50  gpu_fail=    0  (cpu_finds=    0)  
  frac=-0.30  gpu_fail=    0  (cpu_finds=    0)  
  frac=-0.10  gpu_fail=    0  (cpu_finds=    0)  
  frac= 0.10  gpu_fail=    0  (cpu_finds=    0)  
  frac= 0.30  gpu_fail=    0  (cpu_finds=    0)  
  frac= 0.50  gpu_fail=    0  (cpu_finds=    0)  
  frac= 0.70  gpu_fail=    0  (cpu_finds=    0)  
  frac= 0.90  gpu_fail=    0  (cpu_finds=    0)  
  frac= 1.10  gpu_fail=    0  (cpu_finds=    0)  
  frac= 1.30  gpu_fail=    0  (cpu_finds=    0)  
  frac= 1.50  gpu_fail=    0  (cpu_finds=    0)  

================================================================================
FAILURE CLUSTERS BY LAST-KNOWN ELEMENT (top 15)
================================================================================

     elem_id   n_fail   cpu_finds   in_octree  pos_x_range
  ----------  -------  ----------  ----------  ----------

================================================================================
DEEP OCTREE INSPECTION: TOP 5 LOSS ELEMENTS
================================================================================

================================================================================
SUMMARY
================================================================================

  VTU steps scanned:       200 (steps 1750–1950)
  Total vanishing events:  13215
  Events inspected:        200
  Probe positions tested:  2200
  GPU 3×3×3 found:         2200 (100.0%)
  GPU 3×3×3 failed:        0 (0.0%)

================================================================================
DONE
================================================================================
