/home/arhashemi/Workspace/welding/JAXTrace/jaxtrace/io/registry.py:41: UserWarning: h5py not available. HDF5 I/O will be disabled
  from .hdf5_io import H5Series
✅ Enhanced VTK I/O available
✅ HDF5 I/O available
================================================================================
VELOCITY ISSUE DIAGNOSTIC
================================================================================

[1/6] Loading velocity sequence and checking magnitudes...

Loading velocity sequence:
  Pattern: featurelessAvtk_{timestep}.pvtu
  Range: 120-159 (40 timesteps)
  Field: 'Displacement'

  Loading mesh topology from: featurelessAvtk_120.pvtu
Loading mesh: /home/arhashemi/Workspace/welding/Edgar/FLA/post/0eule/featurelessAvtk_120.pvtu
  Nodes: 780,922
  Elements: 3,048,900
  Loaded field 'Displacement': (780922, 3)
    Nodes: 780,922
    Elements: 3,048,900

  Loading velocity fields:
Loading mesh: /home/arhashemi/Workspace/welding/Edgar/FLA/post/0eule/featurelessAvtk_121.pvtu
  Nodes: 780,922
  Elements: 3,048,900
  Loaded field 'Displacement': (780922, 3)
Loading mesh: /home/arhashemi/Workspace/welding/Edgar/FLA/post/0eule/featurelessAvtk_122.pvtu
  Nodes: 780,922
  Elements: 3,048,900
  Loaded field 'Displacement': (780922, 3)
Loading mesh: /home/arhashemi/Workspace/welding/Edgar/FLA/post/0eule/featurelessAvtk_123.pvtu
  Nodes: 780,922
  Elements: 3,048,900
  Loaded field 'Displacement': (780922, 3)
Loading mesh: /home/arhashemi/Workspace/welding/Edgar/FLA/post/0eule/featurelessAvtk_124.pvtu
  Nodes: 780,922
  Elements: 3,048,900
  Loaded field 'Displacement': (780922, 3)
Loading mesh: /home/arhashemi/Workspace/welding/Edgar/FLA/post/0eule/featurelessAvtk_125.pvtu
  Nodes: 780,922
  Elements: 3,048,900
  Loaded field 'Displacement': (780922, 3)
Loading mesh: /home/arhashemi/Workspace/welding/Edgar/FLA/post/0eule/featurelessAvtk_126.pvtu
  Nodes: 780,922
  Elements: 3,048,900
  Loaded field 'Displacement': (780922, 3)
Loading mesh: /home/arhashemi/Workspace/welding/Edgar/FLA/post/0eule/featurelessAvtk_127.pvtu
  Nodes: 780,922
  Elements: 3,048,900
  Loaded field 'Displacement': (780922, 3)
Loading mesh: /home/arhashemi/Workspace/welding/Edgar/FLA/post/0eule/featurelessAvtk_128.pvtu
  Nodes: 780,922
  Elements: 3,048,900
  Loaded field 'Displacement': (780922, 3)
Loading mesh: /home/arhashemi/Workspace/welding/Edgar/FLA/post/0eule/featurelessAvtk_129.pvtu
  Nodes: 780,922
  Elements: 3,048,900
  Loaded field 'Displacement': (780922, 3)
Loading mesh: /home/arhashemi/Workspace/welding/Edgar/FLA/post/0eule/featurelessAvtk_130.pvtu
  Nodes: 780,922
  Elements: 3,048,900
  Loaded field 'Displacement': (780922, 3)
    Loaded 11/40 timesteps...
Loading mesh: /home/arhashemi/Workspace/welding/Edgar/FLA/post/0eule/featurelessAvtk_131.pvtu
  Nodes: 780,922
  Elements: 3,048,900
  Loaded field 'Displacement': (780922, 3)
Loading mesh: /home/arhashemi/Workspace/welding/Edgar/FLA/post/0eule/featurelessAvtk_132.pvtu
  Nodes: 780,922
  Elements: 3,048,900
  Loaded field 'Displacement': (780922, 3)
Loading mesh: /home/arhashemi/Workspace/welding/Edgar/FLA/post/0eule/featurelessAvtk_133.pvtu
  Nodes: 780,922
  Elements: 3,048,900
  Loaded field 'Displacement': (780922, 3)
Loading mesh: /home/arhashemi/Workspace/welding/Edgar/FLA/post/0eule/featurelessAvtk_134.pvtu
  Nodes: 780,922
  Elements: 3,048,900
  Loaded field 'Displacement': (780922, 3)
Loading mesh: /home/arhashemi/Workspace/welding/Edgar/FLA/post/0eule/featurelessAvtk_135.pvtu
  Nodes: 780,922
  Elements: 3,048,900
  Loaded field 'Displacement': (780922, 3)
Loading mesh: /home/arhashemi/Workspace/welding/Edgar/FLA/post/0eule/featurelessAvtk_136.pvtu
  Nodes: 780,922
  Elements: 3,048,900
  Loaded field 'Displacement': (780922, 3)
Loading mesh: /home/arhashemi/Workspace/welding/Edgar/FLA/post/0eule/featurelessAvtk_137.pvtu
  Nodes: 780,922
  Elements: 3,048,900
  Loaded field 'Displacement': (780922, 3)
Loading mesh: /home/arhashemi/Workspace/welding/Edgar/FLA/post/0eule/featurelessAvtk_138.pvtu
  Nodes: 780,922
  Elements: 3,048,900
  Loaded field 'Displacement': (780922, 3)
Loading mesh: /home/arhashemi/Workspace/welding/Edgar/FLA/post/0eule/featurelessAvtk_139.pvtu
  Nodes: 780,922
  Elements: 3,048,900
  Loaded field 'Displacement': (780922, 3)
Loading mesh: /home/arhashemi/Workspace/welding/Edgar/FLA/post/0eule/featurelessAvtk_140.pvtu
  Nodes: 780,922
  Elements: 3,048,900
  Loaded field 'Displacement': (780922, 3)
    Loaded 21/40 timesteps...
Loading mesh: /home/arhashemi/Workspace/welding/Edgar/FLA/post/0eule/featurelessAvtk_141.pvtu
  Nodes: 780,922
  Elements: 3,048,900
  Loaded field 'Displacement': (780922, 3)
Loading mesh: /home/arhashemi/Workspace/welding/Edgar/FLA/post/0eule/featurelessAvtk_142.pvtu
  Nodes: 780,922
  Elements: 3,048,900
  Loaded field 'Displacement': (780922, 3)
Loading mesh: /home/arhashemi/Workspace/welding/Edgar/FLA/post/0eule/featurelessAvtk_143.pvtu
  Nodes: 780,922
  Elements: 3,048,900
  Loaded field 'Displacement': (780922, 3)
Loading mesh: /home/arhashemi/Workspace/welding/Edgar/FLA/post/0eule/featurelessAvtk_144.pvtu
  Nodes: 780,922
  Elements: 3,048,900
  Loaded field 'Displacement': (780922, 3)
Loading mesh: /home/arhashemi/Workspace/welding/Edgar/FLA/post/0eule/featurelessAvtk_145.pvtu
  Nodes: 780,922
  Elements: 3,048,900
  Loaded field 'Displacement': (780922, 3)
Loading mesh: /home/arhashemi/Workspace/welding/Edgar/FLA/post/0eule/featurelessAvtk_146.pvtu
  Nodes: 780,922
  Elements: 3,048,900
  Loaded field 'Displacement': (780922, 3)
Loading mesh: /home/arhashemi/Workspace/welding/Edgar/FLA/post/0eule/featurelessAvtk_147.pvtu
  Nodes: 780,922
  Elements: 3,048,900
  Loaded field 'Displacement': (780922, 3)
Loading mesh: /home/arhashemi/Workspace/welding/Edgar/FLA/post/0eule/featurelessAvtk_148.pvtu
  Nodes: 780,922
  Elements: 3,048,900
  Loaded field 'Displacement': (780922, 3)
Loading mesh: /home/arhashemi/Workspace/welding/Edgar/FLA/post/0eule/featurelessAvtk_149.pvtu
  Nodes: 780,922
  Elements: 3,048,900
  Loaded field 'Displacement': (780922, 3)
Loading mesh: /home/arhashemi/Workspace/welding/Edgar/FLA/post/0eule/featurelessAvtk_150.pvtu
  Nodes: 780,922
  Elements: 3,048,900
  Loaded field 'Displacement': (780922, 3)
    Loaded 31/40 timesteps...
Loading mesh: /home/arhashemi/Workspace/welding/Edgar/FLA/post/0eule/featurelessAvtk_151.pvtu
  Nodes: 780,922
  Elements: 3,048,900
  Loaded field 'Displacement': (780922, 3)
Loading mesh: /home/arhashemi/Workspace/welding/Edgar/FLA/post/0eule/featurelessAvtk_152.pvtu
  Nodes: 780,922
  Elements: 3,048,900
  Loaded field 'Displacement': (780922, 3)
Loading mesh: /home/arhashemi/Workspace/welding/Edgar/FLA/post/0eule/featurelessAvtk_153.pvtu
  Nodes: 780,922
  Elements: 3,048,900
  Loaded field 'Displacement': (780922, 3)
Loading mesh: /home/arhashemi/Workspace/welding/Edgar/FLA/post/0eule/featurelessAvtk_154.pvtu
  Nodes: 780,922
  Elements: 3,048,900
  Loaded field 'Displacement': (780922, 3)
Loading mesh: /home/arhashemi/Workspace/welding/Edgar/FLA/post/0eule/featurelessAvtk_155.pvtu
  Nodes: 780,922
  Elements: 3,048,900
  Loaded field 'Displacement': (780922, 3)
Loading mesh: /home/arhashemi/Workspace/welding/Edgar/FLA/post/0eule/featurelessAvtk_156.pvtu
  Nodes: 780,922
  Elements: 3,048,900
  Loaded field 'Displacement': (780922, 3)
Loading mesh: /home/arhashemi/Workspace/welding/Edgar/FLA/post/0eule/featurelessAvtk_157.pvtu
  Nodes: 780,922
  Elements: 3,048,900
  Loaded field 'Displacement': (780922, 3)
Loading mesh: /home/arhashemi/Workspace/welding/Edgar/FLA/post/0eule/featurelessAvtk_158.pvtu
  Nodes: 780,922
  Elements: 3,048,900
  Loaded field 'Displacement': (780922, 3)
Loading mesh: /home/arhashemi/Workspace/welding/Edgar/FLA/post/0eule/featurelessAvtk_159.pvtu
  Nodes: 780,922
  Elements: 3,048,900
  Loaded field 'Displacement': (780922, 3)
    Loaded 40/40 timesteps
    Memory: 357.5 MB

  Velocity sequence shape: (40, 780922, 3)
  Number of timesteps: 40
  Number of nodes: 780922

  Velocity magnitude statistics per timestep:
    Timestep          Min         Mean          Max          Std
  ---------- ------------ ------------ ------------ ------------
           0 1.044056e-04 1.950221e-01 9.032339e-01 1.377912e-01
           1 1.041833e-04 1.950200e-01 9.032369e-01 1.377908e-01
           2 1.039744e-04 1.950179e-01 9.032398e-01 1.377905e-01
           3 1.037781e-04 1.950160e-01 9.032425e-01 1.377902e-01
           4 1.035937e-04 1.950141e-01 9.032452e-01 1.377899e-01
           5 1.034204e-04 1.950123e-01 9.032477e-01 1.377896e-01
           6 1.032578e-04 1.950105e-01 9.032501e-01 1.377893e-01
           7 1.031050e-04 1.950089e-01 9.032524e-01 1.377890e-01
           8 1.029615e-04 1.950073e-01 9.032546e-01 1.377888e-01
           9 1.028269e-04 1.950057e-01 9.032567e-01 1.377885e-01
          10 1.027005e-04 1.950043e-01 9.032587e-01 1.377883e-01
          11 1.025820e-04 1.950029e-01 9.032606e-01 1.377880e-01
          12 1.024707e-04 1.950016e-01 9.032626e-01 1.377878e-01
          13 1.023664e-04 1.950003e-01 9.032643e-01 1.377876e-01
          14 1.022685e-04 1.949991e-01 9.032660e-01 1.377874e-01
          15 1.021768e-04 1.949979e-01 9.032676e-01 1.377872e-01
          16 1.020908e-04 1.949967e-01 9.032692e-01 1.377870e-01
          17 1.020102e-04 1.949957e-01 9.032707e-01 1.377869e-01
          18 1.019348e-04 1.949946e-01 9.032721e-01 1.377867e-01
          19 1.018641e-04 1.949936e-01 9.032735e-01 1.377865e-01
          20 1.017979e-04 1.949927e-01 9.032748e-01 1.377863e-01
          21 1.017360e-04 1.949918e-01 9.032761e-01 1.377862e-01
          22 1.016780e-04 1.949909e-01 9.032773e-01 1.377861e-01
          23 1.016238e-04 1.949900e-01 9.032785e-01 1.377859e-01
          24 1.015732e-04 1.949892e-01 9.032795e-01 1.377858e-01
          25 1.015259e-04 1.949884e-01 9.032806e-01 1.377857e-01
          26 1.014817e-04 1.949876e-01 9.032816e-01 1.377855e-01
          27 1.014404e-04 1.949869e-01 9.032826e-01 1.377854e-01
          28 1.014020e-04 1.949862e-01 9.032835e-01 1.377853e-01
          29 1.013661e-04 1.949856e-01 9.032844e-01 1.377852e-01
          30 1.013327e-04 1.949849e-01 9.032853e-01 1.377851e-01
          31 1.013015e-04 1.949843e-01 9.032861e-01 1.377850e-01
          32 1.012725e-04 1.949837e-01 9.032869e-01 1.377849e-01
          33 1.012456e-04 1.949832e-01 9.032876e-01 1.377848e-01
          34 1.012205e-04 1.949826e-01 9.032884e-01 1.377847e-01
          35 1.011973e-04 1.949821e-01 9.032891e-01 1.377846e-01
          36 1.011757e-04 1.949816e-01 9.032897e-01 1.377845e-01
          37 1.011556e-04 1.949811e-01 9.032904e-01 1.377845e-01
          38 1.011371e-04 1.949807e-01 9.032910e-01 1.377844e-01
          39 1.011199e-04 1.949802e-01 9.032916e-01 1.377843e-01

  Overall velocity magnitude:
    Min:  1.011199e-04
    Mean: 1.949959e-01
    Max:  9.032916e-01
    Std:  1.377869e-01

[2/6] Setting up mesh and Morton structure...
  Computing element neighbors...
    Element neighbors computed: (3048900, 4)
  Building global Morton octree (CPU)...
[1/5] Computing element centroids...
  Bounding box: min=[-0.02875006 -0.02172227 -0.00937501], max=[ 2.8750056e-02  2.1722268e-02 -1.9521895e-05]
[2/5] Computing Morton codes for 3,048,900 elements...
[3/5] Sorting elements by Morton code...
[4/5] Building adaptive octree (capacity=256)...
  Built 28,330 octree leaves
  Depth distribution:
    Depth 2: 51 leaves
    Depth 3: 59 leaves
    Depth 4: 179 leaves
    Depth 5: 529 leaves
    Depth 6: 4,019 leaves
    Depth 7: 23,493 leaves
[5/5] Building prefix table...
  Prefix table: 262,144 entries (depth=6)
  Memory: 2.0 MB (start + length arrays)
  Prefix sharing: 2,941 prefixes map to multiple leaves (max: 8)
    Built 28330 leaves
  Uploading Morton structure to GPU...
    Morton leaves: 28330

[3/6] Initializing test particles...
  Created 100 test particles
  Particle bounds:
    X: [-0.005000, 0.002500]
    Y: [-0.005000, 0.005000]
    Z: [-0.010000, 0.000000]

  Running initial element assignment (radius=50)...
    Assigned: 76/100 (76.0%)
    ⚠️  WARNING: Not all particles assigned!
        Unassigned particles will have zero velocity

[4/6] Creating RK4 integrator...
  Uploading velocity sequence to GPU...
    Velocity on GPU: 357.5 MB

[5/6] Testing time indexing...

  Time indexing test (first 50 steps):
    Tracking Step   Time Index  Velocity Timestep   Physical Time
  --------------- ------------ ------------------ ---------------
                0            0                  0        0.000000
                1            1                  1        0.002500
                2            2                  2        0.005000
                3            3                  3        0.007500
                4            4                  4        0.010000
                5            5                  5        0.012500
                6            6                  6        0.015000
                7            7                  7        0.017500
                8            8                  8        0.020000
                9            9                  9        0.022500
               10           10                 10        0.025000
               11           11                 11        0.027500
               12           12                 12        0.030000
               13           13                 13        0.032500
               14           14                 14        0.035000
               15           15                 15        0.037500
               16           16                 16        0.040000
               17           17                 17        0.042500
               18           18                 18        0.045000
               19           19                 19        0.047500
               20           20                 20        0.050000
               21           21                 21        0.052500
               22           22                 22        0.055000
               23           23                 23        0.057500
               24           24                 24        0.060000
               25           25                 25        0.062500
               26           26                 26        0.065000
               27           27                 27        0.067500
               28           28                 28        0.070000
               29           29                 29        0.072500
               30           30                 30        0.075000
               31           31                 31        0.077500
               32           32                 32        0.080000
               33           33                 33        0.082500
               34           34                 34        0.085000
               35           35                 35        0.087500
               36           36                 36        0.090000
               37           37                 37        0.092500
               38           38                 38        0.095000
               39           39                 39        0.097500
               40           40                  0        0.100000
               41           41                  1        0.102500
               42           42                  2        0.105000
               43           43                  3        0.107500
               44           44                  4        0.110000
               45           45                  5        0.112500
               46           46                  6        0.115000
               47           47                  7        0.117500
               48           48                  8        0.120000
               49           49                  9        0.122500

  Velocity cycling:
    Total tracking steps: 10
    Velocity timesteps: 40
    Steps per velocity: 40.0
    Cycles in test: 0.25

[6/6] Running test integration with diagnostics...

  Compiling RK4 (first step)...
    Compilation time: 20.83s

  First step results:
    Displacement magnitude:
      Min:  0.000000e+00
      Mean: 4.471541e-05
      Max:  4.457215e-04
      Std:  1.085925e-04
    Particles that moved (|disp| > 1e-10): 76/100
    Elements retained: 76/100 (76.0%)

  Running 10 timesteps...
    Step   Active  Mean |disp|   Max |disp|  Vel Idx
  ------ -------- ------------ ------------ --------
       1       76 4.471547e-05 4.457242e-04        1
       2       76 4.471552e-05 4.457268e-04        2
       3       76 4.471557e-05 4.457293e-04        3
       4       76 4.471562e-05 4.457317e-04        4
       5       76 4.471567e-05 4.457340e-04        5
       6       76 4.471572e-05 4.457362e-04        6
       7       76 4.471577e-05 4.457383e-04        7
       8       76 4.471582e-05 4.457404e-04        8
       9       76 4.471587e-05 4.457424e-04        9
      10       76 4.471592e-05 4.457443e-04       10

================================================================================
DIAGNOSTIC SUMMARY
================================================================================

Issues detected:
  ⚠️  Low initial assignment rate: 76.0%

Next steps:
  1. Run longer simulation to see if displacement accumulates
  2. Compare with expected trajectories from velocity field
  3. Visualize particle paths in ParaView
================================================================================
