python diagnose_pvtu_velocity_discontinuities.py
ERROR:2026-01-21 10:40:10,960:jax._src.xla_bridge:475: Jax plugin configuration error: Exception when calling jax_plugins.xla_cuda13.initialize()
Traceback (most recent call last):
  File "/home/arhashemi/Workspace/welding/JAXTrace/.venv/lib/python3.13/site-packages/jax/_src/xla_bridge.py", line 473, in discover_pjrt_plugins
    plugin_module.initialize()
    ~~~~~~~~~~~~~~~~~~~~~~~~^^
  File "/home/arhashemi/Workspace/welding/JAXTrace/.venv/lib/python3.13/site-packages/jax_plugins/xla_cuda13/__init__.py", line 334, in initialize
    c_api = xb.register_plugin(
        'cuda', priority=500, library_path=str(path), options=options
    )
  File "/home/arhashemi/Workspace/welding/JAXTrace/.venv/lib/python3.13/site-packages/jax/_src/xla_bridge.py", line 609, in register_plugin
    c_api = xla_client.load_pjrt_plugin_dynamically(plugin_name, library_path)
  File "/home/arhashemi/Workspace/welding/JAXTrace/.venv/lib/python3.13/site-packages/jaxlib/xla_client.py", line 117, in load_pjrt_plugin_dynamically
    return _xla.load_pjrt_plugin(plugin_name, library_path, c_api=None)
           ~~~~~~~~~~~~~~~~~~~~~^^^^^^^^^^^^^^^^^^^^^^^^^^^^^^^^^^^^^^^
jax.errors.JaxRuntimeError: ALREADY_EXISTS: PJRT_Api already exists for device type cuda
✅ Enhanced VTK I/O available
/home/arhashemi/Workspace/welding/JAXTrace/jaxtrace/io/registry.py:41: UserWarning: h5py not available. HDF5 I/O will be disabled
  from .hdf5_io import H5Series
✅ HDF5 I/O available
================================================================================
Diagnosing Velocity Field Discontinuities at PVTU Boundaries
================================================================================

[1/5] Loading mesh and identifying PVTU piece boundaries...

Loading velocity sequence:
  Pattern: featurelessAvtk_{timestep}.pvtu
  Range: 158-159 (2 timesteps)
  Field: 'Displacement'

  Loading mesh topology from: featurelessAvtk_158.pvtu
Loading mesh: /home/arhashemi/Workspace/welding/Edgar/FLA/post/0eule/featurelessAvtk_158.pvtu
  Nodes: 780,922
  Elements: 3,048,900
  Loaded field 'Displacement': (780922, 3)
    Nodes: 780,922
    Elements: 3,048,900

  Loading velocity fields:
Loading mesh: /home/arhashemi/Workspace/welding/Edgar/FLA/post/0eule/featurelessAvtk_159.pvtu
  Nodes: 780,922
  Elements: 3,048,900
  Loaded field 'Displacement': (780922, 3)
    Loaded 2/2 timesteps
    Memory: 17.9 MB

Mesh loaded:
  Nodes: 780,922
  Elements: 3,048,900
  Velocity timesteps: 2

[2/5] Identifying duplicate nodes (PVTU piece boundaries)...

PVTU Boundary Analysis:
  Total nodes: 780,922
  Duplicate nodes: 392,335 (50.24%)
  Unique positions: 571,173

PVTU boundary node positions:
  X range: [-0.030000, 0.030000]
  Y range: [-0.023000, 0.023000]
  Z range: [-0.010000, 0.000000]

[3/5] Finding elements at PVTU boundaries...
  Processed 500,000/3,048,900 elements...
  Processed 1,000,000/3,048,900 elements...
  Processed 1,500,000/3,048,900 elements...
  Processed 2,000,000/3,048,900 elements...
  Processed 2,500,000/3,048,900 elements...
  Processed 3,000,000/3,048,900 elements...

Elements at PVTU boundaries: 1,417,423 (46.49%)

[4/5] Checking velocity continuity across element boundaries...
  Precomputing inverse matrices...

Precomputed inverse matrices:
  Elements: 3,048,900
  Degenerate: 0 (0.0000%)
  Det range: [4.87e-13, 1.28e-07]
  Memory: 146,347,200 bytes (139.6 MB)
  Velocity field shape: (780922, 3)
  Velocity magnitude range: [1.011371e-04, 9.032910e-01]

  Finding adjacent element pairs...
  Sampling 10,000 adjacent element pairs...

Building edge-to-element map for 500,000 elements...
  Processed 500,000/500,000 elements...
  Found 68,729 adjacent element pairs
  Checking velocity continuity for 10,000 pairs...

  Pair classification:
    Boundary pairs: 7,474
    Interior pairs: 2,526

  Computing velocity discontinuities...
    Boundary pairs: 1000/5000...
    Boundary pairs: 2000/5000...
    Boundary pairs: 3000/5000...
    Boundary pairs: 4000/5000...
    Boundary pairs: 5000/5000...
    Interior pairs: 1000/2526...
    Interior pairs: 2000/2526...

[5/5] Statistical Analysis
================================================================================

Velocity Discontinuity Statistics:

Boundary pairs (at PVTU boundaries):
  N = 5,000
  Mean: 1.518025e-10
  Median: 6.030001e-12
  Std: 4.383841e-10
  Min: 0.000000e+00
  Max: 7.906352e-09
  95th percentile: 9.082518e-10
  99th percentile: 1.848440e-09

Interior pairs (away from PVTU boundaries):
  N = 2,526
  Mean: 1.782669e-10
  Median: 3.012672e-12
  Std: 6.959876e-10
  Min: 0.000000e+00
  Max: 1.173174e-08
  95th percentile: 8.745428e-10
  99th percentile: 3.336022e-09

Comparison (Boundary / Interior):
  Mean discontinuity ratio: 0.85×
  Max discontinuity ratio: 0.67×

================================================================================
HYPOTHESIS TEST RESULT
================================================================================
❌ NOT CONFIRMED: Velocity discontinuities at PVTU boundaries are NOT
   significantly higher than interior. This is likely NOT the root cause.

RECOMMENDATION:
  - Look for other sources of particle loss (see suggestions below)

================================================================================
COMPLETED
================================================================================
