python diagnose_pvtu_velocity_discontinuities.py
ERROR:2026-01-21 10:59:08,745:jax._src.xla_bridge:475: Jax plugin configuration error: Exception when calling jax_plugins.xla_cuda13.initialize()
Traceback (most recent call last):
  File "/home/arhashemi/Workspace/welding/JAXTrace/.venv/lib/python3.13/site-packages/jax/_src/xla_bridge.py", line 473, in discover_pjrt_plugins
    plugin_module.initialize()
    ~~~~~~~~~~~~~~~~~~~~~~~~^^
  File "/home/arhashemi/Workspace/welding/JAXTrace/.venv/lib/python3.13/site-packages/jax_plugins/xla_cuda13/__init__.py", line 334, in initialize
    c_api = xb.register_plugin(
        'cuda', priority=500, library_path=str(path), options=options
    )
  File "/home/arhashemi/Workspace/welding/JAXTrace/.venv/lib/python3.13/site-packages/jax/_src/xla_bridge.py", line 609, in register_plugin
    c_api = xla_client.load_pjrt_plugin_dynamically(plugin_name, library_path)
  File "/home/arhashemi/Workspace/welding/JAXTrace/.venv/lib/python3.13/site-packages/jaxlib/xla_client.py", line 117, in load_pjrt_plugin_dynamically
    return _xla.load_pjrt_plugin(plugin_name, library_path, c_api=None)
           ~~~~~~~~~~~~~~~~~~~~~^^^^^^^^^^^^^^^^^^^^^^^^^^^^^^^^^^^^^^^
jax.errors.JaxRuntimeError: ALREADY_EXISTS: PJRT_Api already exists for device type cuda
✅ Enhanced VTK I/O available
/home/arhashemi/Workspace/welding/JAXTrace/jaxtrace/io/registry.py:41: UserWarning: h5py not available. HDF5 I/O will be disabled
  from .hdf5_io import H5Series
✅ HDF5 I/O available
================================================================================
Diagnosing PVTU Piece Boundary Issues
================================================================================

This diagnostic checks:
  1. Velocity discontinuities at duplicate nodes (PVTU boundaries)
  2. Mesh integrity after deduplication
  3. Safety of deduplication in refined regions

[1/5] Loading mesh WITHOUT deduplication...

Loading velocity sequence:
  Pattern: featurelessAvtk_{timestep}.pvtu
  Range: 158-159 (2 timesteps)
  Field: 'Displacement'

  Loading mesh topology from: featurelessAvtk_158.pvtu
Loading mesh: /home/arhashemi/Workspace/welding/Edgar/FLA/post/0eule/featurelessAvtk_158.pvtu
  Nodes: 780,922
  Elements: 3,048,900
  Loaded field 'Displacement': (780922, 3)
    Nodes: 780,922
    Elements: 3,048,900

  Loading velocity fields:
Loading mesh: /home/arhashemi/Workspace/welding/Edgar/FLA/post/0eule/featurelessAvtk_159.pvtu
  Nodes: 780,922
  Elements: 3,048,900
  Loaded field 'Displacement': (780922, 3)
    Loaded 2/2 timesteps
    Memory: 17.9 MB

Original mesh (BEFORE deduplication):
  Nodes: 780,922
  Elements: 3,048,900
  Velocity timesteps: 2

[2/5] Identifying duplicate nodes at PVTU piece boundaries...
  Building position-to-nodes map (exact bit-level equality)...
    Processed 100,000/780,922 nodes...
    Processed 200,000/780,922 nodes...
    Processed 300,000/780,922 nodes...
    Processed 400,000/780,922 nodes...
    Processed 500,000/780,922 nodes...
    Processed 600,000/780,922 nodes...
    Processed 700,000/780,922 nodes...

  Analysis complete in 1.01s

  Total nodes: 780,922
  Unique positions: 571,173
  Positions with duplicates: 182,586
  Duplicate nodes: 392,335 (50.24%)

[3/5] Checking velocity values at duplicate nodes...
  Question: Do nodes at SAME position have DIFFERENT velocities?

  Velocity field shape: (780922, 3)
  Velocity magnitude range: [1.011371e-04, 9.032910e-01]

  Checking 182,586 positions with duplicates...
    Checked 10,000/182,586 positions...
    Checked 20,000/182,586 positions...
    Checked 30,000/182,586 positions...
    Checked 40,000/182,586 positions...
    Checked 50,000/182,586 positions...
    Checked 60,000/182,586 positions...
    Checked 70,000/182,586 positions...
    Checked 80,000/182,586 positions...
    Checked 90,000/182,586 positions...
    Checked 100,000/182,586 positions...
    Checked 110,000/182,586 positions...
    Checked 120,000/182,586 positions...
    Checked 130,000/182,586 positions...
    Checked 140,000/182,586 positions...
    Checked 150,000/182,586 positions...
    Checked 160,000/182,586 positions...
    Checked 170,000/182,586 positions...
    Checked 180,000/182,586 positions...

  Velocity Discontinuity Statistics at Duplicate Nodes:
    Pairs checked: 243,831
    Mean difference: 0.000000e+00
    Median difference: 0.000000e+00
    Std deviation: 0.000000e+00
    Min difference: 0.000000e+00
    Max difference: 0.000000e+00
    95th percentile: 0.000000e+00
    99th percentile: 0.000000e+00

  Number of pairs with velocity difference:
    > 1e-10: 0 (0.00%)
    > 1e-8:  0 (0.00%)
    > 1e-6:  0 (0.00%)

[4/5] Applying deduplication and verifying mesh integrity...

  Running deduplicate_nodes()...

================================================================================
Deduplicating nodes (fixing PVTU piece boundaries)
================================================================================
  Original nodes: 780,922
  Detecting exact duplicates...
  Unique nodes:   571,173
  Duplicate nodes: 209,749 (26.9%)

  Compacting node array...
  Remapping connectivity...
  Remapping velocity sequence...
    Original velocity: (2, 780922, 3)
    Remapped velocity: (2, 571173, 3)
  Validating...
  ✅ No degenerate elements

✅ Node deduplication complete!
  Removed 209,749 duplicate nodes
  Mesh size: 780,922 → 571,173 nodes
  Velocity arrays remapped: 2 timesteps
================================================================================


  Deduplication complete in 5.33s

  After deduplication:
    Nodes: 571,173 (removed 209,749)
    Elements: 3,048,900
  ✅ Element count preserved: 3,048,900
  ✅ Connectivity valid (max node ID 571172 < 571173)

  Checking for degenerate elements...
  ✅ No degenerate elements
  ✅ Velocity sequence correctly remapped: (2, 571173, 3)

[5/5] Checking minimum node spacing after deduplication...
  Question: Did we accidentally merge nearby nodes in refined regions?

  Sampling 10,000 nodes to find minimum spacing...
    Processed 1,000/10,000 nodes...
    Processed 2,000/10,000 nodes...
    Processed 3,000/10,000 nodes...
    Processed 4,000/10,000 nodes...
    Processed 5,000/10,000 nodes...
    Processed 6,000/10,000 nodes...
    Processed 7,000/10,000 nodes...
    Processed 8,000/10,000 nodes...
    Processed 9,000/10,000 nodes...
    Processed 10,000/10,000 nodes...

  Minimum Node Spacing Statistics (after deduplication):
    Mean: 9.932918e-05
    Median: 7.812493e-05
    Std: 1.422823e-04
    Min: 7.812493e-05
    Max: 5.000000e-03
    1st percentile: 7.812493e-05
    5th percentile: 7.812493e-05

  Element Size Analysis:
    Element edge length (sampled 10,000 elements):
      Min: 2.726520e-04
      Max: 8.724887e-03
      Ratio: 32.0×

  ⚠  WARNING: Minimum node spacing (7.812493e-05) is less than
      half the smallest element edge (2.726520e-04)
      Deduplication may have merged nodes that shouldn't be merged!

================================================================================
FINAL VERDICT
================================================================================

1. Velocity Discontinuities at PVTU Boundaries:
   ✅ NO ISSUES: Velocity values are consistent at PVTU boundaries

2. Mesh Integrity After Deduplication:
   ✅ Element count preserved: 3,048,900
   ✅ Connectivity valid
   ✅ No degenerate elements
   ✅ Velocity sequence correctly remapped

3. Deduplication Safety in Refined Regions:
   ⚠  CONCERN: Minimum node spacing may be too small

================================================================================
COMPLETED
================================================================================
