✅ Enhanced VTK I/O available
✅ HDF5 I/O available
================================================================================
Multi-Cell Octree Coverage Diagnostics
================================================================================
Mesh: /home/arhashemi/Workspace/welding/Edgar/FLA/post/0eule/featurelessAvtk_158.pvtu

[1/5] Loading mesh...
Loading mesh: /home/arhashemi/Workspace/welding/Edgar/FLA/post/0eule/featurelessAvtk_158.pvtu
  Nodes: 780,922
  Elements: 3,048,900
  Loaded field 'Displacement': (780922, 3)
Loading mesh: /home/arhashemi/Workspace/welding/Edgar/FLA/post/0eule/featurelessAvtk_159.pvtu
  Nodes: 780,922
  Elements: 3,048,900
  Loaded field 'Displacement': (780922, 3)
  Loaded in 9.0s
    Elements: 3,048,900, Nodes: 780,922
  Deduplicating...
    Removed 209,749 duplicates (571,173 nodes remaining)

[2/5] Extracting multi-cell octree (vertex registration)...

================================================================================
Multi-Cell Vertex Registration
================================================================================
  Elements: 3,048,900
  Tolerance: 1.00e-06
  Expected: ~4 cells per element, ~24 elements per cell

[1/4] Finding all cells touched by each element...
    Processed 500,000/3,048,900 elements...
    Processed 1,000,000/3,048,900 elements...
    Processed 1,500,000/3,048,900 elements...
    Processed 2,000,000/3,048,900 elements...
    Processed 2,500,000/3,048,900 elements...
    Processed 3,000,000/3,048,900 elements...
  ✅ Element→cell mapping complete!
    Skipped 1,826 non-Kuhn elements
    Mapped 3,047,074 elements to cells
    Total registrations: 12,188,296
    Cells per element (mean): 4.00

[2/4] Building cell→elements CSR structure...
  ✅ CSR structure built!
    Unique cells: 665,820
    CSR data entries: 12,188,296

[3/4] Building element→cells CSR structure...
  ✅ Element→cells CSR structure built!
    CSR data entries: 12,188,296

[4/4] Computing statistics...

  Statistics:
    Cells per element: 4.00 (expected ~4.0)
    Elements per cell: 18.31 (expected ~23-24)
    Elements per cell (median): 16
    Elements per cell (min, max): (1, 90)

  Elements-per-cell distribution (top 10):
     16 elements: 104,691 cells (15.72%)
      8 elements: 103,721 cells (15.58%)
     24 elements:  94,083 cells (14.13%)
     12 elements:  88,389 cells (13.28%)
      4 elements:  52,342 cells ( 7.86%)
     32 elements:  43,575 cells ( 6.54%)
     20 elements:  35,959 cells ( 5.40%)
     36 elements:  27,542 cells ( 4.14%)
     40 elements:  24,302 cells ( 3.65%)
      6 elements:  14,145 cells ( 2.12%)

================================================================================
Multi-Cell Vertex Registration Complete!
================================================================================

  Extracted in 333.4s

[3/5] Running coverage tests...

================================================================================
Test 1: Multi-Cell Vertex Registration Coverage
================================================================================
  Building element→cells mapping from octree...

  Results:
    Total elements: 3,048,900
    Elements in octree: 3,047,074
    Elements NOT in octree: 1,826

  Cells per element distribution:
    0 cells: 1,826 elements (0.06%)
    4 cells: 3,047,074 elements (99.94%)

  Statistics:
    Mean cells/element: 4.00
    Median cells/element: 4
    Min cells/element: 4
    Max cells/element: 4

  ❌ CRITICAL: 1,826 elements NOT in octree
      Particles in these elements CANNOT be found!
      Sample element IDs: [39532, 39535, 39539, 39551, 39556, 39565, 39575, 39585, 39591, 39619]

[4/5] Testing 2×2×2 search pattern...

================================================================================
Test 2: 2×2×2 Local Search Pattern Analysis
================================================================================

  Computing element centroids...
    Processed 500,000/3,048,900...
    Processed 1,000,000/3,048,900...
    Processed 1,500,000/3,048,900...
    Processed 2,000,000/3,048,900...
    Processed 2,500,000/3,048,900...
    Processed 3,000,000/3,048,900...

  Building cell spatial index (grid_indices → cell_idx)...

  Testing 2×2×2 search pattern for sample elements...

  Results (sample of 10,000 elements):
    Searchable in 2×2×2 neighborhood: 7,636 (76.36%)
    NOT searchable in 2×2×2: 2,352 (23.52%)
    Not in octree at all: 12 (0.12%)

  ⚠️  WARNING: 23.52% of elements NOT in 2×2×2 neighborhood!
      Particles in these elements will be LOST!
      Sample element IDs: [np.int64(364856), np.int64(1851339), np.int64(2184303), np.int64(1248497), np.int64(2884065), np.int64(1982489), np.int64(1465409), np.int64(286957), np.int64(1982628), np.int64(48028), np.int64(723687), np.int64(1673089), np.int64(2784962), np.int64(2624053), np.int64(196095), np.int64(2436421), np.int64(2446479), np.int64(917793), np.int64(328090), np.int64(546146)]

[5/5] Testing cross-cell boundary tracking...

================================================================================
Test 3: Cross-Cell Boundary Face Sharing
================================================================================

  Building element face map...
    Processed 500,000/3,048,900...
    Processed 1,000,000/3,048,900...
    Processed 1,500,000/3,048,900...
    Processed 2,000,000/3,048,900...
    Processed 2,500,000/3,048,900...
    Processed 3,000,000/3,048,900...

  Analyzing face-sharing across cell boundaries...

  Results:
    Interior faces (2 elements): 5,917,475
    Same cell: 5,192,900 (87.76%)
    Different cells: 717,989 (12.13%)
    One element missing: 6,586 (0.11%)
    Both missing: 10

  ⚠️  CRITICAL: 717,989 face-sharing pairs in DIFFERENT cells
      When particle crosses these faces, it moves between cells!
      2×2×2 search must cover both cells to maintain tracking.

================================================================================
Diagnostics Complete
================================================================================
