python diagnose_refinement_boundary_crossing.py
✅ Enhanced VTK I/O available
/home/arhashemi/Workspace/welding/JAXTrace/jaxtrace/io/registry.py:41: UserWarning: h5py not available. HDF5 I/O will be disabled
  from .hdf5_io import H5Series
✅ HDF5 I/O available
================================================================================
Refinement Boundary Crossing Diagnostic
================================================================================

[1/4] Loading mesh...
Loading mesh: /home/arhashemi/Workspace/welding/Edgar/FLA/post/0eule/featurelessAvtk_120.pvtu
  Nodes: 780,922
  Elements: 3,048,900
  Loaded field 'Displacement': (780922, 3)
  Elements: 3,048,900
  Nodes: 780,922

[2/4] Building element neighbors...
  Build time: 51.13s

[3/4] Computing element volumes...
  Volume range: [8.12e-14, 2.13e-08]
  Size ratio: 262146×

[4/4] Building Morton octree...
  Leaves: 24,550

================================================================================
RUNNING DIAGNOSTICS
================================================================================

================================================================================
ANALYSIS 1: Element Neighbor Construction at Refinement Boundaries
================================================================================

[1.1] Checking element volume distribution...
  Volume range: [8.12e-14, 2.13e-08]
  Volume median: 8.12e-14
  Unique volumes: 633

[1.2] Identifying refinement boundary elements...
  Sampling 10,000 elements for speed...
    Checked 0/10000 elements, found 0 boundaries...
    Checked 2000/10000 elements, found 0 boundaries...
    Checked 4000/10000 elements, found 0 boundaries...
    Checked 6000/10000 elements, found 0 boundaries...
    Checked 8000/10000 elements, found 0 boundaries...
  Found 0 boundary elements in 10,000 sampled
  Estimated total: 0 (0.00%)

[1.3] Neighbor count distribution at boundaries...
  ⚠  No refinement boundary elements found!
  This suggests either:
    1. All elements are similar size (no refinement)
    2. Face-based neighbors don't capture size transitions

================================================================================
ANALYSIS 2: L1 Face-Based Neighbor Search Coverage
================================================================================

[2.1] Finding small→large element transitions...
  Sampling 10,000 elements for speed...
    Checked 0/10000 elements, found 0 transitions...
    Checked 2000/10000 elements, found 0 transitions...
    Checked 4000/10000 elements, found 0 transitions...
    Checked 6000/10000 elements, found 0 transitions...
    Checked 8000/10000 elements, found 0 transitions...
  Found 0 small→large transitions in 10,000 sampled
  ⚠  No small→large transitions found!
  This is VERY unexpected - refinement should create size transitions

================================================================================
ANALYSIS 3: Morton Octree Coverage at Refinement Boundaries
================================================================================

[3.1] Computing Morton leaf assignments...
  Computed leaf assignments for 3,048,900 elements
  Unique leaves used: 24,550/24550

[3.2] Finding elements with neighbors in different leaves...
  [Skipped - need element_neighbors array]

[3.3] Analyzing leaf size distribution...
  Mean elements per leaf: 124.2
  Min elements per leaf: 1
  Max elements per leaf: 255
  Leaves with >256 elements: 0

[3.4] Finding leaves with large element size variation...
  Leaves with >1000× size variation: 4
  ⚠  WARNING: Some leaves contain both tiny and huge elements!
    Leaf 2763: 194 elements, 4096× size ratio
    Leaf 2952: 157 elements, 4096× size ratio
    Leaf 24259: 199 elements, 4096× size ratio
    Leaf 24546: 160 elements, 4096× size ratio

================================================================================
ANALYSIS 4: Problem Region Around Node 88456
================================================================================

[4.1] Finding elements containing node 88456...
  Found 5 elements

[4.2] Analyzing elements around problem node...

  Element 309301:
    Volume: 2.66e-09
    Char length: 1.39e-03
    Neighbors: 3
    Neighbor size ratios: 1.00× to 1.00×

  Element 309303:
    Volume: 2.66e-09
    Char length: 1.39e-03
    Neighbors: 3
    Neighbor size ratios: 1.00× to 1.00×

  Element 309304:
    Volume: 2.66e-09
    Char length: 1.39e-03
    Neighbors: 1
    Neighbor size ratios: 1.00× to 1.00×

  Element 309305:
    Volume: 2.66e-09
    Char length: 1.39e-03
    Neighbors: 3
    Neighbor size ratios: 1.00× to 1.00×

  Element 309306:
    Volume: 2.66e-09
    Char length: 1.39e-03
    Neighbors: 3
    Neighbor size ratios: 1.00× to 1.00×

================================================================================
DIAGNOSTIC SUMMARY
================================================================================

1. Refinement boundary elements: 0
2. L1 3-hop search failures: 0/100 tested
3. High-variation Morton leaves: 4

