python3 diagnose_particle_loss_rk4.py
✅ Enhanced VTK I/O available
✅ HDF5 I/O available
================================================================================
RK4 Particle Loss Diagnostic — Fast Spatial Analysis
  Export dir:     output/benchmark_with_export_fixed/Mesh-Aligned_Multi-Cell_+_3×3×3_Local_(Option_A_-_Phase_2)
  Max steps:      10
  Z filter:       z > -0.0035
  Bin resolution: (60, 46, 10)
================================================================================

[1/5] Loading mesh...
Loading mesh: data/FLA/post/0eule/featurelessAvtk_158.pvtu
  Nodes: 780,922
  Elements: 3,048,900
  Loaded field 'Displacement': (780922, 3)
Loading mesh: data/FLA/post/0eule/featurelessAvtk_159.pvtu
  Nodes: 780,922
  Elements: 3,048,900
  Loaded field 'Displacement': (780922, 3)
  Loaded in 7.1s (3,048,900 elements, 780,922 nodes)
  Deduplicating...
  Removed 209,749 duplicates → 571,173 nodes
  Mesh bbox: (-0.030000,-0.023000,-0.010000) → (0.030000,0.023000,0.000000)

[2/5] Building multi-cell octree...
  665,842 cells, 18.3 elem/cell, 4.0 cells/elem  (285.1s)
  Building CPU lookup tables...
  Active levels: [8, 9, 10, 11, 12, 13, 14]
    Level  8: cell_size = (4.999999e-03, 5.111100e-03, 5.000000e-03)
    Level  9: cell_size = (2.499999e-03, 2.555565e-03, 2.500000e-03)
    Level 10: cell_size = (1.250000e-03, 1.277783e-03, 1.250000e-03)
    Level 11: cell_size = (6.249999e-04, 6.388919e-04, 6.250000e-04)
    Level 12: cell_size = (3.124997e-04, 3.194443e-04, 3.125000e-04)
    Level 13: cell_size = (1.562501e-04, 1.597223e-04, 1.562499e-04)
    Level 14: cell_size = (7.812493e-05, 7.986091e-05, 7.812498e-05)
  Lookup: 665,842 cells

[3/5] Loading exported VTU files...
  Loading 10 files: steps 0..9
  Step      0: 254,482 raw → 65,015 after z>-0.0035
  Step      1: 254,268 raw → 64,810 after z>-0.0035
  Step      2: 253,970 raw → 64,570 after z>-0.0035
  Step      3: 253,659 raw → 64,371 after z>-0.0035
  Step      4: 252,782 raw → 63,808 after z>-0.0035
  Step      5: 251,928 raw → 63,463 after z>-0.0035
  Step      6: 251,643 raw → 63,195 after z>-0.0035
  Step      7: 251,468 raw → 63,027 after z>-0.0035
  Step      8: 251,097 raw → 62,750 after z>-0.0035
  Step      9: 250,860 raw → 62,623 after z>-0.0035

[4/5] Spatial binning to detect loss regions...
  Step 0: 65,015 particles in 16,756 / 27,600 bins

    Step     N_pts    Δ_from_0    Loss%    BinsLost   MaxBinLoss
  ------------------------------------------------------------
       0    65,015          +0    0.00%           0            0
       1    64,810        -205    0.32%       1,416            6
       2    64,570        -445    0.68%       1,735            6
       3    64,371        -644    0.99%       2,379            6
       4    63,808      -1,207    1.86%       2,518            6
       5    63,463      -1,552    2.39%       2,544            6
       6    63,195      -1,820    2.80%       2,906            6
       7    63,027      -1,988    3.06%       3,180            6
       8    62,750      -2,265    3.48%       3,467            6
       9    62,623      -2,392    3.68%       3,605            6

[5/5] Analysing top loss regions...

  Top 30 loss bins (step 0 → step 9):
  Rank    Loss      Bin(i,j,k)    X_center    Y_center    Z_center  In_mesh_bbox
  ------------------------------------------------------------------------
     1       6  ( 10,  7,  9)   -0.019917   -0.009301   -0.000262           YES
     2       6  ( 10, 28,  9)   -0.019917    0.003299   -0.000262           YES
     3       6  ( 30,  6,  9)   -0.017916   -0.009901   -0.000262           YES
     4       6  ( 33, 33,  9)   -0.017616    0.006300   -0.000262           YES
     5       6  (  0, 18,  9)   -0.020917   -0.002701   -0.000262           YES
     6       6  ( 32, 20,  9)   -0.017716   -0.001501   -0.000262           YES
     7       6  ( 10, 29,  9)   -0.019917    0.003899   -0.000262           YES
     8       6  ( 30,  3,  9)   -0.017916   -0.011701   -0.000262           YES
     9       6  ( 59, 12,  9)   -0.015015   -0.006301   -0.000262           YES
    10       6  (  0, 17,  9)   -0.020917   -0.003301   -0.000262           YES
    11       6  (  0, 31,  9)   -0.020917    0.005100   -0.000262           YES
    12       6  (  0, 35,  9)   -0.020917    0.007500   -0.000262           YES
    13       6  (  0, 16,  9)   -0.020917   -0.003901   -0.000262           YES
    14       6  (  0, 11,  9)   -0.020917   -0.006901   -0.000262           YES
    15       6  ( 10, 31,  9)   -0.019917    0.005100   -0.000262           YES
    16       6  (  0, 14,  9)   -0.020917   -0.005101   -0.000262           YES
    17       6  (  0, 45,  9)   -0.020917    0.013500   -0.000262           YES
    18       6  ( 59, 11,  9)   -0.015015   -0.006901   -0.000262           YES
    19       6  ( 32, 26,  9)   -0.017716    0.002099   -0.000262           YES
    20       6  (  0, 13,  9)   -0.020917   -0.005701   -0.000262           YES
    21       6  ( 30,  1,  9)   -0.017916   -0.012901   -0.000262           YES
    22       6  ( 33, 35,  9)   -0.017616    0.007500   -0.000262           YES
    23       6  ( 10, 32,  9)   -0.019917    0.005700   -0.000262           YES
    24       6  (  0, 12,  9)   -0.020917   -0.006301   -0.000262           YES
    25       6  ( 10,  6,  9)   -0.019917   -0.009901   -0.000262           YES
    26       6  ( 10,  9,  9)   -0.019917   -0.008101   -0.000262           YES
    27       6  ( 31, 11,  9)   -0.017816   -0.006901   -0.000262           YES
    28       6  ( 33, 34,  9)   -0.017616    0.006900   -0.000262           YES
    29       6  (  0, 28,  9)   -0.020917    0.003299   -0.000262           YES
    30       6  ( 33, 28,  9)   -0.017616    0.003299   -0.000262           YES

  Loss distribution summary (step 0 → step 9):
  Loss by X region:
    X bin   0: [-0.020967, -0.020867]  frac=[0.151, 0.152]  loss=943
    X bin   1: [-0.020867, -0.020767]  frac=[0.152, 0.154]  loss=139
    X bin   2: [-0.020767, -0.020667]  frac=[0.154, 0.156]  loss=70
    X bin   3: [-0.020667, -0.020567]  frac=[0.156, 0.157]  loss=68
    X bin   4: [-0.020567, -0.020467]  frac=[0.157, 0.159]  loss=72
    X bin   5: [-0.020467, -0.020367]  frac=[0.159, 0.161]  loss=67
    X bin   6: [-0.020367, -0.020267]  frac=[0.161, 0.162]  loss=139
    X bin   7: [-0.020267, -0.020167]  frac=[0.162, 0.164]  loss=68
    X bin   8: [-0.020167, -0.020067]  frac=[0.164, 0.166]  loss=65
    X bin   9: [-0.020067, -0.019967]  frac=[0.166, 0.167]  loss=9
    X bin  10: [-0.019967, -0.019867]  frac=[0.167, 0.169]  loss=872
    X bin  11: [-0.019867, -0.019767]  frac=[0.169, 0.171]  loss=73
    X bin  12: [-0.019767, -0.019667]  frac=[0.171, 0.172]  loss=73
    X bin  13: [-0.019667, -0.019567]  frac=[0.172, 0.174]  loss=88
    X bin  14: [-0.019567, -0.019467]  frac=[0.174, 0.176]  loss=75
    X bin  15: [-0.019467, -0.019367]  frac=[0.176, 0.177]  loss=75
    X bin  16: [-0.019367, -0.019267]  frac=[0.177, 0.179]  loss=90
    X bin  17: [-0.019267, -0.019167]  frac=[0.179, 0.181]  loss=77
    X bin  18: [-0.019167, -0.019067]  frac=[0.181, 0.182]  loss=77
    X bin  19: [-0.019067, -0.018967]  frac=[0.182, 0.184]  loss=92
    X bin  20: [-0.018967, -0.018867]  frac=[0.184, 0.186]  loss=79
    X bin  21: [-0.018867, -0.018767]  frac=[0.186, 0.187]  loss=94
    X bin  22: [-0.018767, -0.018667]  frac=[0.187, 0.189]  loss=80
    X bin  23: [-0.018667, -0.018567]  frac=[0.189, 0.191]  loss=81
    X bin  24: [-0.018567, -0.018466]  frac=[0.191, 0.192]  loss=96
    X bin  25: [-0.018466, -0.018366]  frac=[0.192, 0.194]  loss=82
    X bin  26: [-0.018366, -0.018266]  frac=[0.194, 0.196]  loss=109
    X bin  27: [-0.018266, -0.018166]  frac=[0.196, 0.197]  loss=95
    X bin  28: [-0.018166, -0.018066]  frac=[0.197, 0.199]  loss=106
    X bin  29: [-0.018066, -0.017966]  frac=[0.199, 0.201]  loss=81
    X bin  30: [-0.017966, -0.017866]  frac=[0.201, 0.202]  loss=452
    X bin  31: [-0.017866, -0.017766]  frac=[0.202, 0.204]  loss=375
    X bin  32: [-0.017766, -0.017666]  frac=[0.204, 0.206]  loss=328
    X bin  33: [-0.017666, -0.017566]  frac=[0.206, 0.207]  loss=582
    X bin  34: [-0.017566, -0.017466]  frac=[0.207, 0.209]  loss=133
    X bin  35: [-0.017466, -0.017366]  frac=[0.209, 0.211]  loss=137
    X bin  36: [-0.017366, -0.017266]  frac=[0.211, 0.212]  loss=119
    X bin  37: [-0.017266, -0.017166]  frac=[0.212, 0.214]  loss=83
    X bin  38: [-0.017166, -0.017066]  frac=[0.214, 0.216]  loss=82
    X bin  39: [-0.017066, -0.016966]  frac=[0.216, 0.217]  loss=86
    X bin  40: [-0.016966, -0.016866]  frac=[0.217, 0.219]  loss=88
    X bin  41: [-0.016866, -0.016766]  frac=[0.219, 0.221]  loss=87
    X bin  42: [-0.016766, -0.016666]  frac=[0.221, 0.222]  loss=86
    X bin  43: [-0.016666, -0.016566]  frac=[0.222, 0.224]  loss=87
    X bin  44: [-0.016566, -0.016466]  frac=[0.224, 0.226]  loss=86
    X bin  45: [-0.016466, -0.016366]  frac=[0.226, 0.227]  loss=86
    X bin  46: [-0.016366, -0.016266]  frac=[0.227, 0.229]  loss=86
    X bin  47: [-0.016266, -0.016166]  frac=[0.229, 0.231]  loss=86
    X bin  48: [-0.016166, -0.016066]  frac=[0.231, 0.232]  loss=84
    X bin  49: [-0.016066, -0.015966]  frac=[0.232, 0.234]  loss=84
    X bin  50: [-0.015966, -0.015866]  frac=[0.234, 0.236]  loss=85
    X bin  51: [-0.015866, -0.015766]  frac=[0.236, 0.237]  loss=84
    X bin  52: [-0.015766, -0.015666]  frac=[0.237, 0.239]  loss=85
    X bin  53: [-0.015666, -0.015566]  frac=[0.239, 0.241]  loss=83
    X bin  54: [-0.015566, -0.015466]  frac=[0.241, 0.242]  loss=81
    X bin  55: [-0.015466, -0.015366]  frac=[0.242, 0.244]  loss=83
    X bin  56: [-0.015366, -0.015266]  frac=[0.244, 0.246]  loss=82
    X bin  57: [-0.015266, -0.015165]  frac=[0.246, 0.247]  loss=82
    X bin  58: [-0.015165, -0.015065]  frac=[0.247, 0.249]  loss=26
    X bin  59: [-0.015065, -0.014965]  frac=[0.249, 0.251]  loss=701
  Loss by Z region:
    Z bin   0: [-0.003356, -0.003030]  frac=[0.664, 0.697]  loss=1,050
    Z bin   1: [-0.003030, -0.002705]  frac=[0.697, 0.730]  loss=574
    Z bin   2: [-0.002705, -0.002379]  frac=[0.730, 0.762]  loss=592
    Z bin   3: [-0.002379, -0.002053]  frac=[0.762, 0.795]  loss=364
    Z bin   4: [-0.002053, -0.001728]  frac=[0.795, 0.827]  loss=384
    Z bin   5: [-0.001728, -0.001402]  frac=[0.827, 0.860]  loss=401
    Z bin   6: [-0.001402, -0.001077]  frac=[0.860, 0.892]  loss=402
    Z bin   7: [-0.001077, -0.000751]  frac=[0.892, 0.925]  loss=555
    Z bin   8: [-0.000751, -0.000425]  frac=[0.925, 0.957]  loss=645
    Z bin   9: [-0.000425, -0.000100]  frac=[0.957, 0.990]  loss=3,797

================================================================================
CPU 3×3×3 REPLAY on 180 sampled positions from top loss bins
================================================================================
  [  1] pos=(-0.01994941,-0.00945963,-0.00033560)  bin=(10,7,9) rank=1  cells=18 elems=167  → elem=39615
  [  2] pos=(-0.01994941,-0.00945963,-0.00016781)  bin=(10,7,9) rank=1  cells=18 elems=167  → elem=39615
  [  3] pos=(-0.01994941,-0.00945963,-0.00010001)  bin=(10,7,9) rank=1  cells=18 elems=167  → elem=39615
  [  4] pos=(-0.01994941,-0.00914952,-0.00033560)  bin=(10,7,9) rank=1  cells=18 elems=167  → elem=39615
  [  5] pos=(-0.01994941,-0.00914952,-0.00016781)  bin=(10,7,9) rank=1  cells=18 elems=167  → elem=39615
  [  6] pos=(-0.01994941,-0.00914952,-0.00010001)  bin=(10,7,9) rank=1  cells=18 elems=167  → elem=39615
  [  7] pos=(-0.01995022,+0.00325511,-0.00033545)  bin=(10,28,9) rank=2  cells=24 elems=261  → elem=422449
  [  8] pos=(-0.01995022,+0.00325511,-0.00016765)  bin=(10,28,9) rank=2  cells=24 elems=261  → elem=422449
  [  9] pos=(-0.01995022,+0.00325511,-0.00009985)  bin=(10,28,9) rank=2  cells=24 elems=261  → elem=422449
  [ 10] pos=(-0.01995022,+0.00356522,-0.00033545)  bin=(10,28,9) rank=2  cells=24 elems=261  → elem=422449
  [ 11] pos=(-0.01995022,+0.00356522,-0.00016765)  bin=(10,28,9) rank=2  cells=24 elems=261  → elem=422449
  [ 12] pos=(-0.01995022,+0.00356522,-0.00009985)  bin=(10,28,9) rank=2  cells=24 elems=261  → elem=422449
  [ 13] pos=(-0.01791551,-0.01007986,-0.00033560)  bin=(30,6,9) rank=3  cells=18 elems=167  → elem=39615
  [ 14] pos=(-0.01791551,-0.01007986,-0.00016781)  bin=(30,6,9) rank=3  cells=18 elems=167  → elem=39615
  [ 15] pos=(-0.01791551,-0.01007986,-0.00010001)  bin=(30,6,9) rank=3  cells=18 elems=167  → elem=39615
  [ 16] pos=(-0.01791550,-0.00976981,-0.00033560)  bin=(30,6,9) rank=3  cells=20 elems=203  → elem=39616
  [ 17] pos=(-0.01791550,-0.00976981,-0.00016780)  bin=(30,6,9) rank=3  cells=20 elems=203  → elem=39616
  [ 18] pos=(-0.01791550,-0.00976981,-0.00010001)  bin=(30,6,9) rank=3  cells=20 elems=203  → elem=39616
  [ 19] pos=(-0.01761127,+0.00604607,-0.00033531)  bin=(33,33,9) rank=4  cells=23 elems=272  → elem=0
  [ 20] pos=(-0.01761127,+0.00604607,-0.00016752)  bin=(33,33,9) rank=4  cells=23 elems=272  → elem=0
  [ 21] pos=(-0.01761127,+0.00604607,-0.00009972)  bin=(33,33,9) rank=4  cells=23 elems=272  → elem=0
  [ 22] pos=(-0.01761127,+0.00635618,-0.00033531)  bin=(33,33,9) rank=4  cells=23 elems=272  → elem=0
  [ 23] pos=(-0.01761127,+0.00635618,-0.00016752)  bin=(33,33,9) rank=4  cells=23 elems=272  → elem=0
  [ 24] pos=(-0.01761127,+0.00635618,-0.00009972)  bin=(33,33,9) rank=4  cells=23 elems=272  → elem=0
  [ 25] pos=(-0.02096668,-0.00294685,-0.00033552)  bin=(0,18,9) rank=5  cells=14 elems=116  → elem=39578
  [ 26] pos=(-0.02096668,-0.00294685,-0.00016772)  bin=(0,18,9) rank=5  cells=14 elems=116  → elem=39578
  [ 27] pos=(-0.02096668,-0.00294685,-0.00009992)  bin=(0,18,9) rank=5  cells=14 elems=116  → elem=39578
  [ 28] pos=(-0.02096668,-0.00263674,-0.00033552)  bin=(0,18,9) rank=5  cells=14 elems=116  → elem=39578
  [ 29] pos=(-0.02096668,-0.00263674,-0.00016772)  bin=(0,18,9) rank=5  cells=14 elems=116  → elem=39578
  [ 30] pos=(-0.02096668,-0.00263674,-0.00009992)  bin=(0,18,9) rank=5  cells=14 elems=116  → elem=39578
  [ 31] pos=(-0.01771273,-0.00170698,-0.00033550)  bin=(32,20,9) rank=6  cells=24 elems=224  → elem=422476
  [ 32] pos=(-0.01771273,-0.00170698,-0.00016770)  bin=(32,20,9) rank=6  cells=24 elems=224  → elem=422476
  [ 33] pos=(-0.01771273,-0.00170698,-0.00009990)  bin=(32,20,9) rank=6  cells=24 elems=224  → elem=422476
  [ 34] pos=(-0.01771273,-0.00139687,-0.00033550)  bin=(32,20,9) rank=6  cells=24 elems=224  → elem=422476
  [ 35] pos=(-0.01771273,-0.00139687,-0.00016770)  bin=(32,20,9) rank=6  cells=24 elems=224  → elem=422476
  [ 36] pos=(-0.01771273,-0.00139687,-0.00009990)  bin=(32,20,9) rank=6  cells=24 elems=224  → elem=422476
  [ 37] pos=(-0.01995022,+0.00387533,-0.00033545)  bin=(10,29,9) rank=7  cells=24 elems=261  → elem=422449
  [ 38] pos=(-0.01995022,+0.00387533,-0.00016765)  bin=(10,29,9) rank=7  cells=24 elems=261  → elem=422449
  [ 39] pos=(-0.01995022,+0.00387533,-0.00009985)  bin=(10,29,9) rank=7  cells=24 elems=261  → elem=422449
  [ 40] pos=(-0.01995022,+0.00418544,-0.00033545)  bin=(10,29,9) rank=7  cells=24 elems=261  → elem=422449
  [ 41] pos=(-0.01995022,+0.00418544,-0.00016765)  bin=(10,29,9) rank=7  cells=24 elems=261  → elem=422449
  [ 42] pos=(-0.01995022,+0.00418544,-0.00009985)  bin=(10,29,9) rank=7  cells=24 elems=261  → elem=422449
  [ 43] pos=(-0.01791551,-0.01194053,-0.00033560)  bin=(30,3,9) rank=8  cells=18 elems=172  → elem=39615
  [ 44] pos=(-0.01791551,-0.01194053,-0.00016781)  bin=(30,3,9) rank=8  cells=18 elems=172  → elem=39615
  [ 45] pos=(-0.01791551,-0.01194053,-0.00010001)  bin=(30,3,9) rank=8  cells=18 elems=172  → elem=39615
  [ 46] pos=(-0.01791551,-0.01163042,-0.00033560)  bin=(30,3,9) rank=8  cells=18 elems=172  → elem=39615
  [ 47] pos=(-0.01791551,-0.01163042,-0.00016781)  bin=(30,3,9) rank=8  cells=18 elems=172  → elem=39615
  [ 48] pos=(-0.01791551,-0.01163042,-0.00010001)  bin=(30,3,9) rank=8  cells=18 elems=172  → elem=39615
  [ 49] pos=(-0.01496588,-0.00635932,-0.00033560)  bin=(59,12,9) rank=9  cells=9 elems=56  → elem=2418488
  [ 50] pos=(-0.01496588,-0.00635932,-0.00016780)  bin=(59,12,9) rank=9  cells=9 elems=56  → elem=2418488

================================================================================
CPU REPLAY SUMMARY
================================================================================
  Total sampled:        180
  FOUND (element hit):  180
  OUTSIDE BBOX:         0
  NOT FOUND (in bbox):  0

  Cause breakdown:
    FOUND                         : 180

  → Most step-0 positions in loss bins ARE findable at step 0.
    Loss happens DURING RK4 integration (intermediate sub-step positions),
    not because step-0 positions are in a void.
    → The loss is dynamic: particles are pushed out during k1..k4 sub-steps.

================================================================================
PARTICLE COUNT EVOLUTION (z > -0.0035)
================================================================================
    Step    N_active         Δ   Loss%_cum
  --------------------------------------
       0      65,015        +0      0.000%
       1      64,810      -205      0.315%
       2      64,570      -240      0.684%
       3      64,371      -199      0.991%
       4      63,808      -563      1.856%
       5      63,463      -345      2.387%
       6      63,195      -268      2.799%
       7      63,027      -168      3.058%
       8      62,750      -277      3.484%
       9      62,623      -127      3.679%

================================================================================
DONE
================================================================================
