/home/arhashemi/Workspace/welding/JAXTrace/jaxtrace/io/registry.py:41: UserWarning: h5py not available. HDF5 I/O will be disabled
  from .hdf5_io import H5Series
✅ Enhanced VTK I/O available
✅ HDF5 I/O available
================================================================================
MORTON OCTREE BUG DIAGNOSIS
================================================================================

[1/4] Loading mesh: /home/arhashemi/Workspace/welding/Edgar/ThreadedA/post/0eule/threadedAvtk_159.pvtu
Loading mesh: /home/arhashemi/Workspace/welding/Edgar/ThreadedA/post/0eule/threadedAvtk_159.pvtu
  Nodes: 900,658
  Elements: 3,512,279
  Elements: 3,512,279

[2/4] Building octree structure...
[1/5] Computing element centroids...
  Bounding box: min=[-0.02875006 -0.02172227 -0.00937501], max=[ 2.8750056e-02  2.1722268e-02 -1.9521895e-05]
[2/5] Computing Morton codes for 3,512,279 elements...
[3/5] Sorting elements by Morton code...
[4/5] Building adaptive octree (capacity=256)...
  Built 32,168 octree leaves
  Depth distribution:
    Depth 2: 51 leaves
    Depth 3: 58 leaves
    Depth 4: 181 leaves
    Depth 5: 515 leaves
    Depth 6: 4,091 leaves
    Depth 7: 27,272 leaves
[5/5] Building prefix table...
  Prefix table: 262,144 entries (depth=6)
  Memory: prefix_table=1.0 MB

[3/4] Test element analysis:
  Element ID: 1003299
  Sorted index: 1756139
  Morton code: 0x62498A64BCA466A2
  Leaf ID (build): 16115

  Centroid: (-0.001777, 0.000499, -0.004492)
  Morton (query): 0x62498A64BCA466A2
  Morton match: True

[4/4] Prefix table lookup:
  Table depth: 6
  Prefix bits: 18

  MSB extraction (current):
    Shift: 45
    Prefix: 0x03124C
    Leaf ID: 16120
    Match: False

  LSB extraction (alternative):
    Mask: 0x03FFFF
    Prefix: 0x0066A2
    Leaf ID: 6
    Match: False

================================================================================
CONCLUSION
================================================================================
❌ BOTH methods are WRONG - deeper issue in octree build/prefix table
   Expected leaf: 16115
   MSB lookup: 16120
   LSB lookup: 6
================================================================================
