python3 diagnose_vanishing_positions.py
✅ Enhanced VTK I/O available
✅ HDF5 I/O available
================================================================================
Vanishing Position Diagnostic
================================================================================

[1/6] Found 2500 VTU files in:
      output/benchmark_with_export/Mesh-Aligned_Multi-Cell_+_3×3×3_Local_(Option_A_-_Phase_2)

[2/6] Loading mesh...
Loading mesh: data/FLA/post/0eule/featurelessAvtk_158.pvtu
  Nodes: 780,922
  Elements: 3,048,900
  Loaded field 'Displacement': (780922, 3)
Loading mesh: data/FLA/post/0eule/featurelessAvtk_159.pvtu
  Nodes: 780,922
  Elements: 3,048,900
  Loaded field 'Displacement': (780922, 3)
  571,173 nodes, 3,048,900 elements

[3/6] Precomputing metadata and uploading to GPU...

Precomputed inverse matrices:
  Elements: 3,048,900
  Degenerate: 0 (0.0000%)
  Det range: [4.87e-13, 1.28e-07]
  Memory: 146,347,200 bytes (139.6 MB)
  Building mesh-aligned octree (multi-cell vertex registration)...
    665,842 cells, 18.32 elem/cell, 4.00 cells/elem
  Uploaded to GPU

[4/6] Scanning 251 VTU steps for vanishing particles...
  Loaded step   0: 262,405 active particles
  Loaded step   1: 262,405 active particles
  Loaded step   2: 262,405 active particles
  Loaded step   3: 262,405 active particles
  Loaded step   4: 262,404 active particles
  Loaded step   5: 262,404 active particles
  Loaded step   6: 262,404 active particles
  Loaded step   7: 262,404 active particles
  Loaded step   8: 262,404 active particles
  Loaded step   9: 262,404 active particles
  Loaded step  10: 262,403 active particles
  Loaded step  11: 262,403 active particles
  Loaded step  12: 262,402 active particles
  Loaded step  13: 262,402 active particles
  Loaded step  14: 262,402 active particles
  Loaded step  15: 262,402 active particles
  Loaded step  16: 262,402 active particles
  Loaded step  17: 262,402 active particles
  Loaded step  18: 262,402 active particles
  Loaded step  19: 262,401 active particles
  Loaded step  20: 262,401 active particles
  Loaded step  21: 262,400 active particles
  Loaded step  22: 262,400 active particles
  Loaded step  23: 262,400 active particles
  Loaded step  24: 262,399 active particles
  Loaded step  25: 262,397 active particles
  Loaded step  26: 262,397 active particles
  Loaded step  27: 262,396 active particles
  Loaded step  28: 262,396 active particles
  Loaded step  29: 262,395 active particles
  Loaded step  30: 262,394 active particles
  Loaded step  31: 262,393 active particles
  Loaded step  32: 262,393 active particles
  Loaded step  33: 262,393 active particles
  Loaded step  34: 262,391 active particles
  Loaded step  35: 262,391 active particles
  Loaded step  36: 262,390 active particles
  Loaded step  37: 262,389 active particles
  Loaded step  38: 262,389 active particles
  Loaded step  39: 262,388 active particles
  Loaded step  40: 262,386 active particles
  Loaded step  41: 262,386 active particles
  Loaded step  42: 262,386 active particles
  Loaded step  43: 262,385 active particles
  Loaded step  44: 262,385 active particles
  Loaded step  45: 262,384 active particles
  Loaded step  46: 262,384 active particles
  Loaded step  47: 262,382 active particles
  Loaded step  48: 262,382 active particles
  Loaded step  49: 262,382 active particles
  Loaded step  50: 262,382 active particles
  Loaded step  51: 262,381 active particles
  Loaded step  52: 262,381 active particles
  Loaded step  53: 262,381 active particles
  Loaded step  54: 262,381 active particles
  Loaded step  55: 262,381 active particles
  Loaded step  56: 262,380 active particles
  Loaded step  57: 262,379 active particles
  Loaded step  58: 262,379 active particles
  Loaded step  59: 262,378 active particles
  Loaded step  60: 262,378 active particles
  Loaded step  61: 262,378 active particles
  Loaded step  62: 262,378 active particles
  Loaded step  63: 262,377 active particles
  Loaded step  64: 262,377 active particles
  Loaded step  65: 262,377 active particles
  Loaded step  66: 262,375 active particles
  Loaded step  67: 262,375 active particles
  Loaded step  68: 262,375 active particles
  Loaded step  69: 262,375 active particles
  Loaded step  70: 262,375 active particles
  Loaded step  71: 262,375 active particles
  Loaded step  72: 262,374 active particles
  Loaded step  73: 262,374 active particles
  Loaded step  74: 262,374 active particles
  Loaded step  75: 262,374 active particles
  Loaded step  76: 262,373 active particles
  Loaded step  77: 262,373 active particles
  Loaded step  78: 262,373 active particles
  Loaded step  79: 262,373 active particles
  Loaded step  80: 262,373 active particles
  Loaded step  81: 262,373 active particles
  Loaded step  82: 262,372 active particles
  Loaded step  83: 262,372 active particles
  Loaded step  84: 262,370 active particles
  Loaded step  85: 262,370 active particles
  Loaded step  86: 262,370 active particles
  Loaded step  87: 262,370 active particles
  Loaded step  88: 262,370 active particles
  Loaded step  89: 262,370 active particles
  Loaded step  90: 262,369 active particles
  Loaded step  91: 262,369 active particles
  Loaded step  92: 262,368 active particles
  Loaded step  93: 262,368 active particles
  Loaded step  94: 262,368 active particles
  Loaded step  95: 262,368 active particles
  Loaded step  96: 262,368 active particles
  Loaded step  97: 262,368 active particles
  Loaded step  98: 262,367 active particles
  Loaded step  99: 262,367 active particles
  Loaded step 100: 262,367 active particles
  Loaded step 101: 262,367 active particles
  Loaded step 102: 262,367 active particles
  Loaded step 103: 262,367 active particles
  Loaded step 104: 262,366 active particles
  Loaded step 105: 262,366 active particles
  Loaded step 106: 262,242 active particles
  Loaded step 107: 262,208 active particles
  Loaded step 108: 261,837 active particles
  Loaded step 109: 261,785 active particles
  Loaded step 110: 261,658 active particles
  Loaded step 111: 261,629 active particles
  Loaded step 112: 261,595 active particles
  Loaded step 113: 261,474 active particles
  Loaded step 114: 261,205 active particles
  Loaded step 115: 261,037 active particles
  Loaded step 116: 260,993 active particles
  Loaded step 117: 260,875 active particles
  Loaded step 118: 260,845 active particles
  Loaded step 119: 260,720 active particles
  Loaded step 120: 260,574 active particles
  Loaded step 121: 260,291 active particles
  Loaded step 122: 260,252 active particles
  Loaded step 123: 260,121 active particles
  Loaded step 124: 260,085 active particles
  Loaded step 125: 259,961 active particles
  Loaded step 126: 259,811 active particles
  Loaded step 127: 259,516 active particles
  Loaded step 128: 259,479 active particles
  Loaded step 129: 259,362 active particles
  Loaded step 130: 259,329 active particles
  Loaded step 131: 259,174 active particles
  Loaded step 132: 259,039 active particles
  Loaded step 133: 258,728 active particles
  Loaded step 134: 258,695 active particles
  Loaded step 135: 258,631 active particles
  Loaded step 136: 258,536 active particles
  Loaded step 137: 258,375 active particles
  Loaded step 138: 258,258 active particles
  Loaded step 139: 257,964 active particles
  Loaded step 140: 257,896 active particles
  Loaded step 141: 257,843 active particles
  Loaded step 142: 257,736 active particles
  Loaded step 143: 257,567 active particles
  Loaded step 144: 257,524 active particles
  Loaded step 145: 257,241 active particles
  Loaded step 146: 257,077 active particles
  Loaded step 147: 257,032 active particles
  Loaded step 148: 256,933 active particles
  Loaded step 149: 256,740 active particles
  Loaded step 150: 256,736 active particles
  Loaded step 151: 256,554 active particles
  Loaded step 152: 256,254 active particles
  Loaded step 153: 256,215 active particles
  Loaded step 154: 256,148 active particles
  Loaded step 155: 255,920 active particles
  Loaded step 156: 255,909 active particles
  Loaded step 157: 255,740 active particles
  Loaded step 158: 255,438 active particles
  Loaded step 159: 255,418 active particles
  Loaded step 160: 255,342 active particles
  Loaded step 161: 255,111 active particles
  Loaded step 162: 255,088 active particles
  Loaded step 163: 254,937 active particles
  Loaded step 164: 254,641 active particles
  Loaded step 165: 254,613 active particles
  Loaded step 166: 254,549 active particles
  Loaded step 167: 254,325 active particles
  Loaded step 168: 254,279 active particles
  Loaded step 169: 254,142 active particles
  Loaded step 170: 253,889 active particles
  Loaded step 171: 253,805 active particles
  Loaded step 172: 253,749 active particles
  Loaded step 173: 253,634 active particles
  Loaded step 174: 253,470 active particles
  Loaded step 175: 253,348 active particles
  Loaded step 176: 253,154 active particles
  Loaded step 177: 252,994 active particles
  Loaded step 178: 252,949 active particles
  Loaded step 179: 252,859 active particles
  Loaded step 180: 252,666 active particles
  Loaded step 181: 252,594 active particles
  Loaded step 182: 252,485 active particles
  Loaded step 183: 252,193 active particles
  Loaded step 184: 252,160 active particles
  Loaded step 185: 252,061 active particles
  Loaded step 186: 251,874 active particles
  Loaded step 187: 251,846 active particles
  Loaded step 188: 251,687 active particles
  Loaded step 189: 251,391 active particles
  Loaded step 190: 251,365 active particles
  Loaded step 191: 251,266 active particles
  Loaded step 192: 251,069 active particles
  Loaded step 193: 251,039 active particles
  Loaded step 194: 250,884 active particles
  Loaded step 195: 250,595 active particles
  Loaded step 196: 250,566 active particles
  Loaded step 197: 250,486 active particles
  Loaded step 198: 250,296 active particles
  Loaded step 199: 250,240 active particles
  Loaded step 200: 250,095 active particles
  Loaded step 201: 249,855 active particles
  Loaded step 202: 249,769 active particles
  Loaded step 203: 249,700 active particles
  Loaded step 204: 249,499 active particles
  Loaded step 205: 249,447 active particles
  Loaded step 206: 249,305 active particles
  Loaded step 207: 249,114 active particles
  Loaded step 208: 248,972 active particles
  Loaded step 209: 248,925 active particles
  Loaded step 210: 248,712 active particles
  Loaded step 211: 248,653 active particles
  Loaded step 212: 248,516 active particles
  Loaded step 213: 248,462 active particles
  Loaded step 214: 248,182 active particles
  Loaded step 215: 248,144 active particles
  Loaded step 216: 247,926 active particles
  Loaded step 217: 247,885 active particles
  Loaded step 218: 247,758 active particles
  Loaded step 219: 247,679 active particles
  Loaded step 220: 247,389 active particles
  Loaded step 221: 247,363 active particles
  Loaded step 222: 247,143 active particles
  Loaded step 223: 247,098 active particles
  Loaded step 224: 247,031 active particles
  Loaded step 225: 246,898 active particles
  Loaded step 226: 246,607 active particles
  Loaded step 227: 246,581 active particles
  Loaded step 228: 246,382 active particles
  Loaded step 229: 246,311 active particles
  Loaded step 230: 246,267 active particles
  Loaded step 231: 246,110 active particles
  Loaded step 232: 245,882 active particles
  Loaded step 233: 245,794 active particles
  Loaded step 234: 245,638 active particles
  Loaded step 235: 245,527 active particles
  Loaded step 236: 245,492 active particles
  Loaded step 237: 245,317 active particles
  Loaded step 238: 245,138 active particles
  Loaded step 239: 245,005 active particles
  Loaded step 240: 244,923 active particles
  Loaded step 241: 244,749 active particles
  Loaded step 242: 244,708 active particles
  Loaded step 243: 244,546 active particles
  Loaded step 244: 244,492 active particles
  Loaded step 245: 244,224 active particles
  Loaded step 246: 244,152 active particles
  Loaded step 247: 243,968 active particles
  Loaded step 248: 243,929 active particles
  Loaded step 249: 243,779 active particles
  Loaded step 250: 243,727 active particles

   Step     Active→     →Active     Lost   Cum.Lost
  -----  ----------  ----------  -------  ---------
      0     262,405     262,405        0          0
      1     262,405     262,405        0          0
      2     262,405     262,405        0          0
      3     262,405     262,404        1          1
      4     262,404     262,404        0          1
      5     262,404     262,404        0          1
      6     262,404     262,404        0          1
      7     262,404     262,404        0          1
      8     262,404     262,404        0          1
      9     262,404     262,403        1          2
     10     262,403     262,403        0          2
     11     262,403     262,402        1          3
     12     262,402     262,402        0          3
     13     262,402     262,402        0          3
     14     262,402     262,402        0          3
     15     262,402     262,402        0          3
     16     262,402     262,402        0          3
     17     262,402     262,402        0          3
     18     262,402     262,401        1          4
     19     262,401     262,401        0          4
     20     262,401     262,400        1          5
     21     262,400     262,400        0          5
     22     262,400     262,400        0          5
     23     262,400     262,399        1          6
     24     262,399     262,397        2          8
     25     262,397     262,397        0          8
     26     262,397     262,396        1          9
     27     262,396     262,396        0          9
     28     262,396     262,395        1         10
     29     262,395     262,394        1         11
     30     262,394     262,393        1         12
     31     262,393     262,393        0         12
     32     262,393     262,393        0         12
     33     262,393     262,391        2         14
     34     262,391     262,391        0         14
     35     262,391     262,390        1         15
     36     262,390     262,389        1         16
     37     262,389     262,389        0         16
     38     262,389     262,388        1         17
     39     262,388     262,386        2         19
     40     262,386     262,386        0         19
     41     262,386     262,386        0         19
     42     262,386     262,385        1         20
     43     262,385     262,385        0         20
     44     262,385     262,384        1         21
     45     262,384     262,384        0         21
     46     262,384     262,382        2         23
     47     262,382     262,382        0         23
     48     262,382     262,382        0         23
     49     262,382     262,382        0         23
     50     262,382     262,381        1         24
     51     262,381     262,381        0         24
     52     262,381     262,381        0         24
     53     262,381     262,381        0         24
     54     262,381     262,381        0         24
     55     262,381     262,380        1         25
     56     262,380     262,379        1         26
     57     262,379     262,379        0         26
     58     262,379     262,378        1         27
     59     262,378     262,378        0         27
     60     262,378     262,378        0         27
     61     262,378     262,378        0         27
     62     262,378     262,377        1         28
     63     262,377     262,377        0         28
     64     262,377     262,377        0         28
     65     262,377     262,375        2         30
     66     262,375     262,375        0         30
     67     262,375     262,375        0         30
     68     262,375     262,375        0         30
     69     262,375     262,375        0         30
     70     262,375     262,375        0         30
     71     262,375     262,374        1         31
     72     262,374     262,374        0         31
     73     262,374     262,374        0         31
     74     262,374     262,374        0         31
     75     262,374     262,373        1         32
     76     262,373     262,373        0         32
     77     262,373     262,373        0         32
     78     262,373     262,373        0         32
     79     262,373     262,373        0         32
     80     262,373     262,373        0         32
     81     262,373     262,372        1         33
     82     262,372     262,372        0         33
     83     262,372     262,370        2         35
     84     262,370     262,370        0         35
     85     262,370     262,370        0         35
     86     262,370     262,370        0         35
     87     262,370     262,370        0         35
     88     262,370     262,370        0         35
     89     262,370     262,369        1         36
     90     262,369     262,369        0         36
     91     262,369     262,368        1         37
     92     262,368     262,368        0         37
     93     262,368     262,368        0         37
     94     262,368     262,368        0         37
     95     262,368     262,368        0         37
     96     262,368     262,368        0         37
     97     262,368     262,367        1         38
     98     262,367     262,367        0         38
     99     262,367     262,367        0         38
    100     262,367     262,367        0         38
    101     262,367     262,367        0         38
    102     262,367     262,367        0         38
    103     262,367     262,366        1         39
    104     262,366     262,366        0         39
    105     262,366     262,242      124        163
    106     262,242     262,208       34        197
    107     262,208     261,837      371        568
    108     261,837     261,785       52        620
    109     261,785     261,658      127        747
    110     261,658     261,629       29        776
    111     261,629     261,595       34        810
    112     261,595     261,474      121        931
    113     261,474     261,205      269       1200
    114     261,205     261,037      168       1368
    115     261,037     260,993       44       1412
    116     260,993     260,875      118       1530
    117     260,875     260,845       30       1560
    118     260,845     260,720      125       1685
    119     260,720     260,574      146       1831
    120     260,574     260,291      283       2114
    121     260,291     260,252       39       2153
    122     260,252     260,121      131       2284
    123     260,121     260,085       36       2320
    124     260,085     259,961      124       2444
    125     259,961     259,811      150       2594
    126     259,811     259,516      295       2889
    127     259,516     259,479       37       2926
    128     259,479     259,362      117       3043
    129     259,362     259,329       33       3076
    130     259,329     259,174      155       3231
    131     259,174     259,039      135       3366
    132     259,039     258,728      311       3677
    133     258,728     258,695       33       3710
    134     258,695     258,631       64       3774
    135     258,631     258,536       95       3869
    136     258,536     258,375      161       4030
    137     258,375     258,258      117       4147
    138     258,258     257,964      294       4441
    139     257,964     257,896       68       4509
    140     257,896     257,843       53       4562
    141     257,843     257,736      107       4669
    142     257,736     257,567      169       4838
    143     257,567     257,524       43       4881
    144     257,524     257,241      283       5164
    145     257,241     257,077      164       5328
    146     257,077     257,032       45       5373
    147     257,032     256,933       99       5472
    148     256,933     256,740      193       5665
    149     256,740     256,736        4       5669
    150     256,736     256,554      182       5851
    151     256,554     256,254      300       6151
    152     256,254     256,215       39       6190
    153     256,215     256,148       67       6257
    154     256,148     255,920      228       6485
    155     255,920     255,909       11       6496
    156     255,909     255,740      169       6665
    157     255,740     255,438      302       6967
    158     255,438     255,418       20       6987
    159     255,418     255,342       76       7063
    160     255,342     255,111      231       7294
    161     255,111     255,088       23       7317
    162     255,088     254,937      151       7468
    163     254,937     254,641      296       7764
    164     254,641     254,613       28       7792
    165     254,613     254,549       64       7856
    166     254,549     254,325      224       8080
    167     254,325     254,279       46       8126
    168     254,279     254,142      137       8263
    169     254,142     253,889      253       8516
    170     253,889     253,805       84       8600
    171     253,805     253,749       56       8656
    172     253,749     253,634      115       8771
    173     253,634     253,470      164       8935
    174     253,470     253,348      122       9057
    175     253,348     253,154      194       9251
    176     253,154     252,994      160       9411
    177     252,994     252,949       45       9456
    178     252,949     252,859       90       9546
    179     252,859     252,666      193       9739
    180     252,666     252,594       72       9811
    181     252,594     252,485      109       9920
    182     252,485     252,193      292      10212
    183     252,193     252,160       33      10245
    184     252,160     252,061       99      10344
    185     252,061     251,874      187      10531
    186     251,874     251,846       28      10559
    187     251,846     251,687      159      10718
    188     251,687     251,391      296      11014
    189     251,391     251,365       26      11040
    190     251,365     251,266       99      11139
    191     251,266     251,069      197      11336
    192     251,069     251,039       30      11366
    193     251,039     250,884      155      11521
    194     250,884     250,595      289      11810
    195     250,595     250,566       29      11839
    196     250,566     250,486       80      11919
    197     250,486     250,296      190      12109
    198     250,296     250,240       56      12165
    199     250,240     250,095      145      12310
    200     250,095     249,855      240      12550
    201     249,855     249,769       86      12636
    202     249,769     249,700       69      12705
    203     249,700     249,499      201      12906
    204     249,499     249,447       52      12958
    205     249,447     249,305      142      13100
    206     249,305     249,114      191      13291
    207     249,114     248,972      142      13433
    208     248,972     248,925       47      13480
    209     248,925     248,712      213      13693
    210     248,712     248,653       59      13752
    211     248,653     248,516      137      13889
    212     248,516     248,462       54      13943
    213     248,462     248,182      280      14223
    214     248,182     248,144       38      14261
    215     248,144     247,926      218      14479
    216     247,926     247,885       41      14520
    217     247,885     247,758      127      14647
    218     247,758     247,679       79      14726
    219     247,679     247,389      290      15016
    220     247,389     247,363       26      15042
    221     247,363     247,143      220      15262
    222     247,143     247,098       45      15307
    223     247,098     247,031       67      15374
    224     247,031     246,898      133      15507
    225     246,898     246,607      291      15798
    226     246,607     246,581       26      15824
    227     246,581     246,382      199      16023
    228     246,382     246,311       71      16094
    229     246,311     246,267       44      16138
    230     246,267     246,110      157      16295
    231     246,110     245,882      228      16523
    232     245,882     245,794       88      16611
    233     245,794     245,638      156      16767
    234     245,638     245,527      111      16878
    235     245,527     245,492       35      16913
    236     245,492     245,317      175      17088
    237     245,317     245,138      179      17267
    238     245,138     245,005      133      17400
    239     245,005     244,923       82      17482
    240     244,923     244,749      174      17656
    241     244,749     244,708       41      17697
    242     244,708     244,546      162      17859
    243     244,546     244,492       54      17913
    244     244,492     244,224      268      18181
    245     244,224     244,152       72      18253
    246     244,152     243,968      184      18437
    247     243,968     243,929       39      18476
    248     243,929     243,779      150      18626
    249     243,779     243,727       52      18678

  Total vanishing events: 18678
  Inspecting first 200

[5/6] Probe position analysis...
  11 probes per event × 200 events = 2200 total probes
  ... 0/200 events processed
  ... 50/200 events processed
  ... 100/200 events processed
  ... 150/200 events processed

  GPU 3×3×3 found:  2200/2200 (100.0%)
  GPU 3×3×3 failed: 0/2200 (0.0%)

[6/6] Detailed reporting

================================================================================
PER-EVENT DETAILS (first 20 events)
================================================================================

  Event   0: step=3 pid=109375 elem=39579
    last_pos   = [-0.02068276 -0.00697937 -0.0006711 ]
    vel_approx = [ 6.6865059e-03 -1.7255571e-04  4.1873927e-06]  |v|=6.6887e-03
      frac         GPU   tests    CPU_adj  note
    ------  ----------  ------  ---------  ----
     -0.50       39579     117      39579
     -0.30       39579     117      39579
     -0.10       39579     117      39579
      0.10       39579     117      39579
      0.30       39579     117      39579
      0.50       39579     117      39579
      0.70       39582     136         -1
      0.90       39582     136         -1
      1.10       39582     136         -1
      1.30       39582     136         -1
      1.50       39582     136         -1

  Event   1: step=9 pid=103975 elem=39583
    last_pos   = [-0.02068438 -0.0069815  -0.00067104]
    vel_approx = [ 6.6904845e-03 -1.6614876e-04 -3.8512553e-08]  |v|=6.6925e-03
      frac         GPU   tests    CPU_adj  note
    ------  ----------  ------  ---------  ----
     -0.50       39583     106      39583
     -0.30       39583     106      39583
     -0.10       39583     106      39583
      0.10       39583     106      39583
      0.30       39583     106      39583
      0.50       39583     106      39583
      0.70       39583     106      39583
      0.90       39580     134         -1
      1.10       39580     134         -1
      1.30       39580     134         -1
      1.50       39580     134         -1

  Event   2: step=11 pid=287866 elem=39613
    last_pos   = [-0.01719334 -0.00543619 -0.00218108]
    vel_approx = [ 6.7234379e-03 -3.1021406e-04  6.6596699e-06]  |v|=6.7306e-03
      frac         GPU   tests    CPU_adj  note
    ------  ----------  ------  ---------  ----
     -0.50       39613     319      39613
     -0.30       39613     319      39613
     -0.10       39613     319      39613
      0.10       39613     319      39613
      0.30       39613     319      39613
      0.50       39613     319      39613
      0.70       39613     319      39613
      0.90       39548     342         -1
      1.10       39548     342         -1
      1.30       39546     340         -1
      1.50       39546     340         -1

  Event   3: step=18 pid=90774 elem=422468
    last_pos   = [-0.02084091  0.00852411 -0.00083757]
    vel_approx = [ 6.6115488e-03 -1.2517608e-04  4.9168812e-05]  |v|=6.6129e-03
      frac         GPU   tests    CPU_adj  note
    ------  ----------  ------  ---------  ----
     -0.50      422468     113     422468
     -0.30      422468     113     422468
     -0.10      422468     113     422468
      0.10      422468     113     422468
      0.30      422465     127         -1
      0.50      422465     127         -1
      0.70      422465     127         -1
      0.90      422465     127         -1
      1.10      422465     127         -1
      1.30      422465     127         -1
      1.50      422465     127         -1

  Event   4: step=20 pid=274665 elem=4
    last_pos   = [-0.01735474  0.0100706  -0.00234725]
    vel_approx = [ 6.5233097e-03 -2.1343422e-04  5.3785068e-05]  |v|=6.5270e-03
      frac         GPU   tests    CPU_adj  note
    ------  ----------  ------  ---------  ----
     -0.50           4     371          4
     -0.30           4     371          4
     -0.10           4     371          4
      0.10           4     371          4
      0.30           6     398          6
      0.50           7     399         -1
      0.70           7     399         -1
      0.90           7     399         -1
      1.10           7     399         -1
      1.30           7     399         -1
      1.50           7     399         -1

  Event   5: step=23 pid=12466 elem=39579
    last_pos   = [-0.02218272 -0.00543609 -0.00218092]
    vel_approx = [ 6.6865059e-03 -1.7255571e-04  4.1873927e-06]  |v|=6.6887e-03
      frac         GPU   tests    CPU_adj  note
    ------  ----------  ------  ---------  ----
     -0.50       39579     117      39579
     -0.30       39579     117      39579
     -0.10       39579     117      39579
      0.10       39578     132      39578
      0.30       39582     136         -1
      0.50       39582     136         -1
      0.70       39582     136         -1
      0.90       39582     136         -1
      1.10       39582     136         -1
      1.30       39582     136         -1
      1.50       39582     136         -1

  Event   6: step=24 pid=100286 elem=39566
    last_pos   = [-0.0205384   0.00200642 -0.00553727]
    vel_approx = [ 6.6473857e-03 -1.7268761e-04  8.8772904e-06]  |v|=6.6496e-03
      frac         GPU   tests    CPU_adj  note
    ------  ----------  ------  ---------  ----
     -0.50       39566      63      39566
     -0.30       39566      63      39566
     -0.10       39566      63      39566
      0.10       39568      65         -1
      0.30       39567      64         -1
      0.50       39567      64         -1
      0.70       39567      64         -1
      0.90       39567      64         -1
      1.10       39567      64         -1
      1.30       39567      64         -1
      1.50       39567      64         -1

  Event   7: step=24 pid=85374 elem=422468
    last_pos   = [-0.02084301  0.00852292 -0.00083715]
    vel_approx = [ 6.6115488e-03 -1.2517608e-04  4.9168812e-05]  |v|=6.6129e-03
      frac         GPU   tests    CPU_adj  note
    ------  ----------  ------  ---------  ----
     -0.50      422468     113     422468
     -0.30      422468     113     422468
     -0.10      422468     113     422468
      0.10      422468     113     422468
      0.30      422468     113     422468
      0.50      422465     127         -1
      0.70      422465     127         -1
      0.90      422465     127         -1
      1.10      422465     127         -1
      1.30      422465     127         -1
      1.50      422465     127         -1

  Event   8: step=26 pid=269265 elem=4
    last_pos   = [-0.01735812  0.01006841 -0.00234672]
    vel_approx = [ 6.5233097e-03 -2.1343422e-04  5.3785068e-05]  |v|=6.5270e-03
      frac         GPU   tests    CPU_adj  note
    ------  ----------  ------  ---------  ----
     -0.50           4     371          4
     -0.30           4     371          4
     -0.10           4     371          4
      0.10           4     371          4
      0.30           4     371          4
      0.50           4     371          4
      0.70           6     398          6
      0.90           7     399         -1
      1.10           7     399         -1
      1.30           7     399         -1
      1.50           7     399         -1

  Event   9: step=28 pid=87775 elem=39583
    last_pos   = [-0.02067212 -0.00698772 -0.00067112]
    vel_approx = [ 6.6904845e-03 -1.6614878e-04 -3.8666258e-08]  |v|=6.6925e-03
      frac         GPU   tests    CPU_adj  note
    ------  ----------  ------  ---------  ----
     -0.50       39583     106      39583
     -0.30       39583     106      39583
     -0.10       39583     106      39583
      0.10       39581     105      39581
      0.30       39581     105      39581
      0.50       39580     134         -1
      0.70       39580     134         -1
      0.90       39580     134         -1
      1.10       39580     134         -1
      1.30       39580     134         -1
      1.50       39580     134         -1

  Event  10: step=29 pid=7066 elem=39583
    last_pos   = [-0.02218154 -0.00543823 -0.00218087]
    vel_approx = [ 6.6904845e-03 -1.6614876e-04 -3.8512553e-08]  |v|=6.6925e-03
      frac         GPU   tests    CPU_adj  note
    ------  ----------  ------  ---------  ----
     -0.50       39583     106      39583
     -0.30       39583     106      39583
     -0.10       39583     106      39583
      0.10       39580     134         -1
      0.30       39580     134         -1
      0.50       39580     134         -1
      0.70       39580     134         -1
      0.90       39580     134         -1
      1.10       39580     134         -1
      1.30       39580     134         -1
      1.50       39580     134         -1

  Event  11: step=30 pid=79974 elem=422488
    last_pos   = [-0.0208451   0.00852155 -0.00083675]
    vel_approx = [ 6.6169719e-03 -1.3258659e-04  3.9456856e-05]  |v|=6.6184e-03
      frac         GPU   tests    CPU_adj  note
    ------  ----------  ------  ---------  ----
     -0.50      422488     108     422488
     -0.30      422488     108     422488
     -0.10      422488     108     422488
      0.10      422488     108     422488
      0.30      422488     108     422488
      0.50      422488     108     422488
      0.70      422464     126         -1
      0.90      422464     126         -1
      1.10      422464     126         -1
      1.30      422464     126         -1
      1.50      422464     126         -1

  Event  12: step=33 pid=263865 elem=4
    last_pos   = [-0.01734783  0.01006591 -0.00234613]
    vel_approx = [ 6.5233097e-03 -2.1343408e-04  5.3785301e-05]  |v|=6.5270e-03
      frac         GPU   tests    CPU_adj  note
    ------  ----------  ------  ---------  ----
     -0.50           4     371          4
     -0.30           4     371          4
     -0.10           4     371          4
      0.10           6     398          6
      0.30           7     399         -1
      0.50           7     399         -1
      0.70           7     399         -1
      0.90           7     399         -1
      1.10           7     399         -1
      1.30           7     399         -1
      1.50           7     399         -1

  Event  13: step=33 pid=276047 elem=39610
    last_pos   = [-0.01702472 -0.01071982 -0.00201377]
    vel_approx = [ 6.7785801e-03 -2.0890897e-04 -1.2207464e-05]  |v|=6.7818e-03
      frac         GPU   tests    CPU_adj  note
    ------  ----------  ------  ---------  ----
     -0.50       39610     175      39610
     -0.30       39610     175      39610
     -0.10       39610     175      39610
      0.10       39610     175      39610
      0.30       39610     175      39610
      0.50       39610     175      39610
      0.70       39540     220         -1
      0.90       39540     220         -1
      1.10       39540     220         -1
      1.30       39540     220         -1
      1.50       39540     220         -1

  Event  14: step=35 pid=1666 elem=39583
    last_pos   = [-0.02218302 -0.00544019 -0.00218089]
    vel_approx = [ 6.6904845e-03 -1.6614876e-04 -3.8512553e-08]  |v|=6.6925e-03
      frac         GPU   tests    CPU_adj  note
    ------  ----------  ------  ---------  ----
     -0.50       39583     106      39583
     -0.30       39583     106      39583
     -0.10       39583     106      39583
      0.10       39583     106      39583
      0.30       39581     105      39581
      0.50       39580     134         -1
      0.70       39580     134         -1
      0.90       39580     134         -1
      1.10       39580     134         -1
      1.30       39580     134         -1
      1.50       39580     134         -1

  Event  15: step=36 pid=74574 elem=422488
    last_pos   = [-0.02084717  0.00851987 -0.0008364 ]
    vel_approx = [ 6.6169719e-03 -1.3258659e-04  3.9456856e-05]  |v|=6.6184e-03
      frac         GPU   tests    CPU_adj  note
    ------  ----------  ------  ---------  ----
     -0.50      422488     108     422488
     -0.30      422488     108     422488
     -0.10      422488     108     422488
      0.10      422488     108     422488
      0.30      422488     108     422488
      0.50      422488     108     422488
      0.70      422487     107     422487
      0.90      422464     126         -1
      1.10      422464     126         -1
      1.30      422464     126         -1
      1.50      422464     126         -1

  Event  16: step=38 pid=86756 elem=39600
    last_pos   = [-0.02050475 -0.01226244 -0.00050358]
    vel_approx = [ 6.7053214e-03 -1.3346541e-04 -1.1861042e-05]  |v|=6.7067e-03
      frac         GPU   tests    CPU_adj  note
    ------  ----------  ------  ---------  ----
     -0.50       39600     122      39600
     -0.30       39600     122      39600
     -0.10       39600     122      39600
      0.10       39609     139         -1
      0.30       39609     139         -1
      0.50       39609     139         -1
      0.70       39609     139         -1
      0.90       39609     139         -1
      1.10       39609     139         -1
      1.30       39609     139         -1
      1.50       39609     139         -1

  Event  17: step=39 pid=258465 elem=5
    last_pos   = [-0.0173484   0.01006318 -0.00234563]
    vel_approx = [ 6.5275580e-03 -2.2996537e-04  4.4611999e-05]  |v|=6.5318e-03
      frac         GPU   tests    CPU_adj  note
    ------  ----------  ------  ---------  ----
     -0.50           5     349          5
     -0.30           5     349          5
     -0.10           5     349          5
      0.10           5     349          5
      0.30           2     394         -1
      0.50           2     394         -1
      0.70           2     394         -1
      0.90           2     394         -1
      1.10           2     394         -1
      1.30           2     394         -1
      1.50           2     394         -1

  Event  18: step=39 pid=270647 elem=39610
    last_pos   = [-0.01702506 -0.01072237 -0.00201392]
    vel_approx = [ 6.7785801e-03 -2.0890897e-04 -1.2207464e-05]  |v|=6.7818e-03
      frac         GPU   tests    CPU_adj  note
    ------  ----------  ------  ---------  ----
     -0.50       39610     175      39610
     -0.30       39610     175      39610
     -0.10       39610     175      39610
      0.10       39610     175      39610
      0.30       39610     175      39610
      0.50       39610     175      39610
      0.70       39659     189      39659
      0.90       39540     220         -1
      1.10       39540     220         -1
      1.30       39540     220         -1
      1.50       39540     220         -1

  Event  19: step=42 pid=69174 elem=422488
    last_pos   = [-0.02084924  0.00851819 -0.00083604]
    vel_approx = [ 6.6169719e-03 -1.3258659e-04  3.9456856e-05]  |v|=6.6184e-03
      frac         GPU   tests    CPU_adj  note
    ------  ----------  ------  ---------  ----
     -0.50      422488     108     422488
     -0.30      422488     108     422488
     -0.10      422488     108     422488
      0.10      422488     108     422488
      0.30      422488     108     422488
      0.50      422488     108     422488
      0.70      422488     108     422488
      0.90      422487     107     422487
      1.10      422464     126         -1
      1.30      422464     126         -1
      1.50      422464     126         -1

================================================================================
FAILURE DISTRIBUTION BY RK4 FRACTION
================================================================================
(frac=0.0 is last-known position, frac=0.5 is pos_k1/k2, frac=1.0 is pos_final)

  frac=-0.50  gpu_fail=    0  (cpu_finds=    0)
  frac=-0.30  gpu_fail=    0  (cpu_finds=    0)
  frac=-0.10  gpu_fail=    0  (cpu_finds=    0)
  frac= 0.10  gpu_fail=    0  (cpu_finds=    0)
  frac= 0.30  gpu_fail=    0  (cpu_finds=    0)
  frac= 0.50  gpu_fail=    0  (cpu_finds=    0)
  frac= 0.70  gpu_fail=    0  (cpu_finds=    0)
  frac= 0.90  gpu_fail=    0  (cpu_finds=    0)
  frac= 1.10  gpu_fail=    0  (cpu_finds=    0)
  frac= 1.30  gpu_fail=    0  (cpu_finds=    0)
  frac= 1.50  gpu_fail=    0  (cpu_finds=    0)

================================================================================
FAILURE CLUSTERS BY LAST-KNOWN ELEMENT (top 15)
================================================================================

     elem_id   n_fail   cpu_finds   in_octree  pos_x_range
  ----------  -------  ----------  ----------  ----------

================================================================================
DEEP OCTREE INSPECTION: TOP 5 LOSS ELEMENTS
================================================================================

================================================================================
SUMMARY
================================================================================

  VTU steps scanned:       250
  Total vanishing events:  18678
  Events inspected:        200
  Probe positions tested:  2200
  GPU 3×3×3 found:         2200 (100.0%)
  GPU 3×3×3 failed:        0 (0.0%)

================================================================================
DONE
================================================================================
(.venv) [areza@kratosbicho welding]$
