ERROR:2026-01-26 10:01:59,155:jax._src.xla_bridge:475: Jax plugin configuration error: Exception when calling jax_plugins.xla_cuda13.initialize()
Traceback (most recent call last):
  File "/home/arhashemi/Workspace/welding/JAXTrace/.venv/lib/python3.13/site-packages/jax/_src/xla_bridge.py", line 473, in discover_pjrt_plugins
    plugin_module.initialize()
    ~~~~~~~~~~~~~~~~~~~~~~~~^^
  File "/home/arhashemi/Workspace/welding/JAXTrace/.venv/lib/python3.13/site-packages/jax_plugins/xla_cuda13/__init__.py", line 334, in initialize
    c_api = xb.register_plugin(
        'cuda', priority=500, library_path=str(path), options=options
    )
  File "/home/arhashemi/Workspace/welding/JAXTrace/.venv/lib/python3.13/site-packages/jax/_src/xla_bridge.py", line 609, in register_plugin
    c_api = xla_client.load_pjrt_plugin_dynamically(plugin_name, library_path)
  File "/home/arhashemi/Workspace/welding/JAXTrace/.venv/lib/python3.13/site-packages/jaxlib/xla_client.py", line 117, in load_pjrt_plugin_dynamically
    return _xla.load_pjrt_plugin(plugin_name, library_path, c_api=None)
           ~~~~~~~~~~~~~~~~~~~~~^^^^^^^^^^^^^^^^^^^^^^^^^^^^^^^^^^^^^^^
jax.errors.JaxRuntimeError: ALREADY_EXISTS: PJRT_Api already exists for device type cuda
/home/arhashemi/Workspace/welding/JAXTrace/jaxtrace/io/registry.py:41: UserWarning: h5py not available. HDF5 I/O will be disabled
  from .hdf5_io import H5Series
/home/arhashemi/Workspace/welding/JAXTrace/diagnose_cell_sizes.py:153: RuntimeWarning: invalid value encountered in scalar divide
  predicted_x = inferred_base_x / (2 ** level)
/home/arhashemi/Workspace/welding/JAXTrace/diagnose_cell_sizes.py:154: RuntimeWarning: invalid value encountered in scalar divide
  predicted_y = inferred_base_y / (2 ** level)
/home/arhashemi/Workspace/welding/JAXTrace/diagnose_cell_sizes.py:155: RuntimeWarning: invalid value encountered in scalar divide
  predicted_z = inferred_base_z / (2 ** level)
Importing JAX...
Loading modules...
✅ Enhanced VTK I/O available
✅ HDF5 I/O available
================================================================================
Cell Size Analysis Across Refinement Levels
================================================================================

Loading mesh...
Loading mesh: /home/arhashemi/Workspace/welding/Edgar/FLA/post/0eule/featurelessAvtk_158.pvtu
  Nodes: 780,922
  Elements: 3,048,900
  Loaded field 'Displacement': (780922, 3)
Loading mesh: /home/arhashemi/Workspace/welding/Edgar/FLA/post/0eule/featurelessAvtk_159.pvtu
  Nodes: 780,922
  Elements: 3,048,900
  Loaded field 'Displacement': (780922, 3)
  Loaded 3,048,900 elements, 571,173 nodes

Extracting octree cells...
  Extraction time: 145.29s
  Unique cells: 265,598

================================================================================
Cell Size Analysis Per Level
================================================================================

Refinement levels: [np.uint8(8), np.uint8(9), np.uint8(10), np.uint8(11), np.uint8(12), np.uint8(13), np.uint8(14)]

Level  8 (   151 cells):
  X: mean=0.0049999998, std=0.0000000005, [0.0049999990, 0.0050000008]
  Y: mean=0.0051111090, std=0.0000000117, [0.0051111002, 0.0051111300]
  Z: mean=0.0049999999, std=0.0000000000, [0.0049999999, 0.0049999999]
  Anisotropy: X/Y=0.9783, X/Z=1.0000, Y/Z=1.0222
  Variability (CV): X=0.000000, Y=0.000002, Z=0.000000
  Theoretical size (1.0 / 2^8): 0.0039062500

Level  9 (   292 cells):
  X: mean=0.0024999999, std=0.0000000002, [0.0024999995, 0.0025000004]
  Y: mean=0.0025555573, std=0.0000000061, [0.0025555501, 0.0025555650]
  Z: mean=0.0024999999, std=0.0000000000, [0.0024999999, 0.0024999999]
  Anisotropy: X/Y=0.9783, X/Z=1.0000, Y/Z=1.0222
  Variability (CV): X=0.000000, Y=0.000002, Z=0.000000
  Theoretical size (1.0 / 2^9): 0.0019531250

Level 10 (   637 cells):
  X: mean=0.0012500000, std=0.0000000002, [0.0012499997, 0.0012500007]
  Y: mean=0.0012777797, std=0.0000000023, [0.0012777774, 0.0012777830]
  Z: mean=0.0012500000, std=0.0000000001, [0.0012499997, 0.0012500002]
  Anisotropy: X/Y=0.9783, X/Z=1.0000, Y/Z=1.0222
  Variability (CV): X=0.000000, Y=0.000002, Z=0.000000
  Theoretical size (1.0 / 2^10): 0.0009765625

Level 11 ( 1,938 cells):
  X: mean=0.0006250000, std=0.0000000002, [0.0006249994, 0.0006250003]
  Y: mean=0.0006388897, std=0.0000000011, [0.0006388887, 0.0006388919]
  Z: mean=0.0006250000, std=0.0000000001, [0.0006249999, 0.0006250003]
  Anisotropy: X/Y=0.9783, X/Z=1.0000, Y/Z=1.0222
  Variability (CV): X=0.000000, Y=0.000002, Z=0.000000
  Theoretical size (1.0 / 2^11): 0.0004882812

Level 12 ( 5,239 cells):
  X: mean=0.0003125000, std=0.0000000002, [0.0003124997, 0.0003125006]
  Y: mean=0.0003194448, std=0.0000000005, [0.0003194441, 0.0003194464]
  Z: mean=0.0003125000, std=0.0000000001, [0.0003124997, 0.0003125002]
  Anisotropy: X/Y=0.9783, X/Z=1.0000, Y/Z=1.0222
  Variability (CV): X=0.000001, Y=0.000002, Z=0.000000
  Theoretical size (1.0 / 2^12): 0.0002441406

Level 13 (38,738 cells):
  X: mean=0.0001562500, std=0.0000000002, [0.0001562499, 0.0001562508]
  Y: mean=0.0001597224, std=0.0000000003, [0.0001597218, 0.0001597237]
  Z: mean=0.0001562500, std=0.0000000001, [0.0001562499, 0.0001562503]
  Anisotropy: X/Y=0.9783, X/Z=1.0000, Y/Z=1.0222
  Variability (CV): X=0.000001, Y=0.000002, Z=0.000001
  Theoretical size (1.0 / 2^13): 0.0001220703

Level 14 (218,603 cells):
  X: mean=0.0000781250, std=0.0000000001, [0.0000781249, 0.0000781259]
  Y: mean=0.0000798612, std=0.0000000002, [0.0000798609, 0.0000798618]
  Z: mean=0.0000781250, std=0.0000000001, [0.0000781249, 0.0000781254]
  Anisotropy: X/Y=0.9783, X/Z=1.0000, Y/Z=1.0222
  Variability (CV): X=0.000001, Y=0.000002, Z=0.000001
  Theoretical size (1.0 / 2^14): 0.0000610352

================================================================================
KEY INSIGHTS
================================================================================

1. Is cell size constant within each level?
   Level  8: NO - 12 unique cell sizes
   Level  9: NO - 15 unique cell sizes
   Level 10: NO - 38 unique cell sizes
   Level 11: NO - 76 unique cell sizes
   Level 12: NO - 153 unique cell sizes
   Level 13: NO - 285 unique cell sizes
   Level 14: NO - 320 unique cell sizes

2. What base size should we use?
   From level 8 cells:
     Base X: 0.0000000000
     Base Y: 0.0000000000
     Base Z: 0.0000000000

3. Verification: Do inferred base sizes predict cell sizes at other levels?
   Level  8: Error X=nan%, Y=nan%, Z=nan%
   Level  9: Error X=nan%, Y=nan%, Z=nan%
   Level 10: Error X=nan%, Y=nan%, Z=nan%
   Level 11: Error X=nan%, Y=nan%, Z=nan%
   Level 12: Error X=nan%, Y=nan%, Z=nan%
   Level 13: Error X=nan%, Y=nan%, Z=nan%
   Level 14: Error X=nan%, Y=nan%, Z=nan%

================================================================================
RECOMMENDATION
================================================================================

✅ Cell sizes are highly uniform within each level (CV < 1%)
   Recommendation: Use mean cell size per level for lookups

   Suggested base sizes:
     BASE_X = 0.0000000000
     BASE_Y = 0.0000000000
     BASE_Z = 0.0000000000

   For query at level L, use:
     cell_size_x = BASE_X / (2^L)
     cell_size_y = BASE_Y / (2^L)
     cell_size_z = BASE_Z / (2^L)

================================================================================

