/home/arhashemi/Workspace/welding/JAXTrace/jaxtrace/io/registry.py:41: UserWarning: h5py not available. HDF5 I/O will be disabled
  from .hdf5_io import H5Series
✅ Enhanced VTK I/O available
✅ HDF5 I/O available
================================================================================
COARSE-FINE SPATIAL RELATIONSHIP ANALYSIS
================================================================================

[1/3] Loading mesh...
Loading mesh: /home/arhashemi/Workspace/welding/Edgar/FLA/post/0eule/featurelessAvtk_120.pvtu
  Nodes: 780,922
  Elements: 3,048,900
  Loaded field 'Displacement': (780922, 3)
  Nodes: 780,922
  Elements: 3,048,900

[2/3] Classifying elements by size...
  Fine elements (≤0.15mm): 2,599,528
  Medium elements (0.15-0.30mm): 381,987
  Coarse elements (>0.30mm): 67,385

[3/3] Analyzing elements near tracking test location...

At test location (-10.00, 0.00, -2.00) mm:

Closest FINE element:
  Element ID: 459093
  Size: 0.1363 mm
  Centroid: (-9.34, 0.02, -0.45) mm
  Distance: 1.6871 mm
  Nodes: [111447 111462 109710 111461]

Closest COARSE element:
  Element ID: 1793477
  Size: 1.0906 mm
  Centroid: (-10.16, -0.16, -2.19) mm
  Distance: 0.2917 mm
  Nodes: [457718 448360 448303 457743]

Shared nodes between closest fine and coarse elements:
  ❌ NO shared nodes

Fine elements within 2mm of closest coarse element:
  Found 129 fine elements nearby
  ❌ None of the nearby fine elements share nodes with coarse element!
  This explains why node-based neighbors didn't find them.

================================================================================
SPATIAL DISTRIBUTION ANALYSIS
================================================================================

Fine region bounding box:
  X: [-9.36, 9.34] mm
  Y: [-9.38, 9.40] mm
  Z: [-4.51, -0.02] mm

Medium region bounding box:
  X: [-9.65, 9.61] mm
  Y: [-9.82, 9.86] mm
  Z: [-4.96, -0.04] mm

Coarse region bounding box:
  X: [-28.75, 28.75] mm
  Y: [-21.72, 21.72] mm
  Z: [-9.37, -0.08] mm

Region overlap:
  ✅ Fine and coarse regions OVERLAP spatially
  ℹ️  Medium-sized elements form a BUFFER zone between fine and coarse
     Fine → Medium → Coarse (NOT direct fine-coarse contact)

================================================================================
CONCLUSION
================================================================================

The mesh has a GRADED refinement structure:
  Fine → Medium → Coarse

This means:
  - Fine elements share nodes/edges with MEDIUM elements
  - Medium elements share nodes/edges with COARSE elements
  - Fine and Coarse elements DON'T share nodes directly

Implication:
  L1 neighbor search from COARSE element will find MEDIUM neighbors,
  but needs 2+ hops to reach FINE elements!

Current N_HOPS = 3 may be insufficient.
Try increasing N_HOPS to 5-10 to traverse coarse→medium→fine.
================================================================================
