✅ Enhanced VTK I/O available
✅ HDF5 I/O available
================================================================================
Vanishing Position Diagnostic
================================================================================

[1/6] Found 2500 VTU files in:
      output/benchmark_with_export/Mesh-Aligned_Multi-Cell_+_3×3×3_Local_(Option_A_-_Phase_2)

[2/6] Loading mesh...
Loading mesh: data/FLA/post/0eule/featurelessAvtk_158.pvtu
  Nodes: 780,922
  Elements: 3,048,900
  Loaded field 'Displacement': (780922, 3)
Loading mesh: data/FLA/post/0eule/featurelessAvtk_159.pvtu
  Nodes: 780,922
  Elements: 3,048,900
  Loaded field 'Displacement': (780922, 3)
  571,173 nodes, 3,048,900 elements

[3/6] Precomputing metadata and uploading to GPU...

Precomputed inverse matrices:
  Elements: 3,048,900
  Degenerate: 0 (0.0000%)
  Det range: [4.87e-13, 1.28e-07]
  Memory: 146,347,200 bytes (139.6 MB)
  Building mesh-aligned octree (multi-cell vertex registration)...
    665,842 cells, 18.32 elem/cell, 4.00 cells/elem
  Uploaded to GPU

[4/6] Scanning 201 VTU files (steps 1100–1300) for vanishing particles...
  Loaded step  1100: 193,281 active particles
  Loaded step  1101: 193,258 active particles
  Loaded step  1102: 193,216 active particles
  Loaded step  1103: 193,179 active particles
  Loaded step  1104: 193,143 active particles
  Loaded step  1105: 193,097 active particles
  Loaded step  1106: 193,057 active particles
  Loaded step  1107: 193,037 active particles
  Loaded step  1108: 193,003 active particles
  Loaded step  1109: 192,970 active particles
  Loaded step  1110: 192,931 active particles
  Loaded step  1111: 192,886 active particles
  Loaded step  1112: 192,840 active particles
  Loaded step  1113: 192,809 active particles
  Loaded step  1114: 192,771 active particles
  Loaded step  1115: 192,736 active particles
  Loaded step  1116: 192,696 active particles
  Loaded step  1117: 192,651 active particles
  Loaded step  1118: 192,611 active particles
  Loaded step  1119: 192,582 active particles
  Loaded step  1120: 192,550 active particles
  Loaded step  1121: 192,514 active particles
  Loaded step  1122: 192,478 active particles
  Loaded step  1123: 192,434 active particles
  Loaded step  1124: 192,398 active particles
  Loaded step  1125: 192,362 active particles
  Loaded step  1126: 192,328 active particles
  Loaded step  1127: 192,296 active particles
  Loaded step  1128: 192,267 active particles
  Loaded step  1129: 192,233 active particles
  Loaded step  1130: 192,194 active particles
  Loaded step  1131: 192,159 active particles
  Loaded step  1132: 192,130 active particles
  Loaded step  1133: 192,096 active particles
  Loaded step  1134: 192,060 active particles
  Loaded step  1135: 192,030 active particles
  Loaded step  1136: 191,993 active particles
  Loaded step  1137: 191,957 active particles
  Loaded step  1138: 191,929 active particles
  Loaded step  1139: 191,888 active particles
  Loaded step  1140: 191,850 active particles
  Loaded step  1141: 191,819 active particles
  Loaded step  1142: 191,784 active particles
  Loaded step  1143: 191,739 active particles
  Loaded step  1144: 191,706 active particles
  Loaded step  1145: 191,671 active particles
  Loaded step  1146: 191,629 active particles
  Loaded step  1147: 191,594 active particles
  Loaded step  1148: 191,555 active particles
  Loaded step  1149: 191,517 active particles
  Loaded step  1150: 191,487 active particles
  Loaded step  1151: 191,438 active particles
  Loaded step  1152: 191,398 active particles
  Loaded step  1153: 191,355 active particles
  Loaded step  1154: 191,325 active particles
  Loaded step  1155: 191,297 active particles
  Loaded step  1156: 191,263 active particles
  Loaded step  1157: 191,227 active particles
  Loaded step  1158: 191,189 active particles
  Loaded step  1159: 191,140 active particles
  Loaded step  1160: 191,112 active particles
  Loaded step  1161: 191,075 active particles
  Loaded step  1162: 191,044 active particles
  Loaded step  1163: 191,010 active particles
  Loaded step  1164: 190,969 active particles
  Loaded step  1165: 190,937 active particles
  Loaded step  1166: 190,906 active particles
  Loaded step  1167: 190,880 active particles
  Loaded step  1168: 190,849 active particles
  Loaded step  1169: 190,795 active particles
  Loaded step  1170: 190,753 active particles
  Loaded step  1171: 190,724 active particles
  Loaded step  1172: 190,699 active particles
  Loaded step  1173: 190,665 active particles
  Loaded step  1174: 190,624 active particles
  Loaded step  1175: 190,583 active particles
  Loaded step  1176: 190,544 active particles
  Loaded step  1177: 190,498 active particles
  Loaded step  1178: 190,478 active particles
  Loaded step  1179: 190,446 active particles
  Loaded step  1180: 190,411 active particles
  Loaded step  1181: 190,366 active particles
  Loaded step  1182: 190,324 active particles
  Loaded step  1183: 190,292 active particles
  Loaded step  1184: 190,256 active particles
  Loaded step  1185: 190,218 active particles
  Loaded step  1186: 190,184 active particles
  Loaded step  1187: 190,137 active particles
  Loaded step  1188: 190,104 active particles
  Loaded step  1189: 190,072 active particles
  Loaded step  1190: 190,042 active particles
  Loaded step  1191: 190,007 active particles
  Loaded step  1192: 189,986 active particles
  Loaded step  1193: 189,945 active particles
  Loaded step  1194: 189,903 active particles
  Loaded step  1195: 189,868 active particles
  Loaded step  1196: 189,837 active particles
  Loaded step  1197: 189,804 active particles
  Loaded step  1198: 189,769 active particles
  Loaded step  1199: 189,729 active particles
  Loaded step  1200: 189,685 active particles
  Loaded step  1201: 189,650 active particles
  Loaded step  1202: 189,619 active particles
  Loaded step  1203: 189,581 active particles
  Loaded step  1204: 189,547 active particles
  Loaded step  1205: 189,505 active particles
  Loaded step  1206: 189,469 active particles
  Loaded step  1207: 189,431 active particles
  Loaded step  1208: 189,401 active particles
  Loaded step  1209: 189,369 active particles
  Loaded step  1210: 189,336 active particles
  Loaded step  1211: 189,295 active particles
  Loaded step  1212: 189,262 active particles
  Loaded step  1213: 189,222 active particles
  Loaded step  1214: 189,193 active particles
  Loaded step  1215: 189,152 active particles
  Loaded step  1216: 189,115 active particles
  Loaded step  1217: 189,078 active particles
  Loaded step  1218: 189,040 active particles
  Loaded step  1219: 188,993 active particles
  Loaded step  1220: 188,959 active particles
  Loaded step  1221: 188,923 active particles
  Loaded step  1222: 188,891 active particles
  Loaded step  1223: 188,859 active particles
  Loaded step  1224: 188,821 active particles
  Loaded step  1225: 188,785 active particles
  Loaded step  1226: 188,755 active particles
  Loaded step  1227: 188,721 active particles
  Loaded step  1228: 188,682 active particles
  Loaded step  1229: 188,646 active particles
  Loaded step  1230: 188,614 active particles
  Loaded step  1231: 188,572 active particles
  Loaded step  1232: 188,529 active particles
  Loaded step  1233: 188,494 active particles
  Loaded step  1234: 188,458 active particles
  Loaded step  1235: 188,417 active particles
  Loaded step  1236: 188,392 active particles
  Loaded step  1237: 188,360 active particles
  Loaded step  1238: 188,321 active particles
  Loaded step  1239: 188,288 active particles
  Loaded step  1240: 188,251 active particles
  Loaded step  1241: 188,219 active particles
  Loaded step  1242: 188,188 active particles
  Loaded step  1243: 188,157 active particles
  Loaded step  1244: 188,118 active particles
  Loaded step  1245: 188,091 active particles
  Loaded step  1246: 188,046 active particles
  Loaded step  1247: 188,006 active particles
  Loaded step  1248: 187,974 active particles
  Loaded step  1249: 187,945 active particles
  Loaded step  1250: 187,901 active particles
  Loaded step  1251: 187,875 active particles
  Loaded step  1252: 187,833 active particles
  Loaded step  1253: 187,802 active particles
  Loaded step  1254: 187,764 active particles
  Loaded step  1255: 187,733 active particles
  Loaded step  1256: 187,692 active particles
  Loaded step  1257: 187,653 active particles
  Loaded step  1258: 187,622 active particles
  Loaded step  1259: 187,583 active particles
  Loaded step  1260: 187,549 active particles
  Loaded step  1261: 187,512 active particles
  Loaded step  1262: 187,488 active particles
  Loaded step  1263: 187,452 active particles
  Loaded step  1264: 187,408 active particles
  Loaded step  1265: 187,369 active particles
  Loaded step  1266: 187,333 active particles
  Loaded step  1267: 187,305 active particles
  Loaded step  1268: 187,275 active particles
  Loaded step  1269: 187,236 active particles
  Loaded step  1270: 187,203 active particles
  Loaded step  1271: 187,172 active particles
  Loaded step  1272: 187,140 active particles
  Loaded step  1273: 187,105 active particles
  Loaded step  1274: 187,068 active particles
  Loaded step  1275: 187,023 active particles
  Loaded step  1276: 186,991 active particles
  Loaded step  1277: 186,954 active particles
  Loaded step  1278: 186,924 active particles
  Loaded step  1279: 186,891 active particles
  Loaded step  1280: 186,857 active particles
  Loaded step  1281: 186,819 active particles
  Loaded step  1282: 186,780 active particles
  Loaded step  1283: 186,746 active particles
  Loaded step  1284: 186,706 active particles
  Loaded step  1285: 186,676 active particles
  Loaded step  1286: 186,631 active particles
  Loaded step  1287: 186,596 active particles
  Loaded step  1288: 186,562 active particles
  Loaded step  1289: 186,528 active particles
  Loaded step  1290: 186,485 active particles
  Loaded step  1291: 186,452 active particles
  Loaded step  1292: 186,417 active particles
  Loaded step  1293: 186,378 active particles
  Loaded step  1294: 186,347 active particles
  Loaded step  1295: 186,316 active particles
  Loaded step  1296: 186,271 active particles
  Loaded step  1297: 186,237 active particles
  Loaded step  1298: 186,200 active particles
  Loaded step  1299: 186,165 active particles
  Loaded step  1300: 186,127 active particles

   Step     Active→     →Active     Lost   Cum.Lost
  -----  ----------  ----------  -------  ---------
   1100     193,281     193,258       23         23
   1101     193,258     193,216       42         65
   1102     193,216     193,179       37        102
   1103     193,179     193,143       36        138
   1104     193,143     193,097       46        184
   1105     193,097     193,057       40        224
   1106     193,057     193,037       20        244
   1107     193,037     193,003       34        278
   1108     193,003     192,970       33        311
   1109     192,970     192,931       39        350
   1110     192,931     192,886       45        395
   1111     192,886     192,840       46        441
   1112     192,840     192,809       31        472
   1113     192,809     192,771       38        510
   1114     192,771     192,736       35        545
   1115     192,736     192,696       40        585
   1116     192,696     192,651       45        630
   1117     192,651     192,611       40        670
   1118     192,611     192,582       29        699
   1119     192,582     192,550       32        731
   1120     192,550     192,514       36        767
   1121     192,514     192,478       36        803
   1122     192,478     192,434       44        847
   1123     192,434     192,398       36        883
   1124     192,398     192,362       36        919
   1125     192,362     192,328       34        953
   1126     192,328     192,296       32        985
   1127     192,296     192,267       29       1014
   1128     192,267     192,233       34       1048
   1129     192,233     192,194       39       1087
   1130     192,194     192,159       35       1122
   1131     192,159     192,130       29       1151
   1132     192,130     192,096       34       1185
   1133     192,096     192,060       36       1221
   1134     192,060     192,030       30       1251
   1135     192,030     191,993       37       1288
   1136     191,993     191,957       36       1324
   1137     191,957     191,929       28       1352
   1138     191,929     191,888       41       1393
   1139     191,888     191,850       38       1431
   1140     191,850     191,819       31       1462
   1141     191,819     191,784       35       1497
   1142     191,784     191,739       45       1542
   1143     191,739     191,706       33       1575
   1144     191,706     191,671       35       1610
   1145     191,671     191,629       42       1652
   1146     191,629     191,594       35       1687
   1147     191,594     191,555       39       1726
   1148     191,555     191,517       38       1764
   1149     191,517     191,487       30       1794
   1150     191,487     191,438       49       1843
   1151     191,438     191,398       40       1883
   1152     191,398     191,355       43       1926
   1153     191,355     191,325       30       1956
   1154     191,325     191,297       28       1984
   1155     191,297     191,263       34       2018
   1156     191,263     191,227       36       2054
   1157     191,227     191,189       38       2092
   1158     191,189     191,140       49       2141
   1159     191,140     191,112       28       2169
   1160     191,112     191,075       37       2206
   1161     191,075     191,044       31       2237
   1162     191,044     191,010       34       2271
   1163     191,010     190,969       41       2312
   1164     190,969     190,937       32       2344
   1165     190,937     190,906       31       2375
   1166     190,906     190,880       26       2401
   1167     190,880     190,849       31       2432
   1168     190,849     190,795       54       2486
   1169     190,795     190,753       42       2528
   1170     190,753     190,724       29       2557
   1171     190,724     190,699       25       2582
   1172     190,699     190,665       34       2616
   1173     190,665     190,624       41       2657
   1174     190,624     190,583       41       2698
   1175     190,583     190,544       39       2737
   1176     190,544     190,498       46       2783
   1177     190,498     190,478       20       2803
   1178     190,478     190,446       32       2835
   1179     190,446     190,411       35       2870
   1180     190,411     190,366       45       2915
   1181     190,366     190,324       42       2957
   1182     190,324     190,292       32       2989
   1183     190,292     190,256       36       3025
   1184     190,256     190,218       38       3063
   1185     190,218     190,184       34       3097
   1186     190,184     190,137       47       3144
   1187     190,137     190,104       33       3177
   1188     190,104     190,072       32       3209
   1189     190,072     190,042       30       3239
   1190     190,042     190,007       35       3274
   1191     190,007     189,986       21       3295
   1192     189,986     189,945       41       3336
   1193     189,945     189,903       42       3378
   1194     189,903     189,868       35       3413
   1195     189,868     189,837       31       3444
   1196     189,837     189,804       33       3477
   1197     189,804     189,769       35       3512
   1198     189,769     189,729       40       3552
   1199     189,729     189,685       44       3596
   1200     189,685     189,650       35       3631
   1201     189,650     189,619       31       3662
   1202     189,619     189,581       38       3700
   1203     189,581     189,547       34       3734
   1204     189,547     189,505       42       3776
   1205     189,505     189,469       36       3812
   1206     189,469     189,431       38       3850
   1207     189,431     189,401       30       3880
   1208     189,401     189,369       32       3912
   1209     189,369     189,336       33       3945
   1210     189,336     189,295       41       3986
   1211     189,295     189,262       33       4019
   1212     189,262     189,222       40       4059
   1213     189,222     189,193       29       4088
   1214     189,193     189,152       41       4129
   1215     189,152     189,115       37       4166
   1216     189,115     189,078       37       4203
   1217     189,078     189,040       38       4241
   1218     189,040     188,993       47       4288
   1219     188,993     188,959       34       4322
   1220     188,959     188,923       36       4358
   1221     188,923     188,891       32       4390
   1222     188,891     188,859       32       4422
   1223     188,859     188,821       38       4460
   1224     188,821     188,785       36       4496
   1225     188,785     188,755       30       4526
   1226     188,755     188,721       34       4560
   1227     188,721     188,682       39       4599
   1228     188,682     188,646       36       4635
   1229     188,646     188,614       32       4667
   1230     188,614     188,572       42       4709
   1231     188,572     188,529       43       4752
   1232     188,529     188,494       35       4787
   1233     188,494     188,458       36       4823
   1234     188,458     188,417       41       4864
   1235     188,417     188,392       25       4889
   1236     188,392     188,360       32       4921
   1237     188,360     188,321       39       4960
   1238     188,321     188,288       33       4993
   1239     188,288     188,251       37       5030
   1240     188,251     188,219       32       5062
   1241     188,219     188,188       31       5093
   1242     188,188     188,157       31       5124
   1243     188,157     188,118       39       5163
   1244     188,118     188,091       27       5190
   1245     188,091     188,046       45       5235
   1246     188,046     188,006       40       5275
   1247     188,006     187,974       32       5307
   1248     187,974     187,945       29       5336
   1249     187,945     187,901       44       5380
   1250     187,901     187,875       26       5406
   1251     187,875     187,833       42       5448
   1252     187,833     187,802       31       5479
   1253     187,802     187,764       38       5517
   1254     187,764     187,733       31       5548
   1255     187,733     187,692       41       5589
   1256     187,692     187,653       39       5628
   1257     187,653     187,622       31       5659
   1258     187,622     187,583       39       5698
   1259     187,583     187,549       34       5732
   1260     187,549     187,512       37       5769
   1261     187,512     187,488       24       5793
   1262     187,488     187,452       36       5829
   1263     187,452     187,408       44       5873
   1264     187,408     187,369       39       5912
   1265     187,369     187,333       36       5948
   1266     187,333     187,305       28       5976
   1267     187,305     187,275       30       6006
   1268     187,275     187,236       39       6045
   1269     187,236     187,203       33       6078
   1270     187,203     187,172       31       6109
   1271     187,172     187,140       32       6141
   1272     187,140     187,105       35       6176
   1273     187,105     187,068       37       6213
   1274     187,068     187,023       45       6258
   1275     187,023     186,991       32       6290
   1276     186,991     186,954       37       6327
   1277     186,954     186,924       30       6357
   1278     186,924     186,891       33       6390
   1279     186,891     186,857       34       6424
   1280     186,857     186,819       38       6462
   1281     186,819     186,780       39       6501
   1282     186,780     186,746       34       6535
   1283     186,746     186,706       40       6575
   1284     186,706     186,676       30       6605
   1285     186,676     186,631       45       6650
   1286     186,631     186,596       35       6685
   1287     186,596     186,562       34       6719
   1288     186,562     186,528       34       6753
   1289     186,528     186,485       43       6796
   1290     186,485     186,452       33       6829
   1291     186,452     186,417       35       6864
   1292     186,417     186,378       39       6903
   1293     186,378     186,347       31       6934
   1294     186,347     186,316       31       6965
   1295     186,316     186,271       45       7010
   1296     186,271     186,237       34       7044
   1297     186,237     186,200       37       7081
   1298     186,200     186,165       35       7116
   1299     186,165     186,127       38       7154

  Total vanishing events: 7154
  Inspecting first 200

[5/6] Probe position analysis...
  11 probes per event × 200 events = 2200 total probes
  ... 0/200 events processed
  ... 50/200 events processed
  ... 100/200 events processed
  ... 150/200 events processed

  GPU 3×3×3 found:  2168/2200 (98.5%)
  GPU 3×3×3 failed: 32/2200 (1.5%)

[6/6] Detailed reporting

================================================================================
PER-EVENT DETAILS (first 20 events)
================================================================================

  Event   0: step=1100 pid=62080 elem=2301627
    last_pos   = [-0.00110878 -0.00430965 -0.00296483]
    vel_approx = [ 0.0296936  -0.0074008   0.00117355]  |v|=3.0624e-02
      frac         GPU   tests    CPU_adj  note
    ------  ----------  ------  ---------  ----
     -0.50     2301627     320    2301627  
     -0.30     2301627     320    2301627  
     -0.10     2301627     320    2301627  
      0.10     2301627     320    2301627  
      0.30     2301623     194         -1  
      0.50     2301829     199         -1  
      0.70     2301829     199         -1  
      0.90     2301829     199         -1  
      1.10     2301829     199         -1  
      1.30     2301829     199         -1  
      1.50     2301829     199         -1  

  Event   1: step=1100 pid=897 elem=309365
    last_pos   = [-0.00363662 -0.01035227 -0.00036706]
    vel_approx = [ 7.6473593e-03 -3.1676417e-04 -3.4025365e-05]  |v|=7.6540e-03
      frac         GPU   tests    CPU_adj  note
    ------  ----------  ------  ---------  ----
     -0.50      309365     190     309365  
     -0.30      309365     190     309365  
     -0.10      309365     190     309365  
      0.10      309365     190     309365  
      0.30      309365     190     309365  
      0.50      309365     190     309365  
      0.70      309365     190     309365  
      0.90     2567402       9         -1  
      1.10     2567402       9         -1  
      1.30     2567402       9         -1  
      1.50     2567402       9         -1  

  Event   2: step=1100 pid=106003 elem=1795781
    last_pos   = [-0.00163646 -0.00412798 -0.00224685]
    vel_approx = [ 0.05587451 -0.02345744  0.00211589]  |v|=6.0636e-02
      frac         GPU   tests    CPU_adj  note
    ------  ----------  ------  ---------  ----
     -0.50     1795781     379    1795781  
     -0.30     1795781     379    1795781  
     -0.10     1795781     379    1795781  
      0.10     1795781     379    1795781  
      0.30     1795785     383    1795785  
      0.50     1795789     217         -1  
      0.70     1795779     373         -1  
      0.90     1795779     373         -1  
      1.10     1795779     373         -1  
      1.30     1795779     373         -1  
      1.50     1795779     373         -1  

  Event   3: step=1100 pid=137499 elem=2652776
    last_pos   = [ 0.00152477 -0.00420514 -0.00315567]
    vel_approx = [0.01976569 0.00481263 0.00011692]  |v|=2.0343e-02
      frac         GPU   tests    CPU_adj  note
    ------  ----------  ------  ---------  ----
     -0.50     2652776     293    2652776  
     -0.30     2652776     293    2652776  
     -0.10     2652776     293    2652776  
      0.10     2652776     293    2652776  
      0.30     2652784     297    2652784  
      0.50     2652784     297    2652784  
      0.70     2652784     297    2652784  
      0.90     2651073     472         -1  
      1.10     2651073     472         -1  
      1.30     2651073     472         -1  
      1.50     2651026     497         -1  

  Event   4: step=1100 pid=91678 elem=423497
    last_pos   = [-3.76230711e-03  1.27229905e-02 -1.15717064e-07]
    vel_approx = [ 5.9272214e-03 -1.8815100e-04  8.0830920e-05]  |v|=5.9308e-03
      frac         GPU   tests    CPU_adj  note
    ------  ----------  ------  ---------  ----
     -0.50      423497     105     423497  
     -0.30      423497     105     423497  
     -0.10      423497     105     423497  
      0.10      423497     105     423497  
      0.30      423497     105     423497  
      0.50      423497     105     423497  
      0.70        FAIL     236         -1  <-- both fail (position outside covered region)
      0.90        FAIL     246         -1  <-- both fail (position outside covered region)
      1.10        FAIL     246         -1  <-- both fail (position outside covered region)
      1.30        FAIL     246         -1  <-- both fail (position outside covered region)
      1.50        FAIL     246         -1  <-- both fail (position outside covered region)

    OCTREE CELLS at first failure (frac=0.70):
    pos = [-3.75193447e-03  1.27226612e-02  2.57370434e-08]
    lv10: cell_size=[0.00125    0.00127778 0.00125   ]  n_elem=   4  containing=[]

    CPU 3×3×3 replay:
    result: found=-1, total_tests=236
      lv14: cells=  0  tests=   0  found=-1
      lv13: cells=  0  tests=   0  found=-1
      lv12: cells=  0  tests=   0  found=-1
      lv11: cells=  0  tests=   0  found=-1
      lv10: cells= 12  tests= 104  found=-1
      lv 9: cells=  6  tests=  60  found=-1
      lv 8: cells=  6  tests=  72  found=-1

  Event   5: step=1100 pid=287140 elem=40726
    last_pos   = [ 0.00249069 -0.01021576 -0.00315134]
    vel_approx = [7.6706912e-03 9.9217235e-05 3.0568364e-05]  |v|=7.6714e-03
      frac         GPU   tests    CPU_adj  note
    ------  ----------  ------  ---------  ----
     -0.50       40726     433      40726  
     -0.30       40726     433      40726  
     -0.10       40726     433      40726  
      0.10       40726     433      40726  
      0.30       40725     486      40725  
      0.50       41096     471         -1  
      0.70       41096     471         -1  
      0.90       41096     471         -1  
      1.10       41096     471         -1  
      1.30       41096     471         -1  
      1.50       41096     471         -1  

  Event   6: step=1100 pid=126760 elem=2651075
    last_pos   = [ 0.00187216 -0.00448519 -0.00291801]
    vel_approx = [1.4923282e-02 3.2649147e-03 6.9788446e-05]  |v|=1.5276e-02
      frac         GPU   tests    CPU_adj  note
    ------  ----------  ------  ---------  ----
     -0.50     2651075     157    2651075  
     -0.30     2651075     157    2651075  
     -0.10     2651075     157    2651075  
      0.10     2651002     373         -1  
      0.30     2651002     373         -1  
      0.50     2651001     387         -1  
      0.70     2651001     387         -1  
      0.90     2651001     387         -1  
      1.10     2651001     387         -1  
      1.30     2651001     387         -1  
      1.50     2651001     387         -1  

  Event   7: step=1100 pid=23862 elem=2301134
    last_pos   = [-0.00321984 -0.00439687 -0.00280935]
    vel_approx = [ 0.00978863 -0.00280766  0.0002373 ]  |v|=1.0186e-02
      frac         GPU   tests    CPU_adj  note
    ------  ----------  ------  ---------  ----
     -0.50     2301134     452    2301134  
     -0.30     2301134     452    2301134  
     -0.10     2301134     452    2301134  
      0.10     2301134     452    2301134  
      0.30     2301134     452    2301134  
      0.50     2301134     452    2301134  
      0.70     2301134     452    2301134  
      0.90     2301134     452    2301134  
      1.10     2301134     452    2301134  
      1.30     2301320      27         -1  
      1.50     2301320      27         -1  

  Event   8: step=1100 pid=282811 elem=41989
    last_pos   = [ 0.00253059 -0.00511212 -0.00462089]
    vel_approx = [0.00809867 0.00081796 0.0001371 ]  |v|=8.1410e-03
      frac         GPU   tests    CPU_adj  note
    ------  ----------  ------  ---------  ----
     -0.50       41989     409      41989  
     -0.30       41989     409      41989  
     -0.10       41989     409      41989  
      0.10       41989     409      41989  
      0.30       41989     409      41989  
      0.50       43906      16         -1  
      0.70       43906      16         -1  
      0.90       43906      16         -1  
      1.10       43906      16         -1  
      1.30       43906      16         -1  
      1.50       43906      16         -1  

  Event   9: step=1100 pid=127297 elem=2694134
    last_pos   = [ 0.00343216 -0.00215891 -0.00325833]
    vel_approx = [ 2.1485666e-02  2.4998916e-02 -7.9135702e-05]  |v|=3.2963e-02
      frac         GPU   tests    CPU_adj  note
    ------  ----------  ------  ---------  ----
     -0.50     2694132     205    2694132  
     -0.30     2694134     207    2694134  
     -0.10     2694134     207    2694134  
      0.10     2185668     308         -1  
      0.30     2185668     308         -1  
      0.50     2185668     308         -1  
      0.70     2185672     310         -1  
      0.90     2185674     377         -1  
      1.10     2185666     370         -1  
      1.30     2185666     370         -1  
      1.50     2185665     285         -1  

  Event  10: step=1100 pid=46662 elem=1141983
    last_pos   = [-0.00499761  0.00032374 -0.00274229]
    vel_approx = [ 0.00420239 -0.01233292  0.00086059]  |v|=1.3058e-02
      frac         GPU   tests    CPU_adj  note
    ------  ----------  ------  ---------  ----
     -0.50     1141171     358         -1  
     -0.30     1141171     358         -1  
     -0.10     1141983      44    1141983  
      0.10     1141983      44    1141983  
      0.30     1141981      70    1141981  
      0.50     1141977      51         -1  
      0.70     1141977      51         -1  
      0.90     1141977      51         -1  
      1.10     1141977      51         -1  
      1.30     1141977      51         -1  
      1.50     1141977      51         -1  

  Event  11: step=1100 pid=196552 elem=2226696
    last_pos   = [ 0.01011723 -0.00272502 -0.00112114]
    vel_approx = [6.8604564e-03 1.1014363e-03 9.3602912e-06]  |v|=6.9483e-03
      frac         GPU   tests    CPU_adj  note
    ------  ----------  ------  ---------  ----
     -0.50     2226696      12    2226696  
     -0.30     2226696      12    2226696  
     -0.10     2226696      12    2226696  
      0.10     2226696      12    2226696  
      0.30     2226696      12    2226696  
      0.50     2226696      12    2226696  
      0.70     2226081     201         -1  
      0.90     2226081     201         -1  
      1.10     2226081     201         -1  
      1.30     2226081     201         -1  
      1.50     2226081     201         -1  

  Event  12: step=1100 pid=218572 elem=2226145
    last_pos   = [ 0.01138295 -0.00038665 -0.00111661]
    vel_approx = [6.5633832e-03 8.5016375e-04 5.8981118e-06]  |v|=6.6182e-03
      frac         GPU   tests    CPU_adj  note
    ------  ----------  ------  ---------  ----
     -0.50     2226145      70    2226145  
     -0.30     2226145      70    2226145  
     -0.10     2226145      70    2226145  
      0.10     2607052     140         -1  
      0.30     2607052     140         -1  
      0.50     2607052     140         -1  
      0.70     2607052     140         -1  
      0.90     2607052     140         -1  
      1.10     2607052     140         -1  
      1.30     2607052     140         -1  
      1.50     2607052     140         -1  

  Event  13: step=1100 pid=73297 elem=2428410
    last_pos   = [-0.00329379 -0.00207289 -0.00351656]
    vel_approx = [ 0.01771023 -0.02471326  0.00293044]  |v|=3.0545e-02
      frac         GPU   tests    CPU_adj  note
    ------  ----------  ------  ---------  ----
     -0.50     2428410     446    2428410  
     -0.30     2428410     446    2428410  
     -0.10     2428410     446    2428410  
      0.10     2428411     339    2428411  
      0.30     2428407     382         -1  
      0.50     2428407     382         -1  
      0.70     2428407     382         -1  
      0.90     2428407     382         -1  
      1.10     2428407     382         -1  
      1.30     2428407     382         -1  
      1.50     2428407     238         -1  

  Event  14: step=1100 pid=141779 elem=1984004
    last_pos   = [ 0.00721827 -0.00741749 -0.00028023]
    vel_approx = [ 7.5716311e-03  8.8924181e-04 -3.5405497e-05]  |v|=7.6238e-03
      frac         GPU   tests    CPU_adj  note
    ------  ----------  ------  ---------  ----
     -0.50     1984004      74    1984004  
     -0.30     1984004      74    1984004  
     -0.10     1984004      74    1984004  
      0.10     1983195     340         -1  
      0.30     1983195     340         -1  
      0.50     1983195     340         -1  
      0.70     1983195     340         -1  
      0.90     1983195     340         -1  
      1.10     1983195     340         -1  
      1.30     1983195     340         -1  
      1.50     1983195     340         -1  

  Event  15: step=1100 pid=88289 elem=40673
    last_pos   = [-0.00210423 -0.00555477 -0.00502054]
    vel_approx = [ 7.7304412e-03 -3.5186915e-04  5.3311855e-05]  |v|=7.7386e-03
      frac         GPU   tests    CPU_adj  note
    ------  ----------  ------  ---------  ----
     -0.50       40673     486      40673  
     -0.30       40673     486      40673  
     -0.10       40673     486      40673  
      0.10       40673     486      40673  
      0.30       40673     486      40673  
      0.50       40673     486      40673  
      0.70       40673     486      40673  
      0.90       40673     486      40673  
      1.10       41704     114         -1  
      1.30       41704     114         -1  
      1.50       41704     114         -1  

  Event  16: step=1100 pid=40421 elem=2301841
    last_pos   = [-0.00181067 -0.00447112 -0.00282172]
    vel_approx = [ 0.01868162 -0.00521517  0.00077   ]  |v|=1.9411e-02
      frac         GPU   tests    CPU_adj  note
    ------  ----------  ------  ---------  ----
     -0.50     2301841      20    2301841  
     -0.30     2301841      20    2301841  
     -0.10     2301841      20    2301841  
      0.10     2301343     347         -1  
      0.30     2301343     347         -1  
      0.50     2301343     347         -1  
      0.70     2301343     347         -1  
      0.90     2301343     347         -1  
      1.10     2301343     347         -1  
      1.30     2301343     347         -1  
      1.50     2301343     347         -1  

  Event  17: step=1100 pid=282988 elem=43952
    last_pos   = [ 0.00233935 -0.00427007 -0.00516037]
    vel_approx = [0.00792863 0.00060792 0.00010431]  |v|=7.9526e-03
      frac         GPU   tests    CPU_adj  note
    ------  ----------  ------  ---------  ----
     -0.50       43952     155      43952  
     -0.30       43952     155      43952  
     -0.10       43952     155      43952  
      0.10       42004     454         -1  
      0.30       42004     454         -1  
      0.50       42004     454         -1  
      0.70       42004     454         -1  
      0.90       42004     454         -1  
      1.10       42004     454         -1  
      1.30       42004     454         -1  
      1.50       42004     454         -1  

  Event  18: step=1100 pid=218992 elem=518278
    last_pos   = [ 0.01013417  0.00361546 -0.00111494]
    vel_approx = [6.0638105e-03 9.5051056e-04 2.3948021e-05]  |v|=6.1379e-03
      frac         GPU   tests    CPU_adj  note
    ------  ----------  ------  ---------  ----
     -0.50      518278      27     518278  
     -0.30      518278      27     518278  
     -0.10      518278      27     518278  
      0.10      517779     182         -1  
      0.30      517779     182         -1  
      0.50      517779     182         -1  
      0.70      517779     182         -1  
      0.90      517779     182         -1  
      1.10      517779     182         -1  
      1.30      517779     182         -1  
      1.50      517779     182         -1  

  Event  19: step=1100 pid=137202 elem=2651133
    last_pos   = [ 0.00187489 -0.00494477 -0.00270387]
    vel_approx = [ 1.4196848e-02  2.5742000e-03 -1.0054700e-06]  |v|=1.4428e-02
      frac         GPU   tests    CPU_adj  note
    ------  ----------  ------  ---------  ----
     -0.50     2651133     157    2651133  
     -0.30     2651133     157    2651133  
     -0.10     2651133     157    2651133  
      0.10     2651004     266         -1  
      0.30     2651004     266         -1  
      0.50     2651004     266         -1  
      0.70     2651004     266         -1  
      0.90     2651004     266         -1  
      1.10     2651004     266         -1  
      1.30     2651004     266         -1  
      1.50     2651004     266         -1  

================================================================================
FAILURE DISTRIBUTION BY RK4 FRACTION
================================================================================
(frac=0.0 is last-known position, frac=0.5 is pos_k1/k2, frac=1.0 is pos_final)

  frac=-0.50  gpu_fail=    0  (cpu_finds=    0)  
  frac=-0.30  gpu_fail=    0  (cpu_finds=    0)  
  frac=-0.10  gpu_fail=    0  (cpu_finds=    0)  
  frac= 0.10  gpu_fail=    0  (cpu_finds=    0)  
  frac= 0.30  gpu_fail=    2  (cpu_finds=    0)  ##
  frac= 0.50  gpu_fail=    2  (cpu_finds=    0)  ##
  frac= 0.70  gpu_fail=    4  (cpu_finds=    0)  ####
  frac= 0.90  gpu_fail=    6  (cpu_finds=    0)  ######
  frac= 1.10  gpu_fail=    6  (cpu_finds=    0)  ######
  frac= 1.30  gpu_fail=    6  (cpu_finds=    0)  ######
  frac= 1.50  gpu_fail=    6  (cpu_finds=    0)  ######

================================================================================
FAILURE CLUSTERS BY LAST-KNOWN ELEMENT (top 15)
================================================================================

     elem_id   n_fail   cpu_finds   in_octree  pos_x_range
  ----------  -------  ----------  ----------  ----------
      423497       12           0         YES  [-0.00379, -0.00374]
      422946       12           0         YES  [-0.00407, -0.00389]
     2543779        4           0         YES  [-0.00703, -0.00673]
       30907        4           0         YES  [-0.00826, -0.00813]

================================================================================
DEEP OCTREE INSPECTION: TOP 5 LOSS ELEMENTS
================================================================================

  Element 423497  (12 failures)  in_octree=YES
  Centroid: [-0.004375    0.01245835 -0.0003125 ]
    vertex 0: [-0.005      0.0127778  0.       ]
    vertex 1: [-0.00375    0.0127778  0.       ]
    vertex 2: [-0.00375     0.01150002  0.        ]
    vertex 3: [-0.005      0.0127778 -0.00125  ]
  Face neighbors: [423499 423515     -1     -1]
  Octree cells at centroid:
    lv10: n_elem=  12  self=REG  containing=[423497]
  CPU 3×3×3 at first failure pos [-3.75193447e-03  1.27226612e-02  2.57370434e-08]:
    result: found=-1, total_tests=236
      lv14: cells=  0  tests=   0  found=-1
      lv13: cells=  0  tests=   0  found=-1
      lv12: cells=  0  tests=   0  found=-1
      lv11: cells=  0  tests=   0  found=-1
      lv10: cells= 12  tests= 104  found=-1
      lv 9: cells=  6  tests=  60  found=-1
      lv 8: cells=  6  tests=  72  found=-1
  Direct CPU PIT: last_elem contains 0/12 failure positions

  Element 422946  (12 failures)  in_octree=YES
  Centroid: [-0.004375    0.01405557 -0.000625  ]
    vertex 0: [-0.005      0.0127778  0.       ]
    vertex 1: [-0.005       0.01533335 -0.0025    ]
    vertex 2: [-0.005       0.01533335  0.        ]
    vertex 3: [-0.0025     0.0127778  0.       ]
  Face neighbors: [422940 422950 422952     -1]
  Octree cells at centroid:
    lv 9: n_elem=  12  self=---  containing=[]
  CPU 3×3×3 at first failure pos [-3.90907305e-03  1.30439770e-02  3.27157912e-08]:
    result: found=-1, total_tests=282
      lv14: cells=  0  tests=   0  found=-1
      lv13: cells=  0  tests=   0  found=-1
      lv12: cells=  0  tests=   0  found=-1
      lv11: cells=  0  tests=   0  found=-1
      lv10: cells=  6  tests=  42  found=-1
      lv 9: cells= 12  tests= 168  found=-1
      lv 8: cells=  6  tests=  72  found=-1
  Direct CPU PIT: last_elem contains 0/12 failure positions

  Element 2543779  (4 failures)  in_octree=YES
  Centroid: [-7.4609374e-03 -5.0512194e-03 -1.9531250e-05]
    vertex 0: [-0.00742187 -0.00511112  0.        ]
    vertex 1: [-7.4999998e-03 -5.0312537e-03 -7.8124998e-05]
    vertex 2: [-0.0075     -0.00503125  0.        ]
    vertex 3: [-0.00742187 -0.00503125  0.        ]
  Face neighbors: [2543775 2543780 2543781      -1]
  Octree cells at centroid:
    lv14: n_elem=  40  self=---  containing=[]
  CPU 3×3×3 at first failure pos [-7.02994116e-03 -5.69820315e-03  2.49105465e-06]:
    result: found=-1, total_tests=615
      lv14: cells= 18  tests= 372  found=-1
      lv13: cells=  0  tests=   0  found=-1
      lv12: cells=  0  tests=   0  found=-1
      lv11: cells=  2  tests=  13  found=-1
      lv10: cells=  4  tests=  26  found=-1
      lv 9: cells=  7  tests=  89  found=-1
      lv 8: cells=  9  tests= 115  found=-1
  Direct CPU PIT: last_elem contains 0/4 failure positions

  Element 30907  (4 failures)  in_octree=YES
  Centroid: [-7.929687e-03  4.452261e-03 -1.953125e-05]
    vertex 0: [-0.00796875  0.00447223  0.        ]
    vertex 1: [-0.00789062  0.00447223  0.        ]
    vertex 2: [-0.00789062  0.00439236  0.        ]
    vertex 3: [-7.9687499e-03  4.4722264e-03 -7.8124998e-05]
  Face neighbors: [30911 30939 31602    -1]
  Octree cells at centroid:
    lv14: n_elem=  24  self=---  containing=[]
  CPU 3×3×3 at first failure pos [-8.12626954e-03  4.06835068e-03  1.03918490e-06]:
    result: found=-1, total_tests=532
      lv14: cells= 18  tests= 458  found=-1
      lv13: cells=  0  tests=   0  found=-1
      lv12: cells=  0  tests=   0  found=-1
      lv11: cells=  0  tests=   0  found=-1
      lv10: cells=  2  tests=  14  found=-1
      lv 9: cells=  0  tests=   0  found=-1
      lv 8: cells=  6  tests=  60  found=-1
  Direct CPU PIT: last_elem contains 0/4 failure positions

================================================================================
SUMMARY
================================================================================

  VTU steps scanned:       200 (steps 1100–1300)
  Total vanishing events:  7154
  Events inspected:        200
  Probe positions tested:  2200
  GPU 3×3×3 found:         2168 (98.5%)
  GPU 3×3×3 failed:        32 (1.5%)

  Of GPU failures:
    CPU (adjacent scan) finds: 0/32 (0.0%)
    --> If high %: element IS in mesh but NOT in octree → registration gap
    --> If low %:  probe position left covered mesh region

  Elements NOT in octree (of 4 loss elements): 0

================================================================================
DONE
================================================================================
