================================================================================
Grid Index Computation Mismatch Diagnosis
================================================================================

Centroid Y: -0.00307466
Cell size (extraction, float64): 0.00015972
Cell size (query, float32): 0.00015972000255715102

Extraction (float64):
  centroid_y / cell_size = -19.25031304783371
  floor(...) = -20.0
  int(...) = -20

Query (float32):
  centroid_y / cell_size = -19.25031280517578
  floor(...) = -20.0
  int(...) = -20

✅ MATCH: -20 == -20

================================================================================
ROOT CAUSE HYPOTHESIS
================================================================================

Possible causes:
1. float64 → float32 precision loss in cell_size
2. float64 → float32 precision loss in centroid position
3. Different rounding modes between extraction vs query
4. Compiler optimization differences

Testing hypothesis 1: Same dtype throughout

  float64 throughout: j = -20
  float32 throughout: j = -20

Hypothesis 1 rejected - precision is not the issue

