python3 diagnose_seeding_strategies.py
✅ Enhanced VTK I/O available
✅ HDF5 I/O available
================================================================================
Seeding Strategy Diagnostic: mesh_aligned_octree_multi_local (3×3×3)
================================================================================
Strategies (perturbations along X axis only):
  1. Exact element centroids
  2. Centroids ± 10% element-size along X
  3. Centroids ± 1× element-size along X
  4. Centroids ± 2× element-size along X
N particles per strategy: 50,000

[1/6] Loading mesh...
Loading mesh: /home/arhashemi/Workspace/welding/Edgar/FLA/post/0eule/featurelessAvtk_158.pvtu
  Nodes: 780,922
  Elements: 3,048,900
  Loaded field 'Displacement': (780922, 3)
Loading mesh: /home/arhashemi/Workspace/welding/Edgar/FLA/post/0eule/featurelessAvtk_159.pvtu
  Nodes: 780,922
  Elements: 3,048,900
  Loaded field 'Displacement': (780922, 3)
  Loaded in 9.1s
  Elements: 3,048,900, Nodes: 780,922

[2/6] Deduplicating...
  Removed 209,749 duplicates
  Nodes after dedup: 571,173

[3/6] Precomputing metadata for inverse point-in-tet...

Precomputed inverse matrices:
  Elements: 3,048,900
  Degenerate: 0 (0.0000%)
  Det range: [4.87e-13, 1.28e-07]
  Memory: 146,347,200 bytes (139.6 MB)
  Metadata ready in 61.7s

[4/6] Building and uploading mesh-aligned octree (multi-cell)...
  Extracted in 345.4s
    Cells: 665,842
    Elements per cell: 18.32
    Cells per element: 4.00
  Uploaded in 0.2s

[5/6] Sampling 50,000 elements and computing geometry...
    Computed 10,000/50,000...
    Computed 20,000/50,000...
    Computed 30,000/50,000...
    Computed 40,000/50,000...
    Computed 50,000/50,000...
  Computed in 0.8s
  Element edge length stats:
    Min:    7.812493e-05
    Max:    5.000000e-03
    Mean:   9.887495e-05
    Median: 7.812493e-05

[6/6] Running 4 seeding strategies with 3×3×3 search...
================================================================================

  Warming up JIT...
  JIT ready.

  --- Strategy: Strategy 1: Exact centroids ---
  Particles: 50,000
    Searched 10,000/50,000... (148/s, ~270s remaining)
    Searched 20,000/50,000... (148/s, ~203s remaining)
    Searched 30,000/50,000... (147/s, ~136s remaining)
    Searched 40,000/50,000... (147/s, ~68s remaining)
    Searched 50,000/50,000... (147/s, ~0s remaining)
  Searched in 339.0s (147 p/s)
  Found:   50,000/50,000 (100.00%)
  Missed:  0/50,000 (0.00%)
  Correct: 50,000/50,000 (100.00%) [of those with ground truth]
  Wrong:   0/50,000 (0.00%)
  Mean tests/particle: 173.8

  --- Strategy: Strategy 2: 10% element-size perturbed (X only) ---
  Particles: 50,000
    Searched 10,000/50,000... (148/s, ~271s remaining)
    Searched 20,000/50,000... (147/s, ~204s remaining)
    Searched 30,000/50,000... (147/s, ~136s remaining)
    Searched 40,000/50,000... (147/s, ~68s remaining)
    Searched 50,000/50,000... (147/s, ~0s remaining)
  Searched in 339.3s (147 p/s)
  Found:   50,000/50,000 (100.00%)
  Missed:  0/50,000 (0.00%)
  Correct: 50,000/50,000 (100.00%) [of those with ground truth]
  Wrong:   0/50,000 (0.00%)
  Mean tests/particle: 173.8

  --- Strategy: Strategy 3: 1× element-size perturbed (X only) ---
  Particles: 50,000
    Searched 10,000/50,000... (144/s, ~278s remaining)
    Searched 20,000/50,000... (143/s, ~210s remaining)
    Searched 30,000/50,000... (143/s, ~140s remaining)
    Searched 40,000/50,000... (143/s, ~70s remaining)
    Searched 50,000/50,000... (143/s, ~0s remaining)
  Searched in 350.6s (143 p/s)
  Found:   49,997/50,000 (99.99%)
  Missed:  3/50,000 (0.01%)
  Correct: 0/50,000 (0.00%) [of those with ground truth]
  Wrong:   49,997/50,000 (99.99%)
  Mean tests/particle: 178.9

  --- Strategy: Strategy 4: 2× element-size perturbed (X only) ---
  Particles: 50,000
    Searched 10,000/50,000... (140/s, ~285s remaining)
    Searched 20,000/50,000... (140/s, ~214s remaining)
    Searched 30,000/50,000... (140/s, ~143s remaining)
    Searched 40,000/50,000... (140/s, ~72s remaining)
    Searched 50,000/50,000... (140/s, ~0s remaining)
  Searched in 357.2s (140 p/s)
  Found:   49,995/50,000 (99.99%)
  Missed:  5/50,000 (0.01%)
  Correct: 0/50,000 (0.00%) [of those with ground truth]
  Wrong:   49,995/50,000 (99.99%)
  Mean tests/particle: 180.6

================================================================================
SUMMARY: 3×3×3 search results across seeding strategies
================================================================================
  Octree: multi-cell vertex registration (665,842 cells, 18.3 elem/cell, 4.0 cells/elem)
  Max tests per search: 600

Strategy                                       Found    Missed   Found%   Correct%   MeanTests
----------------------------------------------------------------------------------------------
  1. Exact centroids                          50,000         0  100.00%    100.00%       173.8
  2. ±10% elem-size along X                   50,000         0  100.00%    100.00%       173.8
  3. ±1× elem-size along X                    49,997         3   99.99%      0.00%       178.9
  4. ±2× elem-size along X                    49,995         5   99.99%      0.00%       180.6

Notes:
  Found%:   fraction of queries where any element was returned
  Correct%: fraction of found results matching the ground-truth centroid element
            (perturbations along X only — all particles displaced in +X or -X)
  For strategies 3 & 4, particles may have crossed an element face along X,
  so a 'wrong' result may be a geometrically valid adjacent element.
================================================================================
