
================================================================================
NODE DEDUPLICATION PIPELINE
================================================================================
Input:  /home/arhashemi/Workspace/welding/Edgar/FLA/post/0eule/featurelessAvtk_120.pvtu
Output: /home/arhashemi/Workspace/welding/Edgar/FLA/post/0eule/featurelessAvtk_120_merged.npz
Loading mesh: /home/arhashemi/Workspace/welding/Edgar/FLA/post/0eule/featurelessAvtk_120.pvtu
  Nodes: 780,922
  Elements: 3,048,900

================================================================================
Building node deduplication map
================================================================================
  Processed 100,000 / 780,922 nodes...
  Processed 200,000 / 780,922 nodes...
  Processed 300,000 / 780,922 nodes...
  Processed 400,000 / 780,922 nodes...
  Processed 500,000 / 780,922 nodes...
  Processed 600,000 / 780,922 nodes...
  Processed 700,000 / 780,922 nodes...

Node deduplication statistics:
  Original nodes: 780,922
  Unique nodes:   571,173
  Duplicate nodes: 209,749 (26.9%)

================================================================================
Compacting node position array
================================================================================
  Original nodes: 780,922
  Compacted nodes: 571,173

================================================================================
Remapping connectivity
================================================================================
  Processed 500,000 / 3,048,900 elements...
  Processed 1,000,000 / 3,048,900 elements...
  Processed 1,500,000 / 3,048,900 elements...
  Processed 2,000,000 / 3,048,900 elements...
  Processed 2,500,000 / 3,048,900 elements...
  Processed 3,000,000 / 3,048,900 elements...
  Remapped 3,048,900 elements

================================================================================
Validating merged mesh
================================================================================
✅ No duplicate nodes in compacted mesh (571,173 unique)
✅ All connectivity node IDs valid [0, 571172]
✅ No degenerate elements (all have 4 unique nodes)

Mesh statistics:
  Nodes: 571,173
  Elements: 3,048,900
  Element volumes (sampled):
    Min: 8.123856e-14
    Max: 2.129633e-08
    Mean: 6.095185e-12
✅ All sampled elements have positive volume

================================================================================
Saving merged mesh
================================================================================
  Output: /home/arhashemi/Workspace/welding/Edgar/FLA/post/0eule/featurelessAvtk_120_merged.npz
  File size: 14.7 MB
✅ Mesh saved successfully

================================================================================
Pipeline complete: 13.0s
================================================================================

================================================================================
✅ Node deduplication complete!
================================================================================

To use the merged mesh:
  data = np.load('/home/arhashemi/Workspace/welding/Edgar/FLA/post/0eule/featurelessAvtk_120_merged.npz')
  node_positions = data['node_positions']
  connectivity = data['connectivity']

================================================================================

