/home/arhashemi/Workspace/welding/JAXTrace/jaxtrace/io/registry.py:41: UserWarning: h5py not available. HDF5 I/O will be disabled
  from .hdf5_io import H5Series
W1103 10:54:41.875959  129283 hlo_rematerialization.cc:3204] Can't reduce memory use below 2.36GiB (2534205770 bytes) by rematerialization; only reduced to 15.36GiB (16491616440 bytes), down from 15.45GiB (16594689040 bytes) originally
W1103 10:54:52.301278  129283 bfc_allocator.cc:501] Allocator (GPU_0_bfc) ran out of memory trying to allocate 15.07GiB (rounded to 16182402560)requested by op 
If the cause is memory fragmentation maybe the environment variable 'TF_GPU_ALLOCATOR=cuda_malloc_async' will improve the situation. 
Current allocation summary follows.
Current allocation summary follows.
W1103 10:54:52.301483  129283 bfc_allocator.cc:512] *****____*****______________________________________________________________________________________
E1103 10:54:52.301505  129283 pjrt_stream_executor_client.cc:2974] Execution of replica 0 failed: RESOURCE_EXHAUSTED: Out of memory while trying to allocate 16182402360 bytes. [tf-allocator-allocation-error='']
JAX version: 0.8.0
JAX devices: [CudaDevice(id=0)]
✅ Enhanced VTK I/O available
✅ HDF5 I/O available
Loading mesh: /home/arhashemi/Workspace/welding/Edgar/ThreadedA/post/0eule/threadedAvtk_12.pvtu
  Nodes: 898,502
  Elements: 3,494,800

Domain bounds:
  X: [-0.0300, 0.0300]
  Y: [-0.0230, 0.0230]
  Z: [-0.0100, 0.0000]

Creating forest grid: 4×4×2 = 32 blocks
Assigning elements to blocks...
Computing centroids for 3,494,800 elements...
Assigning elements to 32 blocks...
  Processed 500,000 / 3,494,800 elements (14.3%)
  Processed 1,000,000 / 3,494,800 elements (28.6%)
  Processed 1,500,000 / 3,494,800 elements (42.9%)
  Processed 2,000,000 / 3,494,800 elements (57.2%)
  Processed 2,500,000 / 3,494,800 elements (71.5%)
  Processed 3,000,000 / 3,494,800 elements (85.8%)

📊 Element Distribution Across Blocks:
  Total elements: 3,494,800
  Non-empty blocks: 32 / 32
  Elements per block:
    Min: 36
    Max: 938,236
    Mean: 109,212
    Std: 288,165
  Load imbalance factor: 8.59× (max/mean)
  ⚠️  High load imbalance detected! Consider block splitting in Phase 8
  Time: 53.85s
Building element adjacency...
Building element adjacency for 3,494,800 elements...
  Step 1/2: Extracting faces...
  Step 2/2: Building neighbor lists...
    Processed 500,000 / 3,494,800 elements (14.3%)
    Processed 1,000,000 / 3,494,800 elements (28.6%)
    Processed 1,500,000 / 3,494,800 elements (42.9%)
    Processed 2,000,000 / 3,494,800 elements (57.2%)
    Processed 2,500,000 / 3,494,800 elements (71.5%)
    Processed 3,000,000 / 3,494,800 elements (85.8%)

📊 Element Neighbor Statistics:
  Total elements: 3,494,800
  Neighbors per element:
    Min: 0
    Max: 4
    Mean: 3.78
  Boundary elements: 735,984 (21.1%)
  Interior elements: 2,758,816 (78.9%)
  Time: 30.20s

Creating GPU tracker...

🚀 Initializing GPU Particle Tracker...
  Building block element lists...
  Block element list sizing:
    Min block size: 36
    Max block size: 938,236
    Mean: 109,212
    95th percentile: 858,939
    Using max_per_block: 1,030,726
  Transferring mesh data to GPU...
  ✅ GPU initialization complete
  Mesh memory on GPU: 242.8 MB
  Block element lists: (32, 1030726)
  Grid size: 4×4×2 = 32 blocks

================================================================================
PERFORMANCE COMPARISON: CPU vs GPU
================================================================================

================================================================================
Testing with 100 particles
================================================================================

[CPU Baseline]
  Time: 0.000s
  Throughput: 1,133,596 particles/s
  Found: 0/100 (0.0%)

[GPU - First call (includes JIT)]
Traceback (most recent call last):
  File "/home/arhashemi/Workspace/welding/JAXTrace/test_gpu_performance_fix.py", line 203, in <module>
    benchmark_particle_tracking(n_particles_list=[100, 1000, 10000])
    ~~~~~~~~~~~~~~~~~~~~~~~~~~~^^^^^^^^^^^^^^^^^^^^^^^^^^^^^^^^^^^^^
  File "/home/arhashemi/Workspace/welding/JAXTrace/test_gpu_performance_fix.py", line 147, in benchmark_particle_tracking
    particles_gpu = tracker.update_particle_elements(particles)
  File "/home/arhashemi/Workspace/welding/JAXTrace/jaxtrace/gpu/tracker.py", line 197, in update_particle_elements
    new_elem_batch = find_containing_elements_batch(
        pos_batch,
    ...<6 lines>...
        self.connectivity_gpu
    )
jax.errors.JaxRuntimeError: RESOURCE_EXHAUSTED: Out of memory while trying to allocate 16182402360 bytes.
--------------------
For simplicity, JAX has removed its internal frames from the traceback of the following exception. Set JAX_TRACEBACK_FILTERING=off to include these.
