python3 investigate_elements_per_cell.py
ERROR:2026-01-23 14:49:19,895:jax._src.xla_bridge:475: Jax plugin configuration error: Exception when calling jax_plugins.xla_cuda12.initialize()
Traceback (most recent call last):
  File "/home/arhashemi/Workspace/welding/JAXTrace/.venv/lib/python3.13/site-packages/jax/_src/xla_bridge.py", line 473, in discover_pjrt_plugins
    plugin_module.initialize()
    ~~~~~~~~~~~~~~~~~~~~~~~~^^
  File "/home/arhashemi/Workspace/welding/JAXTrace/.venv/lib/python3.13/site-packages/jax_plugins/xla_cuda12/__init__.py", line 334, in initialize
    c_api = xb.register_plugin(
        'cuda', priority=500, library_path=str(path), options=options
    )
  File "/home/arhashemi/Workspace/welding/JAXTrace/.venv/lib/python3.13/site-packages/jax/_src/xla_bridge.py", line 609, in register_plugin
    c_api = xla_client.load_pjrt_plugin_dynamically(plugin_name, library_path)
  File "/home/arhashemi/Workspace/welding/JAXTrace/.venv/lib/python3.13/site-packages/jaxlib/xla_client.py", line 117, in load_pjrt_plugin_dynamically
    return _xla.load_pjrt_plugin(plugin_name, library_path, c_api=None)
           ~~~~~~~~~~~~~~~~~~~~~^^^^^^^^^^^^^^^^^^^^^^^^^^^^^^^^^^^^^^^
jax.errors.JaxRuntimeError: ALREADY_EXISTS: PJRT_Api already exists for device type cuda
✅ Enhanced VTK I/O available
/home/arhashemi/Workspace/welding/JAXTrace/jaxtrace/io/registry.py:41: UserWarning: h5py not available. HDF5 I/O will be disabled
  from .hdf5_io import H5Series
✅ HDF5 I/O available
Loading mesh...
Loading mesh: /home/arhashemi/Workspace/welding/Edgar/FLA/post/0eule/featurelessAvtk_158.pvtu
  Nodes: 780,922
  Elements: 3,048,900
  Loaded field 'Displacement': (780922, 3)
Loading mesh: /home/arhashemi/Workspace/welding/Edgar/FLA/post/0eule/featurelessAvtk_159.pvtu
  Nodes: 780,922
  Elements: 3,048,900
  Loaded field 'Displacement': (780922, 3)
  Loaded 3,048,900 elements, 571,173 nodes

Extracting cells with detailed tracking...

================================================================================
INVESTIGATION: Why 12.27 elements per cell?
================================================================================

Sample cells:
  6 elements: 102,450 cells
  12 elements: 111,699 cells
  24 elements: 37,112 cells

--------------------------------------------------------------------------------
Sample: 6 elements: Cell 2
--------------------------------------------------------------------------------
  Morton: 144115188075003646
  Level: 14
  Cell size: (0.0000781249, 0.0000798609, 0.0000781250)
  Grid indices: (-66, -97, -5)
  Elements in cell: 6

  Cell corner: (-0.0051562451, -0.0077465083, -0.0003906251)
    Element 2792048:
      Cell size: (0.0000781249, 0.0000798609, 0.0000781250)
      Grid indices: (-66, -97, -5)
      Cube corner: (-0.0051562451, -0.0077465083, -0.0003906251)
    Element 2792112:
      Cell size: (0.0000781249, 0.0000798609, 0.0000781250)
      Grid indices: (-66, -97, -5)
      Cube corner: (-0.0051562451, -0.0077465083, -0.0003906251)
    Element 2792192:
      Cell size: (0.0000781249, 0.0000798609, 0.0000781250)
      Grid indices: (-66, -97, -5)
      Cube corner: (-0.0051562451, -0.0077465083, -0.0003906251)

  Unique cell sizes found: 1
    1. (0.0000781249, 0.0000798609, 0.0000781250) - 6 elements

  Unique parent cube grid indices: 1
    1. ( -66,  -97,   -5) - 6 elements

--------------------------------------------------------------------------------
Sample: 12 elements: Cell 13
--------------------------------------------------------------------------------
  Morton: 144115188075003871
  Level: 14
  Cell size: (0.0000781249, 0.0000798609, 0.0000781250)
  Grid indices: (-65, -97, -3)
  Elements in cell: 12

  Cell corner: (-0.0050781202, -0.0077465083, -0.0002343750)
    Element 2601576:
      Cell size: (0.0000781249, 0.0000798609, 0.0000781250)
      Grid indices: (-65, -97, -3)
      Cube corner: (-0.0050781202, -0.0077465083, -0.0002343750)
    Element 2601580:
      Cell size: (0.0000781249, 0.0000798609, 0.0000781250)
      Grid indices: (-65, -97, -3)
      Cube corner: (-0.0050781202, -0.0077465083, -0.0002343750)
    Element 2601581:
      Cell size: (0.0000781249, 0.0000798609, 0.0000781250)
      Grid indices: (-65, -97, -3)
      Cube corner: (-0.0050781202, -0.0077465083, -0.0002343750)

  Unique cell sizes found: 1
    1. (0.0000781249, 0.0000798609, 0.0000781250) - 12 elements

  Unique parent cube grid indices: 1
    1. ( -65,  -97,   -3) - 12 elements

--------------------------------------------------------------------------------
Sample: 24 elements: Cell 32
--------------------------------------------------------------------------------
  Morton: 144115188075036381
  Level: 14
  Cell size: (0.0000781254, 0.0000798609, 0.0000781250)
  Grid indices: (-97, -66, -7)
  Elements in cell: 24

  Cell corner: (-0.0075781629, -0.0052708201, -0.0005468749)
    Element 2491893:
      Cell size: (0.0000781254, 0.0000798609, 0.0000781250)
      Grid indices: (-97, -66, -7)
      Cube corner: (-0.0075781629, -0.0052708201, -0.0005468749)
    Element 2491896:
      Cell size: (0.0000781254, 0.0000798609, 0.0000781250)
      Grid indices: (-97, -66, -7)
      Cube corner: (-0.0075781629, -0.0052708201, -0.0005468749)
    Element 2491897:
      Cell size: (0.0000781254, 0.0000798609, 0.0000781250)
      Grid indices: (-97, -66, -7)
      Cube corner: (-0.0075781629, -0.0052708201, -0.0005468749)

  Unique cell sizes found: 1
    1. (0.0000781254, 0.0000798609, 0.0000781250) - 24 elements

  Unique parent cube grid indices: 1
    1. ( -97,  -66,   -7) - 24 elements

================================================================================
CRITICAL CHECK: Parent Cube Identification
================================================================================

Checking if elements are correctly assigned to their parent cubes...
  ✅ All 1000 sampled elements correctly assigned to parent cubes

================================================================================
SEARCHABILITY GUARANTEE
================================================================================

Question: Does 1 cell per element guarantee 100% searchability?

Answer:
  Given a query position P:
    1. Compute P's grid indices: (i, j, k) = floor(P / cell_size)
    2. Look up cell with grid indices (i, j, k)
    3. If cell exists, test all elements in that cell

  CRITICAL ISSUE:
    The cell_size used for query lookup must match the element's cell_size!
    But elements have DIFFERENT cell sizes (refinement levels)!

  Current approach:
    - Try multiple levels (14, 13, 12, 11, 10, 9)
    - For each level, compute grid indices and look up cell
    - This SHOULD provide 100% searchability IF:
      ✅ We try all relevant levels
      ✅ Morton encoding is consistent
      ✅ Grid index computation is identical for element assignment and query

Refinement level distribution:
  Level  8:      151 cells ( 0.06%)
  Level  9:      292 cells ( 0.11%)
  Level 10:      637 cells ( 0.24%)
  Level 11:    1,938 cells ( 0.73%)
  Level 12:    5,239 cells ( 1.97%)
  Level 13:   38,738 cells (14.59%)
  Level 14:  218,603 cells (82.31%)

Levels to search: [np.uint8(8), np.uint8(9), np.uint8(10), np.uint8(11), np.uint8(12), np.uint8(13), np.uint8(14)]

CONCLUSION:
  IF we search ALL levels present in the mesh, we SHOULD achieve 100% searchability
  because each element belongs to exactly ONE cell at its refinement level.

================================================================================
