Total files found: 160

Analyzing mesh sizes (this may take a few minutes)...

Step   Points       Cells        Change %    
==================================================
0      2,301        1,296                    
1      8,281        10,368       +259.887%   
2      780,922      3,048,900    +9330.286%  
3      780,922      3,048,900    +0.000%     
4      780,922      3,048,900    +0.000%     
5      780,922      3,048,900    +0.000%     
6      780,922      3,048,900    +0.000%     
7      780,922      3,048,900    +0.000%     
8      780,922      3,048,900    +0.000%     
9      780,922      3,048,900    +0.000%     
10     780,922      3,048,900    +0.000%     
11     780,922      3,048,900    +0.000%     
12     780,922      3,048,900    +0.000%     
13     780,922      3,048,900    +0.000%     
14     780,922      3,048,900    +0.000%     
--------------------------------------------------
120    780,922      3,048,900    +0.000%     
121    780,922      3,048,900    +0.000%     
122    780,922      3,048,900    +0.000%     
123    780,922      3,048,900    +0.000%     
124    780,922      3,048,900    +0.000%     
125    780,922      3,048,900    +0.000%     
126    780,922      3,048,900    +0.000%     
127    790,285      3,087,253    +1.199%     
128    780,922      3,048,900    -1.185%     
129    780,922      3,048,900    +0.000%     
130    780,922      3,048,900    +0.000%     
131    780,922      3,048,900    +0.000%     
132    780,922      3,048,900    +0.000%     
133    780,922      3,048,900    +0.000%     
134    780,922      3,048,900    +0.000%     
135    780,922      3,048,900    +0.000%     
136    780,922      3,048,900    +0.000%     
137    780,922      3,048,900    +0.000%     
138    781,466      3,050,881    +0.070%     
139    780,922      3,048,900    -0.070%     
140    780,922      3,048,900    +0.000%     
141    780,922      3,048,900    +0.000%     
142    780,922      3,048,900    +0.000%     
143    780,922      3,048,900    +0.000%     
144    780,922      3,048,900    +0.000%     
145    780,922      3,048,900    +0.000%     
146    780,922      3,048,900    +0.000%     
147    780,922      3,048,900    +0.000%     
148    780,922      3,048,900    +0.000%     
149    780,933      3,048,949    +0.001%     
150    780,922      3,048,900    -0.001%     
151    780,922      3,048,900    +0.000%     
152    780,922      3,048,900    +0.000%     
153    780,922      3,048,900    +0.000%     
154    780,922      3,048,900    +0.000%     
155    780,922      3,048,900    +0.000%     
156    780,922      3,048,900    +0.000%     
157    780,922      3,048,900    +0.000%     
158    780,922      3,048,900    +0.000%     
159    780,922      3,048,900    +0.000%     

============================================================
ANALYSIS:
============================================================

1. Initial Refinement Phase (steps 0-14):
   Start (step 0): 2,301 points
   End (step 14): 780,922 points
   Growth: +33838.37%
   Stabilizes around step: 3 (780,922 points)

2. Revolution Cycle (steps 120-159):
   Min points: 780,922
   Max points: 790,285
   Avg points: 781,170
   Range: 9,363 points (1.20% variation)
   Avg change per step: 0.065%
   Max change per step: 1.199%

3. Memory Estimates (for 40 revolution timesteps):
   Points (40 timesteps): 357.6 MB
   Velocity (40 timesteps): 357.6 MB
   Connectivity (shared): 46.5 MB
   Subtotal (mesh data): 761.7 MB
   Octrees (estimated): 2000 MB
   TOTAL: 2762 MB (~2.70 GB)
