python test_octree_verification_comprehensive.py
WARNING: All log messages before absl::InitializeLog() is called are written to STDERR
I0000 00:00:1770293094.727388 1574739 cudart_stub.cc:31] Could not find cuda drivers on your machine, GPU will not be used.
WARNING: All log messages before absl::InitializeLog() is called are written to STDERR
I0000 00:00:1770293094.728846 1574739 cudart_stub.cc:31] Could not find cuda drivers on your machine, GPU will not be used.
WARNING: All log messages before absl::InitializeLog() is called are written to STDERR
I0000 00:00:1770293094.729336 1574739 cudart_stub.cc:31] Could not find cuda drivers on your machine, GPU will not be used.
WARNING: All log messages before absl::InitializeLog() is called are written to STDERR
I0000 00:00:1770293094.739672 1574739 cudart_stub.cc:31] Could not find cuda drivers on your machine, GPU will not be used.
ERROR:2026-02-05 13:04:55,581:jax._src.xla_bridge:491: Jax plugin configuration error: Exception when calling jax_plugins.xla_cuda12.initialize()
Traceback (most recent call last):
  File "/home/arhashemi/Workspace/welding/JAXTrace/.venv/lib/python3.13/site-packages/jax/_src/xla_bridge.py", line 489, in discover_pjrt_plugins
    plugin_module.initialize()
    ~~~~~~~~~~~~~~~~~~~~~~~~^^
  File "/home/arhashemi/Workspace/welding/JAXTrace/.venv/lib/python3.13/site-packages/jax_plugins/xla_cuda12/__init__.py", line 334, in initialize
    c_api = xb.register_plugin(
        'cuda', priority=500, library_path=str(path), options=options
    )
  File "/home/arhashemi/Workspace/welding/JAXTrace/.venv/lib/python3.13/site-packages/jax/_src/xla_bridge.py", line 633, in register_plugin
    c_api = xla_client.load_pjrt_plugin_dynamically(plugin_name, library_path)
  File "/home/arhashemi/Workspace/welding/JAXTrace/.venv/lib/python3.13/site-packages/jaxlib/xla_client.py", line 117, in load_pjrt_plugin_dynamically
    return _xla.load_pjrt_plugin(plugin_name, library_path, c_api=None)
           ~~~~~~~~~~~~~~~~~~~~~^^^^^^^^^^^^^^^^^^^^^^^^^^^^^^^^^^^^^^^
jax.errors.JaxRuntimeError: ALREADY_EXISTS: PJRT_Api already exists for device type cuda
✅ Enhanced VTK I/O available
✅ HDF5 I/O available
================================================================================
Loading mesh...
================================================================================
Loading mesh: /home/arhashemi/Workspace/welding/Edgar/FLA/post/0eule/featurelessAvtk_158.pvtu
  Nodes: 780,922
  Elements: 3,048,900
  Loaded field 'Displacement': (780922, 3)
Loading mesh: /home/arhashemi/Workspace/welding/Edgar/FLA/post/0eule/featurelessAvtk_159.pvtu
  Nodes: 780,922
  Elements: 3,048,900
  Loaded field 'Displacement': (780922, 3)
  Mesh: 3,048,900 elements, 571,173 nodes

================================================================================
Extracting octree...
================================================================================

================================================================================
Corrected Phase 2: Single Parent Cube per Element
================================================================================
  Elements: 3,048,900
  Tolerance: 1.00e-06
  Expected: ~1 cell per element, ~5-6 elements per cell

[1/3] Finding parent cube for each element...
    Processed 500,000/3,048,900 elements...
    Processed 1,000,000/3,048,900 elements...
    Processed 1,500,000/3,048,900 elements...
    Processed 2,000,000/3,048,900 elements...
    Processed 2,500,000/3,048,900 elements...
    Processed 3,000,000/3,048,900 elements...
  ✅ Element->cell mapping complete!
    Skipped 1,826 non-Kuhn elements
    Mapped 3,047,074 elements to cells

[2/3] Building inverted index (cell -> elements)...
  ✅ CSR structure built!
    Unique cells: 517,069
    CSR data entries: 3,047,074

[3/3] Computing statistics...

  Statistics:
    Cells per element: 1.00 (expected ~1.0)
    Elements per cell: 5.89 (expected ~5-6)
    Elements per cell (median): 6
    Elements per cell (min, max): (1, 8)

  Elements-per-cell distribution (top 10):
     6 elements:  498,121 cells (96.34%)
     3 elements:   14,422 cells ( 2.79%)
     4 elements:    1,859 cells ( 0.36%)
     2 elements:    1,819 cells ( 0.35%)
     5 elements:      776 cells ( 0.15%)
     1 elements:       64 cells ( 0.01%)
     8 elements:        8 cells ( 0.00%)

================================================================================
Corrected Phase 2 Complete!
================================================================================


  ✅ Octree extracted in 163.5s
    Cells: 517,069
    Elements/cell: 5.89

================================================================================
COMPREHENSIVE OCTREE VERIFICATION TEST SUITE
================================================================================


================================================================================
Test 1: Element Count Consistency
================================================================================
  Total cells: 517,069
  Elements per cell:
    Mean: 5.89
    Median: 6
    Mode: 6
    Exactly 6 (ideal Kuhn): 498,121 (96.3%)

  Distribution:
    1 elements: 64 cells (0.0%)
    2 elements: 1,819 cells (0.4%)
    3 elements: 14,422 cells (2.8%)
    4 elements: 1,859 cells (0.4%)
    5 elements: 776 cells (0.2%)
    6 elements: 498,121 cells (96.3%)
    8 elements: 8 cells (0.0%)
✅ PASSED

================================================================================
Test 2: 2:1 Balance Verification
================================================================================
  Cells checked: 517,069
  Unique neighbor pairs: 5,909,318
  Violations: 0
✅ PASSED

================================================================================
Test 3: Morton Key Ordering
================================================================================
  Levels checked: 7
  Per-level sorting:
    Level  8: ✓ (192 cells)
    Level  9: ✓ (360 cells)
    Level 10: ✓ (894 cells)
    Level 11: ✓ (2,901 cells)
    Level 12: ✓ (8,446 cells)
    Level 13: ✓ (66,419 cells)
    Level 14: ✓ (437,857 cells)
✅ PASSED

================================================================================
Test 4: Mesh Coverage Completeness
================================================================================
  Total elements: 3,048,900
  Covered elements: 3,047,074 (99.94%)
  Uncovered: 1,826
  Sample uncovered elements: [39532, 39535, 39539, 39551, 39556, 39565, 39575, 39585, 39591, 39619]
❌ FAILED: Only 99.9% coverage

================================================================================
Test 5: Neighbor Connectivity
================================================================================
  ⚠  Neighbor table not available (requires Option B implementation)
✅ PASSED

================================================================================
Test 6: Centroid Alignment
================================================================================
  Elements assigned: 3,047,074
  Centroids inside: 3,047,074 (100.00%)
  Centroids outside: 0
✅ PASSED

================================================================================
Test 7: Cell Size Consistency
================================================================================
  Levels checked: 7
  Per-level consistency:
    Level  8: ✓ size=[0.004999999888241291, 0.005111109180385635, 0.004999999888241291], max_dev=2.08e-08
    Level  9: ✓ size=[0.0024999999467076525, 0.002555557866839485, 0.0024999999441206455], max_dev=7.79e-09
    Level 10: ✓ size=[0.0012500000116467409, 0.0012777796719885813, 0.0012499999658098357], max_dev=3.28e-09
    Level 11: ✓ size=[0.000625000010709728, 0.0006388896239631877, 0.0006249999915278859], max_dev=2.32e-09
    Level 12: ✓ size=[0.0003124999952342219, 0.0003194447830115133, 0.0003125000218845919], max_dev=1.65e-09
    Level 13: ✓ size=[0.00015625000105897122, 0.00015972237434274457, 0.00015624999653120235], max_dev=1.31e-09
    Level 14: ✓ size=[7.81249994271107e-05, 7.98611777642326e-05, 7.812499797001485e-05], max_dev=8.57e-10
✅ PASSED

================================================================================
Test 8: Level Distribution Analysis
================================================================================
  Total cells: 517,069
  Level distribution:
    Level  8:     192 cells (  0.0%)
    Level  9:     360 cells (  0.1%)
    Level 10:     894 cells (  0.2%)
    Level 11:   2,901 cells (  0.6%)
    Level 12:   8,446 cells (  1.6%)
    Level 13:  66,419 cells ( 12.8%)
    Level 14: 437,857 cells ( 84.7%)
✅ PASSED

================================================================================
SUMMARY
================================================================================
Total tests: 8
Passed: 7
Failed: 1
Success rate: 87.5%
================================================================================


================================================================================
Running Element Spanning Analysis...
================================================================================

================================================================================
ELEMENT SPANNING ANALYSIS
================================================================================


================================================================================
Analysis 1: Element Spanning Per Level
================================================================================
  Analyzing 3,048,900 elements...

  Overall Statistics:
    Total elements analyzed: 3,047,074
    Single-cell elements: 0 (0.00%)
    Multi-cell elements: 3,047,074 (100.00%)

  Cells Touched Distribution:
    4 cells: 3,047,074 elements (100.00%)

  Per-Level Analysis:
    Level  8:     839 elements - single:       0 (  0.0%), multi:     839 (100.0%)
    Level  9:   1,594 elements - single:       0 (  0.0%), multi:   1,594 (100.0%)
    Level 10:   4,289 elements - single:       0 (  0.0%), multi:   4,289 (100.0%)
    Level 11:  14,949 elements - single:       0 (  0.0%), multi:  14,949 (100.0%)
    Level 12:  43,888 elements - single:       0 (  0.0%), multi:  43,888 (100.0%)
    Level 13: 381,987 elements - single:       0 (  0.0%), multi: 381,987 (100.0%)
    Level 14: 2,599,528 elements - single:       0 (  0.0%), multi: 2,599,528 (100.0%)

  Sample Multi-Cell Elements:
    Element 0 (level 8): touches 4 cells
      Cells: [(-4, 1, 0), (-3, 1, 0), (-4, 1, -1)]...
    Element 1 (level 8): touches 4 cells
      Cells: [(-3, 0, 0), (-3, 1, 0), (-4, 1, -1)]...
    Element 2 (level 8): touches 4 cells
      Cells: [(-4, 2, -1), (-3, 1, 0), (-3, 2, -1)]...

================================================================================
Analysis 2: Vertex Cell Alignment
================================================================================
  Analyzing vertex alignment for 3,048,900 elements...

  Vertex Alignment Statistics:
    Total vertices analyzed: 40,000
    On boundary (dist < 1e-06): 40,000 (100.00%)
    In interior (dist >= 1e-06): 0 (0.00%)

  Boundary Distance Distribution:
    Min: 0.000000e+00
    Max: 1.746230e-10
    Mean: 5.516922e-11
    Median: 0.000000e+00

  Percentiles:
      0%: 0.000000e+00
      1%: 0.000000e+00
      5%: 0.000000e+00
     10%: 0.000000e+00
     25%: 0.000000e+00
     50%: 0.000000e+00
     75%: 1.164153e-10
     90%: 1.746230e-10
     95%: 1.746230e-10
     99%: 1.746230e-10
    100%: 1.746230e-10

  Sample Vertices ON Boundary:
    Element 0, vertex 0: dist = 0.00e+00
    Element 0, vertex 1: dist = 0.00e+00
    Element 0, vertex 2: dist = 0.00e+00

================================================================================
Analysis 3: Centroid vs Vertex Cells
================================================================================
  Analyzing 1,000 random elements...

  Centroid vs Vertex Cell Comparison:
    Total elements analyzed: 1,000
    Centroid IN vertex cells: 508 (50.80%)
    Centroid NOT in vertex cells: 492 (49.20%)

  Grid Distance (for mismatches):
    Min: 1
    Max: 1
    Mean: 1.00
    Median: 1

  Sample Matches (centroid in vertex cells):
    Element 2232962: centroid_cell=(54, -20, -4), vertex_cells=[(55, -20, -4), (54, -20, -4), (55, -20, -3), (55, -21, -3)]
    Element 2115658: centroid_cell=(38, -87, -3), vertex_cells=[(38, -87, -3), (39, -88, -2), (38, -88, -3), (38, -88, -2)]
    Element 1539957: centroid_cell=(109, 8, -2), vertex_cells=[(110, 8, -1), (109, 8, -1), (109, 9, -2), (109, 8, -2)]

  Sample Mismatches (centroid NOT in vertex cells):
    Element 2434131: centroid_cell=(-35, -32, -40), vertex_cells=[(-36, -32, -40), (-36, -32, -39)]..., grid_dist=1
    Element 1246858: centroid_cell=(19, 21, -4), vertex_cells=[(18, 22, -4), (18, 21, -4)]..., grid_dist=1
    Element 825080: centroid_cell=(-8, 7, -58), vertex_cells=[(-9, 7, -59), (-8, 6, -59)]..., grid_dist=1
❌ ERROR: The truth value of an array with more than one element is ambiguous. Use a.any() or a.all()
Traceback (most recent call last):
  File "/home/arhashemi/Workspace/welding/JAXTrace/test_octree_verification_comprehensive.py", line 511, in run_all_analyses
    result = analysis_func()
  File "/home/arhashemi/Workspace/welding/JAXTrace/test_octree_verification_comprehensive.py", line 924, in analyze_centroid_vs_vertex_cells
    'grid_dist_mean': float(np.mean(grid_distances)) if grid_distances else 0,
                                                        ^^^^^^^^^^^^^^
ValueError: The truth value of an array with more than one element is ambiguous. Use a.any() or a.all()

================================================================================
Analysis 4: Cell Boundary Distances
================================================================================
  Analyzing boundary distances for 5,000 elements...

  Cell Boundary Distance Statistics:
    Total vertices: 19,992
    Min: 0.000000e+00
    Max: 5.122274e-09
    Mean: 3.005212e-10
    Median: 5.820766e-11

  Histogram (log bins):
    [0e+00, 1e-10):   12,536 vertices (62.71%)
    [1e-10, 1e-09):    5,548 vertices (27.75%)
    [1e-09, 1e-08):    1,908 vertices ( 9.54%)
    [1e-08, 1e-07):        0 vertices ( 0.00%)
    [1e-07, 1e-06):        0 vertices ( 0.00%)
    [1e-06, 1e-05):        0 vertices ( 0.00%)
    [1e-05, 1e-04):        0 vertices ( 0.00%)
    [1e-04, 1e-03):        0 vertices ( 0.00%)
    [1e-03, 1e-02):        0 vertices ( 0.00%)
    [1e-02, 1e-01):        0 vertices ( 0.00%)
    [1e-01, 1e+00):        0 vertices ( 0.00%)

  Percentiles:
      0%: 0.000000e+00
      1%: 0.000000e+00
      5%: 0.000000e+00
     10%: 0.000000e+00
     25%: 0.000000e+00
     50%: 5.820766e-11
     75%: 1.746230e-10
     90%: 9.313226e-10
     95%: 2.095476e-09
     99%: 3.259629e-09
    100%: 5.122274e-09

  Interpretation:
    Vertices very close to boundaries (< 1e-6): 19,992 (100.00%)
    ✅ Most vertices ARE on grid boundaries (as expected for Kuhn mesh)

================================================================================
ELEMENT SPANNING ANALYSIS COMPLETE
================================================================================


================================================================================
Saving results...
================================================================================
  Results saved to: logs/octree_verification_results.json

================================================================================
VERIFICATION COMPLETE
================================================================================

