python3 test_octree_verification_comprehensive.py
WARNING: All log messages before absl::InitializeLog() is called are written to STDERR
I0000 00:00:1769786142.694527  265692 cudart_stub.cc:31] Could not find cuda drivers on your machine, GPU will not be used.
WARNING: All log messages before absl::InitializeLog() is called are written to STDERR
I0000 00:00:1769786142.695769  265692 cudart_stub.cc:31] Could not find cuda drivers on your machine, GPU will not be used.
WARNING: All log messages before absl::InitializeLog() is called are written to STDERR
I0000 00:00:1769786142.696184  265692 cudart_stub.cc:31] Could not find cuda drivers on your machine, GPU will not be used.
WARNING: All log messages before absl::InitializeLog() is called are written to STDERR
I0000 00:00:1769786142.702339  265692 cudart_stub.cc:31] Could not find cuda drivers on your machine, GPU will not be used.
ERROR:2026-01-30 16:15:43,571:jax._src.xla_bridge:491: Jax plugin configuration error: Exception when calling jax_plugins.xla_cuda12.initialize()
Traceback (most recent call last):
  File "/home/arhashemi/Workspace/welding/JAXTrace/.venv/lib/python3.13/site-packages/jax/_src/xla_bridge.py", line 489, in discover_pjrt_plugins
    plugin_module.initialize()
    ~~~~~~~~~~~~~~~~~~~~~~~~^^
  File "/home/arhashemi/Workspace/welding/JAXTrace/.venv/lib/python3.13/site-packages/jax_plugins/xla_cuda12/__init__.py", line 334, in initialize
    c_api = xb.register_plugin(
        'cuda', priority=500, library_path=str(path), options=options
    )
  File "/home/arhashemi/Workspace/welding/JAXTrace/.venv/lib/python3.13/site-packages/jax/_src/xla_bridge.py", line 633, in register_plugin
    c_api = xla_client.load_pjrt_plugin_dynamically(plugin_name, library_path)
  File "/home/arhashemi/Workspace/welding/JAXTrace/.venv/lib/python3.13/site-packages/jaxlib/xla_client.py", line 117, in load_pjrt_plugin_dynamically
    return _xla.load_pjrt_plugin(plugin_name, library_path, c_api=None)
           ~~~~~~~~~~~~~~~~~~~~~^^^^^^^^^^^^^^^^^^^^^^^^^^^^^^^^^^^^^^^
jax.errors.JaxRuntimeError: ALREADY_EXISTS: PJRT_Api already exists for device type cuda
✅ Enhanced VTK I/O available
✅ HDF5 I/O available
================================================================================
Loading mesh...
================================================================================
Loading mesh: /home/arhashemi/Workspace/welding/Edgar/FLA/post/0eule/featurelessAvtk_158.pvtu
  Nodes: 780,922
  Elements: 3,048,900
  Loaded field 'Displacement': (780922, 3)
Loading mesh: /home/arhashemi/Workspace/welding/Edgar/FLA/post/0eule/featurelessAvtk_159.pvtu
  Nodes: 780,922
  Elements: 3,048,900
  Loaded field 'Displacement': (780922, 3)
  Mesh: 3,048,900 elements, 571,173 nodes

================================================================================
Extracting octree...
================================================================================

================================================================================
Corrected Phase 2: Single Parent Cube per Element
================================================================================
  Elements: 3,048,900
  Tolerance: 1.00e-06
  Expected: ~1 cell per element, ~5-6 elements per cell

[1/3] Finding parent cube for each element...
    Processed 500,000/3,048,900 elements...
    Processed 1,000,000/3,048,900 elements...
    Processed 1,500,000/3,048,900 elements...
    Processed 2,000,000/3,048,900 elements...
    Processed 2,500,000/3,048,900 elements...
    Processed 3,000,000/3,048,900 elements...
  ✅ Element->cell mapping complete!
    Skipped 1,826 non-Kuhn elements
    Mapped 3,047,074 elements to cells

[2/3] Building inverted index (cell -> elements)...
  ✅ CSR structure built!
    Unique cells: 517,069
    CSR data entries: 3,047,074

[3/3] Computing statistics...

  Statistics:
    Cells per element: 1.00 (expected ~1.0)
    Elements per cell: 5.89 (expected ~5-6)
    Elements per cell (median): 6
    Elements per cell (min, max): (1, 8)

  Elements-per-cell distribution (top 10):
     6 elements:  498,121 cells (96.34%)
     3 elements:   14,422 cells ( 2.79%)
     4 elements:    1,859 cells ( 0.36%)
     2 elements:    1,819 cells ( 0.35%)
     5 elements:      776 cells ( 0.15%)
     1 elements:       64 cells ( 0.01%)
     8 elements:        8 cells ( 0.00%)

================================================================================
Corrected Phase 2 Complete!
================================================================================


  ✅ Octree extracted in 167.9s
    Cells: 517,069
    Elements/cell: 5.89

================================================================================
COMPREHENSIVE OCTREE VERIFICATION TEST SUITE
================================================================================


================================================================================
Test 1: Element Count Consistency
================================================================================
  Total cells: 517,069
  Elements per cell:
    Mean: 5.89
    Median: 6
    Mode: 6
    Exactly 6 (ideal Kuhn): 498,121 (96.3%)

  Distribution:
    1 elements: 64 cells (0.0%)
    2 elements: 1,819 cells (0.4%)
    3 elements: 14,422 cells (2.8%)
    4 elements: 1,859 cells (0.4%)
    5 elements: 776 cells (0.2%)
    6 elements: 498,121 cells (96.3%)
    8 elements: 8 cells (0.0%)
✅ PASSED

================================================================================
Test 2: 2:1 Balance Verification
================================================================================
  Cells checked: 517,069
  Unique neighbor pairs: 5,909,318
  Violations: 0
✅ PASSED

================================================================================
Test 3: Morton Key Ordering
================================================================================
  Levels checked: 7
  Per-level sorting:
    Level  8: ✓ (192 cells)
    Level  9: ✓ (360 cells)
    Level 10: ✓ (894 cells)
    Level 11: ✓ (2,901 cells)
    Level 12: ✓ (8,446 cells)
    Level 13: ✓ (66,419 cells)
    Level 14: ✓ (437,857 cells)
✅ PASSED

================================================================================
Test 4: Mesh Coverage Completeness
================================================================================
  Total elements: 3,048,900
  Covered elements: 3,047,074 (99.94%)
  Uncovered: 1,826
  Sample uncovered elements: [39532, 39535, 39539, 39551, 39556, 39565, 39575, 39585, 39591, 39619]
❌ FAILED: Only 99.9% coverage

================================================================================
Test 5: Neighbor Connectivity
================================================================================
  ⚠  Neighbor table not available (requires Option B implementation)
✅ PASSED

================================================================================
Test 6: Centroid Alignment
================================================================================
  Elements assigned: 3,047,074
  Centroids inside: 3,047,074 (100.00%)
  Centroids outside: 0
✅ PASSED

================================================================================
Test 7: Cell Size Consistency
================================================================================
  Levels checked: 7
  Per-level consistency:
    Level  8: ✓ size=[0.004999999888241291, 0.005111109180385635, 0.004999999888241291], max_dev=2.08e-08
    Level  9: ✓ size=[0.0024999999467076525, 0.002555557866839485, 0.0024999999441206455], max_dev=7.79e-09
    Level 10: ✓ size=[0.0012500000116467409, 0.0012777796719885813, 0.0012499999658098357], max_dev=3.28e-09
    Level 11: ✓ size=[0.000625000010709728, 0.0006388896239631877, 0.0006249999915278859], max_dev=2.32e-09
    Level 12: ✓ size=[0.0003124999952342219, 0.0003194447830115133, 0.0003125000218845919], max_dev=1.65e-09
    Level 13: ✓ size=[0.00015625000105897122, 0.00015972237434274457, 0.00015624999653120235], max_dev=1.31e-09
    Level 14: ✓ size=[7.81249994271107e-05, 7.98611777642326e-05, 7.812499797001485e-05], max_dev=8.57e-10
✅ PASSED

================================================================================
Test 8: Level Distribution Analysis
================================================================================
  Total cells: 517,069
  Level distribution:
    Level  8:     192 cells (  0.0%)
    Level  9:     360 cells (  0.1%)
    Level 10:     894 cells (  0.2%)
    Level 11:   2,901 cells (  0.6%)
    Level 12:   8,446 cells (  1.6%)
    Level 13:  66,419 cells ( 12.8%)
    Level 14: 437,857 cells ( 84.7%)
✅ PASSED

================================================================================
SUMMARY
================================================================================
Total tests: 8
Passed: 7
Failed: 1
Success rate: 87.5%
================================================================================


================================================================================
Saving results...
================================================================================
Traceback (most recent call last):
  File "/home/arhashemi/Workspace/welding/JAXTrace/test_octree_verification_comprehensive.py", line 547, in <module>
    json.dump(results_serializable, f, indent=2)
    ~~~~~~~~~^^^^^^^^^^^^^^^^^^^^^^^^^^^^^^^^^^^
  File "/usr/lib/python3.13/json/__init__.py", line 179, in dump
    for chunk in iterable:
                 ^^^^^^^^
  File "/usr/lib/python3.13/json/encoder.py", line 433, in _iterencode
    yield from _iterencode_dict(o, _current_indent_level)
  File "/usr/lib/python3.13/json/encoder.py", line 407, in _iterencode_dict
    yield from chunks
  File "/usr/lib/python3.13/json/encoder.py", line 407, in _iterencode_dict
    yield from chunks
  File "/usr/lib/python3.13/json/encoder.py", line 440, in _iterencode
    o = _default(o)
  File "/usr/lib/python3.13/json/encoder.py", line 180, in default
    raise TypeError(f'Object of type {o.__class__.__name__} '
                    f'is not JSON serializable')
TypeError: Object of type bool is not JSON serializable
