/home/arhashemi/Workspace/welding/JAXTrace/jaxtrace/io/registry.py:41: UserWarning: h5py not available. HDF5 I/O will be disabled
  from .hdf5_io import H5Series
✅ Enhanced VTK I/O available
✅ HDF5 I/O available

================================================================================
OPTIMIZED MULTI-LEVEL SEARCH TEST
Comparing: Sequential vs Original Vectorized vs Optimized Vectorized
================================================================================

📁 Loading mesh: /home/arhashemi/Workspace/welding/Edgar/ThreadedA/post/0eule/threadedAvtk_20.pvtu
Loading mesh: /home/arhashemi/Workspace/welding/Edgar/ThreadedA/post/0eule/threadedAvtk_20.pvtu
  Nodes: 895,972
  Elements: 3,485,406
✓ Mesh loaded:
  Nodes:    895,972
  Elements: 3,485,406

📦 Bounding box:
  X: [-0.0300, 0.0300]
  Y: [-0.0230, 0.0230]
  Z: [-0.0100, 0.0000]

🌳 Creating forest structure (grid: (8, 8, 4))...
✓ Total blocks: 256

📍 Assigning elements to blocks...
✓ Element assignment complete:
  Elements assigned: 3,485,406
  Blocks used: 256/256

📊 Building padded arrays (V5 extended mode)...
✓ Padded arrays created:
  Shape: (256, 444040)
  Memory: 433.6 MB

🔗 Building element adjacency (face neighbors)...
Building element adjacency for 3,485,406 elements...
  Step 1/2: Extracting faces...
  Step 2/2: Building neighbor lists...
    Processed 500,000 / 3,485,406 elements (14.3%)
    Processed 1,000,000 / 3,485,406 elements (28.7%)
    Processed 1,500,000 / 3,485,406 elements (43.0%)
    Processed 2,000,000 / 3,485,406 elements (57.4%)
    Processed 2,500,000 / 3,485,406 elements (71.7%)
    Processed 3,000,000 / 3,485,406 elements (86.1%)

📊 Element Neighbor Statistics:
  Total elements: 3,485,406
  Neighbors per element:
    Min: 0
    Max: 4
    Mean: 3.78
  Boundary elements: 733,942 (21.1%)
  Interior elements: 2,751,464 (78.9%)
✓ Adjacency complete (29.64 s)

🏷️  Classifying blocks (threshold: 10K elements)...
✓ Block classification:
  Light blocks: 240
  Heavy blocks: 16

🗂️  Building hash buckets for 16 heavy blocks...
✓ Hash buckets built: 16 in 0.77 s

================================================================================
SCALING TESTS: Sequential vs Original Vectorized vs Optimized Vectorized
================================================================================

================================================================================
TEST: 1,000 particles
================================================================================

🌱 Seeding 1,000 particles...
✓ Seeded 1,000 particles

🔍 Running initial assignment...
✓ Initial assignment complete:
  Found: 943/1000 (94.3%)

⚡ Applying small perturbation (0.1mm)...

🧹 Clearing GPU memory before tests...
   Baseline GPU memory: 0.0 MB

────────────────────────────────────────────────────────────────────────────────
TEST 1: Sequential multi-level search (baseline)
────────────────────────────────────────────────────────────────────────────────

📊 Sequential Results:
  Throughput: 208 p/s
  Duration:   4.81 s
  Found:      935/1000 (93.5%)

  Hit Rates:
    L0:    851 ( 85.1%)
    L1:     76 (  7.6%)
    L2:      4 (  0.4%)
    L3:      4 (  0.4%)

🧹 Clearing GPU memory...
   GPU memory after cleanup: 0.0 MB

────────────────────────────────────────────────────────────────────────────────
TEST 2: Original Vectorized multi-level search (nested JIT)
────────────────────────────────────────────────────────────────────────────────

📊 Original Vectorized Results:
  Throughput: 179 p/s
  Duration:   5.58 s
  Found:      935/1000 (93.5%)

  Hit Rates:
    L0:    851 ( 85.1%)
    L1:     76 (  7.6%)
    L2:      4 (  0.4%)
    L3:      4 (  0.4%)

🧹 Clearing GPU memory...
   GPU memory after cleanup: 0.0 MB

────────────────────────────────────────────────────────────────────────────────
TEST 3: Optimized Vectorized multi-level search (pre-compiled)
────────────────────────────────────────────────────────────────────────────────
Traceback (most recent call last):
  File "/home/arhashemi/Workspace/welding/JAXTrace/test_optimized_multilevel.py", line 469, in <module>
    main()
    ~~~~^^
  File "/home/arhashemi/Workspace/welding/JAXTrace/test_optimized_multilevel.py", line 315, in main
    vec_opt_elem_ids, vec_opt_block_ids, vec_opt_stats = multi_level_search_batch_optimized(
                                                         ~~~~~~~~~~~~~~~~~~~~~~~~~~~~~~~~~~^
        perturbed_positions,
        ^^^^^^^^^^^^^^^^^^^^
    ...<10 lines>...
        verbose=False
        ^^^^^^^^^^^^^
    )
    ^
  File "/home/arhashemi/Workspace/welding/JAXTrace/jaxtrace/gpu/search/multi_level_search_optimized.py", line 485, in multi_level_search_batch_optimized
    search_l2b_batch_optimized(
    ~~~~~~~~~~~~~~~~~~~~~~~~~~^
        particle_batch_jax, bucket_elements_jax, bucket_counts_jax,
        ^^^^^^^^^^^^^^^^^^^^^^^^^^^^^^^^^^^^^^^^^^^^^^^^^^^^^^^^^^^
        bucket_neighbors_jax, hash_arrays.n_buckets, hash_arrays.morton_bits,
        ^^^^^^^^^^^^^^^^^^^^^^^^^^^^^^^^^^^^^^^^^^^^^^^^^^^^^^^^^^^^^^^^^^^^^
        block_bounds_jax, node_pos_jax, connectivity_jax
        ^^^^^^^^^^^^^^^^^^^^^^^^^^^^^^^^^^^^^^^^^^^^^^^^
    ),
    ^
  File "/home/arhashemi/Workspace/welding/JAXTrace/jaxtrace/gpu/search/multi_level_search_optimized.py", line 284, in search_l2b_batch_optimized
    return jax.vmap(search_single)(positions)
           ~~~~~~~~~~~~~~~~~~~~~~~^^^^^^^^^^^
  File "/home/arhashemi/Workspace/welding/JAXTrace/jaxtrace/gpu/search/multi_level_search_optimized.py", line 244, in search_single
    valid_bucket_elems = jax.lax.dynamic_slice(bucket_elems, (0,), (bucket_size,))
TypeError: Shapes must be 1D sequences of concrete values of integer type, got (VmapTracer<int32[]>,).
If using `jit`, try using `static_argnums` or applying `jit` to smaller subfunctions.
This BatchTracer with object id 132355863712336 was created on line:
  /home/arhashemi/Workspace/welding/JAXTrace/jaxtrace/gpu/search/multi_level_search_optimized.py:233:22 (search_l2b_batch_optimized.<locals>.search_single)
--------------------
For simplicity, JAX has removed its internal frames from the traceback of the following exception. Set JAX_TRACEBACK_FILTERING=off to include these.
