Timestamp,CPU%,MemoryMB,GPU%,GPUMemoryMB
2025-10-27 15:18:32,95,13866,0,10
2025-10-27 15:18:35,96,14617,1,73
2025-10-27 15:18:37,94,15109,0,73
2025-10-27 15:18:39,95,15305,0,73
2025-10-27 15:18:41,99,15099,0,73
2025-10-27 15:18:44,100,15230,0,73
2025-10-27 15:18:46,93,15277,0,73
2025-10-27 15:18:48,99,15081,0,73
2025-10-27 15:18:50,99,15356,0,73
2025-10-27 15:18:53,94,15317,0,73
2025-10-27 15:18:55,92,15157,0,73
2025-10-27 15:18:57,99,15288,0,73
2025-10-27 15:19:00,91,15287,0,73
2025-10-27 15:19:02,98,15259,0,75
2025-10-27 15:19:04,100,15225,0,75
2025-10-27 15:19:06,93,15236,0,75
2025-10-27 15:19:09,96,15239,5,79
2025-10-27 15:19:11,91,15191,0,79
2025-10-27 15:19:13,100,15213,0,79
2025-10-27 15:19:15,98,15171,0,79
2025-10-27 15:19:18,92,15117,4,79
2025-10-27 15:19:20,92,15153,0,79
2025-10-27 15:19:22,93,15134,0,79
2025-10-27 15:19:25,95,15107,10,79
2025-10-27 15:19:27,93,15072,0,79
2025-10-27 15:19:29,93,15073,0,79
2025-10-27 15:19:31,96,15058,5,79
2025-10-27 15:19:34,94,15111,0,79
2025-10-27 15:19:36,97,15077,0,79
2025-10-27 15:19:38,99,15046,0,79
2025-10-27 15:19:40,95,14916,2,79
2025-10-27 15:19:43,96,15170,0,79
2025-10-27 15:19:45,99,15234,0,79
2025-10-27 15:19:47,94,15221,4,79
2025-10-27 15:19:50,95,15204,0,79
2025-10-27 15:19:52,100,15201,0,79
2025-10-27 15:19:54,95,15216,0,79
2025-10-27 15:19:56,95,15057,0,79
2025-10-27 15:19:59,97,15059,0,79
2025-10-27 15:20:01,99,15088,0,79
2025-10-27 15:20:03,95,15015,11,79
2025-10-27 15:20:05,92,15073,0,79
2025-10-27 15:20:08,92,15177,0,79
2025-10-27 15:20:10,99,15169,6,79
2025-10-27 15:20:12,99,15125,0,79
2025-10-27 15:20:15,98,15132,0,79
2025-10-27 15:20:17,99,15075,1,79
2025-10-27 15:20:19,100,15062,2,79
2025-10-27 15:20:21,92,15038,0,79
2025-10-27 15:20:24,98,15038,0,79
2025-10-27 15:20:26,92,15040,8,79
2025-10-27 15:20:28,97,15051,0,79
2025-10-27 15:20:30,95,15074,0,79
2025-10-27 15:20:33,99,15032,8,79
2025-10-27 15:20:35,91,15112,0,79
2025-10-27 15:20:37,99,15118,0,79
2025-10-27 15:20:40,99,15059,0,79
2025-10-27 15:20:42,98,15012,3,79
2025-10-27 15:20:44,94,15096,0,79
2025-10-27 15:20:46,91,15082,0,79
2025-10-27 15:20:49,97,15064,9,79
2025-10-27 15:20:51,94,15062,0,79
2025-10-27 15:20:53,94,15082,0,79
2025-10-27 15:20:55,94,15129,0,79
2025-10-27 15:20:58,100,15081,0,79
2025-10-27 15:21:00,91,15039,0,79
2025-10-27 15:21:02,95,15073,0,79
2025-10-27 15:21:04,96,14999,10,79
2025-10-27 15:21:07,100,15042,0,79
2025-10-27 15:21:09,95,15079,0,79
2025-10-27 15:21:11,93,15147,5,79
2025-10-27 15:21:14,91,15122,0,79
2025-10-27 15:21:16,91,15198,0,79
2025-10-27 15:21:18,93,15085,0,79
2025-10-27 15:21:20,100,15054,2,79
2025-10-27 15:21:23,94,15132,0,79
2025-10-27 15:21:25,96,15198,0,79
2025-10-27 15:21:27,98,15055,7,79
2025-10-27 15:21:29,99,15208,0,79
2025-10-27 15:21:32,93,15224,0,79
2025-10-27 15:21:34,93,15241,11,79
2025-10-27 15:21:36,99,15284,0,79
2025-10-27 15:21:39,94,15269,0,79
2025-10-27 15:21:41,97,15232,5,79
2025-10-27 15:21:43,100,15230,0,79
2025-10-27 15:21:45,99,15215,0,79
2025-10-27 15:21:48,98,15299,0,79
2025-10-27 15:21:50,96,15221,2,79
2025-10-27 15:21:52,91,15251,0,79
2025-10-27 15:21:54,93,15248,0,79
2025-10-27 15:21:57,91,15208,7,79
2025-10-27 15:21:59,99,15215,0,79
2025-10-27 15:22:01,96,15306,0,79
2025-10-27 15:22:04,91,15218,1,79
2025-10-27 15:22:06,97,15159,1,79
2025-10-27 15:22:08,100,15198,0,79
2025-10-27 15:22:10,93,15217,0,79
2025-10-27 15:22:13,95,15128,6,79
2025-10-27 15:22:15,99,15224,0,79
2025-10-27 15:22:17,93,15308,0,79
2025-10-27 15:22:19,97,15281,11,79
2025-10-27 15:22:22,97,15236,0,79
2025-10-27 15:22:24,94,15277,0,79
2025-10-27 15:22:26,93,15241,6,79
2025-10-27 15:22:29,95,15206,0,79
2025-10-27 15:22:31,99,15232,0,79
2025-10-27 15:22:33,94,15287,0,79
2025-10-27 15:22:35,99,15185,2,79
2025-10-27 15:22:38,93,15190,0,79
2025-10-27 15:22:40,94,15194,0,79
2025-10-27 15:22:42,92,15237,9,79
2025-10-27 15:22:44,99,15256,0,79
2025-10-27 15:22:47,95,15269,0,79
2025-10-27 15:22:49,97,15244,11,79
2025-10-27 15:22:51,100,15149,0,79
2025-10-27 15:22:54,96,15218,0,79
2025-10-27 15:22:56,96,15225,0,79
2025-10-27 15:22:58,99,15117,0,79
2025-10-27 15:23:00,94,15225,0,79
2025-10-27 15:23:03,100,15215,0,79
2025-10-27 15:23:05,100,15155,11,79
2025-10-27 15:23:07,100,15222,0,79
2025-10-27 15:23:09,93,15200,0,79
2025-10-27 15:23:12,93,15214,5,79
2025-10-27 15:23:14,96,15199,0,79
2025-10-27 15:23:16,96,15177,0,79
2025-10-27 15:23:18,96,15259,0,79
2025-10-27 15:23:21,96,15202,2,79
2025-10-27 15:23:23,98,15260,0,79
2025-10-27 15:23:25,94,15259,0,79
2025-10-27 15:23:28,93,15158,8,79
2025-10-27 15:23:30,94,15157,0,79
2025-10-27 15:23:32,97,15124,0,79
2025-10-27 15:23:34,93,15197,10,79
2025-10-27 15:23:37,99,15167,0,79
2025-10-27 15:23:39,91,15158,0,79
2025-10-27 15:23:41,94,15161,4,79
2025-10-27 15:23:43,94,15077,0,79
2025-10-27 15:23:46,97,15087,0,79
2025-10-27 15:23:48,98,15166,0,79
2025-10-27 15:23:50,91,15122,3,79
2025-10-27 15:23:53,100,15158,0,79
2025-10-27 15:23:55,96,15200,0,79
2025-10-27 15:23:57,92,15170,4,79
2025-10-27 15:23:59,91,15229,0,79
2025-10-27 15:24:02,99,15184,0,79
2025-10-27 15:24:04,97,15192,0,79
2025-10-27 15:24:06,94,15189,4,79
2025-10-27 15:24:08,91,15203,0,79
2025-10-27 15:24:11,100,15526,0,79
2025-10-27 15:24:13,99,15381,0,2207
2025-10-27 15:24:15,100,15516,0,2207
2025-10-27 15:24:18,100,15504,0,2207
2025-10-27 15:24:20,94,15492,0,2207
2025-10-27 15:24:22,95,15436,0,2207
2025-10-27 15:24:24,96,15391,0,2207
2025-10-27 15:24:27,94,15416,0,2207
2025-10-27 15:24:29,94,15433,0,2207
2025-10-27 15:24:31,93,15286,0,2207
2025-10-27 15:24:33,92,15470,0,2207
2025-10-27 15:24:36,97,15463,0,2207
2025-10-27 15:24:38,97,15453,0,2207
2025-10-27 15:24:40,95,15372,0,2207
2025-10-27 15:24:43,96,15366,0,2207
2025-10-27 15:24:45,93,15434,0,2207
2025-10-27 15:24:47,95,15385,0,2207
2025-10-27 15:24:50,91,15448,0,2207
2025-10-27 15:24:52,98,15481,0,2207
2025-10-27 15:24:54,92,15441,0,2207
2025-10-27 15:24:57,96,16019,0,2207
2025-10-27 15:24:59,97,15500,0,2207
2025-10-27 15:25:01,96,15531,0,2207
2025-10-27 15:25:04,100,15525,0,2207
2025-10-27 15:25:06,92,15624,0,2207
2025-10-27 15:25:08,94,15606,0,2207
2025-10-27 15:25:11,91,15635,0,2207
2025-10-27 15:25:13,94,15575,0,2207
2025-10-27 15:25:15,96,15771,0,2207
2025-10-27 15:25:18,96,15693,0,2207
2025-10-27 15:25:20,94,15704,0,2207
2025-10-27 15:25:22,98,15774,0,2207
2025-10-27 15:25:24,91,15723,0,2207
2025-10-27 15:25:27,94,15701,0,2207
2025-10-27 15:25:29,95,15681,0,2207
2025-10-27 15:25:31,93,15724,0,2207
2025-10-27 15:25:34,92,15720,0,2207
2025-10-27 15:25:36,93,15752,0,2207
2025-10-27 15:25:38,99,15941,0,2207
2025-10-27 15:25:41,92,15979,0,2207
2025-10-27 15:25:43,96,15750,0,2207
2025-10-27 15:25:45,95,16438,0,2207
2025-10-27 15:25:47,99,16335,0,2207
2025-10-27 15:25:50,91,16845,7,2425
2025-10-27 15:25:52,92,16944,0,2425
2025-10-27 15:25:54,98,16647,0,2425
2025-10-27 15:25:57,100,16564,68,2425
2025-10-27 15:25:59,100,16829,0,2425
2025-10-27 15:26:01,100,17084,0,2425
2025-10-27 15:26:03,94,17542,0,2425
2025-10-27 15:26:06,96,16675,70,2425
2025-10-27 15:26:08,91,16713,0,2425
2025-10-27 15:26:10,99,17160,0,2425
2025-10-27 15:26:12,93,17567,0,2425
2025-10-27 15:26:15,94,17038,12,2425
2025-10-27 15:26:17,96,17113,49,2425
2025-10-27 15:26:19,97,17241,0,2425
2025-10-27 15:26:22,96,17726,0,2425
2025-10-27 15:26:24,100,18019,0,2425
2025-10-27 15:26:26,100,17157,71,2425
2025-10-27 15:26:28,97,17214,0,2425
2025-10-27 15:26:31,98,17613,0,2425
2025-10-27 15:26:33,95,17880,0,2425
2025-10-27 15:26:35,96,17114,71,2425
2025-10-27 15:26:37,99,17173,0,2425
2025-10-27 15:26:40,99,17408,0,2425
2025-10-27 15:26:42,92,17777,0,2425
2025-10-27 15:26:44,100,17114,34,2425
2025-10-27 15:26:46,100,17105,26,2425
2025-10-27 15:26:49,100,17342,0,2425
2025-10-27 15:26:51,99,17720,0,2425
2025-10-27 15:26:53,94,17136,0,2425
2025-10-27 15:26:56,91,17018,71,2425
2025-10-27 15:26:58,97,17108,0,2425
2025-10-27 15:27:00,91,17610,0,2425
2025-10-27 15:27:02,100,17937,0,2425
2025-10-27 15:27:05,91,17078,72,2425
2025-10-27 15:27:07,96,17149,0,2425
2025-10-27 15:27:09,96,17511,0,2425
2025-10-27 15:27:11,97,17911,0,2425
2025-10-27 15:27:14,100,17145,39,2425
2025-10-27 15:27:16,91,17072,0,2425
2025-10-27 15:27:18,99,17378,0,2425
2025-10-27 15:27:21,93,17738,0,2425
2025-10-27 15:27:23,100,17088,69,2425
2025-10-27 15:27:25,95,17109,0,2425
2025-10-27 15:27:27,96,17386,0,2425
2025-10-27 15:27:30,97,17776,0,2425
2025-10-27 15:27:32,100,17070,6,2425
2025-10-27 15:27:34,100,17125,54,2425
2025-10-27 15:27:36,91,17172,0,2425
2025-10-27 15:27:39,97,17635,0,2425
2025-10-27 15:27:41,96,17912,0,2425
2025-10-27 15:27:43,100,17080,71,2425
2025-10-27 15:27:46,99,17097,0,2425
2025-10-27 15:27:48,96,17555,0,2425
2025-10-27 15:27:50,91,17883,0,2425
2025-10-27 15:27:52,99,17130,67,2425
2025-10-27 15:27:55,96,17149,0,2425
2025-10-27 15:27:57,97,17393,0,2425
2025-10-27 15:27:59,99,17836,0,2425
2025-10-27 15:28:01,97,17131,12,2425
2025-10-27 15:28:04,95,17146,50,2425
2025-10-27 15:28:06,96,17351,0,2425
2025-10-27 15:28:08,99,17753,0,2425
2025-10-27 15:28:11,94,17207,0,2425
2025-10-27 15:28:13,99,17280,72,2425
2025-10-27 15:28:15,98,17386,0,2425
2025-10-27 15:28:17,95,17888,0,2425
2025-10-27 15:28:20,96,18088,0,2425
2025-10-27 15:28:22,97,17190,68,2425
2025-10-27 15:28:24,91,17274,0,2425
2025-10-27 15:28:26,94,17656,0,2425
2025-10-27 15:28:29,91,18055,0,2425
2025-10-27 15:28:31,97,17274,35,2425
2025-10-27 15:28:33,95,17328,0,2425
2025-10-27 15:28:35,99,17544,0,2425
2025-10-27 15:28:38,93,18086,0,2425
2025-10-27 15:28:40,100,17360,0,2425
2025-10-27 15:28:42,99,17238,12,2425
2025-10-27 15:28:45,100,17423,0,2425
2025-10-27 15:28:47,97,17820,0,2425
2025-10-27 15:28:49,98,17375,6,2425
2025-10-27 15:28:51,96,17432,58,2425
2025-10-27 15:28:54,97,17441,0,2425
2025-10-27 15:28:56,97,17798,0,2425
2025-10-27 15:28:58,92,18173,0,2425
2025-10-27 15:29:00,95,17335,72,2425
2025-10-27 15:29:03,96,17350,0,2425
2025-10-27 15:29:05,97,17650,0,2425
2025-10-27 15:29:07,94,18021,0,2425
2025-10-27 15:29:10,100,17356,62,2425
2025-10-27 15:29:12,96,17406,3,2425
2025-10-27 15:29:14,91,17564,0,2425
2025-10-27 15:29:16,93,17954,0,2425
2025-10-27 15:29:19,93,17168,0,2425
2025-10-27 15:29:21,94,17153,72,2425
2025-10-27 15:29:23,100,17341,0,2425
2025-10-27 15:29:25,97,17834,0,2425
2025-10-27 15:29:28,93,18019,0,2425
2025-10-27 15:29:30,100,17513,71,2425
2025-10-27 15:29:32,100,17464,0,2425
2025-10-27 15:29:35,93,17766,0,2425
2025-10-27 15:29:37,100,18126,0,2425
2025-10-27 15:29:39,93,17476,49,2425
2025-10-27 15:29:41,93,17422,0,2425
2025-10-27 15:29:44,95,17665,0,2425
2025-10-27 15:29:46,94,18043,0,2425
2025-10-27 15:29:48,96,17454,0,2425
2025-10-27 15:29:50,100,17383,10,2425
2025-10-27 15:29:53,93,17538,0,2425
2025-10-27 15:29:55,99,17868,0,2425
2025-10-27 15:29:57,94,17849,0,2425
2025-10-27 15:30:00,99,17438,63,2425
2025-10-27 15:30:02,100,17533,0,2425
2025-10-27 15:30:04,100,17835,0,2425
2025-10-27 15:30:06,94,18050,0,2425
2025-10-27 15:30:09,99,17401,72,2425
2025-10-27 15:30:11,99,17514,0,2425
2025-10-27 15:30:13,98,17692,0,2425
2025-10-27 15:30:15,95,18059,0,2425
2025-10-27 15:30:18,95,17436,66,2425
2025-10-27 15:30:20,99,17340,3,2425
2025-10-27 15:30:22,91,17556,0,2425
2025-10-27 15:30:24,97,18017,0,2425
2025-10-27 15:30:27,96,17414,0,2425
2025-10-27 15:30:29,94,17311,69,2425
2025-10-27 15:30:31,94,17430,0,2425
2025-10-27 15:30:34,95,17901,0,2425
2025-10-27 15:30:36,97,18175,0,2425
2025-10-27 15:30:38,99,17416,71,2425
2025-10-27 15:30:40,95,17376,0,2425
2025-10-27 15:30:43,100,17722,0,2425
2025-10-27 15:30:45,95,18172,0,2425
2025-10-27 15:30:47,94,17416,49,2425
2025-10-27 15:30:50,93,17469,15,2425
2025-10-27 15:30:52,99,17721,0,2425
2025-10-27 15:30:54,100,18093,0,2425
2025-10-27 15:30:56,92,17563,6,2425
2025-10-27 15:30:59,97,17383,0,2425
2025-10-27 15:31:01,96,17522,0,2425
2025-10-27 15:31:03,93,17891,0,2425
2025-10-27 15:31:05,92,17600,0,2425
2025-10-27 15:31:08,91,17551,47,2425
2025-10-27 15:31:10,97,17651,0,2425
2025-10-27 15:31:12,98,17929,0,2425
2025-10-27 15:31:14,93,18299,0,2425
2025-10-27 15:31:17,95,17490,72,2425
2025-10-27 15:31:19,98,17478,0,2425
2025-10-27 15:31:21,95,17798,0,2425
2025-10-27 15:31:24,100,18123,0,2425
2025-10-27 15:31:26,92,17345,72,2425
2025-10-27 15:31:28,94,17314,0,2425
2025-10-27 15:31:30,100,17592,0,2425
2025-10-27 15:31:33,94,18040,0,2425
2025-10-27 15:31:35,100,17353,10,2425
2025-10-27 15:31:37,97,17312,56,2425
2025-10-27 15:31:39,95,17658,0,2425
2025-10-27 15:31:42,100,18002,0,2425
2025-10-27 15:31:44,91,18301,0,2425
2025-10-27 15:31:46,91,17277,71,2425
2025-10-27 15:31:49,99,17298,0,2425
2025-10-27 15:31:51,97,17765,0,2425
2025-10-27 15:31:53,98,18171,0,2425
2025-10-27 15:31:55,92,17461,43,2425
2025-10-27 15:31:58,93,17337,22,2425
2025-10-27 15:32:00,92,17611,0,2425
2025-10-27 15:32:02,95,18062,0,2425
2025-10-27 15:32:04,96,17622,0,2425
2025-10-27 15:32:07,95,17946,72,2425
2025-10-27 15:32:09,94,18030,0,2425
2025-10-27 15:32:11,96,18344,0,2425
2025-10-27 15:32:14,99,18697,0,2425
2025-10-27 15:32:16,96,18087,0,2425
2025-10-27 15:32:18,93,18427,0,2425
2025-10-27 15:32:20,94,18741,0,2425
2025-10-27 15:32:23,94,18034,1,2425
2025-10-27 15:32:25,99,17925,0,2425
2025-10-27 15:32:27,95,18140,0,2425
2025-10-27 15:32:29,94,18636,0,2425
2025-10-27 15:32:32,100,18043,0,2425
2025-10-27 15:32:34,92,18079,24,2425
2025-10-27 15:32:36,93,18156,0,2425
2025-10-27 15:32:38,94,18566,0,2425
2025-10-27 15:32:41,96,18901,0,2425
2025-10-27 15:32:43,94,18059,65,2425
2025-10-27 15:32:45,96,18055,0,2425
2025-10-27 15:32:48,99,18389,0,2425
2025-10-27 15:32:50,98,18855,0,2425
2025-10-27 15:32:52,94,18255,70,2425
2025-10-27 15:32:54,91,18187,0,2425
2025-10-27 15:32:57,92,18421,0,2425
2025-10-27 15:32:59,99,18766,0,2425
2025-10-27 15:33:01,96,18392,42,2425
2025-10-27 15:33:03,97,18240,20,2425
2025-10-27 15:33:06,91,18322,0,2425
2025-10-27 15:33:08,91,18740,0,2425
2025-10-27 15:33:10,98,18252,3,2425
2025-10-27 15:33:13,91,18163,57,2425
2025-10-27 15:33:15,97,18219,0,2425
2025-10-27 15:33:17,94,18561,0,2425
2025-10-27 15:33:19,98,18782,0,2425
2025-10-27 15:33:22,94,18168,71,2425
2025-10-27 15:33:24,96,18202,0,2425
2025-10-27 15:33:26,93,18541,0,2425
2025-10-27 15:33:28,100,18740,0,2425
2025-10-27 15:33:31,98,18096,34,2425
2025-10-27 15:33:33,93,18081,28,2425
2025-10-27 15:33:35,92,18442,0,2425
2025-10-27 15:33:38,98,18658,0,2425
2025-10-27 15:33:40,92,18287,0,2425
2025-10-27 15:33:42,91,18264,11,2425
2025-10-27 15:33:44,94,18456,0,2425
2025-10-27 15:33:47,98,18691,0,2425
2025-10-27 15:33:49,94,18802,0,2425
2025-10-27 15:33:51,93,18418,54,2425
2025-10-27 15:33:53,97,18440,0,2425
2025-10-27 15:33:56,91,18745,0,2425
2025-10-27 15:33:58,97,19012,0,2425
2025-10-27 15:34:00,93,18337,71,2425
2025-10-27 15:34:03,96,18232,0,2425
2025-10-27 15:34:05,94,18431,0,2425
2025-10-27 15:34:07,97,18831,0,2425
2025-10-27 15:34:09,98,18242,38,2425
2025-10-27 15:34:12,100,18132,26,2425
2025-10-27 15:34:14,96,18254,0,2425
2025-10-27 15:34:16,92,18826,0,2425
2025-10-27 15:34:18,93,18311,0,2425
2025-10-27 15:34:21,96,18270,68,2425
2025-10-27 15:34:23,91,18315,0,2425
2025-10-27 15:34:25,94,18590,0,2425
2025-10-27 15:34:28,94,18985,0,2425
2025-10-27 15:34:30,98,18175,72,2425
2025-10-27 15:34:32,100,18213,0,2425
2025-10-27 15:34:34,92,18555,0,2425
2025-10-27 15:34:37,96,18925,0,2425
2025-10-27 15:34:39,94,18146,34,2425
2025-10-27 15:34:41,96,18228,29,2425
2025-10-27 15:34:44,100,18496,0,2425
2025-10-27 15:34:46,99,18922,0,2425
2025-10-27 15:34:48,98,18155,0,2425
2025-10-27 15:34:50,99,18193,70,2425
2025-10-27 15:34:53,100,18398,0,2425
2025-10-27 15:34:55,91,18753,0,2425
2025-10-27 15:34:57,100,18942,0,2425
2025-10-27 15:34:59,97,18273,72,2425
2025-10-27 15:35:02,98,18341,0,2425
2025-10-27 15:35:04,99,18643,0,2425
2025-10-27 15:35:06,91,18857,0,2425
2025-10-27 15:35:08,94,18345,72,2425
2025-10-27 15:35:11,96,18335,0,2425
2025-10-27 15:35:13,93,18616,0,2425
2025-10-27 15:35:15,93,18834,0,2425
2025-10-27 15:35:18,98,18331,28,2425
2025-10-27 15:35:20,96,18224,37,2425
2025-10-27 15:35:22,98,18394,0,2425
2025-10-27 15:35:24,95,18822,0,2425
2025-10-27 15:35:27,96,19003,0,2425
2025-10-27 15:35:29,95,18315,71,2425
2025-10-27 15:35:31,97,18415,0,2425
2025-10-27 15:35:34,99,18717,0,2425
2025-10-27 15:35:36,94,18887,0,2425
2025-10-27 15:35:38,96,18227,72,2425
2025-10-27 15:35:40,95,18307,0,2425
2025-10-27 15:35:43,91,18662,0,2425
2025-10-27 15:35:45,99,18807,0,2425
2025-10-27 15:35:47,94,18370,0,2425
2025-10-27 15:35:49,100,18258,69,2425
2025-10-27 15:35:52,97,18440,0,2425
2025-10-27 15:35:54,94,18857,0,2425
2025-10-27 15:35:56,96,18517,0,2425
2025-10-27 15:35:59,91,18297,72,2425
2025-10-27 15:36:01,100,18486,0,2425
2025-10-27 15:36:03,97,18812,0,2425
2025-10-27 15:36:05,96,19048,0,2425
2025-10-27 15:36:08,99,18550,55,2425
2025-10-27 15:36:10,94,18551,0,2425
2025-10-27 15:36:12,91,18816,0,2425
2025-10-27 15:36:14,91,18985,0,2425
2025-10-27 15:36:17,95,18584,50,2425
2025-10-27 15:36:19,95,18468,17,2425
2025-10-27 15:36:21,100,18593,0,2425
2025-10-27 15:36:24,100,19016,0,2425
2025-10-27 15:36:26,100,18411,0,2425
2025-10-27 15:36:28,94,18365,71,2425
2025-10-27 15:36:30,99,18455,0,2425
2025-10-27 15:36:33,95,18771,0,2425
2025-10-27 15:36:35,96,19114,0,2425
2025-10-27 15:36:37,96,18507,72,2425
2025-10-27 15:36:39,92,18560,0,2425
2025-10-27 15:36:42,98,18826,0,2425
2025-10-27 15:36:44,96,19074,0,2425
2025-10-27 15:36:46,97,18564,40,2425
2025-10-27 15:36:49,97,18640,32,2425
2025-10-27 15:36:51,97,18640,0,2425
2025-10-27 15:36:53,94,19039,0,2425
2025-10-27 15:36:55,98,18630,0,2425
2025-10-27 15:36:58,99,18382,72,2425
2025-10-27 15:37:00,96,18435,0,2425
2025-10-27 15:37:02,100,18853,0,2425
2025-10-27 15:37:04,92,19144,0,2425
2025-10-27 15:37:07,100,18434,54,2425
2025-10-27 15:37:09,93,18433,0,2425
2025-10-27 15:37:11,94,18671,0,2425
2025-10-27 15:37:14,95,18994,0,2425
2025-10-27 15:37:16,97,18406,0,2425
2025-10-27 15:37:18,98,18387,6,2425
2025-10-27 15:37:20,98,18550,0,2425
2025-10-27 15:37:23,91,18928,0,2425
2025-10-27 15:37:25,95,18591,0,2425
2025-10-27 15:37:27,99,18532,53,2425
2025-10-27 15:37:29,93,18657,0,2425
2025-10-27 15:37:32,100,18943,0,2425
2025-10-27 15:37:34,99,19200,0,2425
2025-10-27 15:37:36,92,18446,72,2425
2025-10-27 15:37:39,95,18464,0,2425
2025-10-27 15:37:41,98,18793,0,2425
2025-10-27 15:37:43,99,19091,0,2425
2025-10-27 15:37:45,98,18374,44,2425
2025-10-27 15:37:48,94,18424,24,2425
2025-10-27 15:37:50,96,18552,0,2425
2025-10-27 15:37:52,94,19007,0,2425
2025-10-27 15:37:54,92,18613,0,2425
2025-10-27 15:37:57,92,18444,66,2425
2025-10-27 15:37:59,100,18665,0,2425
2025-10-27 15:38:01,91,18910,0,2425
2025-10-27 15:38:04,98,19194,0,2425
2025-10-27 15:38:06,96,18413,71,2425
2025-10-27 15:38:08,91,18452,0,2425
2025-10-27 15:38:10,94,18802,0,2425
2025-10-27 15:38:13,95,19089,0,2425
2025-10-27 15:38:15,95,18380,20,2425
2025-10-27 15:38:17,97,18457,0,2425
2025-10-27 15:38:19,94,18695,0,2425
2025-10-27 15:38:22,96,19126,0,2425
2025-10-27 15:38:24,96,18600,0,2425
2025-10-27 15:38:26,93,18629,31,2425
2025-10-27 15:38:29,91,18679,0,2425
2025-10-27 15:38:31,93,18964,0,2425
2025-10-27 15:38:33,97,19261,0,2425
2025-10-27 15:38:35,100,18337,72,2425
2025-10-27 15:38:38,93,18733,0,2425
2025-10-27 15:38:40,91,19009,0,2425
2025-10-27 15:38:42,96,19289,0,2425
2025-10-27 15:38:44,95,18636,0,2425
2025-10-27 15:38:47,100,18720,0,2425
2025-10-27 15:38:49,91,19030,0,2425
2025-10-27 15:38:51,92,18609,0,2425
2025-10-27 15:38:54,93,18474,65,2425
2025-10-27 15:38:56,96,18601,0,2425
2025-10-27 15:38:58,97,18930,0,2425
2025-10-27 15:39:00,99,19270,0,2425
2025-10-27 15:39:03,95,18608,71,2425
2025-10-27 15:39:05,99,18646,0,2425
2025-10-27 15:39:07,96,18911,0,2425
2025-10-27 15:39:09,93,19128,0,2425
2025-10-27 15:39:12,100,18520,71,2425
2025-10-27 15:39:14,99,18565,0,2425
2025-10-27 15:39:16,92,18832,0,2425
2025-10-27 15:39:19,97,19050,0,2425
2025-10-27 15:39:21,92,18494,10,2425
2025-10-27 15:39:23,92,18424,51,2425
2025-10-27 15:39:25,94,18645,0,2425
2025-10-27 15:39:28,97,19048,0,2425
2025-10-27 15:39:30,96,18611,0,2425
2025-10-27 15:39:32,96,18618,71,2425
2025-10-27 15:39:34,91,18790,0,2425
2025-10-27 15:39:37,100,19007,0,2425
2025-10-27 15:39:39,97,19311,0,2425
2025-10-27 15:39:41,93,18566,70,2425
2025-10-27 15:39:44,99,18644,0,2425
2025-10-27 15:39:46,98,18983,0,2425
2025-10-27 15:39:48,97,19227,0,2425
2025-10-27 15:39:50,92,18527,20,2425
2025-10-27 15:39:53,98,18601,0,2425
2025-10-27 15:39:55,100,18870,0,2425
2025-10-27 15:39:57,98,19030,0,2425
2025-10-27 15:39:59,96,18502,0,2425
2025-10-27 15:40:02,95,18466,19,2425
2025-10-27 15:40:04,97,18753,0,2425
2025-10-27 15:40:06,92,19133,0,2425
2025-10-27 15:40:09,93,18597,3,2425
2025-10-27 15:40:11,91,18443,61,2425
2025-10-27 15:40:13,95,18634,0,2425
2025-10-27 15:40:15,100,18982,0,2425
2025-10-27 15:40:18,93,19103,0,2425
2025-10-27 15:40:20,94,18503,71,2425
2025-10-27 15:40:22,93,18519,0,2425
2025-10-27 15:40:24,94,18815,0,2425
2025-10-27 15:40:27,95,19148,0,2425
2025-10-27 15:40:29,91,18502,21,2425
2025-10-27 15:40:31,95,18458,43,2425
2025-10-27 15:40:34,95,18779,0,2425
2025-10-27 15:40:36,99,19166,0,2425
2025-10-27 15:40:38,97,19065,0,2425
2025-10-27 15:40:40,94,18494,71,2425
2025-10-27 15:40:43,99,18657,0,2425
2025-10-27 15:40:45,92,18865,0,2425
2025-10-27 15:40:47,99,19278,0,2425
2025-10-27 15:40:49,96,18369,52,2425
2025-10-27 15:40:52,94,18508,13,2425
2025-10-27 15:40:54,91,18778,0,2425
2025-10-27 15:40:56,91,19165,0,2425
2025-10-27 15:40:58,95,18494,0,2425
2025-10-27 15:41:01,96,18563,19,2425
2025-10-27 15:41:03,95,18722,0,2425
2025-10-27 15:41:05,95,19180,0,2425
2025-10-27 15:41:08,95,19363,0,2425
2025-10-27 15:41:10,96,18653,71,2425
2025-10-27 15:41:12,98,18826,0,2425
2025-10-27 15:41:14,98,19028,0,2425
2025-10-27 15:41:17,99,19426,0,2425
2025-10-27 15:41:19,94,18792,72,2425
2025-10-27 15:41:21,99,18674,0,2425
2025-10-27 15:41:23,93,18928,0,2425
2025-10-27 15:41:26,95,19386,0,2425
2025-10-27 15:41:28,96,18535,47,2425
2025-10-27 15:41:30,97,18590,18,2425
2025-10-27 15:41:33,96,18764,0,2425
2025-10-27 15:41:35,94,19148,0,2425
2025-10-27 15:41:37,96,18904,0,2425
2025-10-27 15:41:39,98,18614,71,2425
2025-10-27 15:41:42,95,18722,0,2425
2025-10-27 15:41:44,91,19125,0,2425
2025-10-27 15:41:46,91,19354,0,2425
2025-10-27 15:41:48,91,18759,71,2425
2025-10-27 15:41:51,100,18809,0,2425
2025-10-27 15:41:53,92,18945,0,2425
2025-10-27 15:41:55,91,19261,0,2425
2025-10-27 15:41:58,94,18543,18,2425
2025-10-27 15:42:00,100,18613,53,2425
2025-10-27 15:42:02,93,18873,0,2425
2025-10-27 15:42:04,92,19242,0,2425
2025-10-27 15:42:07,95,18621,0,2425
2025-10-27 15:42:09,91,18597,73,2425
2025-10-27 15:42:11,97,18801,0,2425
2025-10-27 15:42:13,94,19210,0,2425
2025-10-27 15:42:16,93,19478,0,2425
2025-10-27 15:42:18,92,18865,55,2425
2025-10-27 15:42:20,93,18982,0,2425
2025-10-27 15:42:23,94,19257,0,2425
2025-10-27 15:42:25,98,19513,0,2425
2025-10-27 15:42:27,94,18888,67,2425
2025-10-27 15:42:29,91,18955,0,2425
2025-10-27 15:42:32,93,19000,0,2425
2025-10-27 15:42:34,98,19425,0,2425
2025-10-27 15:42:36,96,18976,24,2425
2025-10-27 15:42:38,96,18843,49,2425
2025-10-27 15:42:41,100,19040,0,2425
2025-10-27 15:42:43,98,19301,0,2425
2025-10-27 15:42:45,94,19561,0,2425
2025-10-27 15:42:47,92,18994,72,2425
2025-10-27 15:42:50,100,18921,0,2425
2025-10-27 15:42:52,99,19225,0,2425
2025-10-27 15:42:54,91,19456,0,2425
2025-10-27 15:42:57,94,18927,35,2425
2025-10-27 15:42:59,99,18832,36,2425
2025-10-27 15:43:01,100,18971,0,2425
2025-10-27 15:43:03,94,19403,0,2425
2025-10-27 15:43:06,100,18930,0,2425
2025-10-27 15:43:08,92,18888,72,2425
2025-10-27 15:43:10,94,19035,0,2425
2025-10-27 15:43:13,95,19284,0,2425
2025-10-27 15:43:15,98,19560,0,2425
2025-10-27 15:43:17,98,18981,72,2425
2025-10-27 15:43:19,92,19064,0,2425
2025-10-27 15:43:22,91,19196,0,2425
2025-10-27 15:43:24,100,19434,0,2425
2025-10-27 15:43:26,100,19018,7,2425
2025-10-27 15:43:28,100,18958,0,2425
2025-10-27 15:43:31,95,19111,0,2425
2025-10-27 15:43:33,93,19502,0,2425
2025-10-27 15:43:35,93,18700,0,2425
2025-10-27 15:43:38,91,18798,42,2425
2025-10-27 15:43:40,95,18930,0,2425
2025-10-27 15:43:42,96,19358,0,2425
2025-10-27 15:43:44,91,19603,0,2425
2025-10-27 15:43:47,94,18733,72,2425
2025-10-27 15:43:49,92,18943,0,2425
2025-10-27 15:43:51,92,19094,0,2425
2025-10-27 15:43:53,94,19447,0,2425
2025-10-27 15:43:56,100,18878,68,2425
2025-10-27 15:43:58,95,18804,2,2425
2025-10-27 15:44:00,100,19044,0,2425
2025-10-27 15:44:03,99,19340,0,2425
2025-10-27 15:44:05,97,18880,3,2425
2025-10-27 15:44:07,100,18791,62,2425
2025-10-27 15:44:09,99,19050,0,2425
2025-10-27 15:44:12,95,19328,0,2425
2025-10-27 15:44:14,94,19418,0,2425
2025-10-27 15:44:16,97,18736,70,2425
2025-10-27 15:44:18,95,18977,0,2425
2025-10-27 15:44:21,95,19210,0,2425
2025-10-27 15:44:23,100,19503,0,2425
2025-10-27 15:44:25,100,18976,58,2425
2025-10-27 15:44:27,94,19051,0,2425
2025-10-27 15:44:30,91,19281,0,2425
2025-10-27 15:44:32,91,19544,0,2425
2025-10-27 15:44:34,100,18952,0,2425
2025-10-27 15:44:37,94,18919,8,2425
2025-10-27 15:44:39,94,19128,0,2425
2025-10-27 15:44:41,97,19511,0,2425
2025-10-27 15:44:43,93,19285,0,2425
2025-10-27 15:44:46,97,18977,55,2425
2025-10-27 15:44:48,98,19047,0,2425
2025-10-27 15:44:50,99,19343,0,2425
2025-10-27 15:44:52,98,19730,0,2425
2025-10-27 15:44:55,100,18897,71,2425
2025-10-27 15:44:57,100,18998,0,2425
2025-10-27 15:44:59,91,19234,0,2425
2025-10-27 15:45:02,98,19580,0,2425
2025-10-27 15:45:04,98,19052,42,2425
2025-10-27 15:45:06,98,19073,21,2425
2025-10-27 15:45:08,95,19260,0,2425
2025-10-27 15:45:11,96,19557,0,2425
2025-10-27 15:45:13,91,19816,0,2425
2025-10-27 15:45:15,96,19087,0,2425
2025-10-27 15:45:18,91,19340,0,2425
2025-10-27 15:45:20,97,19605,0,2425
2025-10-27 15:45:22,95,18967,37,2425
2025-10-27 15:45:24,100,19041,29,2425
2025-10-27 15:45:27,99,19125,0,2425
2025-10-27 15:45:29,94,19520,0,2425
2025-10-27 15:45:31,100,18857,0,2425
2025-10-27 15:45:33,99,18895,65,2425
2025-10-27 15:45:36,96,18967,0,2425
2025-10-27 15:45:38,91,19415,0,2425
2025-10-27 15:45:40,97,19428,0,2425
2025-10-27 15:45:43,100,18947,71,2425
2025-10-27 15:45:45,96,19068,0,2425
2025-10-27 15:45:47,94,19385,0,2425
2025-10-27 15:45:49,99,19633,0,2425
2025-10-27 15:45:52,96,19076,30,2425
2025-10-27 15:45:54,100,19167,0,2425
2025-10-27 15:45:56,95,19323,0,2425
2025-10-27 15:45:58,100,19752,0,2425
2025-10-27 15:46:01,92,18996,0,2425
2025-10-27 15:46:03,95,18958,11,2425
2025-10-27 15:46:05,97,19237,0,2425
2025-10-27 15:46:07,99,19580,0,2425
2025-10-27 15:46:10,98,19118,0,2425
2025-10-27 15:46:12,91,19089,47,2425
2025-10-27 15:46:14,98,19246,0,2425
2025-10-27 15:46:17,91,19565,0,2425
2025-10-27 15:46:19,100,19826,0,2425
2025-10-27 15:46:21,95,19167,71,2425
2025-10-27 15:46:23,94,19246,0,2425
2025-10-27 15:46:26,98,19560,0,2425
2025-10-27 15:46:28,93,19711,0,2425
2025-10-27 15:46:30,98,19182,51,2425
2025-10-27 15:46:32,100,19209,14,2425
2025-10-27 15:46:35,100,19377,0,2425
2025-10-27 15:46:37,95,19632,0,2425
2025-10-27 15:46:39,96,19094,4,2425
2025-10-27 15:46:42,96,19155,61,2425
2025-10-27 15:46:44,96,19244,0,2425
2025-10-27 15:46:46,100,19614,0,2425
2025-10-27 15:46:48,99,19661,0,2425
2025-10-27 15:46:51,93,19173,71,2425
2025-10-27 15:46:53,99,19210,0,2425
2025-10-27 15:46:55,95,19438,0,2425
2025-10-27 15:46:57,99,19774,0,2425
2025-10-27 15:47:00,94,19227,39,2425
2025-10-27 15:47:02,100,19242,0,2425
2025-10-27 15:47:04,99,19464,0,2425
2025-10-27 15:47:07,97,19742,0,2425
2025-10-27 15:47:09,96,19279,0,2425
2025-10-27 15:47:11,93,19121,16,2425
2025-10-27 15:47:13,96,19348,0,2425
2025-10-27 15:47:16,99,19593,0,2425
2025-10-27 15:47:18,95,19534,0,2425
2025-10-27 15:47:20,96,19095,59,2425
2025-10-27 15:47:22,96,19248,0,2425
2025-10-27 15:47:25,94,19425,0,2425
2025-10-27 15:47:27,100,19752,0,2425
2025-10-27 15:47:29,95,19100,72,2425
2025-10-27 15:47:32,97,19085,0,2425
2025-10-27 15:47:34,92,19365,0,2425
2025-10-27 15:47:36,93,19753,0,2425
2025-10-27 15:47:38,91,19225,27,2425
2025-10-27 15:47:41,95,19215,39,2425
2025-10-27 15:47:43,92,19408,0,2425
2025-10-27 15:47:45,99,19783,0,2425
2025-10-27 15:47:47,98,19674,0,2425
2025-10-27 15:47:50,91,19217,71,2425
2025-10-27 15:47:52,96,19143,0,2425
2025-10-27 15:47:54,94,19492,0,2425
2025-10-27 15:47:57,94,20048,0,2425
2025-10-27 15:47:59,96,19395,71,2425
2025-10-27 15:48:01,96,19318,0,2425
2025-10-27 15:48:03,95,19543,0,2425
2025-10-27 15:48:06,100,19832,0,2425
2025-10-27 15:48:08,97,19265,1,2425
2025-10-27 15:48:10,92,19219,66,2425
2025-10-27 15:48:12,98,19386,0,2425
2025-10-27 15:48:15,99,19749,0,2425
2025-10-27 15:48:17,97,19323,0,2425
2025-10-27 15:48:19,93,19286,46,2425
2025-10-27 15:48:22,95,19450,0,2425
2025-10-27 15:48:24,93,19670,0,2425
2025-10-27 15:48:26,94,20097,0,2425
2025-10-27 15:48:28,92,19449,71,2425
2025-10-27 15:48:31,93,19491,0,2425
2025-10-27 15:48:33,99,19692,0,2425
2025-10-27 15:48:35,98,19880,0,2425
2025-10-27 15:48:37,98,19303,72,2425
2025-10-27 15:48:40,100,19294,0,2425
2025-10-27 15:48:42,95,19518,0,2425
2025-10-27 15:48:44,98,19869,0,2425
2025-10-27 15:48:47,99,19304,21,2425
2025-10-27 15:48:49,94,19133,50,2425
2025-10-27 15:48:51,96,19351,0,2425
2025-10-27 15:48:53,97,19695,0,2425
2025-10-27 15:48:56,91,19815,0,2425
2025-10-27 15:48:58,91,19276,72,2425
2025-10-27 15:49:00,91,19419,0,2425
2025-10-27 15:49:02,93,19612,0,2425
2025-10-27 15:49:05,93,19955,0,2425
2025-10-27 15:49:07,100,19219,72,2425
2025-10-27 15:49:09,100,19326,0,2425
2025-10-27 15:49:12,95,19622,0,2425
2025-10-27 15:49:14,94,19827,0,2425
2025-10-27 15:49:16,91,19514,1,2425
2025-10-27 15:49:18,94,19346,63,2425
2025-10-27 15:49:21,99,19498,0,2425
2025-10-27 15:49:23,97,19692,0,2425
2025-10-27 15:49:25,99,19644,0,2425
2025-10-27 15:49:27,91,19194,71,2425
2025-10-27 15:49:30,95,19323,0,2425
2025-10-27 15:49:32,91,19657,0,2425
2025-10-27 15:49:34,97,19940,0,2425
2025-10-27 15:49:37,99,19355,72,2425
2025-10-27 15:49:39,95,19424,0,2425
2025-10-27 15:49:41,91,19571,0,2425
2025-10-27 15:49:43,99,19854,0,2425
2025-10-27 15:49:46,95,19276,61,2425
2025-10-27 15:49:48,100,19250,10,2425
2025-10-27 15:49:50,100,19486,0,2425
2025-10-27 15:49:52,92,19692,0,2425
2025-10-27 15:49:55,97,19683,0,2425
2025-10-27 15:49:57,97,19341,72,2425
2025-10-27 15:49:59,98,19561,0,2425
2025-10-27 15:50:02,94,19892,0,2425
2025-10-27 15:50:04,94,20082,0,2425
2025-10-27 15:50:06,91,19362,71,2425
2025-10-27 15:50:08,96,19413,0,2425
2025-10-27 15:50:11,99,19713,0,2425
2025-10-27 15:50:13,95,19986,0,2425
2025-10-27 15:50:15,96,19324,26,2425
2025-10-27 15:50:17,91,19447,38,2425
2025-10-27 15:50:20,95,19513,0,2425
2025-10-27 15:50:22,100,19828,0,2425
2025-10-27 15:50:24,94,19248,0,2425
2025-10-27 15:50:27,93,19296,71,2425
2025-10-27 15:50:29,92,19392,0,2425
2025-10-27 15:50:31,100,19763,0,2425
2025-10-27 15:50:33,97,20002,0,2425
2025-10-27 15:50:36,99,19251,54,2425
2025-10-27 15:50:38,94,19298,0,2425
2025-10-27 15:50:40,98,19569,0,2425
2025-10-27 15:50:42,99,20011,0,2425
2025-10-27 15:50:45,91,19427,5,2425
2025-10-27 15:50:47,95,19405,0,2425
2025-10-27 15:50:49,97,19547,0,2425
2025-10-27 15:50:51,91,19982,0,2425
2025-10-27 15:50:54,93,19496,0,2425
2025-10-27 15:50:56,99,19425,29,2425
2025-10-27 15:50:58,99,19516,0,2425
2025-10-27 15:51:01,91,19996,0,2425
2025-10-27 15:51:03,100,20191,0,2425
2025-10-27 15:51:05,98,19485,71,2425
2025-10-27 15:51:07,91,19576,0,2425
2025-10-27 15:51:10,98,19830,0,2425
2025-10-27 15:51:12,91,20044,0,2425
2025-10-27 15:51:14,94,19347,72,2425
2025-10-27 15:51:16,97,19382,0,2425
2025-10-27 15:51:19,92,19595,0,2425
2025-10-27 15:51:21,93,19996,0,2425
2025-10-27 15:51:23,96,19291,24,2425
2025-10-27 15:51:26,91,19316,43,2425
2025-10-27 15:51:28,92,19532,0,2425
2025-10-27 15:51:30,94,19876,0,2425
2025-10-27 15:51:32,95,20031,0,2425
2025-10-27 15:51:35,91,19561,72,2425
2025-10-27 15:51:37,100,19666,0,2425
2025-10-27 15:51:39,94,19926,0,2425
2025-10-27 15:51:41,95,20101,0,2425
2025-10-27 15:51:44,99,19475,0,2425
2025-10-27 15:51:46,99,19673,0,2425
2025-10-27 15:51:48,93,20036,0,2425
2025-10-27 15:51:51,93,20200,0,2425
2025-10-27 15:51:53,100,19607,71,2425
2025-10-27 15:51:55,100,19673,0,2425
2025-10-27 15:51:57,100,19981,0,2425
2025-10-27 15:52:00,100,20158,0,2425
2025-10-27 15:52:02,96,19570,48,2425
2025-10-27 15:52:04,97,19608,0,2425
2025-10-27 15:52:06,98,19897,0,2425
2025-10-27 15:52:09,94,20079,0,2425
2025-10-27 15:52:11,97,19509,9,2425
2025-10-27 15:52:13,94,19630,0,2425
2025-10-27 15:52:15,92,19748,0,2425
2025-10-27 15:52:18,91,20221,0,2425
2025-10-27 15:52:20,98,19770,0,2425
2025-10-27 15:52:22,100,19674,45,2425
2025-10-27 15:52:25,96,19749,0,2425
2025-10-27 15:52:27,100,20141,0,2425
2025-10-27 15:52:29,94,20553,0,2425
2025-10-27 15:52:31,93,19673,71,2425
2025-10-27 15:52:34,93,19643,0,2425
2025-10-27 15:52:36,93,19945,0,2425
2025-10-27 15:52:38,91,20394,0,2425
2025-10-27 15:52:40,91,19778,72,2425
2025-10-27 15:52:43,93,19858,0,2425
2025-10-27 15:52:45,91,19823,0,2425
2025-10-27 15:52:47,93,20252,0,2425
2025-10-27 15:52:50,91,19761,16,2425
2025-10-27 15:52:52,98,19775,46,2425
2025-10-27 15:52:54,95,19946,0,2425
2025-10-27 15:52:56,97,20273,0,2425
2025-10-27 15:52:59,92,20251,0,2425
2025-10-27 15:53:01,95,19525,71,2425
2025-10-27 15:53:03,96,19648,0,2425
2025-10-27 15:53:05,98,19970,0,2425
2025-10-27 15:53:08,97,20280,0,2425
2025-10-27 15:53:10,97,19495,69,2425
2025-10-27 15:53:12,93,19555,0,2425
2025-10-27 15:53:15,96,19845,0,2425
2025-10-27 15:53:17,99,20187,0,2425
2025-10-27 15:53:19,95,19713,28,2425
2025-10-27 15:53:21,99,19775,0,2425
2025-10-27 15:53:24,99,19929,0,2425
2025-10-27 15:53:26,94,20295,0,2425
2025-10-27 15:53:28,96,19659,0,2425
2025-10-27 15:53:30,99,19673,42,2425
2025-10-27 15:53:33,95,19799,0,2425
2025-10-27 15:53:35,92,20162,0,2425
2025-10-27 15:53:37,98,20493,0,2425
2025-10-27 15:53:40,97,19596,72,2425
2025-10-27 15:53:42,98,19674,0,2425
2025-10-27 15:53:44,99,20014,0,2425
2025-10-27 15:53:46,98,20252,0,2425
2025-10-27 15:53:49,95,19630,67,2425
2025-10-27 15:53:51,99,19617,0,2425
2025-10-27 15:53:53,99,19757,0,2425
2025-10-27 15:53:55,94,20153,0,2425
2025-10-27 15:53:58,92,19709,0,2425
2025-10-27 15:54:00,93,19703,69,2425
2025-10-27 15:54:02,96,19775,0,2425
2025-10-27 15:54:05,98,20070,0,2425
2025-10-27 15:54:07,98,20414,0,2425
2025-10-27 15:54:09,97,19817,72,2425
2025-10-27 15:54:11,97,19735,0,2425
2025-10-27 15:54:14,97,20043,0,2425
2025-10-27 15:54:16,100,20466,0,2425
2025-10-27 15:54:18,99,19609,17,2425
2025-10-27 15:54:20,97,19598,52,2425
2025-10-27 15:54:23,98,19812,0,2425
2025-10-27 15:54:25,94,20240,0,2425
2025-10-27 15:54:27,95,19618,0,2425
2025-10-27 15:54:30,100,19613,72,2425
2025-10-27 15:54:32,95,19820,0,2425
2025-10-27 15:54:34,93,20052,0,2425
2025-10-27 15:54:36,98,20395,0,2425
2025-10-27 15:54:39,100,19860,72,2425
2025-10-27 15:54:41,97,19891,0,2425
2025-10-27 15:54:43,99,20008,0,2425
2025-10-27 15:54:45,94,20236,0,2425
2025-10-27 15:54:48,98,19762,68,2425
2025-10-27 15:54:50,92,19706,0,2425
2025-10-27 15:54:52,96,19933,0,2425
2025-10-27 15:54:55,93,20211,0,2425
2025-10-27 15:54:57,100,19641,13,2425
2025-10-27 15:54:59,96,19684,57,2425
2025-10-27 15:55:01,95,19885,0,2425
2025-10-27 15:55:04,96,20176,0,2425
2025-10-27 15:55:06,97,20463,0,2425
2025-10-27 15:55:08,100,19693,71,2425
2025-10-27 15:55:10,96,19737,0,2425
2025-10-27 15:55:13,91,20038,0,2425
2025-10-27 15:55:15,98,20457,0,2425
2025-10-27 15:55:17,95,19866,40,2425
2025-10-27 15:55:20,94,19714,29,2425
2025-10-27 15:55:22,94,19908,0,2425
2025-10-27 15:55:24,94,20355,0,2425
2025-10-27 15:55:26,91,19867,0,2425
2025-10-27 15:55:29,91,19818,72,2425
2025-10-27 15:55:31,95,20080,0,2425
2025-10-27 15:55:33,94,20408,0,2425
2025-10-27 15:55:35,94,20642,0,2425
2025-10-27 15:55:38,92,19871,72,2425
2025-10-27 15:55:40,91,19971,0,2425
2025-10-27 15:55:42,91,20247,0,2425
2025-10-27 15:55:45,93,20412,0,2425
2025-10-27 15:55:47,100,19766,12,2425
2025-10-27 15:55:49,95,19783,0,2425
2025-10-27 15:55:51,98,20118,0,2425
2025-10-27 15:55:54,97,20397,0,2425
2025-10-27 15:55:56,99,19740,42,2425
2025-10-27 15:55:58,91,19690,24,2425
2025-10-27 15:56:00,92,19879,0,2425
2025-10-27 15:56:03,94,20296,0,2425
2025-10-27 15:56:05,98,20541,0,2425
2025-10-27 15:56:07,91,19878,72,2425
2025-10-27 15:56:10,93,20015,0,2425
2025-10-27 15:56:12,92,20227,0,2425
2025-10-27 15:56:14,100,20386,0,2425
2025-10-27 15:56:16,98,19987,71,2425
2025-10-27 15:56:19,94,19967,0,2425
2025-10-27 15:56:21,97,20188,0,2425
2025-10-27 15:56:23,97,20442,0,2425
2025-10-27 15:56:25,100,19968,1,2425
2025-10-27 15:56:28,93,20001,64,2425
2025-10-27 15:56:30,95,20102,0,2425
2025-10-27 15:56:32,98,20450,0,2425
2025-10-27 15:56:35,97,20685,0,2425
2025-10-27 15:56:37,95,19874,70,2425
2025-10-27 15:56:39,96,20019,0,2425
2025-10-27 15:56:41,94,20160,0,2425
2025-10-27 15:56:44,92,20563,0,2425
2025-10-27 15:56:46,92,19800,22,2425
2025-10-27 15:56:48,99,19895,0,2425
2025-10-27 15:56:50,100,20090,0,2425
2025-10-27 15:56:53,92,20455,0,2425
2025-10-27 15:56:55,98,19703,0,2425
2025-10-27 15:56:57,96,19758,25,2425
2025-10-27 15:56:59,93,19961,0,2425
2025-10-27 15:57:02,94,20356,0,2425
2025-10-27 15:57:04,98,20686,0,2425
2025-10-27 15:57:06,95,20009,71,2425
2025-10-27 15:57:09,91,19926,0,2425
2025-10-27 15:57:11,100,20216,0,2425
2025-10-27 15:57:13,100,20450,0,2425
2025-10-27 15:57:15,92,19821,58,2425
2025-10-27 15:57:18,91,19892,6,2425
2025-10-27 15:57:20,91,20026,0,2425
2025-10-27 15:57:22,95,20441,0,2425
2025-10-27 15:57:24,91,20031,18,2425
2025-10-27 15:57:27,96,20026,44,2425
2025-10-27 15:57:29,99,20214,0,2425
2025-10-27 15:57:31,94,20500,0,2425
2025-10-27 15:57:34,100,20811,0,2425
2025-10-27 15:57:36,92,20040,71,2425
2025-10-27 15:57:38,92,20138,0,2425
2025-10-27 15:57:40,91,20440,0,2425
2025-10-27 15:57:43,95,20583,0,2425
2025-10-27 15:57:45,93,19936,57,2425
2025-10-27 15:57:47,99,19981,6,2425
2025-10-27 15:57:49,100,20251,0,2425
2025-10-27 15:57:52,91,20652,0,2425
2025-10-27 15:57:54,93,19992,1,2425
2025-10-27 15:57:56,98,20028,63,2425
2025-10-27 15:57:59,98,20117,0,2425
2025-10-27 15:58:01,94,20645,0,2425
2025-10-27 15:58:03,95,20051,0,2425
2025-10-27 15:58:05,91,20036,40,2425
2025-10-27 15:58:08,98,20208,0,2425
2025-10-27 15:58:10,94,20362,0,2425
2025-10-27 15:58:12,99,20678,0,2425
2025-10-27 15:58:14,95,19953,0,2425
2025-10-27 15:58:17,100,20234,0,2425
2025-10-27 15:58:19,92,20582,0,2425
2025-10-27 15:58:21,99,20095,0,2425
2025-10-27 15:58:24,96,20028,47,2425
2025-10-27 15:58:26,100,20142,0,2425
2025-10-27 15:58:28,95,20451,0,2425
2025-10-27 15:58:30,97,20748,0,2425
2025-10-27 15:58:33,97,20037,71,2425
2025-10-27 15:58:35,94,20076,0,2425
2025-10-27 15:58:37,93,20306,0,2425
2025-10-27 15:58:39,100,20718,0,2425
2025-10-27 15:58:42,99,19928,72,2425
2025-10-27 15:58:44,98,20013,0,2425
2025-10-27 15:58:46,99,20224,0,2425
2025-10-27 15:58:49,93,20549,0,2425
2025-10-27 15:58:51,100,20132,21,2425
2025-10-27 15:58:53,93,20130,41,2425
2025-10-27 15:58:55,93,20271,0,2425
2025-10-27 15:58:58,95,20586,0,2425
2025-10-27 15:59:00,97,20536,0,2425
2025-10-27 15:59:02,97,20201,71,2425
2025-10-27 15:59:04,96,20342,0,2425
2025-10-27 15:59:07,98,20641,0,2425
2025-10-27 15:59:09,94,20845,0,2425
2025-10-27 15:59:11,99,20112,62,2425
2025-10-27 15:59:14,100,20082,3,2425
2025-10-27 15:59:16,97,20301,0,2425
2025-10-27 15:59:18,94,20637,0,2425
2025-10-27 15:59:20,95,20028,0,2425
2025-10-27 15:59:23,98,20004,3,2425
2025-10-27 15:59:25,91,20198,0,2425
2025-10-27 15:59:27,95,20478,0,2425
2025-10-27 15:59:29,95,20722,0,2425
2025-10-27 15:59:32,92,19915,68,2425
2025-10-27 15:59:34,98,20087,0,2425
2025-10-27 15:59:36,92,20410,0,2425
2025-10-27 15:59:39,91,20606,0,2425
2025-10-27 15:59:41,93,19936,71,2425
2025-10-27 15:59:43,99,19966,0,2425
2025-10-27 15:59:45,97,20222,0,2425
2025-10-27 15:59:48,94,20479,0,2425
2025-10-27 15:59:50,100,20002,41,2425
2025-10-27 15:59:52,100,19921,24,2425
2025-10-27 15:59:54,96,20133,0,2425
2025-10-27 15:59:57,95,20531,0,2425
2025-10-27 15:59:59,93,20632,0,2425
2025-10-27 16:00:01,92,19891,71,2425
2025-10-27 16:00:04,92,20056,0,2425
2025-10-27 16:00:06,98,20398,0,2425
2025-10-27 16:00:08,96,20777,0,2425
2025-10-27 16:00:10,100,20148,56,2425
2025-10-27 16:00:13,99,20269,16,2425
2025-10-27 16:00:15,92,20387,0,2425
2025-10-27 16:00:17,95,20793,0,2425
