/home/arhashemi/Workspace/welding/JAXTrace/jaxtrace/io/registry.py:41: UserWarning: h5py not available. HDF5 I/O will be disabled
  from .hdf5_io import H5Series
✅ Enhanced VTK I/O available
✅ HDF5 I/O available
================================================================================
Phase 3 COMPLETE: Particle Seeding & CPU Baseline Search
================================================================================

================================================================================
SETUP: Load ThreadedA Mesh
================================================================================
Loading: /home/arhashemi/Workspace/welding/Edgar/ThreadedA/post/0eule/threadedAvtk_159.pvtu
  Nodes: 900,658
  Elements: 3,512,279
  Load time: 5.61 s

  Forest structure ready:
    Blocks: 32
    Padded arrays: (32, 949,632)
    Memory: 115.9 MB

================================================================================
TEST 1: Uniform Seeding (Density-based)
================================================================================

Uniform particle seeding:
  Bounding box: [-0.0300, 0.0300] × [-0.0230, 0.0230] × [-0.0100, 0.0000]
  Grid: 60 × 46 × 5 = 13,800 particles
  Spacing: hx=0.001000, hy=0.001000, hz=0.002000

  Seeded 13,800 particles
  Actual density:
    Total: 500000064.0 particles/m³
    Per axis: 230000.0, 300000.0, 1380000.0 particles/m

================================================================================
TEST 2: CPU Baseline Search (Sequential, 1000 particles)
================================================================================

================================================================================
CPU Baseline Search: 1,000 particles
================================================================================
  Domain: [-0.0300, 0.0300] × [-0.0230, 0.0230] × [-0.0100, 0.0000]
  Grid: 4×4×2 = 32 blocks
  Neighbor fallback: ON
  Tolerance: 1e-10
  Parallel: OFF (sequential)
  Progress: 1,000/1,000 (11 particles/s)

CPUSearchStats(
  Particles: 1,000
  Found: 1,000 (100.0%)
  Found with neighbor fallback: 118
  Not found: 0
  Avg elements tested: 109758.0
  Time: 90.57 s
  Rate: 11 particles/s
  Parallel: False (1 workers)
)

  ✅ Found: 1,000/1,000 (100.0%)
  ⚡ Neighbor fallback helped: 118 particles
================================================================================


================================================================================
TEST 3: CPU Baseline Search (Parallel, 10K particles)
================================================================================

================================================================================
CPU Baseline Search: 10,000 particles
================================================================================
  Domain: [-0.0300, 0.0300] × [-0.0230, 0.0230] × [-0.0100, 0.0000]
  Grid: 4×4×2 = 32 blocks
  Neighbor fallback: ON
  Tolerance: 1e-10
  Parallel: ON (19 workers)
/usr/lib/python3.13/multiprocessing/popen_fork.py:67: RuntimeWarning: os.fork() was called. os.fork() is incompatible with multithreaded code, and JAX is multithreaded, so this will likely lead to a deadlock.
  self.pid = os.fork()
