python production_tracking_fully_fused_timedep.py
✅ Enhanced VTK I/O available
/home/arhashemi/Workspace/welding/JAXTrace/jaxtrace/io/registry.py:41: UserWarning: h5py not available. HDF5 I/O will be disabled
  from .hdf5_io import H5Series
✅ HDF5 I/O available
================================================================================
Production Particle Tracking - Global Morton L2 Search
================================================================================
Grid resolution: 20 × 80 × 30 = 48,000 particles
Timesteps: 2,500
dt: 2.50e-03
L1 hops: 3
L2 radius: 10
================================================================================

[1/6] Loading mesh and velocity sequence...

Loading velocity sequence:
  Pattern: featurelessAvtk_{timestep}.pvtu
  Range: 120-159 (40 timesteps)
  Field: 'Displacement'

  Loading mesh topology from: featurelessAvtk_120.pvtu
Loading mesh: /home/arhashemi/Workspace/welding/Edgar/FLA/post/0eule/featurelessAvtk_120.pvtu
  Nodes: 780,922
  Elements: 3,048,900
  Loaded field 'Displacement': (780922, 3)
    Nodes: 780,922
    Elements: 3,048,900

  Loading velocity fields:
Loading mesh: /home/arhashemi/Workspace/welding/Edgar/FLA/post/0eule/featurelessAvtk_121.pvtu
  Nodes: 780,922
  Elements: 3,048,900
  Loaded field 'Displacement': (780922, 3)
Loading mesh: /home/arhashemi/Workspace/welding/Edgar/FLA/post/0eule/featurelessAvtk_122.pvtu
  Nodes: 780,922
  Elements: 3,048,900
  Loaded field 'Displacement': (780922, 3)
Loading mesh: /home/arhashemi/Workspace/welding/Edgar/FLA/post/0eule/featurelessAvtk_123.pvtu
  Nodes: 780,922
  Elements: 3,048,900
  Loaded field 'Displacement': (780922, 3)
Loading mesh: /home/arhashemi/Workspace/welding/Edgar/FLA/post/0eule/featurelessAvtk_124.pvtu
  Nodes: 780,922
  Elements: 3,048,900
  Loaded field 'Displacement': (780922, 3)
Loading mesh: /home/arhashemi/Workspace/welding/Edgar/FLA/post/0eule/featurelessAvtk_125.pvtu
  Nodes: 780,922
  Elements: 3,048,900
  Loaded field 'Displacement': (780922, 3)
Loading mesh: /home/arhashemi/Workspace/welding/Edgar/FLA/post/0eule/featurelessAvtk_126.pvtu
  Nodes: 780,922
  Elements: 3,048,900
  Loaded field 'Displacement': (780922, 3)
Loading mesh: /home/arhashemi/Workspace/welding/Edgar/FLA/post/0eule/featurelessAvtk_127.pvtu
  Nodes: 780,922
  Elements: 3,048,900
  Loaded field 'Displacement': (780922, 3)
Loading mesh: /home/arhashemi/Workspace/welding/Edgar/FLA/post/0eule/featurelessAvtk_128.pvtu
  Nodes: 780,922
  Elements: 3,048,900
  Loaded field 'Displacement': (780922, 3)
Loading mesh: /home/arhashemi/Workspace/welding/Edgar/FLA/post/0eule/featurelessAvtk_129.pvtu
  Nodes: 780,922
  Elements: 3,048,900
  Loaded field 'Displacement': (780922, 3)
Loading mesh: /home/arhashemi/Workspace/welding/Edgar/FLA/post/0eule/featurelessAvtk_130.pvtu
  Nodes: 780,922
  Elements: 3,048,900
  Loaded field 'Displacement': (780922, 3)
    Loaded 11/40 timesteps...
Loading mesh: /home/arhashemi/Workspace/welding/Edgar/FLA/post/0eule/featurelessAvtk_131.pvtu
  Nodes: 780,922
  Elements: 3,048,900
  Loaded field 'Displacement': (780922, 3)
Loading mesh: /home/arhashemi/Workspace/welding/Edgar/FLA/post/0eule/featurelessAvtk_132.pvtu
  Nodes: 780,922
  Elements: 3,048,900
  Loaded field 'Displacement': (780922, 3)
Loading mesh: /home/arhashemi/Workspace/welding/Edgar/FLA/post/0eule/featurelessAvtk_133.pvtu
  Nodes: 780,922
  Elements: 3,048,900
  Loaded field 'Displacement': (780922, 3)
Loading mesh: /home/arhashemi/Workspace/welding/Edgar/FLA/post/0eule/featurelessAvtk_134.pvtu
  Nodes: 780,922
  Elements: 3,048,900
  Loaded field 'Displacement': (780922, 3)
Loading mesh: /home/arhashemi/Workspace/welding/Edgar/FLA/post/0eule/featurelessAvtk_135.pvtu
  Nodes: 780,922
  Elements: 3,048,900
  Loaded field 'Displacement': (780922, 3)
Loading mesh: /home/arhashemi/Workspace/welding/Edgar/FLA/post/0eule/featurelessAvtk_136.pvtu
  Nodes: 780,922
  Elements: 3,048,900
  Loaded field 'Displacement': (780922, 3)
Loading mesh: /home/arhashemi/Workspace/welding/Edgar/FLA/post/0eule/featurelessAvtk_137.pvtu
  Nodes: 780,922
  Elements: 3,048,900
  Loaded field 'Displacement': (780922, 3)
Loading mesh: /home/arhashemi/Workspace/welding/Edgar/FLA/post/0eule/featurelessAvtk_138.pvtu
  Nodes: 780,922
  Elements: 3,048,900
  Loaded field 'Displacement': (780922, 3)
Loading mesh: /home/arhashemi/Workspace/welding/Edgar/FLA/post/0eule/featurelessAvtk_139.pvtu
  Nodes: 780,922
  Elements: 3,048,900
  Loaded field 'Displacement': (780922, 3)
Loading mesh: /home/arhashemi/Workspace/welding/Edgar/FLA/post/0eule/featurelessAvtk_140.pvtu
  Nodes: 780,922
  Elements: 3,048,900
  Loaded field 'Displacement': (780922, 3)
    Loaded 21/40 timesteps...
Loading mesh: /home/arhashemi/Workspace/welding/Edgar/FLA/post/0eule/featurelessAvtk_141.pvtu
  Nodes: 780,922
  Elements: 3,048,900
  Loaded field 'Displacement': (780922, 3)
Loading mesh: /home/arhashemi/Workspace/welding/Edgar/FLA/post/0eule/featurelessAvtk_142.pvtu
  Nodes: 780,922
  Elements: 3,048,900
  Loaded field 'Displacement': (780922, 3)
Loading mesh: /home/arhashemi/Workspace/welding/Edgar/FLA/post/0eule/featurelessAvtk_143.pvtu
  Nodes: 780,922
  Elements: 3,048,900
  Loaded field 'Displacement': (780922, 3)
Loading mesh: /home/arhashemi/Workspace/welding/Edgar/FLA/post/0eule/featurelessAvtk_144.pvtu
  Nodes: 780,922
  Elements: 3,048,900
  Loaded field 'Displacement': (780922, 3)
Loading mesh: /home/arhashemi/Workspace/welding/Edgar/FLA/post/0eule/featurelessAvtk_145.pvtu
  Nodes: 780,922
  Elements: 3,048,900
  Loaded field 'Displacement': (780922, 3)
Loading mesh: /home/arhashemi/Workspace/welding/Edgar/FLA/post/0eule/featurelessAvtk_146.pvtu
  Nodes: 780,922
  Elements: 3,048,900
  Loaded field 'Displacement': (780922, 3)
Loading mesh: /home/arhashemi/Workspace/welding/Edgar/FLA/post/0eule/featurelessAvtk_147.pvtu
  Nodes: 780,922
  Elements: 3,048,900
  Loaded field 'Displacement': (780922, 3)
Loading mesh: /home/arhashemi/Workspace/welding/Edgar/FLA/post/0eule/featurelessAvtk_148.pvtu
  Nodes: 780,922
  Elements: 3,048,900
  Loaded field 'Displacement': (780922, 3)
Loading mesh: /home/arhashemi/Workspace/welding/Edgar/FLA/post/0eule/featurelessAvtk_149.pvtu
  Nodes: 780,922
  Elements: 3,048,900
  Loaded field 'Displacement': (780922, 3)
Loading mesh: /home/arhashemi/Workspace/welding/Edgar/FLA/post/0eule/featurelessAvtk_150.pvtu
  Nodes: 780,922
  Elements: 3,048,900
  Loaded field 'Displacement': (780922, 3)
    Loaded 31/40 timesteps...
Loading mesh: /home/arhashemi/Workspace/welding/Edgar/FLA/post/0eule/featurelessAvtk_151.pvtu
  Nodes: 780,922
  Elements: 3,048,900
  Loaded field 'Displacement': (780922, 3)
Loading mesh: /home/arhashemi/Workspace/welding/Edgar/FLA/post/0eule/featurelessAvtk_152.pvtu
  Nodes: 780,922
  Elements: 3,048,900
  Loaded field 'Displacement': (780922, 3)
Loading mesh: /home/arhashemi/Workspace/welding/Edgar/FLA/post/0eule/featurelessAvtk_153.pvtu
  Nodes: 780,922
  Elements: 3,048,900
  Loaded field 'Displacement': (780922, 3)
Loading mesh: /home/arhashemi/Workspace/welding/Edgar/FLA/post/0eule/featurelessAvtk_154.pvtu
  Nodes: 780,922
  Elements: 3,048,900
  Loaded field 'Displacement': (780922, 3)
Loading mesh: /home/arhashemi/Workspace/welding/Edgar/FLA/post/0eule/featurelessAvtk_155.pvtu
  Nodes: 780,922
  Elements: 3,048,900
  Loaded field 'Displacement': (780922, 3)
Loading mesh: /home/arhashemi/Workspace/welding/Edgar/FLA/post/0eule/featurelessAvtk_156.pvtu
  Nodes: 780,922
  Elements: 3,048,900
  Loaded field 'Displacement': (780922, 3)
Loading mesh: /home/arhashemi/Workspace/welding/Edgar/FLA/post/0eule/featurelessAvtk_157.pvtu
  Nodes: 780,922
  Elements: 3,048,900
  Loaded field 'Displacement': (780922, 3)
Loading mesh: /home/arhashemi/Workspace/welding/Edgar/FLA/post/0eule/featurelessAvtk_158.pvtu
  Nodes: 780,922
  Elements: 3,048,900
  Loaded field 'Displacement': (780922, 3)
Loading mesh: /home/arhashemi/Workspace/welding/Edgar/FLA/post/0eule/featurelessAvtk_159.pvtu
  Nodes: 780,922
  Elements: 3,048,900
  Loaded field 'Displacement': (780922, 3)
    Loaded 40/40 timesteps
    Memory: 357.5 MB

  Mesh: 3,048,900 elements, 780,922 nodes
  Velocity timesteps: 40
  Total load time: 176.14s

  Velocity cycle parameters:
    Cycle period: 0.100 time units
    Number of cycles: 62.50
    Tracking steps per velocity step: 1

[2/6] Building global Morton structure (CPU)...
  Built 24,550 leaves in 12.61s
  Memory: 34.9 MB

[3/6] Uploading mesh and Morton structure to GPU...
  Computing element neighbors (NODE-BASED)...

Building element neighbors array for 3,048,900 elements...
  Method: node

Extracting NODE-BASED element neighbors for 3,048,900 elements...
  (Elements sharing ANY node are considered neighbors)
Building node-to-element map for 3,048,900 elements...
  Processed 500,000/3,048,900 elements...
  Processed 1,000,000/3,048,900 elements...
  Processed 1,500,000/3,048,900 elements...
  Processed 2,000,000/3,048,900 elements...
  Processed 2,500,000/3,048,900 elements...
  Processed 3,000,000/3,048,900 elements...
  Total nodes: 665,594
  Avg elements per node: 18.32
Building neighbor lists from node connectivity...
  Processed 500,000/3,048,900 elements...
  Processed 1,000,000/3,048,900 elements...
  Processed 1,500,000/3,048,900 elements...
  Processed 2,000,000/3,048,900 elements...
  Processed 2,500,000/3,048,900 elements...
  Processed 3,000,000/3,048,900 elements...

Node-based neighbor statistics:
  Elements: 3,048,900
  Neighbors per element: min=1, max=90, avg=58.97
  NOTE: Node-based typically has 14.7x more neighbors than face-based
  Max neighbors found: 90
  Estimated memory: 1046.8 MB
  Converting to padded array (3048900, 90)...
  Elements with max neighbors: 4 (0.0%)
  Elements with < max neighbors: 3,048,896 (100.0%)
  Avg neighbors per element: 58.97
  Element neighbors array built successfully!
    Neighbor computation: 28.96s
    Neighbor memory: 1046.8 MB
    Neighbor array shape: (3048900, 90)
    Max neighbors per element: 90

  Computing element volumes for adaptive L1...
    Element volumes computed: 3,048,900
    Volume range: [8.12e-14, 2.13e-08]
    Median volume: 8.12e-14
    Computation time: 0.44s
  Total upload time: 29.59s
  Moroton GPU leaves: 24,550
  Moroton Prefix Table Depth: 7

[4/6] Initializing 48,000 particles (uniform grid 20×80×30)...
  Particle bounds:
    X: [-0.018000, -0.009000] (domain fraction: (0.2, 0.35))
    Y: [-0.013800, 0.013800] (domain fraction: (0.2, 0.8))
    Z: [-0.007000, 0.000000] (domain fraction: (0.3, 1.0))

  Clipping particles to mesh bounds (Phase 1.1 fix)...
    Particles clipped to mesh bounds: 1600/48000
    Mesh bounds: X=[-0.030000, 0.030000], Y=[-0.023000, 0.023000], Z=[-0.010000, 0.000000]
    Safe bounds (1% margin): X=[-0.029400, 0.029400], Y=[-0.022540, 0.022540], Z=[-0.009900, -0.000100]
  Created 48,000 particles in uniform grid

[5/6] Setting up async VTK export...
  Output directory: output/global_morton_timedep
  Export frequency: every 10 steps
  Store velocities: No
  Expected exports: 250

[6/6] Running time integration (2,500 steps)...

  Search hierarchy configuration:
    L0 (cached element) → L1 (adaptive 3-6 hops) → L2 (Morton neighbors, 27 octants)
    ✅ PHASE 1.3: L1 uses adaptive hop count (6 hops at refinement boundaries)
    L2 method: neighbors
    ✅ Octree prefix table available (depth=7)

  Uploading data to GPU...
    Velocity sequence upload: 0.18s (357.5 MB)
    Particle data upload: minimal

  Running cascading initial assignment...
    Initial radius: 50 (all particles)
    Fallback radii: [200, 500, 1000] (only unassigned particles)

  Initial search (radius=50) for all particles...
    Assigned: 39,500/48,000 (82.29%)

  Cascading fallback search for 8,500 unassigned particles...
    radius= 100: Searching 8,500 particles...
               Found: 361 (total: 39,861/48,000, 83.04%)
    radius= 200: Searching 8,139 particles...
               Found: 166 (total: 40,027/48,000, 83.39%)
    radius= 500: Searching 7,973 particles...
               Found: 126 (total: 40,153/48,000, 83.65%)

  Final assignment: 40,153/48,000 (83.65%)
  ⚠  7,847 particles could not be assigned
     These particles are likely outside the mesh domain
    Initial assignment: 40,153/48,000 (83.65%)
    Search time: 19.72s

  DIAGNOSTIC: Analyzing 7,847 failed assignments...

  Spatial distribution:
    Unassigned particles (7,847):
      X: [-0.018000, -0.009000]
      Y: [-0.013800, 0.013800]
      Z: [-0.004828, -0.000100]
    Assigned particles (40,153):
      X: [-0.018000, -0.009000]
      Y: [-0.013800, 0.013800]
      Z: [-0.007000, -0.000100]

  Mesh coverage in seeded region:
    Seeded region: X=[-0.018000, -0.009000], Y=[-0.013800, 0.013800], Z=[-0.007000, -0.000100]
    Elements in region: 15,255/3,048,900 (0.50%)

  Element size distribution in seeded region:
    Volume range: [8.12e-14, 2.13e-08]
    Volume median: 6.50e-13
    Volume mean: 1.13e-10
    Volume std: 9.96e-10
    Characteristic length range: [4.33e-05, 2.77e-03]
    Characteristic length median: 8.66e-05
    Size ratio (max/min): 262145.92×

  DIAGNOSTIC: Analysis complete. Proceeding with compilation...


  Compiling RK4 (first step)...
    Compilation time: 72.77s

❌ WARNING: Initial assignment <95%. Continuing anyway...

  Running 2,500 timesteps...
    Step     Active  Retention    Step Time      Throughput
  ------ ---------- ---------- ------------ ---------------
     100     41,120     85.67%   37110.32 ms         1293 p/s | Exported:    9
     200     39,810     82.94%   37919.30 ms         1266 p/s | Exported:   19
     300     39,064     81.38%   38718.61 ms         1240 p/s | Exported:   29
     400     38,325     79.84%   39847.33 ms         1205 p/s | Exported:   39
     500     37,452     78.03%   40753.43 ms         1178 p/s | Exported:   49
     600     36,455     75.95%   41150.06 ms         1166 p/s | Exported:   59
     700     35,415     73.78%   41157.67 ms         1166 p/s | Exported:   69
     800     34,255     71.36%   40833.02 ms         1176 p/s | Exported:   79
     900     32,811     68.36%   40448.67 ms         1187 p/s | Exported:   89
    1000     31,207     65.01%   39608.45 ms         1212 p/s | Exported:   99
    1100     29,741     61.96%   38961.45 ms         1232 p/s | Exported:  109
    1200     28,274     58.90%   38544.56 ms         1245 p/s | Exported:  119
    1300     26,657     55.54%   38268.07 ms         1254 p/s | Exported:  129
    1400     25,306     52.72%   37998.95 ms         1263 p/s | Exported:  139
    1500     24,296     50.62%   37805.20 ms         1270 p/s | Exported:  149
    1600     23,663     49.30%   37706.24 ms         1273 p/s | Exported:  159
    1700     23,149     48.23%   37611.65 ms         1276 p/s | Exported:  169
    1800     22,751     47.40%   37541.98 ms         1279 p/s | Exported:  179
    1900     22,557     46.99%   37478.64 ms         1281 p/s | Exported:  189
    2000     22,403     46.67%   37402.06 ms         1283 p/s | Exported:  199
    2100     22,304     46.47%   37375.49 ms         1284 p/s | Exported:  209
    2200     21,934     45.70%   37381.22 ms         1284 p/s | Exported:  219
    2300     19,844     41.34%   37321.83 ms         1286 p/s | Exported:  229
    2400     17,457     36.37%   37271.85 ms         1288 p/s | Exported:  239
    2500     15,012     31.27%   37310.48 ms         1287 p/s | Exported:  249

  Waiting for exports to complete...
  ✅ All exports complete
    Files exported: 250
    Mean export time: 0.090 s
    Total export time: 22.5 s

================================================================================
PRODUCTION RESULTS
================================================================================

  Initial particles: 48,000
  Initial assignment: 40,153 (83.65%)
  Final active: 15,012
  Final retention: 31.27%

  Timesteps completed: 2,500
  Total integration time: 96313.47s
  Mean step time: 38525.86 ± 1395.97 ms
  Min/Max step time: 35772.42 / 41286.92 ms
  Mean throughput: 1246 particles/s

  Retention history:
    Step 10:    87.90%
    Step 100:   85.67%
    Step 1000:  65.01%
    Step 2500: 31.27%

================================================================================
PERFORMANCE METRICS
================================================================================
❌ Initial assignment: 83.65% (<95% target)
❌ Final retention: 31.27% (<95% target)
❌ Throughput: 1246 p/s (<30k target)
✅ Memory: ~85 MB (global Morton + mesh)
✅ Architecture: L0 (cached) + L1 (3-hop) + L2 (global Morton, radius=10)
✅ Morton structure: 24,550 leaves, 256 capacity
✅ No JAX OOM errors
✅ VTK export: 250 files in output/global_morton_timedep
================================================================================

⚠  PRODUCTION TEST RESULTS
   Some metrics below target. Review L2 configuration or increase search radius.
================================================================================
