python production_tracking_fully_fused_timedep.py
✅ Enhanced VTK I/O available
/home/arhashemi/Workspace/welding/JAXTrace/jaxtrace/io/registry.py:41: UserWarning: h5py not available. HDF5 I/O will be disabled
  from .hdf5_io import H5Series
✅ HDF5 I/O available
================================================================================
Production Particle Tracking - Global Morton L2 Search
================================================================================
Grid resolution: 50 × 70 × 30 = 105,000 particles
Timesteps: 2,500
dt: 2.50e-03
L1 hops: 3
L2 radius: 2
================================================================================

[1/6] Loading mesh and velocity sequence...

Loading velocity sequence:
  Pattern: featurelessAvtk_{timestep}.pvtu
  Range: 120-159 (40 timesteps)
  Field: 'Displacement'

  Loading mesh topology from: featurelessAvtk_120.pvtu
Loading mesh: /home/arhashemi/Workspace/welding/Edgar/FLA/post/0eule/featurelessAvtk_120.pvtu
  Nodes: 780,922
  Elements: 3,048,900
  Loaded field 'Displacement': (780922, 3)
    Nodes: 780,922
    Elements: 3,048,900

  Loading velocity fields:
Loading mesh: /home/arhashemi/Workspace/welding/Edgar/FLA/post/0eule/featurelessAvtk_121.pvtu
  Nodes: 780,922
  Elements: 3,048,900
  Loaded field 'Displacement': (780922, 3)
Loading mesh: /home/arhashemi/Workspace/welding/Edgar/FLA/post/0eule/featurelessAvtk_122.pvtu
  Nodes: 780,922
  Elements: 3,048,900
  Loaded field 'Displacement': (780922, 3)
Loading mesh: /home/arhashemi/Workspace/welding/Edgar/FLA/post/0eule/featurelessAvtk_123.pvtu
  Nodes: 780,922
  Elements: 3,048,900
  Loaded field 'Displacement': (780922, 3)
Loading mesh: /home/arhashemi/Workspace/welding/Edgar/FLA/post/0eule/featurelessAvtk_124.pvtu
  Nodes: 780,922
  Elements: 3,048,900
  Loaded field 'Displacement': (780922, 3)
Loading mesh: /home/arhashemi/Workspace/welding/Edgar/FLA/post/0eule/featurelessAvtk_125.pvtu
  Nodes: 780,922
  Elements: 3,048,900
  Loaded field 'Displacement': (780922, 3)
Loading mesh: /home/arhashemi/Workspace/welding/Edgar/FLA/post/0eule/featurelessAvtk_126.pvtu
  Nodes: 780,922
  Elements: 3,048,900
  Loaded field 'Displacement': (780922, 3)
Loading mesh: /home/arhashemi/Workspace/welding/Edgar/FLA/post/0eule/featurelessAvtk_127.pvtu
  Nodes: 780,922
  Elements: 3,048,900
  Loaded field 'Displacement': (780922, 3)
Loading mesh: /home/arhashemi/Workspace/welding/Edgar/FLA/post/0eule/featurelessAvtk_128.pvtu
  Nodes: 780,922
  Elements: 3,048,900
  Loaded field 'Displacement': (780922, 3)
Loading mesh: /home/arhashemi/Workspace/welding/Edgar/FLA/post/0eule/featurelessAvtk_129.pvtu
  Nodes: 780,922
  Elements: 3,048,900
  Loaded field 'Displacement': (780922, 3)
Loading mesh: /home/arhashemi/Workspace/welding/Edgar/FLA/post/0eule/featurelessAvtk_130.pvtu
  Nodes: 780,922
  Elements: 3,048,900
  Loaded field 'Displacement': (780922, 3)
    Loaded 11/40 timesteps...
Loading mesh: /home/arhashemi/Workspace/welding/Edgar/FLA/post/0eule/featurelessAvtk_131.pvtu
  Nodes: 780,922
  Elements: 3,048,900
  Loaded field 'Displacement': (780922, 3)
Loading mesh: /home/arhashemi/Workspace/welding/Edgar/FLA/post/0eule/featurelessAvtk_132.pvtu
  Nodes: 780,922
  Elements: 3,048,900
  Loaded field 'Displacement': (780922, 3)
Loading mesh: /home/arhashemi/Workspace/welding/Edgar/FLA/post/0eule/featurelessAvtk_133.pvtu
  Nodes: 780,922
  Elements: 3,048,900
  Loaded field 'Displacement': (780922, 3)
Loading mesh: /home/arhashemi/Workspace/welding/Edgar/FLA/post/0eule/featurelessAvtk_134.pvtu
  Nodes: 780,922
  Elements: 3,048,900
  Loaded field 'Displacement': (780922, 3)
Loading mesh: /home/arhashemi/Workspace/welding/Edgar/FLA/post/0eule/featurelessAvtk_135.pvtu
  Nodes: 780,922
  Elements: 3,048,900
  Loaded field 'Displacement': (780922, 3)
Loading mesh: /home/arhashemi/Workspace/welding/Edgar/FLA/post/0eule/featurelessAvtk_136.pvtu
  Nodes: 780,922
  Elements: 3,048,900
  Loaded field 'Displacement': (780922, 3)
Loading mesh: /home/arhashemi/Workspace/welding/Edgar/FLA/post/0eule/featurelessAvtk_137.pvtu
  Nodes: 780,922
  Elements: 3,048,900
  Loaded field 'Displacement': (780922, 3)
Loading mesh: /home/arhashemi/Workspace/welding/Edgar/FLA/post/0eule/featurelessAvtk_138.pvtu
  Nodes: 780,922
  Elements: 3,048,900
  Loaded field 'Displacement': (780922, 3)
Loading mesh: /home/arhashemi/Workspace/welding/Edgar/FLA/post/0eule/featurelessAvtk_139.pvtu
  Nodes: 780,922
  Elements: 3,048,900
  Loaded field 'Displacement': (780922, 3)
Loading mesh: /home/arhashemi/Workspace/welding/Edgar/FLA/post/0eule/featurelessAvtk_140.pvtu
  Nodes: 780,922
  Elements: 3,048,900
  Loaded field 'Displacement': (780922, 3)
    Loaded 21/40 timesteps...
Loading mesh: /home/arhashemi/Workspace/welding/Edgar/FLA/post/0eule/featurelessAvtk_141.pvtu
  Nodes: 780,922
  Elements: 3,048,900
  Loaded field 'Displacement': (780922, 3)
Loading mesh: /home/arhashemi/Workspace/welding/Edgar/FLA/post/0eule/featurelessAvtk_142.pvtu
  Nodes: 780,922
  Elements: 3,048,900
  Loaded field 'Displacement': (780922, 3)
Loading mesh: /home/arhashemi/Workspace/welding/Edgar/FLA/post/0eule/featurelessAvtk_143.pvtu
  Nodes: 780,922
  Elements: 3,048,900
  Loaded field 'Displacement': (780922, 3)
Loading mesh: /home/arhashemi/Workspace/welding/Edgar/FLA/post/0eule/featurelessAvtk_144.pvtu
  Nodes: 780,922
  Elements: 3,048,900
  Loaded field 'Displacement': (780922, 3)
Loading mesh: /home/arhashemi/Workspace/welding/Edgar/FLA/post/0eule/featurelessAvtk_145.pvtu
  Nodes: 780,922
  Elements: 3,048,900
  Loaded field 'Displacement': (780922, 3)
Loading mesh: /home/arhashemi/Workspace/welding/Edgar/FLA/post/0eule/featurelessAvtk_146.pvtu
  Nodes: 780,922
  Elements: 3,048,900
  Loaded field 'Displacement': (780922, 3)
Loading mesh: /home/arhashemi/Workspace/welding/Edgar/FLA/post/0eule/featurelessAvtk_147.pvtu
  Nodes: 780,922
  Elements: 3,048,900
  Loaded field 'Displacement': (780922, 3)
Loading mesh: /home/arhashemi/Workspace/welding/Edgar/FLA/post/0eule/featurelessAvtk_148.pvtu
  Nodes: 780,922
  Elements: 3,048,900
  Loaded field 'Displacement': (780922, 3)
Loading mesh: /home/arhashemi/Workspace/welding/Edgar/FLA/post/0eule/featurelessAvtk_149.pvtu
  Nodes: 780,922
  Elements: 3,048,900
  Loaded field 'Displacement': (780922, 3)
Loading mesh: /home/arhashemi/Workspace/welding/Edgar/FLA/post/0eule/featurelessAvtk_150.pvtu
  Nodes: 780,922
  Elements: 3,048,900
  Loaded field 'Displacement': (780922, 3)
    Loaded 31/40 timesteps...
Loading mesh: /home/arhashemi/Workspace/welding/Edgar/FLA/post/0eule/featurelessAvtk_151.pvtu
  Nodes: 780,922
  Elements: 3,048,900
  Loaded field 'Displacement': (780922, 3)
Loading mesh: /home/arhashemi/Workspace/welding/Edgar/FLA/post/0eule/featurelessAvtk_152.pvtu
  Nodes: 780,922
  Elements: 3,048,900
  Loaded field 'Displacement': (780922, 3)
Loading mesh: /home/arhashemi/Workspace/welding/Edgar/FLA/post/0eule/featurelessAvtk_153.pvtu
  Nodes: 780,922
  Elements: 3,048,900
  Loaded field 'Displacement': (780922, 3)
Loading mesh: /home/arhashemi/Workspace/welding/Edgar/FLA/post/0eule/featurelessAvtk_154.pvtu
  Nodes: 780,922
  Elements: 3,048,900
  Loaded field 'Displacement': (780922, 3)
Loading mesh: /home/arhashemi/Workspace/welding/Edgar/FLA/post/0eule/featurelessAvtk_155.pvtu
  Nodes: 780,922
  Elements: 3,048,900
  Loaded field 'Displacement': (780922, 3)
Loading mesh: /home/arhashemi/Workspace/welding/Edgar/FLA/post/0eule/featurelessAvtk_156.pvtu
  Nodes: 780,922
  Elements: 3,048,900
  Loaded field 'Displacement': (780922, 3)
Loading mesh: /home/arhashemi/Workspace/welding/Edgar/FLA/post/0eule/featurelessAvtk_157.pvtu
  Nodes: 780,922
  Elements: 3,048,900
  Loaded field 'Displacement': (780922, 3)
Loading mesh: /home/arhashemi/Workspace/welding/Edgar/FLA/post/0eule/featurelessAvtk_158.pvtu
  Nodes: 780,922
  Elements: 3,048,900
  Loaded field 'Displacement': (780922, 3)
Loading mesh: /home/arhashemi/Workspace/welding/Edgar/FLA/post/0eule/featurelessAvtk_159.pvtu
  Nodes: 780,922
  Elements: 3,048,900
  Loaded field 'Displacement': (780922, 3)
    Loaded 40/40 timesteps
    Memory: 357.5 MB

  Mesh: 3,048,900 elements, 780,922 nodes
  Velocity timesteps: 40
  Total load time: 179.94s

  Velocity cycle parameters:
    Cycle period: 0.100 time units
    Number of cycles: 62.50
    Tracking steps per velocity step: 1

[2/6] Building global Morton structure (CPU)...
  Built 24,550 leaves in 11.88s
  Memory: 34.9 MB

[3/6] Uploading mesh and Morton structure to GPU...
  Computing element neighbors...
    Neighbor computation: 50.74s
  Total upload time: 50.90s

[4/6] Initializing 105,000 particles (uniform grid 50×70×30)...
  Particle bounds:
    X: [-0.024000, -0.012000] (domain fraction: (0.1, 0.3))
    Y: [-0.023000, 0.023000] (domain fraction: (0.0, 1.0))
    Z: [-0.010000, 0.000000] (domain fraction: (0.0, 1.0))
  Created 105,000 particles in uniform grid

[5/6] Setting up async VTK export...
  Output directory: output/global_morton_timedep
  Export frequency: every 10 steps
  Store velocities: No
  Expected exports: 250

[6/6] Running time integration (2,500 steps)...

  Uploading data to GPU...
    Velocity sequence upload: 0.16s (357.5 MB)
    Particle data upload: minimal

  Running extended initial assignment (radius=100)...
    Initial assignment: 90,454/105,000 (86.15%)
    Search time: 5.01s

  Compiling RK4 (first step)...
    Compilation time: 20.57s

❌ WARNING: Initial assignment <95%. Continuing anyway...

  Running 2,500 timesteps...
    Step     Active  Retention    Step Time      Throughput
  ------ ---------- ---------- ------------ ---------------
     100     90,825     86.50%     411.57 ms       255121 p/s | Exported:    9
     200     90,825     86.50%     417.72 ms       251362 p/s | Exported:   19
     300     90,825     86.50%     424.65 ms       247264 p/s | Exported:   29
     400     90,825     86.50%     430.63 ms       243827 p/s | Exported:   39
     500     90,825     86.50%     438.40 ms       239506 p/s | Exported:   49
     600     90,825     86.50%     448.90 ms       233903 p/s | Exported:   59
     700     90,825     86.50%     456.73 ms       229896 p/s | Exported:   69
     800     90,825     86.50%     462.52 ms       227015 p/s | Exported:   79
     900     90,825     86.50%     467.35 ms       224670 p/s | Exported:   89
    1000     90,825     86.50%     470.77 ms       223037 p/s | Exported:   99
    1100     90,825     86.50%     468.72 ms       224015 p/s | Exported:  109
    1200     90,825     86.50%     467.24 ms       224724 p/s | Exported:  119
    1300     90,825     86.50%     461.01 ms       227761 p/s | Exported:  129
    1400     90,825     86.50%     455.02 ms       230758 p/s | Exported:  139
    1500     90,825     86.50%     447.80 ms       234482 p/s | Exported:  149
    1600     90,825     86.50%     441.29 ms       237941 p/s | Exported:  159
    1700     90,825     86.50%     434.56 ms       241624 p/s | Exported:  169
    1800     90,825     86.50%     428.45 ms       245072 p/s | Exported:  179
    1900     90,825     86.50%     422.37 ms       248600 p/s | Exported:  189
    2000     90,825     86.50%     419.64 ms       250213 p/s | Exported:  199
    2100     90,825     86.50%     417.47 ms       251517 p/s | Exported:  209
    2200     90,825     86.50%     416.24 ms       252255 p/s | Exported:  219
    2300     90,825     86.50%     414.65 ms       253223 p/s | Exported:  229
    2400     90,825     86.50%     413.89 ms       253693 p/s | Exported:  239
    2500     90,825     86.50%     413.69 ms       253812 p/s | Exported:  249

  Waiting for exports to complete...
  ✅ All exports complete
    Files exported: 250
    Mean export time: 0.274 s
    Total export time: 68.5 s

================================================================================
PRODUCTION RESULTS
================================================================================

  Initial particles: 105,000
  Initial assignment: 90,454 (86.15%)
  Final active: 90,825
  Final retention: 86.50%

  Timesteps completed: 2,500
  Total integration time: 1096.57s
  Mean step time: 437.85 ± 20.52 ms
  Min/Max step time: 401.68 / 470.95 ms
  Mean throughput: 239810 particles/s

  Retention history:
    Step 10:    86.50%
    Step 100:   86.50%
    Step 1000:  86.50%
    Step 2500: 86.50%

================================================================================
PERFORMANCE METRICS
================================================================================
❌ Initial assignment: 86.15% (<95% target)
❌ Final retention: 86.50% (<95% target)
✅ Throughput: 239810 p/s (≥40k target)
✅ Memory: ~85 MB (global Morton + mesh)
✅ Architecture: L0 (cached) + L1 (3-hop) + L2 (global Morton, radius=2)
✅ Morton structure: 24,550 leaves, 256 capacity
✅ No JAX OOM errors
✅ VTK export: 250 files in output/global_morton_timedep
================================================================================

⚠  PRODUCTION TEST RESULTS
   Some metrics below target. Review L2 configuration or increase search radius.
================================================================================
