python production_tracking_fully_fused_timedep.py
✅ Enhanced VTK I/O available
/home/arhashemi/Workspace/welding/JAXTrace/jaxtrace/io/registry.py:41: UserWarning: h5py not available. HDF5 I/O will be disabled
  from .hdf5_io import H5Series
✅ HDF5 I/O available
================================================================================
Production Particle Tracking - Global Morton L2 Search
================================================================================
Grid resolution: 20 × 80 × 30 = 48,000 particles
Timesteps: 2,500
dt: 2.50e-03
L1 hops: 3
L2 radius: 10
================================================================================

[1/6] Loading mesh and velocity sequence...

Loading velocity sequence:
  Pattern: featurelessAvtk_{timestep}.pvtu
  Range: 120-159 (40 timesteps)
  Field: 'Displacement'

  Loading mesh topology from: featurelessAvtk_120.pvtu
Loading mesh: /home/arhashemi/Workspace/welding/Edgar/FLA/post/0eule/featurelessAvtk_120.pvtu
  Nodes: 780,922
  Elements: 3,048,900
  Loaded field 'Displacement': (780922, 3)
    Nodes: 780,922
    Elements: 3,048,900

  Loading velocity fields:
Loading mesh: /home/arhashemi/Workspace/welding/Edgar/FLA/post/0eule/featurelessAvtk_121.pvtu
  Nodes: 780,922
  Elements: 3,048,900
  Loaded field 'Displacement': (780922, 3)
Loading mesh: /home/arhashemi/Workspace/welding/Edgar/FLA/post/0eule/featurelessAvtk_122.pvtu
  Nodes: 780,922
  Elements: 3,048,900
  Loaded field 'Displacement': (780922, 3)
Loading mesh: /home/arhashemi/Workspace/welding/Edgar/FLA/post/0eule/featurelessAvtk_123.pvtu
  Nodes: 780,922
  Elements: 3,048,900
  Loaded field 'Displacement': (780922, 3)
Loading mesh: /home/arhashemi/Workspace/welding/Edgar/FLA/post/0eule/featurelessAvtk_124.pvtu
  Nodes: 780,922
  Elements: 3,048,900
  Loaded field 'Displacement': (780922, 3)
Loading mesh: /home/arhashemi/Workspace/welding/Edgar/FLA/post/0eule/featurelessAvtk_125.pvtu
  Nodes: 780,922
  Elements: 3,048,900
  Loaded field 'Displacement': (780922, 3)
Loading mesh: /home/arhashemi/Workspace/welding/Edgar/FLA/post/0eule/featurelessAvtk_126.pvtu
  Nodes: 780,922
  Elements: 3,048,900
  Loaded field 'Displacement': (780922, 3)
Loading mesh: /home/arhashemi/Workspace/welding/Edgar/FLA/post/0eule/featurelessAvtk_127.pvtu
  Nodes: 780,922
  Elements: 3,048,900
  Loaded field 'Displacement': (780922, 3)
Loading mesh: /home/arhashemi/Workspace/welding/Edgar/FLA/post/0eule/featurelessAvtk_128.pvtu
  Nodes: 780,922
  Elements: 3,048,900
  Loaded field 'Displacement': (780922, 3)
Loading mesh: /home/arhashemi/Workspace/welding/Edgar/FLA/post/0eule/featurelessAvtk_129.pvtu
  Nodes: 780,922
  Elements: 3,048,900
  Loaded field 'Displacement': (780922, 3)
Loading mesh: /home/arhashemi/Workspace/welding/Edgar/FLA/post/0eule/featurelessAvtk_130.pvtu
  Nodes: 780,922
  Elements: 3,048,900
  Loaded field 'Displacement': (780922, 3)
    Loaded 11/40 timesteps...
Loading mesh: /home/arhashemi/Workspace/welding/Edgar/FLA/post/0eule/featurelessAvtk_131.pvtu
  Nodes: 780,922
  Elements: 3,048,900
  Loaded field 'Displacement': (780922, 3)
Loading mesh: /home/arhashemi/Workspace/welding/Edgar/FLA/post/0eule/featurelessAvtk_132.pvtu
  Nodes: 780,922
  Elements: 3,048,900
  Loaded field 'Displacement': (780922, 3)
Loading mesh: /home/arhashemi/Workspace/welding/Edgar/FLA/post/0eule/featurelessAvtk_133.pvtu
  Nodes: 780,922
  Elements: 3,048,900
  Loaded field 'Displacement': (780922, 3)
Loading mesh: /home/arhashemi/Workspace/welding/Edgar/FLA/post/0eule/featurelessAvtk_134.pvtu
  Nodes: 780,922
  Elements: 3,048,900
  Loaded field 'Displacement': (780922, 3)
Loading mesh: /home/arhashemi/Workspace/welding/Edgar/FLA/post/0eule/featurelessAvtk_135.pvtu
  Nodes: 780,922
  Elements: 3,048,900
  Loaded field 'Displacement': (780922, 3)
Loading mesh: /home/arhashemi/Workspace/welding/Edgar/FLA/post/0eule/featurelessAvtk_136.pvtu
  Nodes: 780,922
  Elements: 3,048,900
  Loaded field 'Displacement': (780922, 3)
Loading mesh: /home/arhashemi/Workspace/welding/Edgar/FLA/post/0eule/featurelessAvtk_137.pvtu
  Nodes: 780,922
  Elements: 3,048,900
  Loaded field 'Displacement': (780922, 3)
Loading mesh: /home/arhashemi/Workspace/welding/Edgar/FLA/post/0eule/featurelessAvtk_138.pvtu
  Nodes: 780,922
  Elements: 3,048,900
  Loaded field 'Displacement': (780922, 3)
Loading mesh: /home/arhashemi/Workspace/welding/Edgar/FLA/post/0eule/featurelessAvtk_139.pvtu
  Nodes: 780,922
  Elements: 3,048,900
  Loaded field 'Displacement': (780922, 3)
Loading mesh: /home/arhashemi/Workspace/welding/Edgar/FLA/post/0eule/featurelessAvtk_140.pvtu
  Nodes: 780,922
  Elements: 3,048,900
  Loaded field 'Displacement': (780922, 3)
    Loaded 21/40 timesteps...
Loading mesh: /home/arhashemi/Workspace/welding/Edgar/FLA/post/0eule/featurelessAvtk_141.pvtu
  Nodes: 780,922
  Elements: 3,048,900
  Loaded field 'Displacement': (780922, 3)
Loading mesh: /home/arhashemi/Workspace/welding/Edgar/FLA/post/0eule/featurelessAvtk_142.pvtu
  Nodes: 780,922
  Elements: 3,048,900
  Loaded field 'Displacement': (780922, 3)
Loading mesh: /home/arhashemi/Workspace/welding/Edgar/FLA/post/0eule/featurelessAvtk_143.pvtu
  Nodes: 780,922
  Elements: 3,048,900
  Loaded field 'Displacement': (780922, 3)
Loading mesh: /home/arhashemi/Workspace/welding/Edgar/FLA/post/0eule/featurelessAvtk_144.pvtu
  Nodes: 780,922
  Elements: 3,048,900
  Loaded field 'Displacement': (780922, 3)
Loading mesh: /home/arhashemi/Workspace/welding/Edgar/FLA/post/0eule/featurelessAvtk_145.pvtu
  Nodes: 780,922
  Elements: 3,048,900
  Loaded field 'Displacement': (780922, 3)
Loading mesh: /home/arhashemi/Workspace/welding/Edgar/FLA/post/0eule/featurelessAvtk_146.pvtu
  Nodes: 780,922
  Elements: 3,048,900
  Loaded field 'Displacement': (780922, 3)
Loading mesh: /home/arhashemi/Workspace/welding/Edgar/FLA/post/0eule/featurelessAvtk_147.pvtu
  Nodes: 780,922
  Elements: 3,048,900
  Loaded field 'Displacement': (780922, 3)
Loading mesh: /home/arhashemi/Workspace/welding/Edgar/FLA/post/0eule/featurelessAvtk_148.pvtu
  Nodes: 780,922
  Elements: 3,048,900
  Loaded field 'Displacement': (780922, 3)
Loading mesh: /home/arhashemi/Workspace/welding/Edgar/FLA/post/0eule/featurelessAvtk_149.pvtu
  Nodes: 780,922
  Elements: 3,048,900
  Loaded field 'Displacement': (780922, 3)
Loading mesh: /home/arhashemi/Workspace/welding/Edgar/FLA/post/0eule/featurelessAvtk_150.pvtu
  Nodes: 780,922
  Elements: 3,048,900
  Loaded field 'Displacement': (780922, 3)
    Loaded 31/40 timesteps...
Loading mesh: /home/arhashemi/Workspace/welding/Edgar/FLA/post/0eule/featurelessAvtk_151.pvtu
  Nodes: 780,922
  Elements: 3,048,900
  Loaded field 'Displacement': (780922, 3)
Loading mesh: /home/arhashemi/Workspace/welding/Edgar/FLA/post/0eule/featurelessAvtk_152.pvtu
  Nodes: 780,922
  Elements: 3,048,900
  Loaded field 'Displacement': (780922, 3)
Loading mesh: /home/arhashemi/Workspace/welding/Edgar/FLA/post/0eule/featurelessAvtk_153.pvtu
  Nodes: 780,922
  Elements: 3,048,900
  Loaded field 'Displacement': (780922, 3)
Loading mesh: /home/arhashemi/Workspace/welding/Edgar/FLA/post/0eule/featurelessAvtk_154.pvtu
  Nodes: 780,922
  Elements: 3,048,900
  Loaded field 'Displacement': (780922, 3)
Loading mesh: /home/arhashemi/Workspace/welding/Edgar/FLA/post/0eule/featurelessAvtk_155.pvtu
  Nodes: 780,922
  Elements: 3,048,900
  Loaded field 'Displacement': (780922, 3)
Loading mesh: /home/arhashemi/Workspace/welding/Edgar/FLA/post/0eule/featurelessAvtk_156.pvtu
  Nodes: 780,922
  Elements: 3,048,900
  Loaded field 'Displacement': (780922, 3)
Loading mesh: /home/arhashemi/Workspace/welding/Edgar/FLA/post/0eule/featurelessAvtk_157.pvtu
  Nodes: 780,922
  Elements: 3,048,900
  Loaded field 'Displacement': (780922, 3)
Loading mesh: /home/arhashemi/Workspace/welding/Edgar/FLA/post/0eule/featurelessAvtk_158.pvtu
  Nodes: 780,922
  Elements: 3,048,900
  Loaded field 'Displacement': (780922, 3)
Loading mesh: /home/arhashemi/Workspace/welding/Edgar/FLA/post/0eule/featurelessAvtk_159.pvtu
  Nodes: 780,922
  Elements: 3,048,900
  Loaded field 'Displacement': (780922, 3)
    Loaded 40/40 timesteps
    Memory: 357.5 MB

  Mesh: 3,048,900 elements, 780,922 nodes
  Velocity timesteps: 40
  Total load time: 171.93s

  Velocity cycle parameters:
    Cycle period: 0.100 time units
    Number of cycles: 62.50
    Tracking steps per velocity step: 1

[2/6] Building global Morton structure (CPU)...
  Built 24,550 leaves in 11.45s
  Memory: 34.9 MB

[3/6] Uploading mesh and Morton structure to GPU...
  Computing element neighbors (NODE-BASED)...

Building element neighbors array for 3,048,900 elements...
  Method: node

Extracting NODE-BASED element neighbors for 3,048,900 elements...
  (Elements sharing ANY node are considered neighbors)
Building node-to-element map for 3,048,900 elements...
  Processed 500,000/3,048,900 elements...
  Processed 1,000,000/3,048,900 elements...
  Processed 1,500,000/3,048,900 elements...
  Processed 2,000,000/3,048,900 elements...
  Processed 2,500,000/3,048,900 elements...
  Processed 3,000,000/3,048,900 elements...
  Total nodes: 665,594
  Avg elements per node: 18.32
Building neighbor lists from node connectivity...
  Processed 500,000/3,048,900 elements...
  Processed 1,000,000/3,048,900 elements...
  Processed 1,500,000/3,048,900 elements...
  Processed 2,000,000/3,048,900 elements...
  Processed 2,500,000/3,048,900 elements...
  Processed 3,000,000/3,048,900 elements...

Node-based neighbor statistics:
  Elements: 3,048,900
  Neighbors per element: min=1, max=90, avg=58.97
  NOTE: Node-based typically has 14.7x more neighbors than face-based
  Max neighbors found: 90
  Estimated memory: 1046.8 MB
  Converting to padded array (3048900, 90)...
  Elements with max neighbors: 4 (0.0%)
  Elements with < max neighbors: 3,048,896 (100.0%)
  Avg neighbors per element: 58.97
  Element neighbors array built successfully!
    Neighbor computation: 28.93s
    Neighbor memory: 1046.8 MB
    Neighbor array shape: (3048900, 90)
    Max neighbors per element: 90
  Total upload time: 29.22s
  Moroton GPU leaves: 24,550
  Moroton Prefix Table Depth: 6

[4/6] Initializing 48,000 particles (uniform grid 20×80×30)...
  Particle bounds:
    X: [-0.018000, -0.009000] (domain fraction: (0.2, 0.35))
    Y: [-0.013800, 0.013800] (domain fraction: (0.2, 0.8))
    Z: [-0.007000, 0.000000] (domain fraction: (0.3, 1.0))
  Created 48,000 particles in uniform grid

[5/6] Setting up async VTK export...
  Output directory: output/global_morton_timedep
  Export frequency: every 10 steps
  Store velocities: No
  Expected exports: 250

[6/6] Running time integration (2,500 steps)...

  Search hierarchy configuration:
    L0 (cached element) → L1 (3 hops) → L2 (Morton, radius=10)

  Uploading data to GPU...
    Velocity sequence upload: 0.14s (357.5 MB)
    Particle data upload: minimal

  Running cascading initial assignment...
    Initial radius: 50 (all particles)
    Fallback radii: [200, 500, 1000] (only unassigned particles)

  Initial search (radius=50) for all particles...
    Assigned: 39,554/48,000 (82.40%)

  Cascading fallback search for 8,446 unassigned particles...
    radius= 100: Searching 8,446 particles...
               Found: 354 (total: 39,908/48,000, 83.14%)
    radius= 200: Searching 8,092 particles...
               Found: 157 (total: 40,065/48,000, 83.47%)
    radius= 500: Searching 7,935 particles...
               Found: 129 (total: 40,194/48,000, 83.74%)

  Final assignment: 40,194/48,000 (83.74%)
  ⚠  7,806 particles could not be assigned
     These particles are likely outside the mesh domain
    Initial assignment: 40,194/48,000 (83.74%)
    Search time: 19.32s

  Compiling RK4 (first step)...
    Compilation time: 30.23s

❌ WARNING: Initial assignment <95%. Continuing anyway...

  Running 2,500 timesteps...
    Step     Active  Retention    Step Time      Throughput
  ------ ---------- ---------- ------------ ---------------
     100     38,105     79.39%    3675.18 ms        13061 p/s | Exported:    9
     200     36,802     76.67%    3723.95 ms        12890 p/s | Exported:   19
     300     35,903     74.80%    3759.15 ms        12769 p/s | Exported:   29
     400     34,868     72.64%    3824.08 ms        12552 p/s | Exported:   39
     500     33,728     70.27%    3884.68 ms        12356 p/s | Exported:   49
     600     32,601     67.92%    3933.41 ms        12203 p/s | Exported:   59
     700     31,366     65.35%    3957.40 ms        12129 p/s | Exported:   69
     800     30,189     62.89%    3975.24 ms        12075 p/s | Exported:   79
     900     28,865     60.14%    3973.28 ms        12081 p/s | Exported:   89
    1000     27,562     57.42%    3956.46 ms        12132 p/s | Exported:   99
    1100     26,403     55.01%    3941.92 ms        12177 p/s | Exported:  109
    1200     25,253     52.61%    3930.27 ms        12213 p/s | Exported:  119
    1300     23,909     49.81%    3922.97 ms        12236 p/s | Exported:  129
    1400     22,773     47.44%    3915.82 ms        12258 p/s | Exported:  139
    1500     21,887     45.60%    3904.74 ms        12293 p/s | Exported:  149
    1600     21,349     44.48%    3899.29 ms        12310 p/s | Exported:  159
    1700     20,902     43.55%    3890.29 ms        12338 p/s | Exported:  169
    1800     20,568     42.85%    3900.44 ms        12306 p/s | Exported:  179
    1900     20,427     42.56%    3882.16 ms        12364 p/s | Exported:  189
    2000     20,321     42.34%    3892.80 ms        12330 p/s | Exported:  199
    2100     20,261     42.21%    3884.71 ms        12356 p/s | Exported:  209
    2200     19,984     41.63%    3883.71 ms        12359 p/s | Exported:  219
    2300     18,127     37.76%    3885.47 ms        12354 p/s | Exported:  229
    2400     15,966     33.26%    3880.06 ms        12371 p/s | Exported:  239
    2500     13,787     28.72%    3891.92 ms        12333 p/s | Exported:  249

  Waiting for exports to complete...
  ✅ All exports complete
    Files exported: 250
    Mean export time: 0.083 s
    Total export time: 20.7 s

================================================================================
PRODUCTION RESULTS
================================================================================

  Initial particles: 48,000
  Initial assignment: 40,194 (83.74%)
  Final active: 13,787
  Final retention: 28.72%

  Timesteps completed: 2,500
  Total integration time: 9702.96s
  Mean step time: 3880.65 ± 80.22 ms
  Min/Max step time: 3581.16 / 3981.64 ms
  Mean throughput: 12369 particles/s

  Retention history:
    Step 10:    81.28%
    Step 100:   79.39%
    Step 1000:  57.42%
    Step 2500: 28.72%

================================================================================
PERFORMANCE METRICS
================================================================================
❌ Initial assignment: 83.74% (<95% target)
❌ Final retention: 28.72% (<95% target)
❌ Throughput: 12369 p/s (<30k target)
✅ Memory: ~85 MB (global Morton + mesh)
✅ Architecture: L0 (cached) + L1 (3-hop) + L2 (global Morton, radius=10)
✅ Morton structure: 24,550 leaves, 256 capacity
✅ No JAX OOM errors
✅ VTK export: 250 files in output/global_morton_timedep
================================================================================

⚠  PRODUCTION TEST RESULTS
   Some metrics below target. Review L2 configuration or increase search radius.
================================================================================
