production_tracking_hierarchical_5hop_CLEAN.py
✅ Enhanced VTK I/O available
/home/arhashemi/Workspace/welding/JAXTrace/jaxtrace/io/registry.py:41: UserWarning: h5py not available. HDF5 I/O will be disabled
  from .hdf5_io import H5Series
✅ HDF5 I/O available
================================================================================
PRODUCTION PARTICLE TRACKING WITH ASYNC VTK EXPORT
================================================================================
JAX version: 0.8.0
JAX backend: gpu
Available devices: [CudaDevice(id=0)]

================================================================================
CONFIGURATION
================================================================================

Mesh: /home/arhashemi/Workspace/welding/Edgar/ThreadedA/post/0eule/threadedAvtk_120.pvtu
Particle grid resolution: (50, 70, 30)
Particle bounds (fraction): {'x': (0.1, 0.3), 'y': (0.0, 1.0), 'z': (0.0, 1.0)}
Timesteps: 2,500
dt: 0.0025 s
Total time: 6.250 s
Grid: (8, 8, 4) (256 blocks)
Export frequency: every 10 steps
Store velocities: No
Output directory: output/threadeda_hierarchical_5hop
Boundary deactivation: Enabled

Performance Mode:
  Mode: GLOBAL GPU MESH (optimized) - Phase 2
  Expected throughput: 200,000-300,000 p/s
  Memory: ~2 GB CPU RAM, ~500 MB GPU

================================================================================
MESH LOADING
================================================================================

Loading mesh: /home/arhashemi/Workspace/welding/Edgar/ThreadedA/post/0eule/threadedAvtk_120.pvtu
  Nodes: 900,671
  Elements: 3,512,384
  Loaded field 'Displacement': (900671, 3)
✓ Mesh loaded (5.33 s):
  Nodes: 900,671
  Elements: 3,512,384
  Velocity field: (900671, 3)
  Velocity magnitude range: [-0.878970, 0.808578] m/s

================================================================================
FOREST STRUCTURE
================================================================================

Bounding box:
  X: [-0.0300, 0.0300]
  Y: [-0.0230, 0.0230]
  Z: [-0.0100, 0.0000]

✓ Block grid created (0.00 s): 256 blocks
✓ Element assignment (7.26 s)
  Blocks used: 256/256
  Elements per block: 2 - 450004
✓ Element neighbors built (57.69 s)
✓ Padded arrays (4.26 s)
  Shape: (256, 450004)
  Memory: 6593.8 MB
  Note: Used for initial assignment only, not for incremental search

✓ Block classification:
  Light blocks: 240
  Heavy blocks: 16

Building hash buckets for 16 heavy blocks...

================================================================================
PARTICLE GENERATION (UNIFORM GRID)
================================================================================

Domain bounds:
  X: [-0.0300, 0.0300] (size: 0.0600)
  Y: [-0.0230, 0.0230] (size: 0.0460)
  Z: [-0.0100, 0.0000] (size: 0.0100)

Particle region (fractional):
  X: [-0.0240, -0.0120] (fraction: (0.1, 0.3))
  Y: [-0.0230, 0.0230] (fraction: (0.0, 1.0))
  Z: [-0.0100, 0.0000] (fraction: (0.0, 1.0))
  Particle region size: [0.012 0.046 0.01 ]

Grid resolution: 50 × 70 × 30 = 105,000 particles

Generating uniform grid particles...
✓ Generated 105,000 particles on uniform grid

================================================================================
GPU MESH UPLOAD
================================================================================

Estimated mesh memory: 117.50 MB
Uploading mesh to GPU...
  Elements: 3,512,384
  Nodes: 900,671
✓ Mesh uploaded to GPU:
  Connectivity: 53.59 MB
  Node positions: 10.31 MB
  Element neighbors: 53.59 MB
  Total: 117.50 MB

  Baseline comparison:
    Block-wise padded arrays: ~6,500 MB CPU memory (98% waste)
    Global mesh: 117.50 MB GPU memory (0% waste)
    Memory reduction: 55.3× smaller
Uploading velocity field to GPU...
✓ Velocity field uploaded to GPU: (900671, 3)

================================================================================
INITIAL ASSIGNMENT
================================================================================

Finding containing elements...
✓ Initial assignment (175.80 s):
  Found: 103671/105000 (98.7%)
  Throughput: 589.7 p/s

Active particles: 103,671

================================================================================
TRACKING SETUP
================================================================================

✓ Velocity field prepared for block-wise tracking
  Source: Loaded from mesh file ('Displacement')
  Shape: (256, 900671, 3) (n_blocks × n_nodes × 3)
  Velocity magnitude range: [0.000155, 0.900027] m/s

✓ Using GLOBAL MESH interpolator (Phase 2)
  Architecture: Persistent GPU mesh + single batch
  Expected speedup: 40-60× over baseline

✓ Using HYBRID incremental search (Phase 3a - Option A+D optimized)
  Architecture: Vectorized L0 + Extended L1 (3-hop)
  No fallback (L1 multi-hop only)
  Expected: 99.91% hit rate, 7.8% retention at 2,500 steps
  Optimizations: Extended neighborhood + GPU-fused execution

✓ Interpolator and searcher functions created

✓ Using GPU-FUSED RK4 (Phase 3a Part 2)
  Architecture: All 4 RK4 stages execute on GPU
  Transfer reduction: 8 round trips → 2 transfers per timestep
  Expected throughput: 50-100k p/s (4-8× improvement)

Warming up JIT compilation...
  Note: Using small batch (1,000 particles) for JIT warm-up to avoid GPU OOM
✓ JIT warm-up complete (5.02 s)

================================================================================
ASYNC VTK EXPORT SETUP
================================================================================

✓ Async VTK exporter initialized
  Output directory: output/threadeda_hierarchical_5hop
  Export frequency: every 10 steps
  Store velocities: No
  Expected exports: 250

================================================================================
TIME MARCHING
================================================================================

Running 2,500 timesteps with dt=0.0025 s...
(Export happens in background thread, no blocking)

Step   100/2500 | Active: 91,533 | Throughput: 19992.5 p/s | GPU:  2659 MB | RAM:  11620 MB | Exported:    9 | ETA: 193.6 min
Step   200/2500 | Active: 79,930 | Throughput: 17571.1 p/s | GPU:  2659 MB | RAM:  11621 MB | Exported:   19 | ETA: 186.3 min
Step   300/2500 | Active: 69,205 | Throughput: 14856.0 p/s | GPU:  2659 MB | RAM:  11622 MB | Exported:   29 | ETA: 184.4 min
Step   400/2500 | Active: 59,508 | Throughput: 13111.8 p/s | GPU:  2659 MB | RAM:  11623 MB | Exported:   39 | ETA: 171.8 min

KeyboardInterrupt

