unset LD_PRELOAD && python production_tracking_fully_fused_timedep.py
ERROR:2026-01-17 18:51:15,622:jax._src.xla_bridge:475: Jax plugin configuration error: Exception when calling jax_plugins.xla_cuda13.initialize()
Traceback (most recent call last):
  File "/home/arhashemi/Workspace/welding/JAXTrace/.venv/lib/python3.13/site-packages/jax/_src/xla_bridge.py", line 473, in discover_pjrt_plugins
    plugin_module.initialize()
    ~~~~~~~~~~~~~~~~~~~~~~~~^^
  File "/home/arhashemi/Workspace/welding/JAXTrace/.venv/lib/python3.13/site-packages/jax_plugins/xla_cuda13/__init__.py", line 334, in initialize
    c_api = xb.register_plugin(
        'cuda', priority=500, library_path=str(path), options=options
    )
  File "/home/arhashemi/Workspace/welding/JAXTrace/.venv/lib/python3.13/site-packages/jax/_src/xla_bridge.py", line 609, in register_plugin
    c_api = xla_client.load_pjrt_plugin_dynamically(plugin_name, library_path)
  File "/home/arhashemi/Workspace/welding/JAXTrace/.venv/lib/python3.13/site-packages/jaxlib/xla_client.py", line 117, in load_pjrt_plugin_dynamically
    return _xla.load_pjrt_plugin(plugin_name, library_path, c_api=None)
           ~~~~~~~~~~~~~~~~~~~~~^^^^^^^^^^^^^^^^^^^^^^^^^^^^^^^^^^^^^^^
jax.errors.JaxRuntimeError: ALREADY_EXISTS: PJRT_Api already exists for device type cuda
✅ Enhanced VTK I/O available
/home/arhashemi/Workspace/welding/JAXTrace/jaxtrace/io/registry.py:41: UserWarning: h5py not available. HDF5 I/O will be disabled
  from .hdf5_io import H5Series
✅ HDF5 I/O available
================================================================================
Production Particle Tracking - Global HILBERT L2 Search
================================================================================
Grid resolution: 50 × 90 × 50 = 225,000 particles
Timesteps: 2,500
dt: 2.50e-03
Space-filling curve: hilbert
Point-in-tet method: skala_memory_opt
L1 hops: 1
L2 radius: 10
================================================================================

[1/6] Loading mesh and velocity sequence...

Loading velocity sequence:
  Pattern: featurelessAvtk_{timestep}.pvtu
  Range: 120-159 (40 timesteps)
  Field: 'Displacement'

  Loading mesh topology from: featurelessAvtk_120.pvtu
Loading mesh: /home/arhashemi/Workspace/welding/Edgar/FLA/post/0eule/featurelessAvtk_120.pvtu
  Nodes: 780,922
  Elements: 3,048,900
  Loaded field 'Displacement': (780922, 3)
    Nodes: 780,922
    Elements: 3,048,900

  Loading velocity fields:
Loading mesh: /home/arhashemi/Workspace/welding/Edgar/FLA/post/0eule/featurelessAvtk_121.pvtu
  Nodes: 780,922
  Elements: 3,048,900
  Loaded field 'Displacement': (780922, 3)
Loading mesh: /home/arhashemi/Workspace/welding/Edgar/FLA/post/0eule/featurelessAvtk_122.pvtu
  Nodes: 780,922
  Elements: 3,048,900
  Loaded field 'Displacement': (780922, 3)
Loading mesh: /home/arhashemi/Workspace/welding/Edgar/FLA/post/0eule/featurelessAvtk_123.pvtu
  Nodes: 780,922
  Elements: 3,048,900
  Loaded field 'Displacement': (780922, 3)
Loading mesh: /home/arhashemi/Workspace/welding/Edgar/FLA/post/0eule/featurelessAvtk_124.pvtu
  Nodes: 780,922
  Elements: 3,048,900
  Loaded field 'Displacement': (780922, 3)
Loading mesh: /home/arhashemi/Workspace/welding/Edgar/FLA/post/0eule/featurelessAvtk_125.pvtu
  Nodes: 780,922
  Elements: 3,048,900
  Loaded field 'Displacement': (780922, 3)
Loading mesh: /home/arhashemi/Workspace/welding/Edgar/FLA/post/0eule/featurelessAvtk_126.pvtu
  Nodes: 780,922
  Elements: 3,048,900
  Loaded field 'Displacement': (780922, 3)
Loading mesh: /home/arhashemi/Workspace/welding/Edgar/FLA/post/0eule/featurelessAvtk_127.pvtu
  Nodes: 780,922
  Elements: 3,048,900
  Loaded field 'Displacement': (780922, 3)
Loading mesh: /home/arhashemi/Workspace/welding/Edgar/FLA/post/0eule/featurelessAvtk_128.pvtu
  Nodes: 780,922
  Elements: 3,048,900
  Loaded field 'Displacement': (780922, 3)
Loading mesh: /home/arhashemi/Workspace/welding/Edgar/FLA/post/0eule/featurelessAvtk_129.pvtu
  Nodes: 780,922
  Elements: 3,048,900
  Loaded field 'Displacement': (780922, 3)
Loading mesh: /home/arhashemi/Workspace/welding/Edgar/FLA/post/0eule/featurelessAvtk_130.pvtu
  Nodes: 780,922
  Elements: 3,048,900
  Loaded field 'Displacement': (780922, 3)
    Loaded 11/40 timesteps...
Loading mesh: /home/arhashemi/Workspace/welding/Edgar/FLA/post/0eule/featurelessAvtk_131.pvtu
  Nodes: 780,922
  Elements: 3,048,900
  Loaded field 'Displacement': (780922, 3)
Loading mesh: /home/arhashemi/Workspace/welding/Edgar/FLA/post/0eule/featurelessAvtk_132.pvtu
  Nodes: 780,922
  Elements: 3,048,900
  Loaded field 'Displacement': (780922, 3)
Loading mesh: /home/arhashemi/Workspace/welding/Edgar/FLA/post/0eule/featurelessAvtk_133.pvtu
  Nodes: 780,922
  Elements: 3,048,900
  Loaded field 'Displacement': (780922, 3)
Loading mesh: /home/arhashemi/Workspace/welding/Edgar/FLA/post/0eule/featurelessAvtk_134.pvtu
  Nodes: 780,922
  Elements: 3,048,900
  Loaded field 'Displacement': (780922, 3)
Loading mesh: /home/arhashemi/Workspace/welding/Edgar/FLA/post/0eule/featurelessAvtk_135.pvtu
  Nodes: 780,922
  Elements: 3,048,900
  Loaded field 'Displacement': (780922, 3)
Loading mesh: /home/arhashemi/Workspace/welding/Edgar/FLA/post/0eule/featurelessAvtk_136.pvtu
  Nodes: 780,922
  Elements: 3,048,900
  Loaded field 'Displacement': (780922, 3)
Loading mesh: /home/arhashemi/Workspace/welding/Edgar/FLA/post/0eule/featurelessAvtk_137.pvtu
  Nodes: 780,922
  Elements: 3,048,900
  Loaded field 'Displacement': (780922, 3)
Loading mesh: /home/arhashemi/Workspace/welding/Edgar/FLA/post/0eule/featurelessAvtk_138.pvtu
  Nodes: 780,922
  Elements: 3,048,900
  Loaded field 'Displacement': (780922, 3)
Loading mesh: /home/arhashemi/Workspace/welding/Edgar/FLA/post/0eule/featurelessAvtk_139.pvtu
  Nodes: 780,922
  Elements: 3,048,900
  Loaded field 'Displacement': (780922, 3)
Loading mesh: /home/arhashemi/Workspace/welding/Edgar/FLA/post/0eule/featurelessAvtk_140.pvtu
  Nodes: 780,922
  Elements: 3,048,900
  Loaded field 'Displacement': (780922, 3)
    Loaded 21/40 timesteps...
Loading mesh: /home/arhashemi/Workspace/welding/Edgar/FLA/post/0eule/featurelessAvtk_141.pvtu
  Nodes: 780,922
  Elements: 3,048,900
  Loaded field 'Displacement': (780922, 3)
Loading mesh: /home/arhashemi/Workspace/welding/Edgar/FLA/post/0eule/featurelessAvtk_142.pvtu
  Nodes: 780,922
  Elements: 3,048,900
  Loaded field 'Displacement': (780922, 3)
Loading mesh: /home/arhashemi/Workspace/welding/Edgar/FLA/post/0eule/featurelessAvtk_143.pvtu
  Nodes: 780,922
  Elements: 3,048,900
  Loaded field 'Displacement': (780922, 3)
Loading mesh: /home/arhashemi/Workspace/welding/Edgar/FLA/post/0eule/featurelessAvtk_144.pvtu
  Nodes: 780,922
  Elements: 3,048,900
  Loaded field 'Displacement': (780922, 3)
Loading mesh: /home/arhashemi/Workspace/welding/Edgar/FLA/post/0eule/featurelessAvtk_145.pvtu
  Nodes: 780,922
  Elements: 3,048,900
  Loaded field 'Displacement': (780922, 3)
Loading mesh: /home/arhashemi/Workspace/welding/Edgar/FLA/post/0eule/featurelessAvtk_146.pvtu
  Nodes: 780,922
  Elements: 3,048,900
  Loaded field 'Displacement': (780922, 3)
Loading mesh: /home/arhashemi/Workspace/welding/Edgar/FLA/post/0eule/featurelessAvtk_147.pvtu
  Nodes: 780,922
  Elements: 3,048,900
  Loaded field 'Displacement': (780922, 3)
Loading mesh: /home/arhashemi/Workspace/welding/Edgar/FLA/post/0eule/featurelessAvtk_148.pvtu
  Nodes: 780,922
  Elements: 3,048,900
  Loaded field 'Displacement': (780922, 3)
Loading mesh: /home/arhashemi/Workspace/welding/Edgar/FLA/post/0eule/featurelessAvtk_149.pvtu
  Nodes: 780,922
  Elements: 3,048,900
  Loaded field 'Displacement': (780922, 3)
Loading mesh: /home/arhashemi/Workspace/welding/Edgar/FLA/post/0eule/featurelessAvtk_150.pvtu
  Nodes: 780,922
  Elements: 3,048,900
  Loaded field 'Displacement': (780922, 3)
    Loaded 31/40 timesteps...
Loading mesh: /home/arhashemi/Workspace/welding/Edgar/FLA/post/0eule/featurelessAvtk_151.pvtu
  Nodes: 780,922
  Elements: 3,048,900
  Loaded field 'Displacement': (780922, 3)
Loading mesh: /home/arhashemi/Workspace/welding/Edgar/FLA/post/0eule/featurelessAvtk_152.pvtu
  Nodes: 780,922
  Elements: 3,048,900
  Loaded field 'Displacement': (780922, 3)
Loading mesh: /home/arhashemi/Workspace/welding/Edgar/FLA/post/0eule/featurelessAvtk_153.pvtu
  Nodes: 780,922
  Elements: 3,048,900
  Loaded field 'Displacement': (780922, 3)
Loading mesh: /home/arhashemi/Workspace/welding/Edgar/FLA/post/0eule/featurelessAvtk_154.pvtu
  Nodes: 780,922
  Elements: 3,048,900
  Loaded field 'Displacement': (780922, 3)
Loading mesh: /home/arhashemi/Workspace/welding/Edgar/FLA/post/0eule/featurelessAvtk_155.pvtu
  Nodes: 780,922
  Elements: 3,048,900
  Loaded field 'Displacement': (780922, 3)
Loading mesh: /home/arhashemi/Workspace/welding/Edgar/FLA/post/0eule/featurelessAvtk_156.pvtu
  Nodes: 780,922
  Elements: 3,048,900
  Loaded field 'Displacement': (780922, 3)
Loading mesh: /home/arhashemi/Workspace/welding/Edgar/FLA/post/0eule/featurelessAvtk_157.pvtu
  Nodes: 780,922
  Elements: 3,048,900
  Loaded field 'Displacement': (780922, 3)
Loading mesh: /home/arhashemi/Workspace/welding/Edgar/FLA/post/0eule/featurelessAvtk_158.pvtu
  Nodes: 780,922
  Elements: 3,048,900
  Loaded field 'Displacement': (780922, 3)
Loading mesh: /home/arhashemi/Workspace/welding/Edgar/FLA/post/0eule/featurelessAvtk_159.pvtu
  Nodes: 780,922
  Elements: 3,048,900
  Loaded field 'Displacement': (780922, 3)
    Loaded 40/40 timesteps
    Memory: 357.5 MB

  Mesh: 3,048,900 elements, 780,922 nodes
  Velocity timesteps: 40
  Total load time: 174.27s

[1.5/6] Checking for duplicate nodes (PVTU piece boundary fix)...

================================================================================
Deduplicating nodes (fixing PVTU piece boundaries)
================================================================================
  Original nodes: 780,922
  Detecting exact duplicates...
  Unique nodes:   571,173
  Duplicate nodes: 209,749 (26.9%)

  Compacting node array...
  Remapping connectivity...
  Remapping velocity sequence...
    Original velocity: (40, 780922, 3)
    Remapped velocity: (40, 571173, 3)
  Validating...
  ✅ No degenerate elements

✅ Node deduplication complete!
  Removed 209,749 duplicate nodes
  Mesh size: 780,922 → 571,173 nodes
  Velocity arrays remapped: 40 timesteps
================================================================================

  ✅ Fixed PVTU piece boundaries: removed 209,749 duplicates in 5.65s
  This should significantly improve particle retention!

[DIAGNOSTIC] Verifying array consistency after deduplication...
  node_positions shape:   (571173, 3)
  connectivity shape:     (3048900, 4)
  velocity_sequence shape: (40, 571173, 3)
  ✅ Velocity array correctly remapped (571,173 nodes)
  ✅ Connectivity valid (max node ID 571172 < 571173)
  ✅ All array consistency checks passed!
      → Trajectories should now be physically correct


  Velocity cycle parameters:
    Cycle period: 0.100 time units
    Number of cycles: 62.50
    Tracking steps per velocity step: 1

[2/6] Building global HILBERT structure (CPU)...
  Built 28,363 leaves in 36.32s
  Memory: 34.9 MB

[3/6] Uploading mesh and Morton structure to GPU...
  Computing element neighbors (FACE-BASED)...

Building element neighbors array for 3,048,900 elements...
  Method: face

Extracting element neighbors for 3,048,900 elements...
Building face-to-element map for 3,048,900 elements...
  Processed 500,000/3,048,900 elements...
  Processed 1,000,000/3,048,900 elements...
  Processed 1,500,000/3,048,900 elements...
  Processed 2,000,000/3,048,900 elements...
  Processed 2,500,000/3,048,900 elements...
  Processed 3,000,000/3,048,900 elements...
  Total unique faces: 6,278,115
Building neighbor lists...
  Processed 500,000/3,048,900 elements...
  Processed 1,000,000/3,048,900 elements...
  Processed 1,500,000/3,048,900 elements...
  Processed 2,000,000/3,048,900 elements...
  Processed 2,500,000/3,048,900 elements...
  Processed 3,000,000/3,048,900 elements...

AdjacencyStats(
  Elements: 3,048,900
  Total faces: 6,278,115
  Internal faces: 5,917,485
  Boundary faces: 360,630
  Neighbors per element: min=1, max=4, avg=3.88
)
  Converting to padded array (3048900, 4)...
  Elements with max neighbors: 2,691,163 (88.3%)
  Elements with < max neighbors: 357,737 (11.7%)
  Avg neighbors per element: 3.88
  Element neighbors array built successfully!
    Neighbor computation: 50.58s
    Neighbor memory: 46.5 MB
    Neighbor array shape: (3048900, 4)
    Max neighbors per element: 4
    ⚠  WARNING: Face-based neighbors may NOT work for 1:2 octree refinement!
              If trajectories are linear, switch to NEIGHBOR_METHOD='node'

  Precomputing element vertices for skala_memory_opt...
    Element vertices: 3,048,900 × 4 vertices × 3 coords
    Memory: 139.6 MB
    Precompute time: 3.55s

  Computing element volumes for adaptive L1...
    Element volumes computed: 3,048,900
    Volume range: [8.12e-14, 2.13e-08]
    Median volume: 8.12e-14
    Computation time: 0.61s
  Total upload time: 54.92s
  HILBERT GPU leaves: 28,363
  HILBERT Prefix Table Depth: 7

[4/6] Initializing 225,000 particles (uniform grid 50×90×50)...
  Particle bounds:
    X: [-0.018000, -0.009000] (domain fraction: (0.2, 0.35))
    Y: [-0.013800, 0.013800] (domain fraction: (0.2, 0.8))
    Z: [-0.007000, 0.000000] (domain fraction: (0.3, 1.0))

  Clipping particles to mesh bounds (Phase 1.1 fix)...
    Particles clipped to mesh bounds: 4500/225000
    Mesh bounds: X=[-0.030000, 0.030000], Y=[-0.023000, 0.023000], Z=[-0.010000, 0.000000]
    Safe bounds (1% margin): X=[-0.029400, 0.029400], Y=[-0.022540, 0.022540], Z=[-0.009900, -0.000100]
  Created 225,000 particles in uniform grid

[5/6] Setting up async VTK export...
  Output directory: output/global_morton_timedep_optimized
  Export frequency: every 10 steps
  Store velocities: No
  Expected exports: 250

[6/6] Running time integration (2,500 steps)...

  Search hierarchy configuration:
    L0 (cached element) → L1 (adaptive 1-6 hops) → L2 (HILBERT radius, ±10)
    ✅ PHASE 1.3: L1 uses adaptive hop count (6 hops at refinement boundaries)
    L2 method: radius

  Uploading data to GPU...
    Velocity sequence upload: 0.18s (261.5 MB)
    Particle data upload: minimal

  Running cascading initial assignment...
    Initial radius: 500 (all particles)
    Fallback radii: [1000, 2000, 5000, 10000, 100000] (only unassigned particles)

  Initial search (radius=500) for all particles...
    Assigned: 34,981/225,000 (15.55%)
    Search Time: 94.26 s

  Cascading fallback search for 190,019 unassigned particles...
    radius=1000: Searching 190,019 particles...
               Search Time: 103.47 s
               Found: 0 (total: 34,981/225,000, 15.55%)
    radius=2000: Searching 190,019 particles...
               Search Time: 199.37 s
               Found: 2 (total: 34,983/225,000, 15.55%)
    radius=5000: Searching 190,017 particles...
               Search Time: 501.35 s
               Found: 7,886 (total: 42,869/225,000, 19.05%)
    radius=10000: Searching 182,131 particles...
               Search Time: 926.79 s
               Found: 91,421 (total: 134,290/225,000, 59.68%)
    radius=100000: Searching 90,710 particles...
               Search Time: 2352.05 s
               Found: 90,710 (total: 225,000/225,000, 100.00%)

  Final assignment: 225,000/225,000 (100.00%)
    Initial assignment: 225,000/225,000 (100.00%)
    Search time: 4179.87s

  Compiling RK4 (first step)...
    Compilation time: 59.03s

  Running 2,500 timesteps...
    Step     Active  Retention    Step Time      Throughput
  ------ ---------- ---------- ------------ ---------------
     100    155,159     68.96%   13883.44 ms        16206 p/s | Exported:    9
     200     97,960     43.54%   13955.15 ms        16123 p/s | Exported:   19
     300     75,448     33.53%   14052.69 ms        16011 p/s | Exported:   29
     400     60,665     26.96%   14111.89 ms        15944 p/s | Exported:   39
     500     51,208     22.76%   14222.51 ms        15820 p/s | Exported:   49
     600     46,621     20.72%   14414.34 ms        15609 p/s | Exported:   59
     700     44,086     19.59%   14526.63 ms        15489 p/s | Exported:   69
     800     42,260     18.78%   14550.13 ms        15464 p/s | Exported:   79
     900     40,277     17.90%   14547.48 ms        15467 p/s | Exported:   89
    1000     38,117     16.94%   14497.15 ms        15520 p/s | Exported:   99
    1100     34,252     15.22%   14469.64 ms        15550 p/s | Exported:  109
    1200     29,905     13.29%   14383.01 ms        15643 p/s | Exported:  119
    1300     23,293     10.35%   14246.73 ms        15793 p/s | Exported:  129
    1400     16,481      7.32%   14241.96 ms        15798 p/s | Exported:  139
    1500     10,684      4.75%   14241.08 ms        15799 p/s | Exported:  149
    1600      7,473      3.32%   14243.45 ms        15797 p/s | Exported:  159
    1700      6,980      3.10%   14242.05 ms        15798 p/s | Exported:  169
    1800      6,920      3.08%   14243.12 ms        15797 p/s | Exported:  179
    1900      6,902      3.07%   14243.34 ms        15797 p/s | Exported:  189
    2000      6,870      3.05%   14241.81 ms        15799 p/s | Exported:  199
    2100      6,856      3.05%   14242.49 ms        15798 p/s | Exported:  209
    2200      6,632      2.95%   14244.80 ms        15795 p/s | Exported:  219
    2300      4,617      2.05%   14242.30 ms        15798 p/s | Exported:  229
    2400      3,013      1.34%   14240.63 ms        15800 p/s | Exported:  239
    2500      1,941      0.86%   14240.65 ms        15800 p/s | Exported:  249

  Waiting for exports to complete...
  ✅ All exports complete
    Files exported: 250
    Mean export time: 0.108 s
    Total export time: 27.0 s

================================================================================
PRODUCTION RESULTS
================================================================================

  Initial particles: 225,000
  Initial assignment: 225,000 (100.00%)
  Final active: 1,941
  Final retention: 0.86%

  Timesteps completed: 2,500
  Total integration time: 35635.85s
  Mean step time: 14253.84 ± 193.04 ms
  Min/Max step time: 13477.54 / 14581.75 ms
  Mean throughput: 15785 particles/s

  Retention history:
    Step 10:    96.31%
    Step 100:   68.96%
    Step 1000:  16.94%
    Step 2500: 0.86%

================================================================================
PERFORMANCE METRICS
================================================================================
✅ Initial assignment: 100.00% (≥95% target)
❌ Final retention: 0.86% (<95% target)
❌ Throughput: 15785 p/s (<30k target)
✅ Memory: ~85 MB (global HILBERT + mesh)
✅ Architecture: L0 (cached) + L1 (1-hop) + L2 (global HILBERT, radius=10)
✅ HILBERT structure: 28,363 leaves, 256 capacity
✅ No JAX OOM errors
✅ VTK export: 250 files in output/global_morton_timedep_optimized
================================================================================

⚠  PRODUCTION TEST RESULTS
   Some metrics below target. Review L2 configuration or increase search radius.
================================================================================
