production_tracking_octree_only.py
✅ Enhanced VTK I/O available
/home/arhashemi/Workspace/welding/JAXTrace/jaxtrace/io/registry.py:41: UserWarning: h5py not available. HDF5 I/O will be disabled
  from .hdf5_io import H5Series
✅ HDF5 I/O available
================================================================================
PRODUCTION PARTICLE TRACKING - OCTREE SEARCH ONLY
================================================================================
JAX version: 0.8.0
JAX backend: gpu
Available devices: [CudaDevice(id=0)]

================================================================================
CONFIGURATION
================================================================================

Mesh: /home/arhashemi/Workspace/welding/Edgar/ThreadedA/post/0eule/threadedAvtk_120.pvtu
Particle grid resolution: (50, 70, 30)
Particle bounds (fraction): {'x': (0.1, 0.3), 'y': (0.0, 1.0), 'z': (0.0, 1.0)}
Timesteps: 2,500
dt: 0.0025 s
Total time: 6.250 s
Grid: (8, 8, 4) (256 blocks)
Export frequency: every 10 steps
Store velocities: No
Output directory: output/threadeda_octree_only
Boundary deactivation: Enabled

Search Architecture:
  L0 (cached): DISABLED
  L1 (neighbor): DISABLED
  L2 (octree): ENABLED (direct octree search for all particles)

================================================================================
MESH LOADING
================================================================================

Loading mesh: /home/arhashemi/Workspace/welding/Edgar/ThreadedA/post/0eule/threadedAvtk_120.pvtu
  Nodes: 900,671
  Elements: 3,512,384
  Loaded field 'Displacement': (900671, 3)
✓ Mesh loaded (5.28 s):
  Nodes: 900,671
  Elements: 3,512,384
  Velocity field: (900671, 3)
  Velocity magnitude range: [-0.878970, 0.808578] m/s

================================================================================
FOREST STRUCTURE (Initial Assignment Only)
================================================================================

Bounding box:
  X: [-0.0300, 0.0300]
  Y: [-0.0230, 0.0230]
  Z: [-0.0100, 0.0000]

✓ Block grid created (0.00 s): 256 blocks
✓ Element assignment (7.25 s)
  Blocks used: 256/256
  Elements per block: 2 - 450004
✓ Element neighbors built (57.50 s)

================================================================================
OCTREE CONSTRUCTION
================================================================================

Loading LEVEL field from mesh...
✓ Found LEVEL in point data: 900,671 nodes
  Node levelset range: [-0.003510, 0.030511]
  Computing per-element levelset (max of element's nodes)...
✓ Computed element levelset: 3,512,384 elements
  Element levelset range: [-0.002615, 0.030511]

Building octree (levelset < 1.1)...
✓ Octree built (4.95 s)
  Filtered elements: 3,512,384/3,512,384 (100.0%)
  Total nodes: 240,227
  Leaf nodes: 209,309
  Max depth: 8

Flattening octree to fixed-size arrays...
  Metadata array: (240227, 15) (14075.8 KB)
  Elements array: (240227, 50) (46919.3 KB)

Uploading octree to GPU...
✓ Octree uploaded to GPU
  Total octree memory: 59.57 MB

✓ Padded arrays (4.84 s)
  Shape: (256, 450004)
  Memory: 6593.8 MB
  Note: Used for initial assignment only

✓ Block classification:
  Light blocks: 240
  Heavy blocks: 16

Building hash buckets for 16 heavy blocks...

================================================================================
PARTICLE GENERATION (UNIFORM GRID)
================================================================================

Domain bounds:
  X: [-0.0300, 0.0300] (size: 0.0600)
  Y: [-0.0230, 0.0230] (size: 0.0460)
  Z: [-0.0100, 0.0000] (size: 0.0100)

Particle region (fractional):
  X: [-0.0240, -0.0120] (fraction: (0.1, 0.3))
  Y: [-0.0230, 0.0230] (fraction: (0.0, 1.0))
  Z: [-0.0100, 0.0000] (fraction: (0.0, 1.0))
  Particle region size: [0.012 0.046 0.01 ]

Grid resolution: 50 × 70 × 30 = 105,000 particles

Generating uniform grid particles...
✓ Generated 105,000 particles on uniform grid

================================================================================
GPU MESH UPLOAD
================================================================================

Estimated mesh memory: 117.50 MB
Uploading mesh to GPU...
  Elements: 3,512,384
  Nodes: 900,671
✓ Mesh uploaded to GPU:
  Connectivity: 53.59 MB
  Node positions: 10.31 MB
  Element neighbors: 53.59 MB
  Total: 117.50 MB

  Baseline comparison:
    Block-wise padded arrays: ~6,500 MB CPU memory (98% waste)
    Global mesh: 117.50 MB GPU memory (0% waste)
    Memory reduction: 55.3× smaller
Uploading velocity field to GPU...
✓ Velocity field uploaded to GPU: (900671, 3)

================================================================================
INITIAL ASSIGNMENT
================================================================================

Finding containing elements...
✓ Initial assignment (173.23 s):
  Found: 103671/105000 (98.7%)
  Throughput: 598.4 p/s

Active particles: 103,671

================================================================================
OCTREE-ONLY RK4 SETUP
================================================================================

Creating octree-only RK4 function...
  This function bypasses L0 (cache) and L1 (neighbor) search
  All particles use direct octree search

✓ Octree-only RK4 function created

Warming up JIT compilation...
✓ JIT warm-up complete (5.86 s)

================================================================================
ASYNC VTK EXPORT SETUP
================================================================================

✓ Async VTK exporter initialized
  Output directory: output/threadeda_octree_only
  Export frequency: every 10 steps
  Store velocities: No
  Expected exports: 250

================================================================================
TIME MARCHING
================================================================================

Running 2,500 timesteps with dt=0.0025 s...
(Export happens in background thread, no blocking)

Step   100/2500 | Active: 95,899 | Throughput: 17555.3 p/s | GPU:  2163 MB | RAM:  10326 MB | Exported:    9 | ETA: 219.3 min
Step   200/2500 | Active: 95,534 | Throughput: 17469.2 p/s | GPU:  2163 MB | RAM:  10326 MB | Exported:   19 | ETA: 210.0 min
Killed
