production_tracking_3hop_l2_octree.py
✅ Enhanced VTK I/O available
/home/arhashemi/Workspace/welding/JAXTrace/jaxtrace/io/registry.py:41: UserWarning: h5py not available. HDF5 I/O will be disabled
  from .hdf5_io import H5Series
✅ HDF5 I/O available
================================================================================
PRODUCTION PARTICLE TRACKING WITH ASYNC VTK EXPORT
================================================================================
JAX version: 0.8.0
JAX backend: gpu
Available devices: [CudaDevice(id=0)]

================================================================================
CONFIGURATION
================================================================================

Mesh: /home/arhashemi/Workspace/welding/Edgar/ThreadedA/post/0eule/threadedAvtk_120.pvtu
Particle grid resolution: (50, 70, 30)
Particle bounds (fraction): {'x': (0.1, 0.3), 'y': (0.0, 1.0), 'z': (0.0, 1.0)}
Timesteps: 2,500
dt: 0.0025 s
Total time: 6.250 s
Grid: (8, 8, 4) (256 blocks)
Export frequency: every 10 steps
Store velocities: No
Output directory: output/threadeda_3hop_l2_octree
Boundary deactivation: Enabled

Performance Mode:
  Mode: GLOBAL GPU MESH (optimized) - Phase 2
  Expected throughput: 200,000-300,000 p/s
  Memory: ~2 GB CPU RAM, ~500 MB GPU

================================================================================
MESH LOADING
================================================================================

Loading mesh: /home/arhashemi/Workspace/welding/Edgar/ThreadedA/post/0eule/threadedAvtk_120.pvtu
  Nodes: 900,671
  Elements: 3,512,384
  Loaded field 'Displacement': (900671, 3)
✓ Mesh loaded (5.43 s):
  Nodes: 900,671
  Elements: 3,512,384
  Velocity field: (900671, 3)
  Velocity magnitude range: [-0.878970, 0.808578] m/s

================================================================================
FOREST STRUCTURE
================================================================================

Bounding box:
  X: [-0.0300, 0.0300]
  Y: [-0.0230, 0.0230]
  Z: [-0.0100, 0.0000]

✓ Block grid created (0.00 s): 256 blocks
✓ Element assignment (7.51 s)
  Blocks used: 256/256
  Elements per block: 2 - 450004
✓ Element neighbors built (60.65 s)

================================================================================
L2 OCTREE CONSTRUCTION
================================================================================

Loading LEVEL field from mesh...
✓ Found LEVEL in point data: 900,671 nodes
  Node levelset range: [-0.003510, 0.030511]
  Computing per-element levelset (max of element's nodes)...
✓ Computed element levelset: 3,512,384 elements
  Element levelset range: [-0.002615, 0.030511]

Building octree (levelset < 0.012)...
✓ Octree built (7.33 s)
  Filtered elements: 3,511,335/3,512,384 (100.0%)
  Total nodes: 415,921
  Leaf nodes: 363,361
  Max depth: 8

Flattening octree to fixed-size arrays...
  Metadata array: (415921, 15) (24370.4 KB)
  Elements array: (415921, 50) (81234.6 KB)

Uploading octree to GPU...
✓ Octree uploaded to GPU
  Total octree memory: 103.13 MB

✓ Padded arrays (6.47 s)
  Shape: (256, 450004)
  Memory: 6593.8 MB
  Note: Used for initial assignment only, not for incremental search

✓ Block classification:
  Light blocks: 240
  Heavy blocks: 16

Building hash buckets for 16 heavy blocks...

================================================================================
PARTICLE GENERATION (UNIFORM GRID)
================================================================================

Domain bounds:
  X: [-0.0300, 0.0300] (size: 0.0600)
  Y: [-0.0230, 0.0230] (size: 0.0460)
  Z: [-0.0100, 0.0000] (size: 0.0100)

Particle region (fractional):
  X: [-0.0240, -0.0120] (fraction: (0.1, 0.3))
  Y: [-0.0230, 0.0230] (fraction: (0.0, 1.0))
  Z: [-0.0100, 0.0000] (fraction: (0.0, 1.0))
  Particle region size: [0.012 0.046 0.01 ]

Grid resolution: 50 × 70 × 30 = 105,000 particles

Generating uniform grid particles...
✓ Generated 105,000 particles on uniform grid

================================================================================
GPU MESH UPLOAD
================================================================================

Estimated mesh memory: 117.50 MB
Uploading mesh to GPU...
  Elements: 3,512,384
  Nodes: 900,671
✓ Mesh uploaded to GPU:
  Connectivity: 53.59 MB
  Node positions: 10.31 MB
  Element neighbors: 53.59 MB
  Total: 117.50 MB

  Baseline comparison:
    Block-wise padded arrays: ~6,500 MB CPU memory (98% waste)
    Global mesh: 117.50 MB GPU memory (0% waste)
    Memory reduction: 55.3× smaller
Uploading velocity field to GPU...
✓ Velocity field uploaded to GPU: (900671, 3)

================================================================================
INITIAL ASSIGNMENT
================================================================================

Finding containing elements...
✓ Initial assignment (181.86 s):
  Found: 103671/105000 (98.7%)
  Throughput: 570.1 p/s

Active particles: 103,671

================================================================================
TRACKING SETUP
================================================================================

✓ Velocity field prepared for block-wise tracking
  Source: Loaded from mesh file ('Displacement')
  Shape: (256, 900671, 3) (n_blocks × n_nodes × 3)
  Velocity magnitude range: [0.000155, 0.900027] m/s

✓ Using GLOBAL MESH interpolator (Phase 2)
  Architecture: Persistent GPU mesh + single batch
  Expected speedup: 40-60× over baseline

✓ Using HYBRID incremental search (Phase 3a - Option A+D optimized)
  Architecture: Vectorized L0 + Extended L1 (3-hop)
  With L2 octree fallback (level-filtered scan-based search)
  Expected: 99.99% hit rate, 82% retention at 2,500 steps
  Optimizations: Extended neighborhood + GPU-fused execution

✓ Interpolator and searcher functions created

✓ Using GPU-FUSED RK4 (Phase 3a Part 2)
  Architecture: All 4 RK4 stages execute on GPU
  Transfer reduction: 8 round trips → 2 transfers per timestep
  Expected throughput: 50-100k p/s (4-8× improvement)

Warming up JIT compilation...
  Note: Using small batch (1,000 particles) for JIT warm-up to avoid GPU OOM
✓ JIT warm-up complete (13.75 s)

================================================================================
ASYNC VTK EXPORT SETUP
================================================================================

✓ Async VTK exporter initialized
  Output directory: output/threadeda_3hop_l2_octree
  Export frequency: every 10 steps
  Store velocities: No
  Expected exports: 250

================================================================================
TIME MARCHING
================================================================================

Running 2,500 timesteps with dt=0.0025 s...
(Export happens in background thread, no blocking)

Step   100/2500 | Active: 100,864 | Throughput:  7646.4 p/s | GPU:  2887 MB | RAM:  13299 MB | Exported:    9 | ETA: 531.1 min
Step   200/2500 | Active: 99,844 | Throughput:  7633.8 p/s | GPU:  2887 MB | RAM:  13300 MB | Exported:   19 | ETA: 504.3 min
Step   300/2500 | Active: 98,889 | Throughput:  7549.6 p/s | GPU:  2887 MB | RAM:  13301 MB | Exported:   29 | ETA: 482.7 min
Step   400/2500 | Active: 97,950 | Throughput:  7435.0 p/s | GPU:  2887 MB | RAM:  13301 MB | Exported:   39 | ETA: 463.4 min
Step   500/2500 | Active: 97,034 | Throughput:  7309.4 p/s | GPU:  2887 MB | RAM:  13302 MB | Exported:   49 | ETA: 446.0 min
Step   600/2500 | Active: 96,193 | Throughput:  7296.9 p/s | GPU:  2887 MB | RAM:  13302 MB | Exported:   59 | ETA: 419.1 min
Step   700/2500 | Active: 95,596 | Throughput:  7192.6 p/s | GPU:  2887 MB | RAM:  13302 MB | Exported:   69 | ETA: 400.5 min
Step   800/2500 | Active: 95,078 | Throughput:  7137.2 p/s | GPU:  2887 MB | RAM:  13303 MB | Exported:   79 | ETA: 379.2 min
Step   900/2500 | Active: 94,504 | Throughput:  7132.2 p/s | GPU:  2887 MB | RAM:  13303 MB | Exported:   89 | ETA: 354.4 min
Step  1000/2500 | Active: 93,980 | Throughput:  7066.0 p/s | GPU:  2887 MB | RAM:  13303 MB | Exported:   99 | ETA: 333.6 min
Step  1100/2500 | Active: 93,103 | Throughput:  6994.1 p/s | GPU:  2887 MB | RAM:  13303 MB | Exported:  109 | ETA: 312.3 min
Step  1200/2500 | Active: 91,939 | Throughput:  6926.0 p/s | GPU:  2887 MB | RAM:  13303 MB | Exported:  119 | ETA: 289.5 min
Step  1300/2500 | Active: 90,705 | Throughput:  6816.7 p/s | GPU:  2887 MB | RAM:  13304 MB | Exported:  129 | ETA: 268.3 min
Step  1400/2500 | Active: 89,208 | Throughput:  6750.9 p/s | GPU:  2887 MB | RAM:  13304 MB | Exported:  139 | ETA: 244.4 min
Step  1500/2500 | Active: 87,352 | Throughput:  6624.3 p/s | GPU:  2887 MB | RAM:  13304 MB | Exported:  149 | ETA: 222.2 min
Step  1600/2500 | Active: 84,547 | Throughput:  6438.5 p/s | GPU:  2887 MB | RAM:  13304 MB | Exported:  159 | ETA: 200.4 min
Step  1700/2500 | Active: 80,961 | Throughput:  6196.1 p/s | GPU:  2887 MB | RAM:  13304 MB | Exported:  169 | ETA: 178.3 min
Step  1800/2500 | Active: 77,021 | Throughput:  5921.0 p/s | GPU:  2887 MB | RAM:  13304 MB | Exported:  179 | ETA: 155.7 min
Step  1900/2500 | Active: 73,277 | Throughput:  5631.9 p/s | GPU:  2887 MB | RAM:  13304 MB | Exported:  189 | ETA: 133.3 min
Step  2000/2500 | Active: 69,703 | Throughput:  5345.2 p/s | GPU:  2887 MB | RAM:  13304 MB | Exported:  199 | ETA: 111.4 min
Step  2100/2500 | Active: 66,139 | Throughput:  5058.6 p/s | GPU:  2887 MB | RAM:  13305 MB | Exported:  209 | ETA: 89.6 min
Step  2200/2500 | Active: 62,504 | Throughput:  4796.8 p/s | GPU:  2887 MB | RAM:  13305 MB | Exported:  219 | ETA: 67.1 min
Step  2300/2500 | Active: 59,197 | Throughput:  4529.2 p/s | GPU:  2887 MB | RAM:  13305 MB | Exported:  229 | ETA: 44.8 min
Step  2400/2500 | Active: 55,156 | Throughput:  4300.5 p/s | GPU:  2887 MB | RAM:  13305 MB | Exported:  239 | ETA: 22.3 min
Step  2500/2500 | Active: 49,384 | Throughput:  3884.3 p/s | GPU:  2887 MB | RAM:  13305 MB | Exported:  249 | ETA: 0.0 min

================================================================================
TRACKING COMPLETE
================================================================================

Waiting for exports to complete...
✓ All exports complete
  Files exported: 250
  Mean export time: 0.498 s
  Total export time: 124.5 s

================================================================================
FINAL STATISTICS
================================================================================

Tracking Performance:
  Total time: 33358.9 s (556.0 min)
  Time per step: 13.3427 s ± 0.4162 s
  Mean throughput: 6384.5 p/s
  Final active particles: 49,384

Export Performance:
  Files written: 250
  Mean write time: 0.498 s
  Total write time: 124.5 s
  Tracking overhead: 0.37%

Final Resource Usage:
  GPU Memory: 2887 MB
  RAM: 13305 MB

================================================================================
SUCCESS - Production tracking complete!
================================================================================
Output files: output/threadeda_3hop_l2_octree
