✅ Enhanced VTK I/O available
✅ HDF5 I/O available
================================================================================
PRODUCTION PARTICLE TRACKING WITH ASYNC VTK EXPORT
================================================================================
JAX version: 0.8.0
JAX backend: gpu
Available devices: [CudaDevice(id=0)]

================================================================================
CONFIGURATION
================================================================================

Mesh: /home/arhashemi/Workspace/welding/Edgar/ThreadedA/post/0eule/threadedAvtk_120.pvtu
Particle grid resolution: (50, 50, 25)
Particle bounds (fraction): {'x': (0.1, 0.3), 'y': (0.0, 1.0), 'z': (0.0, 1.0)}
Timesteps: 2,500
dt: 0.0025 s
Total time: 6.250 s
Grid: (8, 8, 4) (256 blocks)
Export frequency: every 10 steps
Store velocities: No
Output directory: output/threadeda_production_run
Boundary deactivation: Enabled

================================================================================
MESH LOADING
================================================================================

Loading mesh: /home/arhashemi/Workspace/welding/Edgar/ThreadedA/post/0eule/threadedAvtk_120.pvtu
  Nodes: 900,671
  Elements: 3,512,384
  Loaded field 'Displacement': (900671, 3)
✓ Mesh loaded (5.55 s):
  Nodes: 900,671
  Elements: 3,512,384
  Velocity field: (900671, 3)
  Velocity magnitude range: [-0.878970, 0.808578] m/s

================================================================================
FOREST STRUCTURE
================================================================================

Bounding box:
  X: [-0.0300, 0.0300]
  Y: [-0.0230, 0.0230]
  Z: [-0.0100, 0.0000]

✓ Block grid created (0.00 s): 256 blocks
