/home/arhashemi/Workspace/welding/JAXTrace/jaxtrace/io/registry.py:41: UserWarning: h5py not available. HDF5 I/O will be disabled
  from .hdf5_io import H5Series
✅ Enhanced VTK I/O available
✅ HDF5 I/O available

================================================================================
PRODUCTION PARTICLE TRACKING - SCENARIO #2
================================================================================

Configuration:
  Mesh: threadedAvtk_120.pvtu
  Particles: 50×60×40 = 120,000
  Timesteps: 2,500
  dt: 0.0025
  Search: L0 + L1 (3-hop) + L2 (octree, depth 15)
  Export: Every 10 steps to output/scenario2_production

================================================================================
MESH LOADING AND OCTREE BUILDING
================================================================================

Loading mesh from: /home/arhashemi/Workspace/welding/Edgar/ThreadedA/post/0eule/threadedAvtk_120.pvtu
Loading mesh: /home/arhashemi/Workspace/welding/Edgar/ThreadedA/post/0eule/threadedAvtk_120.pvtu
  Nodes: 900,671
  Elements: 3,512,384
  Loaded field 'Displacement': (900671, 3)
✓ Loaded mesh: 900,671 nodes, 3,512,384 elements
  Time: 5.36 s

Building element neighbors...
✓ Element neighbors built (59.00 s)

Uploading mesh to GPU...
Uploading mesh to GPU...
  Elements: 3,512,384
  Nodes: 900,671
✓ Mesh uploaded to GPU:
  Connectivity: 53.59 MB
  Node positions: 10.31 MB
  Element neighbors: 53.59 MB
  Total: 117.50 MB

  Baseline comparison:
    Block-wise padded arrays: ~6,500 MB CPU memory (98% waste)
    Global mesh: 117.50 MB GPU memory (0% waste)
    Memory reduction: 55.3× smaller
✓ Uploaded mesh to GPU
  Time: 0.12 s

Uploading velocity field to GPU...
✓ Velocity field uploaded to GPU: (900671, 3)

Loading LEVEL field from mesh...
✓ Found LEVEL in point data
✓ Computed element levelset: 3,512,384 elements

Building octree...
✓ Built octree (19.84 s)
  Filtered elements: 3,511,335/3,512,384
  Total nodes: 415,921
  Max depth: 8

✓ Octree uploaded to GPU

================================================================================
PARTICLE INITIALIZATION
================================================================================

Domain bounds:
  X: [-0.0300, 0.0300] (size: 0.0600)
  Y: [-0.0230, 0.0230] (size: 0.0460)
  Z: [-0.0100, 0.0000] (size: 0.0100)

Particle seeding region:
  X: [-0.0240, -0.0120] (10%-30% of domain)
  Y: [-0.0230, 0.0230] (full domain)
  Z: [-0.0100, 0.0000] (full domain)

Generating uniform grid with resolution (50, 60, 40)...
✓ Created 120,000 particles
  Position range: x=[-0.0240, -0.0120]
  Position range: y=[-0.0230, 0.0230]
  Position range: z=[-0.0100, 0.0000]

✓ Async VTK exporter initialized
  Output directory: output/scenario2_production
  Export frequency: every 10 steps
  Store velocities: No
================================================================================
PARTICLE TRACKING - SCENARIO #2 (OPTIMIZED WITH TEMPORAL BATCHING)
================================================================================

Configuration:
  n_particles: 120,000
  n_timesteps: 2,500
  dt: 0.0025
  temporal_batch_size: 3 (NEW - reduces transfers by 66%)
  n_hops (L1): 3
  max_octree_depth (L2): 15

Warming up JIT compilation...
Finalizing exports...

✓ Async exporter stopped
  Total exports written: 0
Traceback (most recent call last):
  File "/home/arhashemi/Workspace/welding/JAXTrace/production_tracking_scenario2.py", line 707, in <module>
    main()
    ~~~~^^
  File "/home/arhashemi/Workspace/welding/JAXTrace/production_tracking_scenario2.py", line 684, in main
    all_stats = run_tracking(
        particle_data,
    ...<4 lines>...
        exporter
    )
  File "/home/arhashemi/Workspace/welding/JAXTrace/production_tracking_scenario2.py", line 448, in run_tracking
    _, _, _ = rk4_temporal_batch_scenario2(
              ~~~~~~~~~~~~~~~~~~~~~~~~~~~~^
        warmup_positions,
        ^^^^^^^^^^^^^^^^^
    ...<9 lines>...
        start_time=0.0
        ^^^^^^^^^^^^^^
    )
    ^
  File "/home/arhashemi/Workspace/welding/JAXTrace/jaxtrace/gpu/tracking/rk4_scenario2_batched.py", line 454, in rk4_temporal_batch_scenario2
    pos, elem_ids, stats = rk4_step_scenario2_gpu_resident(
                           ~~~~~~~~~~~~~~~~~~~~~~~~~~~~~~~^
        pos,
        ^^^^
    ...<8 lines>...
        current_time=start_time + i * dt
        ^^^^^^^^^^^^^^^^^^^^^^^^^^^^^^^^
    )
    ^
  File "/home/arhashemi/Workspace/welding/JAXTrace/jaxtrace/gpu/tracking/rk4_scenario2_batched.py", line 170, in rk4_step_scenario2_gpu_resident
    velocities_k1 = interpolate_velocity_batch(
        positions_gpu,
    ...<3 lines>...
        mesh_gpu.node_positions
    )
  File "/home/arhashemi/Workspace/welding/JAXTrace/jaxtrace/gpu/tracking/rk4_scenario2.py", line 412, in interpolate_velocity_batch
    return jax.vmap(interpolate_single)(positions, element_ids)
           ~~~~~~~~~~~~~~~~~~~~~~~~~~~~^^^^^^^^^^^^^^^^^^^^^^^^
  File "/home/arhashemi/Workspace/welding/JAXTrace/jaxtrace/gpu/tracking/rk4_scenario2.py", line 403, in interpolate_single
    dp = position - p0
         ~~~~~~~~~^~~~
  File "/home/arhashemi/Workspace/welding/JAXTrace/.venv/lib/python3.13/site-packages/jax/_src/numpy/array_methods.py", line 1141, in op
    return getattr(self.aval, f"_{name}")(self, *args)
           ~~~~~~~~~~~~~~~~~~~~~~~~~~~~~~^^^^^^^^^^^^^
  File "/home/arhashemi/Workspace/welding/JAXTrace/.venv/lib/python3.13/site-packages/jax/_src/numpy/array_methods.py", line 604, in deferring_binary_op
    return binary_op(*args)
  File "/home/arhashemi/Workspace/welding/JAXTrace/.venv/lib/python3.13/site-packages/jax/_src/numpy/ufunc_api.py", line 183, in __call__
    return call(*args)
  File "/home/arhashemi/Workspace/welding/JAXTrace/.venv/lib/python3.13/site-packages/jax/_src/numpy/ufuncs.py", line 1569, in subtract
    out = lax.sub(*promote_args("subtract", x, y))
TypeError: sub got incompatible shapes for broadcasting: (3,), (4,).
--------------------
For simplicity, JAX has removed its internal frames from the traceback of the following exception. Set JAX_TRACEBACK_FILTERING=off to include these.
