python production_tracking_fully_fused_timedep.py
✅ Enhanced VTK I/O available
/home/arhashemi/Workspace/welding/JAXTrace/jaxtrace/io/registry.py:41: UserWarning: h5py not available. HDF5 I/O will be disabled
  from .hdf5_io import H5Series
✅ HDF5 I/O available
================================================================================
Production Particle Tracking - Global Morton L2 Search
================================================================================
Grid resolution: 50 × 70 × 30 = 105,000 particles
Timesteps: 2,500
dt: 2.50e-03
L1 hops: 3
L2 radius: 2
================================================================================

[1/6] Loading mesh and velocity sequence...

Loading velocity sequence:
  Pattern: featurelessAvtk_{timestep}.pvtu
  Range: 120-159 (40 timesteps)
  Field: 'Displacement'

  Loading mesh topology from: featurelessAvtk_120.pvtu
Loading mesh: /home/arhashemi/Workspace/welding/Edgar/FLA/post/0eule/featurelessAvtk_120.pvtu
  Nodes: 780,922
  Elements: 3,048,900
  Loaded field 'Displacement': (780922, 3)
    Nodes: 780,922
    Elements: 3,048,900

  Loading velocity fields:
Loading mesh: /home/arhashemi/Workspace/welding/Edgar/FLA/post/0eule/featurelessAvtk_121.pvtu
  Nodes: 780,922
  Elements: 3,048,900
  Loaded field 'Displacement': (780922, 3)
Loading mesh: /home/arhashemi/Workspace/welding/Edgar/FLA/post/0eule/featurelessAvtk_122.pvtu
  Nodes: 780,922
  Elements: 3,048,900
  Loaded field 'Displacement': (780922, 3)
Loading mesh: /home/arhashemi/Workspace/welding/Edgar/FLA/post/0eule/featurelessAvtk_123.pvtu
  Nodes: 780,922
  Elements: 3,048,900
  Loaded field 'Displacement': (780922, 3)
Loading mesh: /home/arhashemi/Workspace/welding/Edgar/FLA/post/0eule/featurelessAvtk_124.pvtu
  Nodes: 780,922
  Elements: 3,048,900
  Loaded field 'Displacement': (780922, 3)
Loading mesh: /home/arhashemi/Workspace/welding/Edgar/FLA/post/0eule/featurelessAvtk_125.pvtu
  Nodes: 780,922
  Elements: 3,048,900
  Loaded field 'Displacement': (780922, 3)
Loading mesh: /home/arhashemi/Workspace/welding/Edgar/FLA/post/0eule/featurelessAvtk_126.pvtu
  Nodes: 780,922
  Elements: 3,048,900
  Loaded field 'Displacement': (780922, 3)
Loading mesh: /home/arhashemi/Workspace/welding/Edgar/FLA/post/0eule/featurelessAvtk_127.pvtu
  Nodes: 780,922
  Elements: 3,048,900
  Loaded field 'Displacement': (780922, 3)
Loading mesh: /home/arhashemi/Workspace/welding/Edgar/FLA/post/0eule/featurelessAvtk_128.pvtu
  Nodes: 780,922
  Elements: 3,048,900
  Loaded field 'Displacement': (780922, 3)
Loading mesh: /home/arhashemi/Workspace/welding/Edgar/FLA/post/0eule/featurelessAvtk_129.pvtu
  Nodes: 780,922
  Elements: 3,048,900
  Loaded field 'Displacement': (780922, 3)
Loading mesh: /home/arhashemi/Workspace/welding/Edgar/FLA/post/0eule/featurelessAvtk_130.pvtu
  Nodes: 780,922
  Elements: 3,048,900
  Loaded field 'Displacement': (780922, 3)
    Loaded 11/40 timesteps...
Loading mesh: /home/arhashemi/Workspace/welding/Edgar/FLA/post/0eule/featurelessAvtk_131.pvtu
  Nodes: 780,922
  Elements: 3,048,900
  Loaded field 'Displacement': (780922, 3)
Loading mesh: /home/arhashemi/Workspace/welding/Edgar/FLA/post/0eule/featurelessAvtk_132.pvtu
  Nodes: 780,922
  Elements: 3,048,900
  Loaded field 'Displacement': (780922, 3)
Loading mesh: /home/arhashemi/Workspace/welding/Edgar/FLA/post/0eule/featurelessAvtk_133.pvtu
  Nodes: 780,922
  Elements: 3,048,900
  Loaded field 'Displacement': (780922, 3)
Loading mesh: /home/arhashemi/Workspace/welding/Edgar/FLA/post/0eule/featurelessAvtk_134.pvtu
  Nodes: 780,922
  Elements: 3,048,900
  Loaded field 'Displacement': (780922, 3)
Loading mesh: /home/arhashemi/Workspace/welding/Edgar/FLA/post/0eule/featurelessAvtk_135.pvtu
  Nodes: 780,922
  Elements: 3,048,900
  Loaded field 'Displacement': (780922, 3)
Loading mesh: /home/arhashemi/Workspace/welding/Edgar/FLA/post/0eule/featurelessAvtk_136.pvtu
  Nodes: 780,922
  Elements: 3,048,900
  Loaded field 'Displacement': (780922, 3)
Loading mesh: /home/arhashemi/Workspace/welding/Edgar/FLA/post/0eule/featurelessAvtk_137.pvtu
  Nodes: 780,922
  Elements: 3,048,900
  Loaded field 'Displacement': (780922, 3)
Loading mesh: /home/arhashemi/Workspace/welding/Edgar/FLA/post/0eule/featurelessAvtk_138.pvtu
  Nodes: 780,922
  Elements: 3,048,900
  Loaded field 'Displacement': (780922, 3)
Loading mesh: /home/arhashemi/Workspace/welding/Edgar/FLA/post/0eule/featurelessAvtk_139.pvtu
  Nodes: 780,922
  Elements: 3,048,900
  Loaded field 'Displacement': (780922, 3)
Loading mesh: /home/arhashemi/Workspace/welding/Edgar/FLA/post/0eule/featurelessAvtk_140.pvtu
  Nodes: 780,922
  Elements: 3,048,900
  Loaded field 'Displacement': (780922, 3)
    Loaded 21/40 timesteps...
Loading mesh: /home/arhashemi/Workspace/welding/Edgar/FLA/post/0eule/featurelessAvtk_141.pvtu
  Nodes: 780,922
  Elements: 3,048,900
  Loaded field 'Displacement': (780922, 3)
Loading mesh: /home/arhashemi/Workspace/welding/Edgar/FLA/post/0eule/featurelessAvtk_142.pvtu
  Nodes: 780,922
  Elements: 3,048,900
  Loaded field 'Displacement': (780922, 3)
Loading mesh: /home/arhashemi/Workspace/welding/Edgar/FLA/post/0eule/featurelessAvtk_143.pvtu
  Nodes: 780,922
  Elements: 3,048,900
  Loaded field 'Displacement': (780922, 3)
Loading mesh: /home/arhashemi/Workspace/welding/Edgar/FLA/post/0eule/featurelessAvtk_144.pvtu
  Nodes: 780,922
  Elements: 3,048,900
  Loaded field 'Displacement': (780922, 3)
Loading mesh: /home/arhashemi/Workspace/welding/Edgar/FLA/post/0eule/featurelessAvtk_145.pvtu
  Nodes: 780,922
  Elements: 3,048,900
  Loaded field 'Displacement': (780922, 3)
Loading mesh: /home/arhashemi/Workspace/welding/Edgar/FLA/post/0eule/featurelessAvtk_146.pvtu
  Nodes: 780,922
  Elements: 3,048,900
  Loaded field 'Displacement': (780922, 3)
Loading mesh: /home/arhashemi/Workspace/welding/Edgar/FLA/post/0eule/featurelessAvtk_147.pvtu
  Nodes: 780,922
  Elements: 3,048,900
  Loaded field 'Displacement': (780922, 3)
Loading mesh: /home/arhashemi/Workspace/welding/Edgar/FLA/post/0eule/featurelessAvtk_148.pvtu
  Nodes: 780,922
  Elements: 3,048,900
  Loaded field 'Displacement': (780922, 3)
Loading mesh: /home/arhashemi/Workspace/welding/Edgar/FLA/post/0eule/featurelessAvtk_149.pvtu
  Nodes: 780,922
  Elements: 3,048,900
  Loaded field 'Displacement': (780922, 3)
Loading mesh: /home/arhashemi/Workspace/welding/Edgar/FLA/post/0eule/featurelessAvtk_150.pvtu
  Nodes: 780,922
  Elements: 3,048,900
  Loaded field 'Displacement': (780922, 3)
    Loaded 31/40 timesteps...
Loading mesh: /home/arhashemi/Workspace/welding/Edgar/FLA/post/0eule/featurelessAvtk_151.pvtu
  Nodes: 780,922
  Elements: 3,048,900
  Loaded field 'Displacement': (780922, 3)
Loading mesh: /home/arhashemi/Workspace/welding/Edgar/FLA/post/0eule/featurelessAvtk_152.pvtu
  Nodes: 780,922
  Elements: 3,048,900
  Loaded field 'Displacement': (780922, 3)
Loading mesh: /home/arhashemi/Workspace/welding/Edgar/FLA/post/0eule/featurelessAvtk_153.pvtu
  Nodes: 780,922
  Elements: 3,048,900
  Loaded field 'Displacement': (780922, 3)
Loading mesh: /home/arhashemi/Workspace/welding/Edgar/FLA/post/0eule/featurelessAvtk_154.pvtu
  Nodes: 780,922
  Elements: 3,048,900
  Loaded field 'Displacement': (780922, 3)
Loading mesh: /home/arhashemi/Workspace/welding/Edgar/FLA/post/0eule/featurelessAvtk_155.pvtu
  Nodes: 780,922
  Elements: 3,048,900
  Loaded field 'Displacement': (780922, 3)
Loading mesh: /home/arhashemi/Workspace/welding/Edgar/FLA/post/0eule/featurelessAvtk_156.pvtu
  Nodes: 780,922
  Elements: 3,048,900
  Loaded field 'Displacement': (780922, 3)
Loading mesh: /home/arhashemi/Workspace/welding/Edgar/FLA/post/0eule/featurelessAvtk_157.pvtu
  Nodes: 780,922
  Elements: 3,048,900
  Loaded field 'Displacement': (780922, 3)
Loading mesh: /home/arhashemi/Workspace/welding/Edgar/FLA/post/0eule/featurelessAvtk_158.pvtu
  Nodes: 780,922
  Elements: 3,048,900
  Loaded field 'Displacement': (780922, 3)
Loading mesh: /home/arhashemi/Workspace/welding/Edgar/FLA/post/0eule/featurelessAvtk_159.pvtu
  Nodes: 780,922
  Elements: 3,048,900
  Loaded field 'Displacement': (780922, 3)
    Loaded 40/40 timesteps
    Memory: 357.5 MB

  Mesh: 3,048,900 elements, 780,922 nodes
  Velocity timesteps: 40
  Total load time: 180.14s

  Velocity cycle parameters:
    Cycle period: 0.100 time units
    Number of cycles: 62.50
    Tracking steps per velocity step: 1

[2/6] Building global Morton structure (CPU)...
  Built 28,330 leaves in 11.80s
  Memory: 34.9 MB

[3/6] Uploading mesh and Morton structure to GPU...
  Computing element neighbors...
    Neighbor computation: 50.72s
  Total upload time: 50.91s

[4/6] Initializing 105,000 particles (uniform grid 50×70×30)...
  Particle bounds:
    X: [-0.024000, -0.012000] (domain fraction: (0.1, 0.3))
    Y: [-0.023000, 0.023000] (domain fraction: (0.0, 1.0))
    Z: [-0.010000, 0.000000] (domain fraction: (0.0, 1.0))
  Created 105,000 particles in uniform grid

[5/6] Setting up async VTK export...
  Output directory: output/global_morton_timedep
  Export frequency: every 10 steps
  Store velocities: No
  Expected exports: 250

[6/6] Running time integration (2,500 steps)...

  Uploading data to GPU...
    Velocity sequence upload: 0.21s (357.5 MB)
    Particle data upload: minimal

  Running extended initial assignment (radius=50)...
    Initial assignment: 84,088/105,000 (80.08%)
    Search time: 3.60s

  Compiling RK4 (first step)...
    Compilation time: 20.52s

❌ WARNING: Initial assignment <95%. Continuing anyway...

  Running 2,500 timesteps...
    Step     Active  Retention    Step Time      Throughput
  ------ ---------- ---------- ------------ ---------------
     100     84,429     80.41%     407.88 ms       257427 p/s | Exported:    9
     200     84,429     80.41%     413.48 ms       253943 p/s | Exported:   19
     300     84,429     80.41%     418.58 ms       250846 p/s | Exported:   29
     400     84,429     80.41%     423.58 ms       247886 p/s | Exported:   39
     500     84,429     80.41%     431.63 ms       243263 p/s | Exported:   49
     600     84,429     80.41%     440.33 ms       238460 p/s | Exported:   59
     700     84,429     80.41%     446.50 ms       235163 p/s | Exported:   69
     800     84,429     80.41%     453.92 ms       231319 p/s | Exported:   79
     900     84,429     80.41%     458.79 ms       228863 p/s | Exported:   89
    1000     84,429     80.41%     462.74 ms       226908 p/s | Exported:   99
    1100     84,429     80.41%     462.02 ms       227264 p/s | Exported:  109
    1200     84,429     80.41%     461.20 ms       227667 p/s | Exported:  119
    1300     84,429     80.41%     456.02 ms       230251 p/s | Exported:  129
    1400     84,429     80.41%     450.42 ms       233116 p/s | Exported:  139
    1500     84,429     80.41%     445.22 ms       235838 p/s | Exported:  149
    1600     84,429     80.41%     439.17 ms       239086 p/s | Exported:  159
    1700     84,429     80.41%     431.88 ms       243122 p/s | Exported:  169
    1800     84,429     80.41%     426.99 ms       245910 p/s | Exported:  179
    1900     84,429     80.41%     422.06 ms       248779 p/s | Exported:  189
    2000     84,429     80.41%     418.89 ms       250664 p/s | Exported:  199
    2100     84,429     80.41%     417.05 ms       251768 p/s | Exported:  209
    2200     84,429     80.41%     416.31 ms       252215 p/s | Exported:  219
    2300     84,429     80.41%     414.47 ms       253336 p/s | Exported:  229
    2400     84,429     80.41%     414.40 ms       253377 p/s | Exported:  239
    2500     84,429     80.41%     414.98 ms       253027 p/s | Exported:  249

  Waiting for exports to complete...
  ✅ All exports complete
    Files exported: 250
    Mean export time: 0.255 s
    Total export time: 63.7 s

================================================================================
PRODUCTION RESULTS
================================================================================

  Initial particles: 105,000
  Initial assignment: 84,088 (80.08%)
  Final active: 84,429
  Final retention: 80.41%

  Timesteps completed: 2,500
  Total integration time: 1086.21s
  Mean step time: 433.68 ± 18.55 ms
  Min/Max step time: 398.88 / 504.16 ms
  Mean throughput: 242111 particles/s

  Retention history:
    Step 10:    80.41%
    Step 100:   80.41%
    Step 1000:  80.41%
    Step 2500: 80.41%

================================================================================
PERFORMANCE METRICS
================================================================================
❌ Initial assignment: 80.08% (<95% target)
❌ Final retention: 80.41% (<95% target)
✅ Throughput: 242111 p/s (≥40k target)
✅ Memory: ~85 MB (global Morton + mesh)
✅ Architecture: L0 (cached) + L1 (3-hop) + L2 (global Morton, radius=2)
✅ Morton structure: 28,330 leaves, 256 capacity
✅ No JAX OOM errors
✅ VTK export: 250 files in output/global_morton_timedep
================================================================================

⚠  PRODUCTION TEST RESULTS
   Some metrics below target. Review L2 configuration or increase search radius.
================================================================================
