production_tracking_threadeda.py
✅ Enhanced VTK I/O available
/home/arhashemi/Workspace/welding/JAXTrace/jaxtrace/io/registry.py:41: UserWarning: h5py not available. HDF5 I/O will be disabled
  from .hdf5_io import H5Series
✅ HDF5 I/O available
================================================================================
PRODUCTION PARTICLE TRACKING WITH ASYNC VTK EXPORT
================================================================================
JAX version: 0.8.0
JAX backend: gpu
Available devices: [CudaDevice(id=0)]

================================================================================
CONFIGURATION
================================================================================

Mesh: /home/arhashemi/Workspace/welding/Edgar/ThreadedA/post/0eule/threadedAvtk_120.pvtu
Particle grid resolution: (50, 50, 25)
Particle bounds (fraction): {'x': (0.1, 0.3), 'y': (0.0, 1.0), 'z': (0.0, 1.0)}
Timesteps: 2,500
dt: 0.0025 s
Total time: 6.250 s
Grid: (8, 8, 4) (256 blocks)
Export frequency: every 10 steps
Store velocities: No
Output directory: output/threadeda_global_optimized
Boundary deactivation: Enabled

Performance Mode:
  Mode: GLOBAL GPU MESH (optimized) - Phase 2
  Expected throughput: 200,000-300,000 p/s
  Memory: ~2 GB CPU RAM, ~500 MB GPU

================================================================================
MESH LOADING
================================================================================

Loading mesh: /home/arhashemi/Workspace/welding/Edgar/ThreadedA/post/0eule/threadedAvtk_120.pvtu
  Nodes: 900,671
  Elements: 3,512,384
  Loaded field 'Displacement': (900671, 3)
✓ Mesh loaded (5.45 s):
  Nodes: 900,671
  Elements: 3,512,384
  Velocity field: (900671, 3)
  Velocity magnitude range: [-0.878970, 0.808578] m/s

================================================================================
FOREST STRUCTURE
================================================================================

Bounding box:
  X: [-0.0300, 0.0300]
  Y: [-0.0230, 0.0230]
  Z: [-0.0100, 0.0000]

✓ Block grid created (0.00 s): 256 blocks
✓ Element assignment (7.45 s)
  Blocks used: 256/256
  Elements per block: 2 - 450004
✓ Element neighbors built (59.16 s)
✓ Padded arrays (5.41 s)
  Shape: (256, 450004)
  Memory: 6593.8 MB
  Note: Used for initial assignment only, not for incremental search

✓ Block classification:
  Light blocks: 240
  Heavy blocks: 16

Building hash buckets for 16 heavy blocks...

================================================================================
PARTICLE GENERATION (UNIFORM GRID)
================================================================================

Domain bounds:
  X: [-0.0300, 0.0300] (size: 0.0600)
  Y: [-0.0230, 0.0230] (size: 0.0460)
  Z: [-0.0100, 0.0000] (size: 0.0100)

Particle region (fractional):
  X: [-0.0240, -0.0120] (fraction: (0.1, 0.3))
  Y: [-0.0230, 0.0230] (fraction: (0.0, 1.0))
  Z: [-0.0100, 0.0000] (fraction: (0.0, 1.0))
  Particle region size: [0.012 0.046 0.01 ]

Grid resolution: 50 × 50 × 25 = 62,500 particles

Generating uniform grid particles...
✓ Generated 62,500 particles on uniform grid

================================================================================
GPU MESH UPLOAD
================================================================================

Estimated mesh memory: 117.50 MB
Uploading mesh to GPU...
  Elements: 3,512,384
  Nodes: 900,671
✓ Mesh uploaded to GPU:
  Connectivity: 53.59 MB
  Node positions: 10.31 MB
  Element neighbors: 53.59 MB
  Total: 117.50 MB

  Baseline comparison:
    Block-wise padded arrays: ~6,500 MB CPU memory (98% waste)
    Global mesh: 117.50 MB GPU memory (0% waste)
    Memory reduction: 55.3× smaller

================================================================================
INITIAL ASSIGNMENT
================================================================================

Finding containing elements...
✓ Initial assignment (112.24 s):
  Found: 61819/62500 (98.9%)
  Throughput: 550.8 p/s

Active particles: 61,819

================================================================================
TRACKING SETUP
================================================================================

✓ Velocity field prepared for block-wise tracking
  Source: Loaded from mesh file ('Displacement')
  Shape: (256, 900671, 3) (n_blocks × n_nodes × 3)
  Velocity magnitude range: [0.000155, 0.900027] m/s

✓ Using GLOBAL MESH interpolator (Phase 2)
  Architecture: Persistent GPU mesh + single batch
  Expected speedup: 40-60× over baseline

✓ Using HYBRID incremental search (Phase 3a - Option A+D optimized)
  Architecture: Vectorized L0 + Extended L1 (2-hop, ~20 neighbors)
  Expected: 95%+ via vectorized path (L0+L1 extended), <5% L2/L3 fallback
  Optimizations: Extended neighborhood + skip redundant L0/L1 in fallback

✓ Interpolator and searcher functions created

✓ Using GPU-FUSED RK4 (Phase 3a Part 2)
  Architecture: All 4 RK4 stages execute on GPU
  Transfer reduction: 8 round trips → 2 transfers per timestep
  Expected throughput: 50-100k p/s (4-8× improvement)

Warming up JIT compilation...
✓ JIT warm-up complete (24.73 s)

================================================================================
ASYNC VTK EXPORT SETUP
================================================================================

✓ Async VTK exporter initialized
  Output directory: output/threadeda_global_optimized
  Export frequency: every 10 steps
  Store velocities: No
  Expected exports: 250

================================================================================
TIME MARCHING
================================================================================

Running 2,500 timesteps with dt=0.0025 s...
(Export happens in background thread, no blocking)

Step   100/2500 | Active: 55,263 | Throughput: 644456.1 p/s | GPU:  2737 MB | RAM:  11909 MB | Exported:    9 | ETA: 4.1 min
Step   200/2500 | Active: 49,242 | Throughput: 583482.8 p/s | GPU:  2737 MB | RAM:  11909 MB | Exported:   19 | ETA: 3.5 min
Step   300/2500 | Active: 43,716 | Throughput: 521838.7 p/s | GPU:  2737 MB | RAM:  11909 MB | Exported:   29 | ETA: 3.3 min
Step   400/2500 | Active: 38,365 | Throughput: 462613.1 p/s | GPU:  2737 MB | RAM:  11910 MB | Exported:   39 | ETA: 3.1 min
Step   500/2500 | Active: 33,099 | Throughput: 403329.9 p/s | GPU:  2737 MB | RAM:  11910 MB | Exported:   49 | ETA: 3.0 min
Step   600/2500 | Active: 29,343 | Throughput: 344066.5 p/s | GPU:  2737 MB | RAM:  11910 MB | Exported:   59 | ETA: 2.8 min
Step   700/2500 | Active: 28,197 | Throughput: 318403.1 p/s | GPU:  2737 MB | RAM:  11910 MB | Exported:   69 | ETA: 2.7 min
Step   800/2500 | Active: 27,405 | Throughput: 307958.5 p/s | GPU:  2737 MB | RAM:  11910 MB | Exported:   79 | ETA: 2.6 min
Step   900/2500 | Active: 25,863 | Throughput: 293476.2 p/s | GPU:  2737 MB | RAM:  11910 MB | Exported:   89 | ETA: 2.4 min
Step  1000/2500 | Active: 23,920 | Throughput: 274026.9 p/s | GPU:  2737 MB | RAM:  11910 MB | Exported:   99 | ETA: 2.3 min
Step  1100/2500 | Active: 21,974 | Throughput: 251361.2 p/s | GPU:  2737 MB | RAM:  11910 MB | Exported:  109 | ETA: 2.1 min
Step  1200/2500 | Active: 19,962 | Throughput: 228787.8 p/s | GPU:  2737 MB | RAM:  11910 MB | Exported:  119 | ETA: 2.0 min
Step  1300/2500 | Active: 18,293 | Throughput: 208616.2 p/s | GPU:  2737 MB | RAM:  11910 MB | Exported:  129 | ETA: 1.8 min
Step  1400/2500 | Active: 16,945 | Throughput: 191791.9 p/s | GPU:  2737 MB | RAM:  11910 MB | Exported:  139 | ETA: 1.7 min
Step  1500/2500 | Active: 15,549 | Throughput: 176662.6 p/s | GPU:  2737 MB | RAM:  11910 MB | Exported:  149 | ETA: 1.5 min
Step  1600/2500 | Active: 14,435 | Throughput: 161321.7 p/s | GPU:  2737 MB | RAM:  11910 MB | Exported:  159 | ETA: 1.4 min
Step  1700/2500 | Active: 13,753 | Throughput: 152215.9 p/s | GPU:  2737 MB | RAM:  11910 MB | Exported:  169 | ETA: 1.2 min
Step  1800/2500 | Active: 13,334 | Throughput: 145938.9 p/s | GPU:  2737 MB | RAM:  11910 MB | Exported:  179 | ETA: 1.1 min
Step  1900/2500 | Active: 13,065 | Throughput: 141903.8 p/s | GPU:  2737 MB | RAM:  11910 MB | Exported:  189 | ETA: 0.9 min
Step  2000/2500 | Active: 12,880 | Throughput: 139778.7 p/s | GPU:  2737 MB | RAM:  11910 MB | Exported:  199 | ETA: 0.8 min
Step  2100/2500 | Active: 12,778 | Throughput: 138256.3 p/s | GPU:  2737 MB | RAM:  11910 MB | Exported:  209 | ETA: 0.6 min
Step  2200/2500 | Active: 12,655 | Throughput: 136951.3 p/s | GPU:  2737 MB | RAM:  11910 MB | Exported:  219 | ETA: 0.5 min
Step  2300/2500 | Active: 12,539 | Throughput: 135411.4 p/s | GPU:  2737 MB | RAM:  11910 MB | Exported:  229 | ETA: 0.3 min
Step  2400/2500 | Active: 11,782 | Throughput: 132719.1 p/s | GPU:  2737 MB | RAM:  11910 MB | Exported:  240 | ETA: 0.2 min
Step  2500/2500 | Active: 10,016 | Throughput: 117287.7 p/s | GPU:  2737 MB | RAM:  11910 MB | Exported:  249 | ETA: 0.0 min

================================================================================
TRACKING COMPLETE
================================================================================

Waiting for exports to complete...
✓ All exports complete
  Files exported: 250
  Mean export time: 0.077 s
  Total export time: 19.3 s

================================================================================
FINAL STATISTICS
================================================================================

Tracking Performance:
  Total time: 231.9 s (3.9 min)
  Time per step: 0.0921 s ± 0.0254 s
  Mean throughput: 264506.3 p/s
  Final active particles: 10,016

Export Performance:
  Files written: 250
  Mean write time: 0.077 s
  Total write time: 19.3 s
  Tracking overhead: 8.34%

Final Resource Usage:
  GPU Memory: 2737 MB
  RAM: 11910 MB

================================================================================
SUCCESS - Production tracking complete!
================================================================================
Output files: output/threadeda_global_optimized
