/home/areza/welding/benchmark_rk4_diagnostic.py:381: DeprecationWarning: Bitwise inversion '~' on bool is deprecated and will be removed in Python 3.16. This returns the bitwise inversion of the underlying int object and is usually not what you expect from negating a bool. Use the 'not' operator for boolean negation or ~int(x) if you really want the bitwise inversion of the underlying int.
  should_search = (~found) & (current_elem >= 0) & hop_enabled
✅ Enhanced VTK I/O available
✅ HDF5 I/O available
================================================================================
RK4 Diagnostic Benchmark
Isolating particle loss root cause in vmapped RK4 pipeline
================================================================================
JAX version: 0.9.0.1
JAX devices: [CudaDevice(id=0)]

Configuration:
  L0 (cached element):  ENABLED
  L1 (neighbor hops):   ENABLED
  L2 method:            mesh_aligned_octree_multi_local_where
  N_STEPS:              500
  DT:                   0.0025
  Export frequency:     every 1 steps
  Loading from:         output/benchmark_with_export/Mesh-Aligned_Multi-Cell_+_3×3×3_Local_(jnp.where)
  Starting step:        1125
  Standalone L2 verify: True
================================================================================

[1/7] Loading mesh...
Loading mesh: data/FLA/post/0eule/featurelessAvtk_158.pvtu
  Nodes: 780,922
  Elements: 3,048,900
  Loaded field 'Displacement': (780922, 3)
Loading mesh: data/FLA/post/0eule/featurelessAvtk_159.pvtu
  Nodes: 780,922
  Elements: 3,048,900
  Loaded field 'Displacement': (780922, 3)
  Elements: 3,048,900, Nodes: 780,922
  Deduplicating...
  Removed 209,749 duplicates -> 571,173 nodes

[2/7] Precomputing metadata...

Precomputed inverse matrices:
  Elements: 3,048,900
  Degenerate: 0 (0.0000%)
  Det range: [4.87e-13, 1.28e-07]
  Memory: 146,347,200 bytes (139.6 MB)
  Done

[3/7] Building structures and uploading to GPU...
  Multi-cell octree: 665,842 cells, 18.3 elem/cell, 4.0 cells/elem

================================================================================
MESH QUALITY ANALYSIS
================================================================================

  1. Element volumes (3,048,900 elements):
     Min: 8.1239e-14  Max: 2.1296e-08
     Mean: 9.0524e-12  Median: 8.1239e-14
     Zero volume (< 1e-20): 0
     Tiny volume (< 1e-15): 0
     Small volume (< 1e-12): 2,981,515
     Volume ratio (max/min, non-degenerate): 262146.2x

  2. Determinant analysis:
     Negative det (inverted tets): 0
     Zero det (degenerate): 0

  3. Duplicate element check:
     No duplicate elements found

  4. Face neighbor analysis:
     Neighbors distribution:
       1 neighbors: 2 elements (0.00%)
       2 neighbors: 2,889 elements (0.09%)
       3 neighbors: 354,846 elements (11.64%)
       4 neighbors: 2,691,163 elements (88.27%)
     Boundary elements (< 4 neighbors): 357,737 (11.73%)
     Neighbor symmetry OK (checked 100,000 elements)

  5. Refinement boundary analysis (face size mismatch):
     No significant face area mismatches found

  SUMMARY:
     No mesh quality issues detected
================================================================================
  Uploaded to GPU

[4/7] Loading particles from previous output...
  File: output/benchmark_with_export/Mesh-Aligned_Multi-Cell_+_3×3×3_Local_(jnp.where)/particles_step_001125.vtu
  Loaded 219,212 particles (219,212 active)

[5/7] Initial assignment...
  Using element IDs from loaded VTU file
  Verifying with standalone L2...
    Standalone L2: 219,212/219,212 (100.00%)
  Assigned: 219,212/219,212 (100.00%)

[6/7] Building diagnostic RK4 (L0=ON, L1=ON)...
  Exported initial state (step 0): 219,212 active
  Loaded comparison stats: 500 steps from output/benchmark_with_export/Mesh-Aligned Multi-Cell + 3×3×3 Local (jnp.where)/search_stats.csv
  Compiling...
  Compilation: 14.9s

[7/7] Running 500 RK4 steps with diagnostics...
================================================================================
  Step    1: active=219,212 lost=0 (+0) | L0=99.1% L1=0.7% L2=0.2% miss=0.0% | (prev: lost=294, diff=-294)
  Step    2: active=219,212 lost=0 (+0) | L0=99.1% L1=0.7% L2=0.2% miss=0.0% | (prev: lost=380, diff=-380)
  Step    3: active=219,212 lost=0 (+0) | L0=99.1% L1=0.7% L2=0.2% miss=0.0% | (prev: lost=390, diff=-390)
  Step    4: active=219,212 lost=0 (+0) | L0=99.1% L1=0.7% L2=0.2% miss=0.0% | (prev: lost=422, diff=-422)
  Step    5: active=219,212 lost=0 (+0) | L0=99.1% L1=0.7% L2=0.2% miss=0.0% | (prev: lost=433, diff=-433)
  Step    6: active=219,212 lost=0 (+0) | L0=99.1% L1=0.7% L2=0.2% miss=0.0% | (prev: lost=1,391, diff=-1391)
  Step    7: active=219,212 lost=0 (+0) | L0=99.1% L1=0.7% L2=0.2% miss=0.0% | (prev: lost=1,404, diff=-1404)
  Step    8: active=219,212 lost=0 (+0) | L0=99.1% L1=0.7% L2=0.2% miss=0.0% | (prev: lost=1,404, diff=-1404)
  Step    9: active=219,212 lost=0 (+0) | L0=99.1% L1=0.7% L2=0.2% miss=0.0% | (prev: lost=1,485, diff=-1485)
  Step   10: active=219,212 lost=0 (+0) | L0=99.1% L1=0.7% L2=0.2% miss=0.0% | (prev: lost=1,685, diff=-1685)
  Step   11: active=219,212 lost=0 (+0) | L0=99.1% L1=0.7% L2=0.2% miss=0.0% | (prev: lost=1,735, diff=-1735)
  Step   12: active=219,212 lost=0 (+0) | L0=99.1% L1=0.7% L2=0.2% miss=0.0% | (prev: lost=1,774, diff=-1774)
  Step   13: active=219,212 lost=0 (+0) | L0=99.1% L1=0.7% L2=0.2% miss=0.0% | (prev: lost=1,788, diff=-1788)
  Step   14: active=219,212 lost=0 (+0) | L0=99.1% L1=0.7% L2=0.2% miss=0.0% | (prev: lost=1,809, diff=-1809)
  Step   15: active=219,212 lost=0 (+0) | L0=99.1% L1=0.7% L2=0.2% miss=0.0% | (prev: lost=2,782, diff=-2782)
  Step   16: active=219,212 lost=0 (+0) | L0=99.1% L1=0.7% L2=0.2% miss=0.0% | (prev: lost=2,791, diff=-2791)
  Step   17: active=219,212 lost=0 (+0) | L0=99.1% L1=0.7% L2=0.2% miss=0.0% | (prev: lost=2,794, diff=-2794)
  Step   18: active=219,212 lost=0 (+0) | L0=99.1% L1=0.7% L2=0.2% miss=0.0% | (prev: lost=2,829, diff=-2829)
  Step   19: active=219,212 lost=0 (+0) | L0=99.1% L1=0.7% L2=0.2% miss=0.0% | (prev: lost=3,025, diff=-3025)
  Step   20: active=219,212 lost=0 (+0) | L0=99.1% L1=0.7% L2=0.2% miss=0.0% | (prev: lost=3,119, diff=-3119)
  Step   21: active=219,212 lost=0 (+0) | L0=99.1% L1=0.7% L2=0.2% miss=0.0% | (prev: lost=3,171, diff=-3171)
  Step   22: active=219,212 lost=0 (+0) | L0=99.1% L1=0.7% L2=0.2% miss=0.0% | (prev: lost=3,177, diff=-3177)
  Step   23: active=219,212 lost=0 (+0) | L0=99.1% L1=0.7% L2=0.2% miss=0.0% | (prev: lost=3,190, diff=-3190)
  Step   24: active=219,212 lost=0 (+0) | L0=99.2% L1=0.7% L2=0.2% miss=0.0% | (prev: lost=3,893, diff=-3893)
  Step   25: active=219,212 lost=0 (+0) | L0=99.1% L1=0.7% L2=0.2% miss=0.0% | (prev: lost=4,175, diff=-4175)
  Step   26: active=219,212 lost=0 (+0) | L0=99.1% L1=0.7% L2=0.2% miss=0.0% | (prev: lost=4,189, diff=-4189)
  Step   27: active=219,212 lost=0 (+0) | L0=99.2% L1=0.7% L2=0.2% miss=0.0% | (prev: lost=4,213, diff=-4213)
  Step   28: active=219,212 lost=0 (+0) | L0=99.1% L1=0.7% L2=0.2% miss=0.0% | (prev: lost=4,300, diff=-4300)
  Step   29: active=219,212 lost=0 (+0) | L0=99.2% L1=0.7% L2=0.2% miss=0.0% | (prev: lost=4,492, diff=-4492)
  Step   30: active=219,212 lost=0 (+0) | L0=99.1% L1=0.7% L2=0.2% miss=0.0% | (prev: lost=4,540, diff=-4540)
  Step   31: active=219,212 lost=0 (+0) | L0=99.1% L1=0.7% L2=0.2% miss=0.0% | (prev: lost=4,574, diff=-4574)
  Step   32: active=219,212 lost=0 (+0) | L0=99.1% L1=0.7% L2=0.2% miss=0.0% | (prev: lost=4,579, diff=-4579)
  Step   33: active=219,212 lost=0 (+0) | L0=99.2% L1=0.6% L2=0.2% miss=0.0% | (prev: lost=4,874, diff=-4874)
  Step   34: active=219,212 lost=0 (+0) | L0=99.1% L1=0.7% L2=0.2% miss=0.0% | (prev: lost=5,567, diff=-5567)
  Step   35: active=219,212 lost=0 (+0) | L0=99.2% L1=0.7% L2=0.2% miss=0.0% | (prev: lost=5,575, diff=-5575)
  Step   36: active=219,212 lost=0 (+0) | L0=99.2% L1=0.6% L2=0.2% miss=0.0% | (prev: lost=5,605, diff=-5605)
  Step   37: active=219,212 lost=0 (+0) | L0=99.2% L1=0.6% L2=0.2% miss=0.0% | (prev: lost=5,638, diff=-5638)
  Step   38: active=219,212 lost=0 (+0) | L0=99.1% L1=0.7% L2=0.2% miss=0.0% | (prev: lost=5,819, diff=-5819)
  Step   39: active=219,212 lost=0 (+0) | L0=99.2% L1=0.7% L2=0.2% miss=0.0% | (prev: lost=5,929, diff=-5929)
  Step   40: active=219,212 lost=0 (+0) | L0=99.2% L1=0.7% L2=0.2% miss=0.0% | (prev: lost=5,949, diff=-5949)
  Step   41: active=219,212 lost=0 (+0) | L0=99.2% L1=0.7% L2=0.2% miss=0.0% | (prev: lost=5,969, diff=-5969)
  Step   42: active=219,212 lost=0 (+0) | L0=99.2% L1=0.6% L2=0.2% miss=0.0% | (prev: lost=6,159, diff=-6159)
  Step   43: active=219,212 lost=0 (+0) | L0=99.2% L1=0.6% L2=0.2% miss=0.0% | (prev: lost=6,744, diff=-6744)
  Step   44: active=219,212 lost=0 (+0) | L0=99.2% L1=0.7% L2=0.2% miss=0.0% | (prev: lost=6,962, diff=-6962)
  Step   45: active=219,212 lost=0 (+0) | L0=99.2% L1=0.6% L2=0.2% miss=0.0% | (prev: lost=6,992, diff=-6992)
  Step   46: active=219,212 lost=0 (+0) | L0=99.2% L1=0.6% L2=0.2% miss=0.0% | (prev: lost=7,021, diff=-7021)
  Step   47: active=219,212 lost=0 (+0) | L0=99.1% L1=0.7% L2=0.2% miss=0.0% | (prev: lost=7,099, diff=-7099)
  Step   48: active=219,212 lost=0 (+0) | L0=99.2% L1=0.7% L2=0.2% miss=0.0% | (prev: lost=7,297, diff=-7297)
  Step   49: active=219,212 lost=0 (+0) | L0=99.2% L1=0.6% L2=0.2% miss=0.0% | (prev: lost=7,343, diff=-7343)
  Step   50: active=219,212 lost=0 (+0) | L0=99.2% L1=0.6% L2=0.2% miss=0.0% | (prev: lost=7,369, diff=-7369)
  Step   51: active=219,212 lost=0 (+0) | L0=99.2% L1=0.6% L2=0.2% miss=0.0% | (prev: lost=7,551, diff=-7551)
  Step   52: active=219,212 lost=0 (+0) | L0=99.2% L1=0.6% L2=0.2% miss=0.0% | (prev: lost=8,092, diff=-8092)
  Step   53: active=219,212 lost=0 (+0) | L0=99.2% L1=0.6% L2=0.2% miss=0.0% | (prev: lost=8,353, diff=-8353)
  Step   54: active=219,212 lost=0 (+0) | L0=99.2% L1=0.6% L2=0.2% miss=0.0% | (prev: lost=8,380, diff=-8380)
  Step   55: active=219,212 lost=0 (+0) | L0=99.2% L1=0.6% L2=0.2% miss=0.0% | (prev: lost=8,403, diff=-8403)
  Step   56: active=219,212 lost=0 (+0) | L0=99.2% L1=0.6% L2=0.2% miss=0.0% | (prev: lost=8,451, diff=-8451)
  Step   57: active=219,212 lost=0 (+0) | L0=99.2% L1=0.6% L2=0.2% miss=0.0% | (prev: lost=8,628, diff=-8628)
  Step   58: active=219,212 lost=0 (+0) | L0=99.2% L1=0.6% L2=0.2% miss=0.0% | (prev: lost=8,711, diff=-8711)
  Step   59: active=219,212 lost=0 (+0) | L0=99.2% L1=0.6% L2=0.2% miss=0.0% | (prev: lost=8,739, diff=-8739)
  Step   60: active=219,212 lost=0 (+0) | L0=99.2% L1=0.6% L2=0.2% miss=0.0% | (prev: lost=8,908, diff=-8908)
  Step   61: active=219,212 lost=0 (+0) | L0=99.2% L1=0.6% L2=0.2% miss=0.0% | (prev: lost=9,206, diff=-9206)
  Step   62: active=219,212 lost=0 (+0) | L0=99.2% L1=0.6% L2=0.2% miss=0.0% | (prev: lost=9,563, diff=-9563)
  Step   63: active=219,212 lost=0 (+0) | L0=99.2% L1=0.6% L2=0.2% miss=0.0% | (prev: lost=9,771, diff=-9771)
  Step   64: active=219,212 lost=0 (+0) | L0=99.2% L1=0.6% L2=0.2% miss=0.0% | (prev: lost=9,795, diff=-9795)
  Step   65: active=219,212 lost=0 (+0) | L0=99.2% L1=0.6% L2=0.2% miss=0.0% | (prev: lost=9,831, diff=-9831)
  Step   66: active=219,212 lost=0 (+0) | L0=99.2% L1=0.6% L2=0.2% miss=0.0% | (prev: lost=9,939, diff=-9939)
  Step   67: active=219,212 lost=0 (+0) | L0=99.2% L1=0.6% L2=0.2% miss=0.0% | (prev: lost=10,096, diff=-10096)
  Step   68: active=219,212 lost=0 (+0) | L0=99.2% L1=0.6% L2=0.2% miss=0.0% | (prev: lost=10,125, diff=-10125)
  Step   69: active=219,212 lost=0 (+0) | L0=99.2% L1=0.6% L2=0.2% miss=0.0% | (prev: lost=10,174, diff=-10174)
  Step   70: active=219,212 lost=0 (+0) | L0=99.2% L1=0.6% L2=0.2% miss=0.0% | (prev: lost=10,486, diff=-10486)
  Step   71: active=219,212 lost=0 (+0) | L0=99.2% L1=0.6% L2=0.2% miss=0.0% | (prev: lost=10,944, diff=-10944)
  Step   72: active=219,212 lost=0 (+0) | L0=99.2% L1=0.6% L2=0.2% miss=0.0% | (prev: lost=11,156, diff=-11156)
  Step   73: active=219,212 lost=0 (+0) | L0=99.2% L1=0.6% L2=0.2% miss=0.0% | (prev: lost=11,181, diff=-11181)
  Step   74: active=219,212 lost=0 (+0) | L0=99.2% L1=0.6% L2=0.2% miss=0.0% | (prev: lost=11,217, diff=-11217)
  Step   75: active=219,212 lost=0 (+0) | L0=99.2% L1=0.6% L2=0.2% miss=0.0% | (prev: lost=11,266, diff=-11266)
  Step   76: active=219,212 lost=0 (+0) | L0=99.2% L1=0.6% L2=0.2% miss=0.0% | (prev: lost=11,443, diff=-11443)
  Step   77: active=219,212 lost=0 (+0) | L0=99.2% L1=0.6% L2=0.2% miss=0.0% | (prev: lost=11,514, diff=-11514)
  Step   78: active=219,212 lost=0 (+0) | L0=99.2% L1=0.6% L2=0.2% miss=0.0% | (prev: lost=11,545, diff=-11545)
  Step   79: active=219,212 lost=0 (+0) | L0=99.2% L1=0.6% L2=0.2% miss=0.0% | (prev: lost=11,741, diff=-11741)
  Step   80: active=219,212 lost=0 (+0) | L0=99.2% L1=0.6% L2=0.2% miss=0.0% | (prev: lost=12,293, diff=-12293)
  Step   81: active=219,212 lost=0 (+0) | L0=99.2% L1=0.6% L2=0.2% miss=0.0% | (prev: lost=12,377, diff=-12377)
  Step   82: active=219,212 lost=0 (+0) | L0=99.2% L1=0.6% L2=0.2% miss=0.0% | (prev: lost=12,573, diff=-12573)
  Step   83: active=219,212 lost=0 (+0) | L0=99.2% L1=0.6% L2=0.2% miss=0.0% | (prev: lost=12,596, diff=-12596)
  Step   84: active=219,212 lost=0 (+0) | L0=99.2% L1=0.6% L2=0.2% miss=0.0% | (prev: lost=12,652, diff=-12652)
  Step   85: active=219,212 lost=0 (+0) | L0=99.2% L1=0.6% L2=0.2% miss=0.0% | (prev: lost=12,763, diff=-12763)
  Step   86: active=219,212 lost=0 (+0) | L0=99.2% L1=0.6% L2=0.2% miss=0.0% | (prev: lost=12,916, diff=-12916)
  Step   87: active=219,212 lost=0 (+0) | L0=99.2% L1=0.6% L2=0.2% miss=0.0% | (prev: lost=12,946, diff=-12946)
  Step   88: active=219,212 lost=0 (+0) | L0=99.2% L1=0.6% L2=0.2% miss=0.0% | (prev: lost=13,143, diff=-13143)
  Step   89: active=219,212 lost=0 (+0) | L0=99.2% L1=0.6% L2=0.2% miss=0.0% | (prev: lost=13,543, diff=-13543)
  Step   90: active=219,212 lost=0 (+0) | L0=99.2% L1=0.6% L2=0.2% miss=0.0% | (prev: lost=13,789, diff=-13789)
  Step   91: active=219,212 lost=0 (+0) | L0=99.2% L1=0.6% L2=0.2% miss=0.0% | (prev: lost=13,996, diff=-13996)
  Step   92: active=219,212 lost=0 (+0) | L0=99.2% L1=0.6% L2=0.2% miss=0.0% | (prev: lost=14,012, diff=-14012)
  Step   93: active=219,212 lost=0 (+0) | L0=99.2% L1=0.6% L2=0.2% miss=0.0% | (prev: lost=14,048, diff=-14048)
  Step   94: active=219,212 lost=0 (+0) | L0=99.2% L1=0.6% L2=0.2% miss=0.0% | (prev: lost=14,095, diff=-14095)
  Step   95: active=219,212 lost=0 (+0) | L0=99.2% L1=0.6% L2=0.2% miss=0.0% | (prev: lost=14,296, diff=-14296)
  Step   96: active=219,212 lost=0 (+0) | L0=99.2% L1=0.6% L2=0.2% miss=0.0% | (prev: lost=14,365, diff=-14365)
  Step   97: active=219,212 lost=0 (+0) | L0=99.2% L1=0.6% L2=0.2% miss=0.0% | (prev: lost=14,580, diff=-14580)
  Step   98: active=219,212 lost=0 (+0) | L0=99.2% L1=0.6% L2=0.2% miss=0.0% | (prev: lost=14,778, diff=-14778)
  Step   99: active=219,212 lost=0 (+0) | L0=99.2% L1=0.6% L2=0.2% miss=0.0% | (prev: lost=15,229, diff=-15229)
  Step  100: active=219,212 lost=0 (+0) | L0=99.2% L1=0.6% L2=0.2% miss=0.0% | (prev: lost=15,308, diff=-15308)
  Step  101: active=219,212 lost=0 (+0) | L0=99.2% L1=0.6% L2=0.2% miss=0.0% | (prev: lost=15,469, diff=-15469)
  Step  102: active=219,212 lost=0 (+0) | L0=99.2% L1=0.6% L2=0.2% miss=0.0% | (prev: lost=15,497, diff=-15497)
  Step  103: active=219,212 lost=0 (+0) | L0=99.2% L1=0.6% L2=0.2% miss=0.0% | (prev: lost=15,553, diff=-15553)
  Step  104: active=219,212 lost=0 (+0) | L0=99.2% L1=0.6% L2=0.2% miss=0.0% | (prev: lost=15,672, diff=-15672)
  Step  105: active=219,212 lost=0 (+0) | L0=99.2% L1=0.6% L2=0.2% miss=0.0% | (prev: lost=15,817, diff=-15817)
  Step  106: active=219,212 lost=0 (+0) | L0=99.2% L1=0.6% L2=0.2% miss=0.0% | (prev: lost=16,026, diff=-16026)
  Step  107: active=219,212 lost=0 (+0) | L0=99.2% L1=0.6% L2=0.2% miss=0.0% | (prev: lost=16,210, diff=-16210)
  Step  108: active=219,212 lost=0 (+0) | L0=99.2% L1=0.6% L2=0.2% miss=0.0% | (prev: lost=16,662, diff=-16662)
  Step  109: active=219,212 lost=0 (+0) | L0=99.2% L1=0.6% L2=0.2% miss=0.0% | (prev: lost=16,743, diff=-16743)
  Step  110: active=219,212 lost=0 (+0) | L0=99.3% L1=0.6% L2=0.2% miss=0.0% | (prev: lost=16,934, diff=-16934)
  Step  111: active=219,212 lost=0 (+0) | L0=99.2% L1=0.6% L2=0.2% miss=0.0% | (prev: lost=16,965, diff=-16965)
  Step  112: active=219,212 lost=0 (+0) | L0=99.2% L1=0.6% L2=0.2% miss=0.0% | (prev: lost=17,022, diff=-17022)
  Step  113: active=219,212 lost=0 (+0) | L0=99.3% L1=0.6% L2=0.2% miss=0.0% | (prev: lost=17,065, diff=-17065)
  Step  114: active=219,212 lost=0 (+0) | L0=99.2% L1=0.6% L2=0.2% miss=0.0% | (prev: lost=17,259, diff=-17259)
  Step  115: active=219,212 lost=0 (+0) | L0=99.2% L1=0.6% L2=0.2% miss=0.0% | (prev: lost=17,464, diff=-17464)
  Step  116: active=219,212 lost=0 (+0) | L0=99.2% L1=0.6% L2=0.2% miss=0.0% | (prev: lost=17,555, diff=-17555)
  Step  117: active=219,212 lost=0 (+0) | L0=99.2% L1=0.6% L2=0.2% miss=0.0% | (prev: lost=18,040, diff=-18040)
  Step  118: active=219,212 lost=0 (+0) | L0=99.2% L1=0.6% L2=0.2% miss=0.0% | (prev: lost=18,215, diff=-18215)
  Step  119: active=219,212 lost=0 (+0) | L0=99.3% L1=0.6% L2=0.2% miss=0.0% | (prev: lost=18,291, diff=-18291)
  Step  120: active=219,212 lost=0 (+0) | L0=99.3% L1=0.6% L2=0.2% miss=0.0% | (prev: lost=18,437, diff=-18437)
  Step  121: active=219,212 lost=0 (+0) | L0=99.2% L1=0.6% L2=0.2% miss=0.0% | (prev: lost=18,472, diff=-18472)
  Step  122: active=219,212 lost=0 (+0) | L0=99.3% L1=0.6% L2=0.2% miss=0.0% | (prev: lost=18,517, diff=-18517)
  Step  123: active=219,212 lost=0 (+0) | L0=99.3% L1=0.6% L2=0.2% miss=0.0% | (prev: lost=18,649, diff=-18649)
  Step  124: active=219,212 lost=0 (+0) | L0=99.3% L1=0.6% L2=0.2% miss=0.0% | (prev: lost=18,846, diff=-18846)
  Step  125: active=219,212 lost=0 (+0) | L0=99.2% L1=0.6% L2=0.2% miss=0.0% | (prev: lost=19,002, diff=-19002)
  Step  126: active=219,212 lost=0 (+0) | L0=99.2% L1=0.6% L2=0.2% miss=0.0% | (prev: lost=19,224, diff=-19224)
  Step  127: active=219,212 lost=0 (+0) | L0=99.3% L1=0.6% L2=0.2% miss=0.0% | (prev: lost=19,671, diff=-19671)
  Step  128: active=219,212 lost=0 (+0) | L0=99.3% L1=0.5% L2=0.2% miss=0.0% | (prev: lost=19,734, diff=-19734)
  Step  129: active=219,212 lost=0 (+0) | L0=99.2% L1=0.6% L2=0.2% miss=0.0% | (prev: lost=19,916, diff=-19916)
  Step  130: active=219,212 lost=0 (+0) | L0=99.3% L1=0.6% L2=0.2% miss=0.0% | (prev: lost=19,939, diff=-19939)
  Step  131: active=219,212 lost=0 (+0) | L0=99.3% L1=0.6% L2=0.2% miss=0.0% | (prev: lost=19,985, diff=-19985)
  Step  132: active=219,212 lost=0 (+0) | L0=99.3% L1=0.5% L2=0.2% miss=0.0% | (prev: lost=20,060, diff=-20060)
  Step  133: active=219,212 lost=0 (+0) | L0=99.3% L1=0.6% L2=0.2% miss=0.0% | (prev: lost=20,279, diff=-20279)
  Step  134: active=219,212 lost=0 (+0) | L0=99.3% L1=0.6% L2=0.2% miss=0.0% | (prev: lost=20,469, diff=-20469)
  Step  135: active=219,212 lost=0 (+0) | L0=99.2% L1=0.6% L2=0.2% miss=0.0% | (prev: lost=20,678, diff=-20678)
  Step  136: active=219,212 lost=0 (+0) | L0=99.3% L1=0.6% L2=0.2% miss=0.0% | (prev: lost=21,132, diff=-21132)
  Step  137: active=219,212 lost=0 (+0) | L0=99.3% L1=0.5% L2=0.2% miss=0.0% | (prev: lost=21,202, diff=-21202)
  Step  138: active=219,212 lost=0 (+0) | L0=99.3% L1=0.6% L2=0.2% miss=0.0% | (prev: lost=21,308, diff=-21308)
  Step  139: active=219,212 lost=0 (+0) | L0=99.3% L1=0.6% L2=0.2% miss=0.0% | (prev: lost=21,427, diff=-21427)
  Step  140: active=219,212 lost=0 (+0) | L0=99.3% L1=0.6% L2=0.2% miss=0.0% | (prev: lost=21,469, diff=-21469)
  Step  141: active=219,212 lost=0 (+0) | L0=99.3% L1=0.5% L2=0.2% miss=0.0% | (prev: lost=21,512, diff=-21512)
  Step  142: active=219,212 lost=0 (+0) | L0=99.3% L1=0.6% L2=0.2% miss=0.0% | (prev: lost=21,686, diff=-21686)
  Step  143: active=219,212 lost=0 (+0) | L0=99.3% L1=0.5% L2=0.2% miss=0.0% | (prev: lost=21,946, diff=-21946)
  Step  144: active=219,212 lost=0 (+0) | L0=99.3% L1=0.5% L2=0.2% miss=0.0% | (prev: lost=22,147, diff=-22147)
  Step  145: active=219,212 lost=0 (+0) | L0=99.3% L1=0.5% L2=0.2% miss=0.0% | (prev: lost=22,582, diff=-22582)
  Step  146: active=219,212 lost=0 (+0) | L0=99.3% L1=0.5% L2=0.2% miss=0.0% | (prev: lost=22,682, diff=-22682)
  Step  147: active=219,212 lost=0 (+0) | L0=99.3% L1=0.5% L2=0.2% miss=0.0% | (prev: lost=22,777, diff=-22777)
  Step  148: active=219,212 lost=0 (+0) | L0=99.3% L1=0.5% L2=0.2% miss=0.0% | (prev: lost=22,922, diff=-22922)
  Step  149: active=219,212 lost=0 (+0) | L0=99.3% L1=0.5% L2=0.2% miss=0.0% | (prev: lost=22,965, diff=-22965)
  Step  150: active=219,212 lost=0 (+0) | L0=99.3% L1=0.5% L2=0.2% miss=0.0% | (prev: lost=23,008, diff=-23008)
  Step  151: active=219,212 lost=0 (+0) | L0=99.3% L1=0.5% L2=0.2% miss=0.0% | (prev: lost=23,111, diff=-23111)
  Step  152: active=219,212 lost=0 (+0) | L0=99.3% L1=0.5% L2=0.2% miss=0.0% | (prev: lost=23,425, diff=-23425)
  Step  153: active=219,212 lost=0 (+0) | L0=99.3% L1=0.6% L2=0.2% miss=0.0% | (prev: lost=23,539, diff=-23539)
  Step  154: active=219,212 lost=0 (+0) | L0=99.3% L1=0.5% L2=0.2% miss=0.0% | (prev: lost=23,828, diff=-23828)
  Step  155: active=219,212 lost=0 (+0) | L0=99.3% L1=0.5% L2=0.2% miss=0.0% | (prev: lost=24,156, diff=-24156)
  Step  156: active=219,212 lost=0 (+0) | L0=99.3% L1=0.5% L2=0.2% miss=0.0% | (prev: lost=24,229, diff=-24229)
  Step  157: active=219,212 lost=0 (+0) | L0=99.3% L1=0.5% L2=0.2% miss=0.0% | (prev: lost=24,359, diff=-24359)
  Step  158: active=219,212 lost=0 (+0) | L0=99.3% L1=0.5% L2=0.2% miss=0.0% | (prev: lost=24,435, diff=-24435)
  Step  159: active=219,212 lost=0 (+0) | L0=99.3% L1=0.5% L2=0.2% miss=0.0% | (prev: lost=24,483, diff=-24483)
  Step  160: active=219,212 lost=0 (+0) | L0=99.3% L1=0.5% L2=0.2% miss=0.0% | (prev: lost=24,543, diff=-24543)
  Step  161: active=219,212 lost=0 (+0) | L0=99.3% L1=0.5% L2=0.2% miss=0.0% | (prev: lost=24,809, diff=-24809)
  Step  162: active=219,212 lost=0 (+0) | L0=99.3% L1=0.5% L2=0.2% miss=0.0% | (prev: lost=24,899, diff=-24899)
  Step  163: active=219,212 lost=0 (+0) | L0=99.3% L1=0.5% L2=0.2% miss=0.0% | (prev: lost=25,126, diff=-25126)
  Step  164: active=219,212 lost=0 (+0) | L0=99.3% L1=0.5% L2=0.2% miss=0.0% | (prev: lost=25,542, diff=-25542)
  Step  165: active=219,212 lost=0 (+0) | L0=99.3% L1=0.5% L2=0.2% miss=0.0% | (prev: lost=25,599, diff=-25599)
  Step  166: active=219,212 lost=0 (+0) | L0=99.3% L1=0.5% L2=0.2% miss=0.0% | (prev: lost=25,698, diff=-25698)
  Step  167: active=219,212 lost=0 (+0) | L0=99.3% L1=0.5% L2=0.2% miss=0.0% | (prev: lost=25,814, diff=-25814)
  Step  168: active=219,212 lost=0 (+0) | L0=99.3% L1=0.5% L2=0.2% miss=0.0% | (prev: lost=25,860, diff=-25860)
  Step  169: active=219,212 lost=0 (+0) | L0=99.3% L1=0.5% L2=0.2% miss=0.0% | (prev: lost=25,926, diff=-25926)
  Step  170: active=219,212 lost=0 (+0) | L0=99.3% L1=0.5% L2=0.2% miss=0.0% | (prev: lost=26,167, diff=-26167)
  Step  171: active=219,212 lost=0 (+0) | L0=99.3% L1=0.5% L2=0.2% miss=0.0% | (prev: lost=26,278, diff=-26278)
  Step  172: active=219,212 lost=0 (+0) | L0=99.3% L1=0.5% L2=0.2% miss=0.0% | (prev: lost=26,497, diff=-26497)
  Step  173: active=219,212 lost=0 (+0) | L0=99.3% L1=0.5% L2=0.2% miss=0.0% | (prev: lost=26,906, diff=-26906)
  Step  174: active=219,212 lost=0 (+0) | L0=99.3% L1=0.5% L2=0.2% miss=0.0% | (prev: lost=26,978, diff=-26978)
  Step  175: active=219,212 lost=0 (+0) | L0=99.3% L1=0.5% L2=0.2% miss=0.0% | (prev: lost=27,078, diff=-27078)
  Step  176: active=219,212 lost=0 (+0) | L0=99.3% L1=0.5% L2=0.2% miss=0.0% | (prev: lost=27,191, diff=-27191)
  Step  177: active=219,212 lost=0 (+0) | L0=99.3% L1=0.5% L2=0.2% miss=0.0% | (prev: lost=27,277, diff=-27277)
  Step  178: active=219,212 lost=0 (+0) | L0=99.3% L1=0.5% L2=0.2% miss=0.0% | (prev: lost=27,343, diff=-27343)
  Step  179: active=219,212 lost=0 (+0) | L0=99.3% L1=0.5% L2=0.2% miss=0.0% | (prev: lost=27,542, diff=-27542)
  Step  180: active=219,212 lost=0 (+0) | L0=99.3% L1=0.5% L2=0.2% miss=0.0% | (prev: lost=27,704, diff=-27704)
  Step  181: active=219,212 lost=0 (+0) | L0=99.3% L1=0.5% L2=0.2% miss=0.0% | (prev: lost=27,903, diff=-27903)
  Step  182: active=219,212 lost=0 (+0) | L0=99.3% L1=0.5% L2=0.2% miss=0.0% | (prev: lost=28,185, diff=-28185)
  Step  183: active=219,212 lost=0 (+0) | L0=99.3% L1=0.5% L2=0.2% miss=0.0% | (prev: lost=28,430, diff=-28430)
  Step  184: active=219,212 lost=0 (+0) | L0=99.3% L1=0.5% L2=0.2% miss=0.0% | (prev: lost=28,505, diff=-28505)
  Step  185: active=219,212 lost=0 (+0) | L0=99.3% L1=0.5% L2=0.2% miss=0.0% | (prev: lost=28,611, diff=-28611)
  Step  186: active=219,212 lost=0 (+0) | L0=99.3% L1=0.5% L2=0.2% miss=0.0% | (prev: lost=28,739, diff=-28739)
  Step  187: active=219,212 lost=0 (+0) | L0=99.3% L1=0.5% L2=0.2% miss=0.0% | (prev: lost=28,796, diff=-28796)
  Step  188: active=219,212 lost=0 (+0) | L0=99.3% L1=0.5% L2=0.2% miss=0.0% | (prev: lost=28,857, diff=-28857)
  Step  189: active=219,212 lost=0 (+0) | L0=99.3% L1=0.5% L2=0.2% miss=0.0% | (prev: lost=28,938, diff=-28938)
  Step  190: active=219,212 lost=0 (+0) | L0=99.3% L1=0.5% L2=0.2% miss=0.0% | (prev: lost=29,043, diff=-29043)
  Step  191: active=219,212 lost=0 (+0) | L0=99.3% L1=0.5% L2=0.2% miss=0.0% | (prev: lost=29,092, diff=-29092)
  Step  192: active=219,212 lost=0 (+0) | L0=99.3% L1=0.5% L2=0.2% miss=0.0% | (prev: lost=29,123, diff=-29123)
  Step  193: active=219,212 lost=0 (+0) | L0=99.3% L1=0.5% L2=0.2% miss=0.0% | (prev: lost=29,155, diff=-29155)
  Step  194: active=219,212 lost=0 (+0) | L0=99.3% L1=0.5% L2=0.2% miss=0.0% | (prev: lost=29,191, diff=-29191)
  Step  195: active=219,212 lost=0 (+0) | L0=99.3% L1=0.5% L2=0.2% miss=0.0% | (prev: lost=29,232, diff=-29232)
  Step  196: active=219,212 lost=0 (+0) | L0=99.3% L1=0.5% L2=0.2% miss=0.0% | (prev: lost=29,301, diff=-29301)
  Step  197: active=219,212 lost=0 (+0) | L0=99.3% L1=0.5% L2=0.2% miss=0.0% | (prev: lost=29,359, diff=-29359)
  Step  198: active=219,212 lost=0 (+0) | L0=99.3% L1=0.5% L2=0.2% miss=0.0% | (prev: lost=29,437, diff=-29437)
  Step  199: active=219,212 lost=0 (+0) | L0=99.3% L1=0.5% L2=0.2% miss=0.0% | (prev: lost=29,559, diff=-29559)
  Step  200: active=219,212 lost=0 (+0) | L0=99.3% L1=0.5% L2=0.2% miss=0.0% | (prev: lost=29,604, diff=-29604)
  Step  201: active=219,212 lost=0 (+0) | L0=99.3% L1=0.5% L2=0.2% miss=0.0% | (prev: lost=29,641, diff=-29641)
  Step  202: active=219,212 lost=0 (+0) | L0=99.3% L1=0.5% L2=0.2% miss=0.0% | (prev: lost=29,666, diff=-29666)
  Step  203: active=219,212 lost=0 (+0) | L0=99.3% L1=0.5% L2=0.2% miss=0.0% | (prev: lost=29,708, diff=-29708)
  Step  204: active=219,212 lost=0 (+0) | L0=99.3% L1=0.5% L2=0.2% miss=0.0% | (prev: lost=29,742, diff=-29742)
  Step  205: active=219,212 lost=0 (+0) | L0=99.3% L1=0.5% L2=0.2% miss=0.0% | (prev: lost=29,792, diff=-29792)
  Step  206: active=219,212 lost=0 (+0) | L0=99.3% L1=0.5% L2=0.2% miss=0.0% | (prev: lost=29,860, diff=-29860)
  Step  207: active=219,212 lost=0 (+0) | L0=99.3% L1=0.5% L2=0.2% miss=0.0% | (prev: lost=29,935, diff=-29935)
  Step  208: active=219,212 lost=0 (+0) | L0=99.3% L1=0.5% L2=0.2% miss=0.0% | (prev: lost=30,041, diff=-30041)
  Step  209: active=219,212 lost=0 (+0) | L0=99.3% L1=0.5% L2=0.2% miss=0.0% | (prev: lost=30,100, diff=-30100)
  Step  210: active=219,212 lost=0 (+0) | L0=99.3% L1=0.5% L2=0.2% miss=0.0% | (prev: lost=30,138, diff=-30138)
  Step  211: active=219,212 lost=0 (+0) | L0=99.3% L1=0.5% L2=0.2% miss=0.0% | (prev: lost=30,170, diff=-30170)
  Step  212: active=219,212 lost=0 (+0) | L0=99.3% L1=0.5% L2=0.2% miss=0.0% | (prev: lost=30,207, diff=-30207)
  Step  213: active=219,212 lost=0 (+0) | L0=99.3% L1=0.5% L2=0.2% miss=0.0% | (prev: lost=30,245, diff=-30245)
  Step  214: active=219,212 lost=0 (+0) | L0=99.3% L1=0.5% L2=0.2% miss=0.0% | (prev: lost=30,289, diff=-30289)
  Step  215: active=219,212 lost=0 (+0) | L0=99.3% L1=0.5% L2=0.2% miss=0.0% | (prev: lost=30,347, diff=-30347)
  Step  216: active=219,212 lost=0 (+0) | L0=99.3% L1=0.5% L2=0.2% miss=0.0% | (prev: lost=30,414, diff=-30414)
  Step  217: active=219,212 lost=0 (+0) | L0=99.3% L1=0.5% L2=0.2% miss=0.0% | (prev: lost=30,484, diff=-30484)
  Step  218: active=219,212 lost=0 (+0) | L0=99.3% L1=0.5% L2=0.2% miss=0.0% | (prev: lost=30,591, diff=-30591)
  Step  219: active=219,212 lost=0 (+0) | L0=99.3% L1=0.5% L2=0.2% miss=0.0% | (prev: lost=30,632, diff=-30632)
  Step  220: active=219,212 lost=0 (+0) | L0=99.3% L1=0.5% L2=0.2% miss=0.0% | (prev: lost=30,672, diff=-30672)
  Step  221: active=219,212 lost=0 (+0) | L0=99.3% L1=0.5% L2=0.2% miss=0.0% | (prev: lost=30,707, diff=-30707)
  Step  222: active=219,212 lost=0 (+0) | L0=99.3% L1=0.5% L2=0.2% miss=0.0% | (prev: lost=30,745, diff=-30745)
  Step  223: active=219,212 lost=0 (+0) | L0=99.3% L1=0.5% L2=0.2% miss=0.0% | (prev: lost=30,787, diff=-30787)
  Step  224: active=219,212 lost=0 (+0) | L0=99.3% L1=0.5% L2=0.2% miss=0.0% | (prev: lost=30,838, diff=-30838)
  Step  225: active=219,212 lost=0 (+0) | L0=99.3% L1=0.5% L2=0.2% miss=0.0% | (prev: lost=30,908, diff=-30908)
  Step  226: active=219,212 lost=0 (+0) | L0=99.3% L1=0.5% L2=0.2% miss=0.0% | (prev: lost=30,985, diff=-30985)
  Step  227: active=219,212 lost=0 (+0) | L0=99.3% L1=0.5% L2=0.2% miss=0.0% | (prev: lost=31,091, diff=-31091)
  Step  228: active=219,212 lost=0 (+0) | L0=99.3% L1=0.5% L2=0.2% miss=0.0% | (prev: lost=31,140, diff=-31140)
  Step  229: active=219,212 lost=0 (+0) | L0=99.3% L1=0.5% L2=0.2% miss=0.0% | (prev: lost=31,170, diff=-31170)
  Step  230: active=219,212 lost=0 (+0) | L0=99.3% L1=0.5% L2=0.2% miss=0.0% | (prev: lost=31,222, diff=-31222)
  Step  231: active=219,212 lost=0 (+0) | L0=99.3% L1=0.5% L2=0.2% miss=0.0% | (prev: lost=31,264, diff=-31264)
  Step  232: active=219,212 lost=0 (+0) | L0=99.3% L1=0.5% L2=0.2% miss=0.0% | (prev: lost=31,299, diff=-31299)
  Step  233: active=219,212 lost=0 (+0) | L0=99.3% L1=0.5% L2=0.2% miss=0.0% | (prev: lost=31,347, diff=-31347)
  Step  234: active=219,212 lost=0 (+0) | L0=99.3% L1=0.5% L2=0.2% miss=0.0% | (prev: lost=31,402, diff=-31402)
  Step  235: active=219,212 lost=0 (+0) | L0=99.3% L1=0.5% L2=0.2% miss=0.0% | (prev: lost=31,495, diff=-31495)
  Step  236: active=219,212 lost=0 (+0) | L0=99.3% L1=0.5% L2=0.2% miss=0.0% | (prev: lost=31,567, diff=-31567)
  Step  237: active=219,212 lost=0 (+0) | L0=99.3% L1=0.5% L2=0.2% miss=0.0% | (prev: lost=31,658, diff=-31658)
  Step  238: active=219,212 lost=0 (+0) | L0=99.3% L1=0.5% L2=0.2% miss=0.0% | (prev: lost=31,691, diff=-31691)
  Step  239: active=219,212 lost=0 (+0) | L0=99.3% L1=0.5% L2=0.2% miss=0.0% | (prev: lost=31,738, diff=-31738)
  Step  240: active=219,212 lost=0 (+0) | L0=99.3% L1=0.5% L2=0.2% miss=0.0% | (prev: lost=31,776, diff=-31776)
  Step  241: active=219,212 lost=0 (+0) | L0=99.3% L1=0.5% L2=0.2% miss=0.0% | (prev: lost=31,817, diff=-31817)
  Step  242: active=219,212 lost=0 (+0) | L0=99.3% L1=0.5% L2=0.2% miss=0.0% | (prev: lost=31,860, diff=-31860)
  Step  243: active=219,212 lost=0 (+0) | L0=99.3% L1=0.5% L2=0.2% miss=0.0% | (prev: lost=31,907, diff=-31907)
  Step  244: active=219,212 lost=0 (+0) | L0=99.3% L1=0.5% L2=0.2% miss=0.0% | (prev: lost=31,976, diff=-31976)
  Step  245: active=219,211 lost=1 (+1) | L0=99.3% L1=0.5% L2=0.2% miss=0.0% | sub-step misses: k1=0 k2=0 k3=0 k4=1 final=1 | SA-L2: 0/1 newly-lost found by standalone | (prev: lost=32,057, diff=-32056)
  Step  246: active=219,210 lost=2 (+1) | L0=99.4% L1=0.5% L2=0.2% miss=0.0% | sub-step misses: k1=1 k2=1 k3=1 k4=2 final=2 | SA-L2: 0/1 newly-lost found by standalone | (prev: lost=32,172, diff=-32170)
  Step  247: active=219,210 lost=2 (+0) | L0=99.3% L1=0.4% L2=0.2% miss=0.0% | (prev: lost=32,206, diff=-32204)
  Step  248: active=219,210 lost=2 (+0) | L0=99.4% L1=0.4% L2=0.2% miss=0.0% | (prev: lost=32,252, diff=-32250)
  Step  249: active=219,210 lost=2 (+0) | L0=99.4% L1=0.5% L2=0.2% miss=0.0% | (prev: lost=32,304, diff=-32302)
  Step  250: active=219,210 lost=2 (+0) | L0=99.3% L1=0.5% L2=0.2% miss=0.0% | (prev: lost=32,341, diff=-32339)
  Step  251: active=219,210 lost=2 (+0) | L0=99.4% L1=0.5% L2=0.2% miss=0.0% | (prev: lost=32,375, diff=-32373)
  Step  252: active=219,210 lost=2 (+0) | L0=99.4% L1=0.5% L2=0.2% miss=0.0% | (prev: lost=32,423, diff=-32421)
  Step  253: active=219,210 lost=2 (+0) | L0=99.3% L1=0.5% L2=0.2% miss=0.0% | (prev: lost=32,480, diff=-32478)
  Step  254: active=219,209 lost=3 (+1) | L0=99.3% L1=0.5% L2=0.2% miss=0.0% | sub-step misses: k1=2 k2=3 k3=2 k4=3 final=3 | SA-L2: 0/1 newly-lost found by standalone | (prev: lost=32,569, diff=-32566)
  Step  255: active=219,209 lost=3 (+0) | L0=99.4% L1=0.5% L2=0.2% miss=0.0% | (prev: lost=32,670, diff=-32667)
  Step  256: active=219,209 lost=3 (+0) | L0=99.3% L1=0.5% L2=0.2% miss=0.0% | (prev: lost=32,743, diff=-32740)
  Step  257: active=219,209 lost=3 (+0) | L0=99.4% L1=0.5% L2=0.2% miss=0.0% | (prev: lost=32,780, diff=-32777)
  Step  258: active=219,209 lost=3 (+0) | L0=99.4% L1=0.4% L2=0.2% miss=0.0% | (prev: lost=32,830, diff=-32827)
  Step  259: active=219,209 lost=3 (+0) | L0=99.4% L1=0.5% L2=0.2% miss=0.0% | (prev: lost=32,878, diff=-32875)
  Step  260: active=219,209 lost=3 (+0) | L0=99.4% L1=0.4% L2=0.2% miss=0.0% | (prev: lost=32,922, diff=-32919)
  Step  261: active=219,209 lost=3 (+0) | L0=99.4% L1=0.4% L2=0.2% miss=0.0% | (prev: lost=32,979, diff=-32976)
  Step  262: active=219,208 lost=4 (+1) | L0=99.4% L1=0.5% L2=0.2% miss=0.0% | sub-step misses: k1=3 k2=3 k3=4 k4=3 final=4 | SA-L2: 0/1 newly-lost found by standalone | (prev: lost=33,021, diff=-33017)
  Step  263: active=219,208 lost=4 (+0) | L0=99.4% L1=0.5% L2=0.2% miss=0.0% | (prev: lost=33,107, diff=-33103)
  Step  264: active=219,208 lost=4 (+0) | L0=99.4% L1=0.4% L2=0.2% miss=0.0% | (prev: lost=33,199, diff=-33195)
  Step  265: active=219,208 lost=4 (+0) | L0=99.4% L1=0.5% L2=0.2% miss=0.0% | (prev: lost=33,298, diff=-33294)
  Step  266: active=219,208 lost=4 (+0) | L0=99.4% L1=0.4% L2=0.2% miss=0.0% | (prev: lost=33,349, diff=-33345)
  Step  267: active=219,208 lost=4 (+0) | L0=99.4% L1=0.4% L2=0.2% miss=0.0% | (prev: lost=33,392, diff=-33388)
  Step  268: active=219,208 lost=4 (+0) | L0=99.4% L1=0.4% L2=0.2% miss=0.0% | (prev: lost=33,444, diff=-33440)
  Step  269: active=219,208 lost=4 (+0) | L0=99.4% L1=0.4% L2=0.2% miss=0.0% | (prev: lost=33,486, diff=-33482)
  Step  270: active=219,208 lost=4 (+0) | L0=99.4% L1=0.4% L2=0.2% miss=0.0% | (prev: lost=33,549, diff=-33545)
  Step  271: active=219,208 lost=4 (+0) | L0=99.4% L1=0.4% L2=0.2% miss=0.0% | (prev: lost=33,593, diff=-33589)
  Step  272: active=219,208 lost=4 (+0) | L0=99.4% L1=0.4% L2=0.2% miss=0.0% | (prev: lost=33,664, diff=-33660)
  Step  273: active=219,208 lost=4 (+0) | L0=99.4% L1=0.4% L2=0.2% miss=0.0% | (prev: lost=33,752, diff=-33748)
  Step  274: active=219,208 lost=4 (+0) | L0=99.4% L1=0.4% L2=0.2% miss=0.0% | (prev: lost=33,852, diff=-33848)
  Step  275: active=219,208 lost=4 (+0) | L0=99.4% L1=0.4% L2=0.2% miss=0.0% | (prev: lost=33,898, diff=-33894)
  Step  276: active=219,208 lost=4 (+0) | L0=99.4% L1=0.4% L2=0.2% miss=0.0% | (prev: lost=33,949, diff=-33945)
  Step  277: active=219,208 lost=4 (+0) | L0=99.4% L1=0.4% L2=0.2% miss=0.0% | (prev: lost=34,006, diff=-34002)
  Step  278: active=219,208 lost=4 (+0) | L0=99.4% L1=0.4% L2=0.2% miss=0.0% | (prev: lost=34,060, diff=-34056)
  Step  279: active=219,208 lost=4 (+0) | L0=99.4% L1=0.4% L2=0.2% miss=0.0% | (prev: lost=34,117, diff=-34113)
  Step  280: active=219,208 lost=4 (+0) | L0=99.4% L1=0.4% L2=0.2% miss=0.0% | (prev: lost=34,178, diff=-34174)
  Step  281: active=219,207 lost=5 (+1) | L0=99.4% L1=0.4% L2=0.2% miss=0.0% | sub-step misses: k1=4 k2=4 k3=5 k4=4 final=5 | SA-L2: 0/1 newly-lost found by standalone | (prev: lost=34,231, diff=-34226)
  Step  282: active=219,207 lost=5 (+0) | L0=99.4% L1=0.4% L2=0.2% miss=0.0% | (prev: lost=34,322, diff=-34317)
  Step  283: active=219,207 lost=5 (+0) | L0=99.4% L1=0.4% L2=0.2% miss=0.0% | (prev: lost=34,389, diff=-34384)
  Step  284: active=219,207 lost=5 (+0) | L0=99.4% L1=0.4% L2=0.2% miss=0.0% | (prev: lost=34,491, diff=-34486)
  Step  285: active=219,207 lost=5 (+0) | L0=99.4% L1=0.4% L2=0.2% miss=0.0% | (prev: lost=34,558, diff=-34553)
  Step  286: active=219,207 lost=5 (+0) | L0=99.4% L1=0.4% L2=0.2% miss=0.0% | (prev: lost=34,608, diff=-34603)
  Step  287: active=219,206 lost=6 (+1) | L0=99.4% L1=0.4% L2=0.2% miss=0.0% | sub-step misses: k1=5 k2=6 k3=5 k4=6 final=6 | SA-L2: 0/1 newly-lost found by standalone | (prev: lost=34,667, diff=-34661)
  Step  288: active=219,206 lost=6 (+0) | L0=99.4% L1=0.4% L2=0.2% miss=0.0% | (prev: lost=34,722, diff=-34716)
  Step  289: active=219,206 lost=6 (+0) | L0=99.4% L1=0.4% L2=0.2% miss=0.0% | (prev: lost=34,795, diff=-34789)
  Step  290: active=219,206 lost=6 (+0) | L0=99.4% L1=0.4% L2=0.2% miss=0.0% | (prev: lost=34,846, diff=-34840)
  Step  291: active=219,206 lost=6 (+0) | L0=99.4% L1=0.4% L2=0.2% miss=0.0% | (prev: lost=34,917, diff=-34911)
  Step  292: active=219,206 lost=6 (+0) | L0=99.4% L1=0.4% L2=0.2% miss=0.0% | (prev: lost=34,989, diff=-34983)
  Step  293: active=219,206 lost=6 (+0) | L0=99.4% L1=0.4% L2=0.2% miss=0.0% | (prev: lost=35,095, diff=-35089)
  Step  294: active=219,206 lost=6 (+0) | L0=99.4% L1=0.4% L2=0.2% miss=0.0% | (prev: lost=35,159, diff=-35153)
  Step  295: active=219,206 lost=6 (+0) | L0=99.4% L1=0.4% L2=0.2% miss=0.0% | (prev: lost=35,213, diff=-35207)
  Step  296: active=219,206 lost=6 (+0) | L0=99.4% L1=0.4% L2=0.2% miss=0.0% | (prev: lost=35,257, diff=-35251)
  Step  297: active=219,206 lost=6 (+0) | L0=99.4% L1=0.4% L2=0.2% miss=0.0% | (prev: lost=35,316, diff=-35310)
  Step  298: active=219,206 lost=6 (+0) | L0=99.4% L1=0.4% L2=0.2% miss=0.0% | (prev: lost=35,368, diff=-35362)
  Step  299: active=219,206 lost=6 (+0) | L0=99.4% L1=0.4% L2=0.2% miss=0.0% | (prev: lost=35,425, diff=-35419)
  Step  300: active=219,206 lost=6 (+0) | L0=99.4% L1=0.4% L2=0.2% miss=0.0% | (prev: lost=35,510, diff=-35504)
  Step  301: active=219,206 lost=6 (+0) | L0=99.4% L1=0.4% L2=0.2% miss=0.0% | (prev: lost=35,577, diff=-35571)
  Step  302: active=219,206 lost=6 (+0) | L0=99.4% L1=0.4% L2=0.2% miss=0.0% | (prev: lost=35,656, diff=-35650)
  Step  303: active=219,206 lost=6 (+0) | L0=99.4% L1=0.4% L2=0.2% miss=0.0% | (prev: lost=35,736, diff=-35730)
  Step  304: active=219,206 lost=6 (+0) | L0=99.4% L1=0.4% L2=0.2% miss=0.0% | (prev: lost=35,814, diff=-35808)
  Step  305: active=219,206 lost=6 (+0) | L0=99.4% L1=0.4% L2=0.2% miss=0.0% | (prev: lost=35,863, diff=-35857)
  Step  306: active=219,206 lost=6 (+0) | L0=99.4% L1=0.4% L2=0.2% miss=0.0% | (prev: lost=35,924, diff=-35918)
  Step  307: active=219,205 lost=7 (+1) | L0=99.4% L1=0.4% L2=0.2% miss=0.0% | sub-step misses: k1=6 k2=6 k3=6 k4=8 final=7 | SA-L2: 0/1 newly-lost found by standalone | (prev: lost=35,978, diff=-35971)
  Step  308: active=219,204 lost=8 (+1) | L0=99.4% L1=0.4% L2=0.2% miss=0.0% | sub-step misses: k1=7 k2=8 k3=7 k4=8 final=8 | SA-L2: 0/1 newly-lost found by standalone | (prev: lost=36,041, diff=-36033)
  Step  309: active=219,203 lost=9 (+1) | L0=99.4% L1=0.4% L2=0.2% miss=0.0% | sub-step misses: k1=8 k2=8 k3=8 k4=9 final=9 | SA-L2: 0/1 newly-lost found by standalone | (prev: lost=36,108, diff=-36099)
  Step  310: active=219,203 lost=9 (+0) | L0=99.4% L1=0.4% L2=0.2% miss=0.0% | (prev: lost=36,189, diff=-36180)
  Step  311: active=219,203 lost=9 (+0) | L0=99.4% L1=0.4% L2=0.2% miss=0.0% | (prev: lost=36,259, diff=-36250)
  Step  312: active=219,203 lost=9 (+0) | L0=99.4% L1=0.4% L2=0.2% miss=0.0% | (prev: lost=36,364, diff=-36355)
  Step  313: active=219,203 lost=9 (+0) | L0=99.4% L1=0.4% L2=0.2% miss=0.0% | (prev: lost=36,440, diff=-36431)
  Step  314: active=219,203 lost=9 (+0) | L0=99.4% L1=0.4% L2=0.2% miss=0.0% | (prev: lost=36,509, diff=-36500)
  Step  315: active=219,203 lost=9 (+0) | L0=99.4% L1=0.4% L2=0.2% miss=0.0% | (prev: lost=36,573, diff=-36564)
  Step  316: active=219,203 lost=9 (+0) | L0=99.4% L1=0.4% L2=0.2% miss=0.0% | (prev: lost=36,639, diff=-36630)
  Step  317: active=219,203 lost=9 (+0) | L0=99.4% L1=0.4% L2=0.2% miss=0.0% | (prev: lost=36,682, diff=-36673)
  Step  318: active=219,203 lost=9 (+0) | L0=99.4% L1=0.4% L2=0.2% miss=0.0% | (prev: lost=36,743, diff=-36734)
  Step  319: active=219,203 lost=9 (+0) | L0=99.4% L1=0.4% L2=0.2% miss=0.0% | (prev: lost=36,824, diff=-36815)
  Step  320: active=219,203 lost=9 (+0) | L0=99.4% L1=0.4% L2=0.2% miss=0.0% | (prev: lost=36,898, diff=-36889)
  Step  321: active=219,203 lost=9 (+0) | L0=99.4% L1=0.4% L2=0.2% miss=0.0% | (prev: lost=37,003, diff=-36994)
  Step  322: active=219,202 lost=10 (+1) | L0=99.4% L1=0.4% L2=0.2% miss=0.0% | sub-step misses: k1=9 k2=10 k3=9 k4=10 final=10 | SA-L2: 0/1 newly-lost found by standalone | (prev: lost=37,059, diff=-37049)
  Step  323: active=219,202 lost=10 (+0) | L0=99.4% L1=0.4% L2=0.2% miss=0.0% | (prev: lost=37,136, diff=-37126)
  Step  324: active=219,202 lost=10 (+0) | L0=99.4% L1=0.4% L2=0.2% miss=0.0% | (prev: lost=37,199, diff=-37189)
  Step  325: active=219,202 lost=10 (+0) | L0=99.4% L1=0.4% L2=0.2% miss=0.0% | (prev: lost=37,275, diff=-37265)
  Step  326: active=219,202 lost=10 (+0) | L0=99.4% L1=0.4% L2=0.2% miss=0.0% | (prev: lost=37,333, diff=-37323)
  Step  327: active=219,202 lost=10 (+0) | L0=99.4% L1=0.4% L2=0.2% miss=0.0% | (prev: lost=37,378, diff=-37368)
  Step  328: active=219,202 lost=10 (+0) | L0=99.4% L1=0.4% L2=0.2% miss=0.0% | (prev: lost=37,464, diff=-37454)
  Step  329: active=219,202 lost=10 (+0) | L0=99.4% L1=0.4% L2=0.2% miss=0.0% | (prev: lost=37,529, diff=-37519)
  Step  330: active=219,202 lost=10 (+0) | L0=99.4% L1=0.4% L2=0.2% miss=0.0% | (prev: lost=37,599, diff=-37589)
  Step  331: active=219,202 lost=10 (+0) | L0=99.4% L1=0.4% L2=0.2% miss=0.0% | (prev: lost=37,690, diff=-37680)
  Step  332: active=219,202 lost=10 (+0) | L0=99.4% L1=0.4% L2=0.2% miss=0.0% | (prev: lost=37,768, diff=-37758)
  Step  333: active=219,202 lost=10 (+0) | L0=99.4% L1=0.4% L2=0.2% miss=0.0% | (prev: lost=37,851, diff=-37841)
  Step  334: active=219,202 lost=10 (+0) | L0=99.4% L1=0.4% L2=0.2% miss=0.0% | (prev: lost=37,910, diff=-37900)
  Step  335: active=219,202 lost=10 (+0) | L0=99.4% L1=0.4% L2=0.2% miss=0.0% | (prev: lost=37,979, diff=-37969)
  Step  336: active=219,202 lost=10 (+0) | L0=99.4% L1=0.4% L2=0.2% miss=0.0% | (prev: lost=38,036, diff=-38026)
  Step  337: active=219,202 lost=10 (+0) | L0=99.4% L1=0.4% L2=0.2% miss=0.0% | (prev: lost=38,105, diff=-38095)
  Step  338: active=219,202 lost=10 (+0) | L0=99.4% L1=0.4% L2=0.2% miss=0.0% | (prev: lost=38,173, diff=-38163)
  Step  339: active=219,202 lost=10 (+0) | L0=99.4% L1=0.4% L2=0.2% miss=0.0% | (prev: lost=38,248, diff=-38238)
  Step  340: active=219,202 lost=10 (+0) | L0=99.4% L1=0.4% L2=0.2% miss=0.0% | (prev: lost=38,353, diff=-38343)
  Step  341: active=219,201 lost=11 (+1) | L0=99.4% L1=0.4% L2=0.2% miss=0.0% | sub-step misses: k1=10 k2=11 k3=10 k4=11 final=11 | SA-L2: 0/1 newly-lost found by standalone | (prev: lost=38,410, diff=-38399)
  Step  342: active=219,201 lost=11 (+0) | L0=99.4% L1=0.4% L2=0.2% miss=0.0% | (prev: lost=38,476, diff=-38465)
  Step  343: active=219,201 lost=11 (+0) | L0=99.4% L1=0.4% L2=0.2% miss=0.0% | (prev: lost=38,551, diff=-38540)
  Step  344: active=219,201 lost=11 (+0) | L0=99.4% L1=0.4% L2=0.2% miss=0.0% | (prev: lost=38,621, diff=-38610)
  Step  345: active=219,201 lost=11 (+0) | L0=99.4% L1=0.4% L2=0.2% miss=0.0% | (prev: lost=38,673, diff=-38662)
  Step  346: active=219,201 lost=11 (+0) | L0=99.4% L1=0.4% L2=0.2% miss=0.0% | (prev: lost=38,742, diff=-38731)
  Step  347: active=219,201 lost=11 (+0) | L0=99.4% L1=0.4% L2=0.2% miss=0.0% | (prev: lost=38,799, diff=-38788)
  Step  348: active=219,201 lost=11 (+0) | L0=99.4% L1=0.4% L2=0.2% miss=0.0% | (prev: lost=38,856, diff=-38845)
  Step  349: active=219,201 lost=11 (+0) | L0=99.4% L1=0.4% L2=0.2% miss=0.0% | (prev: lost=38,928, diff=-38917)
  Step  350: active=219,201 lost=11 (+0) | L0=99.4% L1=0.4% L2=0.2% miss=0.0% | (prev: lost=39,009, diff=-38998)
  Step  351: active=219,201 lost=11 (+0) | L0=99.4% L1=0.4% L2=0.2% miss=0.0% | (prev: lost=39,060, diff=-39049)
  Step  352: active=219,201 lost=11 (+0) | L0=99.4% L1=0.4% L2=0.2% miss=0.0% | (prev: lost=39,139, diff=-39128)
  Step  353: active=219,201 lost=11 (+0) | L0=99.4% L1=0.4% L2=0.2% miss=0.0% | (prev: lost=39,209, diff=-39198)
  Step  354: active=219,201 lost=11 (+0) | L0=99.4% L1=0.4% L2=0.2% miss=0.0% | (prev: lost=39,294, diff=-39283)
  Step  355: active=219,200 lost=12 (+1) | L0=99.4% L1=0.4% L2=0.2% miss=0.0% | sub-step misses: k1=11 k2=12 k3=11 k4=12 final=12 | SA-L2: 0/1 newly-lost found by standalone | (prev: lost=39,365, diff=-39353)
  Step  356: active=219,200 lost=12 (+0) | L0=99.4% L1=0.4% L2=0.2% miss=0.0% | (prev: lost=39,412, diff=-39400)
  Step  357: active=219,200 lost=12 (+0) | L0=99.4% L1=0.4% L2=0.2% miss=0.0% | (prev: lost=39,468, diff=-39456)
  Step  358: active=219,200 lost=12 (+0) | L0=99.4% L1=0.4% L2=0.2% miss=0.0% | (prev: lost=39,549, diff=-39537)
  Step  359: active=219,200 lost=12 (+0) | L0=99.4% L1=0.4% L2=0.2% miss=0.0% | (prev: lost=39,639, diff=-39627)
  Step  360: active=219,200 lost=12 (+0) | L0=99.4% L1=0.4% L2=0.2% miss=0.0% | (prev: lost=39,696, diff=-39684)
  Step  361: active=219,200 lost=12 (+0) | L0=99.4% L1=0.4% L2=0.2% miss=0.0% | (prev: lost=39,772, diff=-39760)
  Step  362: active=219,200 lost=12 (+0) | L0=99.4% L1=0.4% L2=0.2% miss=0.0% | (prev: lost=39,851, diff=-39839)
  Step  363: active=219,200 lost=12 (+0) | L0=99.4% L1=0.4% L2=0.2% miss=0.0% | (prev: lost=39,932, diff=-39920)
  Step  364: active=219,200 lost=12 (+0) | L0=99.5% L1=0.4% L2=0.2% miss=0.0% | (prev: lost=39,996, diff=-39984)
  Step  365: active=219,200 lost=12 (+0) | L0=99.4% L1=0.4% L2=0.2% miss=0.0% | (prev: lost=40,071, diff=-40059)
  Step  366: active=219,200 lost=12 (+0) | L0=99.4% L1=0.4% L2=0.2% miss=0.0% | (prev: lost=40,132, diff=-40120)
  Step  367: active=219,200 lost=12 (+0) | L0=99.4% L1=0.4% L2=0.2% miss=0.0% | (prev: lost=40,191, diff=-40179)
  Step  368: active=219,200 lost=12 (+0) | L0=99.5% L1=0.4% L2=0.2% miss=0.0% | (prev: lost=40,280, diff=-40268)
  Step  369: active=219,200 lost=12 (+0) | L0=99.5% L1=0.4% L2=0.2% miss=0.0% | (prev: lost=40,341, diff=-40329)
  Step  370: active=219,200 lost=12 (+0) | L0=99.4% L1=0.4% L2=0.2% miss=0.0% | (prev: lost=40,393, diff=-40381)
  Step  371: active=219,200 lost=12 (+0) | L0=99.4% L1=0.4% L2=0.2% miss=0.0% | (prev: lost=40,475, diff=-40463)
  Step  372: active=219,200 lost=12 (+0) | L0=99.4% L1=0.4% L2=0.2% miss=0.0% | (prev: lost=40,544, diff=-40532)
  Step  373: active=219,200 lost=12 (+0) | L0=99.5% L1=0.4% L2=0.2% miss=0.0% | (prev: lost=40,610, diff=-40598)
  Step  374: active=219,200 lost=12 (+0) | L0=99.5% L1=0.4% L2=0.2% miss=0.0% | (prev: lost=40,692, diff=-40680)
  Step  375: active=219,200 lost=12 (+0) | L0=99.5% L1=0.4% L2=0.2% miss=0.0% | (prev: lost=40,759, diff=-40747)
  Step  376: active=219,200 lost=12 (+0) | L0=99.5% L1=0.4% L2=0.2% miss=0.0% | (prev: lost=40,815, diff=-40803)
  Step  377: active=219,200 lost=12 (+0) | L0=99.5% L1=0.4% L2=0.2% miss=0.0% | (prev: lost=40,873, diff=-40861)
  Step  378: active=219,199 lost=13 (+1) | L0=99.5% L1=0.4% L2=0.2% miss=0.0% | sub-step misses: k1=12 k2=12 k3=12 k4=13 final=13 | SA-L2: 0/1 newly-lost found by standalone | (prev: lost=40,941, diff=-40928)
  Step  379: active=219,199 lost=13 (+0) | L0=99.5% L1=0.4% L2=0.2% miss=0.0% | (prev: lost=41,004, diff=-40991)
  Step  380: active=219,199 lost=13 (+0) | L0=99.5% L1=0.4% L2=0.2% miss=0.0% | (prev: lost=41,065, diff=-41052)
  Step  381: active=219,199 lost=13 (+0) | L0=99.5% L1=0.4% L2=0.2% miss=0.0% | (prev: lost=41,156, diff=-41143)
  Step  382: active=219,199 lost=13 (+0) | L0=99.5% L1=0.4% L2=0.2% miss=0.0% | (prev: lost=41,241, diff=-41228)
  Step  383: active=219,199 lost=13 (+0) | L0=99.5% L1=0.4% L2=0.2% miss=0.0% | (prev: lost=41,298, diff=-41285)
  Step  384: active=219,199 lost=13 (+0) | L0=99.5% L1=0.4% L2=0.2% miss=0.0% | (prev: lost=41,368, diff=-41355)
  Step  385: active=219,198 lost=14 (+1) | L0=99.5% L1=0.4% L2=0.2% miss=0.0% | sub-step misses: k1=13 k2=13 k3=13 k4=14 final=14 | SA-L2: 0/1 newly-lost found by standalone | (prev: lost=41,440, diff=-41426)
  Step  386: active=219,198 lost=14 (+0) | L0=99.5% L1=0.4% L2=0.2% miss=0.0% | (prev: lost=41,509, diff=-41495)
  Step  387: active=219,198 lost=14 (+0) | L0=99.5% L1=0.4% L2=0.2% miss=0.0% | (prev: lost=41,587, diff=-41573)
  Step  388: active=219,198 lost=14 (+0) | L0=99.5% L1=0.4% L2=0.2% miss=0.0% | (prev: lost=41,647, diff=-41633)
  Step  389: active=219,198 lost=14 (+0) | L0=99.5% L1=0.4% L2=0.2% miss=0.0% | (prev: lost=41,709, diff=-41695)
  Step  390: active=219,198 lost=14 (+0) | L0=99.5% L1=0.4% L2=0.2% miss=0.0% | (prev: lost=41,802, diff=-41788)
  Step  391: active=219,198 lost=14 (+0) | L0=99.5% L1=0.4% L2=0.2% miss=0.0% | (prev: lost=41,883, diff=-41869)
  Step  392: active=219,198 lost=14 (+0) | L0=99.5% L1=0.4% L2=0.2% miss=0.0% | (prev: lost=41,951, diff=-41937)
  Step  393: active=219,198 lost=14 (+0) | L0=99.5% L1=0.4% L2=0.2% miss=0.0% | (prev: lost=42,022, diff=-42008)
  Step  394: active=219,198 lost=14 (+0) | L0=99.5% L1=0.4% L2=0.2% miss=0.0% | (prev: lost=42,090, diff=-42076)
  Step  395: active=219,198 lost=14 (+0) | L0=99.5% L1=0.4% L2=0.2% miss=0.0% | (prev: lost=42,157, diff=-42143)
  Step  396: active=219,198 lost=14 (+0) | L0=99.5% L1=0.4% L2=0.2% miss=0.0% | (prev: lost=42,227, diff=-42213)
  Step  397: active=219,198 lost=14 (+0) | L0=99.5% L1=0.4% L2=0.2% miss=0.0% | (prev: lost=42,293, diff=-42279)
  Step  398: active=219,198 lost=14 (+0) | L0=99.5% L1=0.4% L2=0.2% miss=0.0% | (prev: lost=42,363, diff=-42349)
  Step  399: active=219,198 lost=14 (+0) | L0=99.5% L1=0.4% L2=0.2% miss=0.0% | (prev: lost=42,437, diff=-42423)
  Step  400: active=219,198 lost=14 (+0) | L0=99.5% L1=0.4% L2=0.2% miss=0.0% | (prev: lost=42,521, diff=-42507)
  Step  401: active=219,198 lost=14 (+0) | L0=99.5% L1=0.4% L2=0.1% miss=0.0% | (prev: lost=42,600, diff=-42586)
  Step  402: active=219,198 lost=14 (+0) | L0=99.5% L1=0.4% L2=0.1% miss=0.0% | (prev: lost=42,675, diff=-42661)
  Step  403: active=219,198 lost=14 (+0) | L0=99.5% L1=0.4% L2=0.1% miss=0.0% | (prev: lost=42,748, diff=-42734)
  Step  404: active=219,198 lost=14 (+0) | L0=99.5% L1=0.4% L2=0.2% miss=0.0% | (prev: lost=42,808, diff=-42794)
  Step  405: active=219,198 lost=14 (+0) | L0=99.5% L1=0.4% L2=0.2% miss=0.0% | (prev: lost=42,878, diff=-42864)
  Step  406: active=219,198 lost=14 (+0) | L0=99.5% L1=0.3% L2=0.2% miss=0.0% | (prev: lost=42,952, diff=-42938)
  Step  407: active=219,198 lost=14 (+0) | L0=99.5% L1=0.4% L2=0.2% miss=0.0% | (prev: lost=43,012, diff=-42998)
  Step  408: active=219,198 lost=14 (+0) | L0=99.5% L1=0.4% L2=0.2% miss=0.0% | (prev: lost=43,075, diff=-43061)
  Step  409: active=219,198 lost=14 (+0) | L0=99.5% L1=0.4% L2=0.2% miss=0.0% | (prev: lost=43,158, diff=-43144)
  Step  410: active=219,198 lost=14 (+0) | L0=99.5% L1=0.4% L2=0.2% miss=0.0% | (prev: lost=43,238, diff=-43224)
  Step  411: active=219,198 lost=14 (+0) | L0=99.5% L1=0.4% L2=0.2% miss=0.0% | (prev: lost=43,317, diff=-43303)
  Step  412: active=219,198 lost=14 (+0) | L0=99.5% L1=0.4% L2=0.1% miss=0.0% | (prev: lost=43,390, diff=-43376)
  Step  413: active=219,198 lost=14 (+0) | L0=99.5% L1=0.4% L2=0.1% miss=0.0% | (prev: lost=43,456, diff=-43442)
  Step  414: active=219,198 lost=14 (+0) | L0=99.5% L1=0.4% L2=0.2% miss=0.0% | (prev: lost=43,528, diff=-43514)
  Step  415: active=219,198 lost=14 (+0) | L0=99.5% L1=0.4% L2=0.1% miss=0.0% | (prev: lost=43,613, diff=-43599)
  Step  416: active=219,198 lost=14 (+0) | L0=99.5% L1=0.4% L2=0.1% miss=0.0% | (prev: lost=43,666, diff=-43652)
  Step  417: active=219,198 lost=14 (+0) | L0=99.5% L1=0.4% L2=0.2% miss=0.0% | (prev: lost=43,732, diff=-43718)
  Step  418: active=219,198 lost=14 (+0) | L0=99.5% L1=0.4% L2=0.1% miss=0.0% | (prev: lost=43,809, diff=-43795)
  Step  419: active=219,198 lost=14 (+0) | L0=99.5% L1=0.4% L2=0.1% miss=0.0% | (prev: lost=43,902, diff=-43888)
  Step  420: active=219,198 lost=14 (+0) | L0=99.5% L1=0.4% L2=0.2% miss=0.0% | (prev: lost=43,967, diff=-43953)
  Step  421: active=219,198 lost=14 (+0) | L0=99.5% L1=0.4% L2=0.1% miss=0.0% | (prev: lost=44,050, diff=-44036)
  Step  422: active=219,198 lost=14 (+0) | L0=99.5% L1=0.4% L2=0.1% miss=0.0% | (prev: lost=44,118, diff=-44104)
  Step  423: active=219,198 lost=14 (+0) | L0=99.5% L1=0.4% L2=0.1% miss=0.0% | (prev: lost=44,181, diff=-44167)
  Step  424: active=219,198 lost=14 (+0) | L0=99.5% L1=0.4% L2=0.1% miss=0.0% | (prev: lost=44,244, diff=-44230)
  Step  425: active=219,198 lost=14 (+0) | L0=99.5% L1=0.3% L2=0.1% miss=0.0% | (prev: lost=44,321, diff=-44307)
  Step  426: active=219,198 lost=14 (+0) | L0=99.5% L1=0.3% L2=0.1% miss=0.0% | (prev: lost=44,378, diff=-44364)
  Step  427: active=219,196 lost=16 (+2) | L0=99.5% L1=0.4% L2=0.2% miss=0.0% | sub-step misses: k1=14 k2=14 k3=14 k4=16 final=16 | SA-L2: 0/2 newly-lost found by standalone | (prev: lost=44,443, diff=-44427)
  Step  428: active=219,196 lost=16 (+0) | L0=99.5% L1=0.4% L2=0.1% miss=0.0% | (prev: lost=44,524, diff=-44508)
  Step  429: active=219,196 lost=16 (+0) | L0=99.5% L1=0.4% L2=0.1% miss=0.0% | (prev: lost=44,612, diff=-44596)
  Step  430: active=219,196 lost=16 (+0) | L0=99.5% L1=0.4% L2=0.1% miss=0.0% | (prev: lost=44,692, diff=-44676)
  Step  431: active=219,196 lost=16 (+0) | L0=99.5% L1=0.4% L2=0.1% miss=0.0% | (prev: lost=44,749, diff=-44733)
  Step  432: active=219,195 lost=17 (+1) | L0=99.5% L1=0.4% L2=0.1% miss=0.0% | sub-step misses: k1=16 k2=16 k3=16 k4=17 final=17 | SA-L2: 0/1 newly-lost found by standalone | (prev: lost=44,810, diff=-44793)
  Step  433: active=219,195 lost=17 (+0) | L0=99.5% L1=0.4% L2=0.1% miss=0.0% | (prev: lost=44,889, diff=-44872)
  Step  434: active=219,195 lost=17 (+0) | L0=99.5% L1=0.3% L2=0.1% miss=0.0% | (prev: lost=44,964, diff=-44947)
  Step  435: active=219,195 lost=17 (+0) | L0=99.5% L1=0.4% L2=0.1% miss=0.0% | (prev: lost=45,025, diff=-45008)
  Step  436: active=219,195 lost=17 (+0) | L0=99.5% L1=0.4% L2=0.1% miss=0.0% | (prev: lost=45,101, diff=-45084)
  Step  437: active=219,195 lost=17 (+0) | L0=99.5% L1=0.4% L2=0.1% miss=0.0% | (prev: lost=45,182, diff=-45165)
  Step  438: active=219,195 lost=17 (+0) | L0=99.5% L1=0.4% L2=0.1% miss=0.0% | (prev: lost=45,262, diff=-45245)
  Step  439: active=219,195 lost=17 (+0) | L0=99.5% L1=0.4% L2=0.1% miss=0.0% | (prev: lost=45,347, diff=-45330)
  Step  440: active=219,195 lost=17 (+0) | L0=99.5% L1=0.3% L2=0.1% miss=0.0% | (prev: lost=45,420, diff=-45403)
  Step  441: active=219,195 lost=17 (+0) | L0=99.5% L1=0.3% L2=0.1% miss=0.0% | (prev: lost=45,478, diff=-45461)
  Step  442: active=219,195 lost=17 (+0) | L0=99.5% L1=0.4% L2=0.1% miss=0.0% | (prev: lost=45,541, diff=-45524)
  Step  443: active=219,195 lost=17 (+0) | L0=99.5% L1=0.3% L2=0.1% miss=0.0% | (prev: lost=45,629, diff=-45612)
  Step  444: active=219,194 lost=18 (+1) | L0=99.5% L1=0.4% L2=0.1% miss=0.0% | sub-step misses: k1=17 k2=18 k3=17 k4=18 final=18 | SA-L2: 0/1 newly-lost found by standalone | (prev: lost=45,696, diff=-45678)
  Step  445: active=219,194 lost=18 (+0) | L0=99.5% L1=0.4% L2=0.1% miss=0.0% | (prev: lost=45,784, diff=-45766)
  Step  446: active=219,194 lost=18 (+0) | L0=99.5% L1=0.4% L2=0.1% miss=0.0% | (prev: lost=45,859, diff=-45841)
  Step  447: active=219,194 lost=18 (+0) | L0=99.5% L1=0.4% L2=0.1% miss=0.0% | (prev: lost=45,942, diff=-45924)
  Step  448: active=219,194 lost=18 (+0) | L0=99.5% L1=0.3% L2=0.1% miss=0.0% | (prev: lost=46,024, diff=-46006)
  Step  449: active=219,192 lost=20 (+2) | L0=99.5% L1=0.3% L2=0.1% miss=0.0% | sub-step misses: k1=18 k2=20 k3=18 k4=20 final=20 | SA-L2: 0/2 newly-lost found by standalone | (prev: lost=46,105, diff=-46085)
  Step  450: active=219,192 lost=20 (+0) | L0=99.5% L1=0.3% L2=0.1% miss=0.0% | (prev: lost=46,165, diff=-46145)
  Step  451: active=219,192 lost=20 (+0) | L0=99.5% L1=0.3% L2=0.1% miss=0.0% | (prev: lost=46,247, diff=-46227)
  Step  452: active=219,192 lost=20 (+0) | L0=99.5% L1=0.3% L2=0.1% miss=0.0% | (prev: lost=46,317, diff=-46297)
  Step  453: active=219,192 lost=20 (+0) | L0=99.5% L1=0.4% L2=0.1% miss=0.0% | (prev: lost=46,402, diff=-46382)
  Step  454: active=219,190 lost=22 (+2) | L0=99.5% L1=0.3% L2=0.1% miss=0.0% | sub-step misses: k1=20 k2=20 k3=20 k4=22 final=22 | SA-L2: 0/2 newly-lost found by standalone | (prev: lost=46,480, diff=-46458)
  Step  455: active=219,190 lost=22 (+0) | L0=99.5% L1=0.4% L2=0.1% miss=0.0% | (prev: lost=46,553, diff=-46531)
  Step  456: active=219,190 lost=22 (+0) | L0=99.5% L1=0.3% L2=0.1% miss=0.0% | (prev: lost=46,633, diff=-46611)
  Step  457: active=219,190 lost=22 (+0) | L0=99.5% L1=0.3% L2=0.1% miss=0.0% | (prev: lost=46,715, diff=-46693)
  Step  458: active=219,190 lost=22 (+0) | L0=99.5% L1=0.3% L2=0.1% miss=0.0% | (prev: lost=46,796, diff=-46774)
  Step  459: active=219,190 lost=22 (+0) | L0=99.5% L1=0.3% L2=0.1% miss=0.0% | (prev: lost=46,857, diff=-46835)
  Step  460: active=219,189 lost=23 (+1) | L0=99.5% L1=0.3% L2=0.1% miss=0.0% | sub-step misses: k1=22 k2=23 k3=22 k4=23 final=23 | SA-L2: 0/1 newly-lost found by standalone | (prev: lost=46,926, diff=-46903)
  Step  461: active=219,189 lost=23 (+0) | L0=99.5% L1=0.3% L2=0.1% miss=0.0% | (prev: lost=47,008, diff=-46985)
  Step  462: active=219,189 lost=23 (+0) | L0=99.5% L1=0.3% L2=0.1% miss=0.0% | (prev: lost=47,088, diff=-47065)
  Step  463: active=219,189 lost=23 (+0) | L0=99.5% L1=0.4% L2=0.1% miss=0.0% | (prev: lost=47,164, diff=-47141)
  Step  464: active=219,189 lost=23 (+0) | L0=99.5% L1=0.3% L2=0.1% miss=0.0% | (prev: lost=47,240, diff=-47217)
  Step  465: active=219,188 lost=24 (+1) | L0=99.5% L1=0.4% L2=0.1% miss=0.0% | sub-step misses: k1=23 k2=23 k3=23 k4=24 final=24 | SA-L2: 0/1 newly-lost found by standalone | (prev: lost=47,325, diff=-47301)
  Step  466: active=219,188 lost=24 (+0) | L0=99.5% L1=0.3% L2=0.1% miss=0.0% | (prev: lost=47,428, diff=-47404)
  Step  467: active=219,188 lost=24 (+0) | L0=99.5% L1=0.3% L2=0.1% miss=0.0% | (prev: lost=47,512, diff=-47488)
  Step  468: active=219,187 lost=25 (+1) | L0=99.5% L1=0.3% L2=0.1% miss=0.0% | sub-step misses: k1=24 k2=24 k3=24 k4=25 final=25 | SA-L2: 0/1 newly-lost found by standalone | (prev: lost=47,586, diff=-47561)
  Step  469: active=219,187 lost=25 (+0) | L0=99.5% L1=0.3% L2=0.1% miss=0.0% | (prev: lost=47,659, diff=-47634)
  Step  470: active=219,187 lost=25 (+0) | L0=99.5% L1=0.3% L2=0.1% miss=0.0% | (prev: lost=47,725, diff=-47700)
  Step  471: active=219,186 lost=26 (+1) | L0=99.5% L1=0.3% L2=0.1% miss=0.0% | sub-step misses: k1=25 k2=26 k3=25 k4=26 final=26 | SA-L2: 0/1 newly-lost found by standalone | (prev: lost=47,796, diff=-47770)
  Step  472: active=219,186 lost=26 (+0) | L0=99.5% L1=0.3% L2=0.1% miss=0.0% | (prev: lost=47,875, diff=-47849)
  Step  473: active=219,185 lost=27 (+1) | L0=99.5% L1=0.3% L2=0.1% miss=0.0% | sub-step misses: k1=26 k2=27 k3=26 k4=27 final=27 | SA-L2: 0/1 newly-lost found by standalone | (prev: lost=47,958, diff=-47931)
  Step  474: active=219,185 lost=27 (+0) | L0=99.5% L1=0.4% L2=0.1% miss=0.0% | (prev: lost=48,030, diff=-48003)
  Step  475: active=219,185 lost=27 (+0) | L0=99.5% L1=0.3% L2=0.1% miss=0.0% | (prev: lost=48,126, diff=-48099)
  Step  476: active=219,184 lost=28 (+1) | L0=99.5% L1=0.3% L2=0.1% miss=0.0% | sub-step misses: k1=27 k2=28 k3=27 k4=28 final=28 | SA-L2: 0/1 newly-lost found by standalone | (prev: lost=48,216, diff=-48188)
  Step  477: active=219,183 lost=29 (+1) | L0=99.5% L1=0.3% L2=0.1% miss=0.0% | sub-step misses: k1=28 k2=28 k3=28 k4=29 final=29 | SA-L2: 0/1 newly-lost found by standalone | (prev: lost=48,298, diff=-48269)
  Step  478: active=219,183 lost=29 (+0) | L0=99.5% L1=0.3% L2=0.1% miss=0.0% | (prev: lost=48,362, diff=-48333)
  Step  479: active=219,183 lost=29 (+0) | L0=99.5% L1=0.3% L2=0.1% miss=0.0% | (prev: lost=48,440, diff=-48411)
  Step  480: active=219,183 lost=29 (+0) | L0=99.5% L1=0.3% L2=0.1% miss=0.0% | (prev: lost=48,503, diff=-48474)
  Step  481: active=219,181 lost=31 (+2) | L0=99.5% L1=0.3% L2=0.1% miss=0.0% | sub-step misses: k1=29 k2=29 k3=29 k4=31 final=31 | SA-L2: 0/2 newly-lost found by standalone | (prev: lost=48,584, diff=-48553)
  Step  482: active=219,181 lost=31 (+0) | L0=99.5% L1=0.3% L2=0.1% miss=0.0% | (prev: lost=48,660, diff=-48629)
  Step  483: active=219,181 lost=31 (+0) | L0=99.5% L1=0.4% L2=0.1% miss=0.0% | (prev: lost=48,725, diff=-48694)
  Step  484: active=219,181 lost=31 (+0) | L0=99.5% L1=0.3% L2=0.1% miss=0.0% | (prev: lost=48,821, diff=-48790)
  Step  485: active=219,180 lost=32 (+1) | L0=99.5% L1=0.3% L2=0.1% miss=0.0% | sub-step misses: k1=31 k2=31 k3=31 k4=33 final=32 | SA-L2: 0/1 newly-lost found by standalone | (prev: lost=48,904, diff=-48872)
  Step  486: active=219,179 lost=33 (+1) | L0=99.5% L1=0.3% L2=0.1% miss=0.0% | sub-step misses: k1=32 k2=33 k3=32 k4=33 final=33 | SA-L2: 0/1 newly-lost found by standalone | (prev: lost=48,999, diff=-48966)
  Step  487: active=219,179 lost=33 (+0) | L0=99.5% L1=0.3% L2=0.1% miss=0.0% | (prev: lost=49,084, diff=-49051)
  Step  488: active=219,179 lost=33 (+0) | L0=99.5% L1=0.3% L2=0.1% miss=0.0% | (prev: lost=49,177, diff=-49144)
  Step  489: active=219,179 lost=33 (+0) | L0=99.5% L1=0.3% L2=0.1% miss=0.0% | (prev: lost=49,256, diff=-49223)
  Step  490: active=219,177 lost=35 (+2) | L0=99.5% L1=0.3% L2=0.1% miss=0.0% | sub-step misses: k1=33 k2=35 k3=33 k4=35 final=35 | SA-L2: 0/2 newly-lost found by standalone | (prev: lost=49,339, diff=-49304)
  Step  491: active=219,177 lost=35 (+0) | L0=99.5% L1=0.3% L2=0.1% miss=0.0% | (prev: lost=49,416, diff=-49381)
  Step  492: active=219,177 lost=35 (+0) | L0=99.5% L1=0.3% L2=0.1% miss=0.0% | (prev: lost=49,493, diff=-49458)
  Step  493: active=219,177 lost=35 (+0) | L0=99.5% L1=0.4% L2=0.1% miss=0.0% | (prev: lost=49,589, diff=-49554)
  Step  494: active=219,175 lost=37 (+2) | L0=99.5% L1=0.3% L2=0.1% miss=0.0% | sub-step misses: k1=35 k2=37 k3=35 k4=37 final=37 | SA-L2: 0/2 newly-lost found by standalone | (prev: lost=49,680, diff=-49643)
  Step  495: active=219,175 lost=37 (+0) | L0=99.5% L1=0.3% L2=0.1% miss=0.0% | (prev: lost=49,782, diff=-49745)
  Step  496: active=219,175 lost=37 (+0) | L0=99.5% L1=0.3% L2=0.1% miss=0.0% | (prev: lost=49,874, diff=-49837)
  Step  497: active=219,175 lost=37 (+0) | L0=99.5% L1=0.4% L2=0.1% miss=0.0% | (prev: lost=49,950, diff=-49913)
  Step  498: active=219,174 lost=38 (+1) | L0=99.5% L1=0.3% L2=0.1% miss=0.0% | sub-step misses: k1=37 k2=38 k3=37 k4=38 final=38 | SA-L2: 0/1 newly-lost found by standalone | (prev: lost=50,030, diff=-49992)
  Step  499: active=219,174 lost=38 (+0) | L0=99.5% L1=0.3% L2=0.1% miss=0.0% | (prev: lost=50,111, diff=-50073)
  Step  500: active=219,174 lost=38 (+0) | L0=99.5% L1=0.3% L2=0.1% miss=0.0% | (prev: lost=50,194, diff=-50156)

================================================================================
DIAGNOSTIC SUMMARY
================================================================================
  Particles: 219,212
  Final active: 219,174 (99.98%)
  Final lost: 38 (0.02%)
  Steps: 500
  Time: 541.2s (202,513 p*step/s)
  L0: ON
  L1: ON
  Output: output/rk4_diagnostic/L0=ON_L1=ON
  Stats: output/rk4_diagnostic/L0=ON_L1=ON/search_stats.csv

  Comparison with previous run:
    Previous lost at step 500: 50,194
    This run lost at step 500: 38
    Difference: -50156

  Final standalone L2 on all 38 lost particles...
    Standalone L2 found: 0/38 (0.00%)
    Standalone L2 missed: 38/38 (100.00%)
    38 particles are genuinely outside the mesh at their final positions.

================================================================================
LOST PARTICLE DEEP ANALYSIS
================================================================================

  Analyzing 38 of 38 lost particles...

  1. Bounding box check (38 sampled):
     Inside mesh bbox:  0
     Outside mesh bbox: 38
       pos=[5.2674096e-03 9.8761246e-03 5.7789606e-08], distance outside bbox=[0.0000000e+00 0.0000000e+00 5.7789606e-08]
       pos=[7.3995031e-03 1.0645733e-02 4.5247845e-08], distance outside bbox=[0.00000000e+00 0.00000000e+00 4.52478446e-08]
       pos=[7.7899690e-03 1.0974806e-02 2.3882119e-08], distance outside bbox=[0.00000000e+00 0.00000000e+00 2.38821194e-08]
       pos=[5.3795422e-03 9.8918201e-03 4.9420450e-08], distance outside bbox=[0.000000e+00 0.000000e+00 4.942045e-08]
       pos=[7.54121179e-03 1.06549719e-02 1.37726985e-08], distance outside bbox=[0.00000000e+00 0.00000000e+00 1.37726985e-08]

  2. Brute-force point-in-tet (0 inside bbox):

  3. Spatial distribution of ALL 38 lost particles:
     X: [-0.00901737, 0.01058226] mean=0.00422848 std=0.00747859
          domain fraction: [0.3497, 0.6764]
     Y: [-0.00058516, 0.01111013] mean=0.00872286 std=0.00362327
          domain fraction: [0.4873, 0.7415]
     Z: [0.00000000, 0.00001146] mean=0.00000145 std=0.00000296
          domain fraction: [1.0000, 1.0011]

     X-distribution histogram (20 bins):
       [0.35]     6 ##############################
       [0.37]     3 ###############
       [0.38]     0 
       [0.40]     0 
       [0.42]     1 #####
       [0.43]     0 
       [0.45]     0 
       [0.46]     0 
       [0.48]     0 
       [0.50]     0 
       [0.51]     0 
       [0.53]     0 
       [0.55]     0 
       [0.56]     0 
       [0.58]     3 ###############
       [0.59]     0 
       [0.61]     2 ##########
       [0.63]     7 ###################################
       [0.64]     8 ########################################
       [0.66]     8 ########################################

  4. Full bounding box check (all 38 lost particles):
     Inside bbox:  0 (0.0%)
     Outside bbox: 38 (100.0%)

  Note: The above analysis is on FINAL positions of lost particles.
  Particles may have drifted significantly after being marked lost.
  For root cause analysis, examine particles at their MOMENT of loss
  using the per-step SA-L2 data in the search_stats.csv file.

================================================================================
Done.
