ThreadedA case: 160 files found

Analyzing mesh sizes...

Step   Points       Cells        Change %    
==================================================
0      2,301        1,296                    
1      8,281        10,368       +259.887%   
2      898,502      3,494,800    +10750.163% 
3      901,131      3,514,141    +0.293%     
4      901,048      3,513,826    -0.009%     
5      901,095      3,514,064    +0.005%     
6      901,152      3,514,316    +0.006%     
7      901,166      3,514,323    +0.002%     
8      901,208      3,514,505    +0.005%     
9      901,211      3,514,526    +0.000%     
--------------------------------------------------
120    901,250      3,514,813    +0.004%     
121    901,245      3,514,701    -0.001%     
122    901,278      3,514,848    +0.004%     
123    901,264      3,514,806    -0.002%     
124    901,270      3,514,827    +0.001%     
125    901,285      3,514,911    +0.002%     
126    901,261      3,514,827    -0.003%     
127    907,623      3,532,103    +0.706%     
128    901,255      3,514,785    -0.702%     
129    901,259      3,514,827    +0.000%     
130    901,146      3,514,288    -0.013%     
131    900,893      3,513,182    -0.028%     
132    900,833      3,512,881    -0.007%     
133    900,812      3,512,755    -0.002%     
134    900,730      3,512,384    -0.009%     
135    900,706      3,512,286    -0.003%     
136    900,694      3,512,321    -0.001%     
137    900,658      3,512,279    -0.004%     
138    898,865      3,496,249    -0.199%     
139    900,671      3,512,384    +0.201%     
140    900,675      3,512,433    +0.000%     
141    900,690      3,512,573    +0.002%     
142    900,726      3,512,741    +0.004%     
143    900,762      3,512,937    +0.004%     
144    900,814      3,513,203    +0.006%     
145    900,830      3,513,301    +0.002%     
146    900,857      3,513,469    +0.003%     
147    900,889      3,513,665    +0.004%     
148    900,908      3,513,791    +0.002%     
149    898,509      3,494,814    -0.266%     
150    900,908      3,513,791    +0.267%     
151    900,993      3,514,064    +0.009%     
152    901,021      3,514,169    +0.003%     
153    901,080      3,514,470    +0.007%     
154    901,059      3,514,211    -0.002%     
155    901,057      3,514,099    -0.000%     
156    900,994      3,513,854    -0.007%     
157    900,972      3,513,763    -0.002%     
158    900,996      3,513,763    +0.003%     
159    901,110      3,514,050    +0.013%     

============================================================
ANALYSIS:
============================================================

1. Initial Refinement Phase (first 10 steps):
   Start (step 0): 2,301 points
   End (step 9): 901,211 points
   Growth: +39066.06%

   Step-by-step changes:
   Step 0 → 1: +259.887% (refinement)
   Step 1 → 2: +10750.163% (refinement)
   Step 2 → 3: +0.293% (stable)
   Step 3 → 4: -0.009% (stable)
   Step 4 → 5: +0.005% (stable)
   Step 5 → 6: +0.006% (stable)
   Step 6 → 7: +0.002% (stable)
   Step 7 → 8: +0.005% (stable)
   Step 8 → 9: +0.000% (stable)

2. Revolution Cycle (last 40 steps):
   Steps: 120 to 159
   Min points: 898,509
   Max points: 907,623
   Avg points: 901,021
   Range: 9,114 points (1.01% variation)

   Change statistics:
   Avg change per step: 0.064%
   Max change per step: 0.706%
   Median change: 0.004%
   Steps with >0.1% change: 6

   Significant variations (>0.1%):
   Step 127: 0.706%
   Step 128: 0.702%
   Step 138: 0.199%
   Step 139: 0.201%
   Step 149: 0.266%
   Step 150: 0.267%

3. Comparison with FLA case:
   ThreadedA mesh variation: TBD based on above
   FLA mesh variation: 0.065% average, 1.2% max
   ThreadedA appears to have more variation
