/home/arhashemi/Workspace/welding/JAXTrace/jaxtrace/io/registry.py:41: UserWarning: h5py not available. HDF5 I/O will be disabled
  from .hdf5_io import H5Series
/home/arhashemi/Workspace/welding/JAXTrace/utils/resource_monitor.py:153: FutureWarning: The pynvml package is deprecated. Please install nvidia-ml-py instead. If you did not install pynvml directly, please report this to the maintainers of the package that installed pynvml for you.
  import pynvml
✅ Enhanced VTK I/O available
✅ HDF5 I/O available
================================================================================
V5 COMPREHENSIVE PERFORMANCE TEST
================================================================================
✅ GPU monitoring enabled
✅ NVIDIA GPU utilization monitoring enabled
✅ CPU monitoring enabled

================================================================================
🚀 Starting: 1. Mesh Loading
================================================================================
  Found 160 .pvtu files
  Loading: /home/arhashemi/Workspace/welding/Edgar/ThreadedA/post/0eule/threadedAvtk_0.pvtu
  Mesh: 2,301 nodes, 1,296 elements

✅ Completed: 1. Mesh Loading
   Duration: 0.03s
   GPU Memory: 0.0 MB (+0.0 MB)
   GPU Peak: 0.0 MB
   GPU Util: 1%
   CPU Memory: 789.0 MB (+11.2 MB)
   CPU Util: 117.2%
================================================================================

================================================================================
🚀 Starting: 2. Block Infrastructure
================================================================================
  Domain bounds: [-0.0300, 0.0300] × [-0.0230, 0.0230] × [-0.0100, 0.0000]
  Grid size: (4, 4, 2)
  Created 32 blocks
Computing centroids for 1,296 elements...
Assigning elements to 32 blocks...

📊 Element Distribution Across Blocks:
  Total elements: 1,296
  Non-empty blocks: 32 / 32
  Elements per block:
    Min: 36
    Max: 42
    Mean: 40
    Std: 3
  Load imbalance factor: 1.04× (max/mean)
  ✅ Good load balance for GPU execution

✅ Completed: 2. Block Infrastructure
   Duration: 0.03s
   GPU Memory: 0.0 MB (+0.0 MB)
   GPU Peak: 0.0 MB
   GPU Util: 1%
   CPU Memory: 789.5 MB (+0.5 MB)
   CPU Util: 89.6%
================================================================================

================================================================================
🚀 Starting: 3. Octree Building
================================================================================
  Built 32 octrees

✅ Completed: 3. Octree Building
   Duration: 0.00s
   GPU Memory: 0.0 MB (+0.0 MB)
   GPU Peak: 0.0 MB
   GPU Util: 1%
   CPU Memory: 789.5 MB (+0.0 MB)
   CPU Util: 714.1%
================================================================================

================================================================================
🚀 Starting: 4. Element Neighbor Computation
================================================================================
Building element adjacency for 1,296 elements...
  Step 1/2: Extracting faces...
  Step 2/2: Building neighbor lists...

📊 Element Neighbor Statistics:
  Total elements: 1,296
  Neighbors per element:
    Min: 0
    Max: 4
    Mean: 2.52
  Boundary elements: 1,296 (100.0%)
  Interior elements: 0 (0.0%)
  Element neighbors: (1296, 32)

✅ Completed: 4. Element Neighbor Computation
   Duration: 0.01s
   GPU Memory: 0.0 MB (+0.0 MB)
   GPU Peak: 0.0 MB
   GPU Util: 1%
   CPU Memory: 790.3 MB (+0.8 MB)
   CPU Util: 0.0%
================================================================================

================================================================================
🚀 Starting: 5. V5 Padded Block Array Creation
================================================================================

🔧 Building padded block element arrays...
  Total blocks: 32
  Max elements per block: 42
  Total elements: 1,296
  Mean elements per block: 40
  Load imbalance factor: 1.04×
  Building 26-neighbor topology...
  GPU memory footprint: 0.0 MB
  ✅ Block arrays ready for JAX JIT compilation

  Validating block arrays...

✅ Validating block element arrays...
  ✅ All validation checks passed!

✅ Completed: 5. V5 Padded Block Array Creation
   Duration: 0.00s
   GPU Memory: 0.0 MB (+0.0 MB)
   GPU Peak: 0.0 MB
   GPU Util: 1%
   CPU Memory: 790.3 MB (+0.0 MB)
   CPU Util: 0.0%
================================================================================

================================================================================
🚀 Starting: 6. Particle Seeding
================================================================================
  Seeded 1,000 particles
  Position range: [-0.0300, 0.0300]

✅ Completed: 6. Particle Seeding
   Duration: 0.00s
   GPU Memory: 0.0 MB (+0.0 MB)
   GPU Peak: 0.0 MB
   GPU Util: 1%
   CPU Memory: 790.3 MB (+0.0 MB)
   CPU Util: 723.2%
================================================================================

================================================================================
🚀 Starting: 7. CPU Search (Ground Truth)
================================================================================

✅ Completed: 7. CPU Search (Ground Truth)
   Duration: 0.01s
   GPU Memory: 0.0 MB (+0.0 MB)
   GPU Peak: 0.0 MB
   GPU Util: 1%
   CPU Memory: 790.3 MB (+0.0 MB)
   CPU Util: 0.0%
================================================================================

❌ Test failed with exception:
Traceback (most recent call last):
  File "/home/arhashemi/Workspace/welding/JAXTrace/test_v5_comprehensive_performance.py", line 544, in main
    element_IDs_cpu, stats_cpu = run_cpu_search(
                                 ~~~~~~~~~~~~~~^
        particle_positions, search_mesh_data, block_data, octrees, monitor
        ^^^^^^^^^^^^^^^^^^^^^^^^^^^^^^^^^^^^^^^^^^^^^^^^^^^^^^^^^^^^^^^^^^
    )
    ^
  File "/home/arhashemi/Workspace/welding/JAXTrace/test_v5_comprehensive_performance.py", line 235, in run_cpu_search
    element_IDs_cpu, stats_cpu = find_initial_elements_batch(
                                 ~~~~~~~~~~~~~~~~~~~~~~~~~~~^
        particle_positions,
        ^^^^^^^^^^^^^^^^^^^
    ...<4 lines>...
        verbose=False  # Suppress internal logging
        ^^^^^^^^^^^^^^^^^^^^^^^^^^^^^^^^^^^^^^^^^^
    )
    ^
  File "/home/arhashemi/Workspace/welding/JAXTrace/jaxtrace/gpu/initial_search_jax.py", line 623, in find_initial_elements_batch
    elem_id = find_containing_element(
        pos,
    ...<3 lines>...
        mesh_data['connectivity']
    )
  File "/home/arhashemi/Workspace/welding/JAXTrace/jaxtrace/gpu/element_search.py", line 220, in find_containing_element
    block_id = find_containing_block(position, partition_data)
  File "/home/arhashemi/Workspace/welding/JAXTrace/jaxtrace/gpu/element_search.py", line 89, in find_containing_block
    if not (np.all(position >= partition_data.bbox_min) and
                               ^^^^^^^^^^^^^^^^^^^^^^^
AttributeError: 'dict' object has no attribute 'bbox_min'


================================================================================
📊 RESOURCE USAGE SUMMARY
================================================================================

Total Time: 0.08s
Number of Stages: 7

Stage                                    Time (s)   GPU MB       CPU MB      
--------------------------------------------------------------------------------
1. Mesh Loading                          0.03       0.0          789.0       
2. Block Infrastructure                  0.03       0.0          789.5       
3. Octree Building                       0.00       0.0          789.5       
4. Element Neighbor Computation          0.01       0.0          790.3       
5. V5 Padded Block Array Creation        0.00       0.0          790.3       
6. Particle Seeding                      0.00       0.0          790.3       
7. CPU Search (Ground Truth)             0.01       0.0          790.3       
--------------------------------------------------------------------------------

Peak Resource Usage:
  GPU Memory: 0.0 MB
  CPU Memory: 790.3 MB

Slowest Stages:
  1. 2. Block Infrastructure: 0.03s (41.1%)
  2. 1. Mesh Loading: 0.03s (32.1%)
  3. 4. Element Neighbor Computation: 0.01s (9.4%)
  4. 7. CPU Search (Ground Truth): 0.01s (9.2%)
  5. 5. V5 Padded Block Array Creation: 0.00s (5.4%)
================================================================================
