/home/arhashemi/Workspace/welding/JAXTrace/jaxtrace/io/registry.py:41: UserWarning: h5py not available. HDF5 I/O will be disabled
  from .hdf5_io import H5Series
✅ Enhanced VTK I/O available
✅ HDF5 I/O available

================================================================================
VECTORIZED INITIAL ASSIGNMENT TEST (SIMPLE)
================================================================================

📁 Loading mesh: /home/arhashemi/Workspace/welding/Edgar/ThreadedA/post/0eule/threadedAvtk_20.pvtu
Loading mesh: /home/arhashemi/Workspace/welding/Edgar/ThreadedA/post/0eule/threadedAvtk_20.pvtu
  Nodes: 895,972
  Elements: 3,485,406
✓ Mesh loaded:
  Nodes:    895,972
  Elements: 3,485,406

📦 Bounding box:
  X: [-0.0300, 0.0300]
  Y: [-0.0230, 0.0230]
  Z: [-0.0100, 0.0000]

🌳 Creating forest structure (grid: (8, 8, 4))...
✓ Total blocks: 256

📍 Assigning elements to blocks...
✓ Element assignment complete:
  Elements assigned: 3,485,406
  Blocks used: 256/256
  Elements per block: 2 - 444040 (avg: 13614.9)
  Imbalance ratio: 32.61×
  Heavy blocks (>10K): 16

📊 Building padded arrays (V5 extended mode)...

Building padded block arrays...
  Blocks: 256
  Max elements/block: 444,040
  Array shape: (256, 444,040)
  Counting elements per block...
  Filling padded array...
    Processed 500,000/3,485,406 elements...
    Processed 1,000,000/3,485,406 elements...
    Processed 1,500,000/3,485,406 elements...
    Processed 2,000,000/3,485,406 elements...
    Processed 2,500,000/3,485,406 elements...
    Processed 3,000,000/3,485,406 elements...

PaddedArrays(
  Shape: (256, 444040)
  Total elements: 3,485,406
  Memory: 433.6 MB
  Padding waste: 96.9%
)
✓ Padded arrays created:
  Shape: (256, 444040)
  Memory: 433.6 MB
  Max elements per block: 444040

🔗 Building element adjacency (face neighbors)...
Building element adjacency for 3,485,406 elements...
  Step 1/2: Extracting faces...
  Step 2/2: Building neighbor lists...
    Processed 500,000 / 3,485,406 elements (14.3%)
    Processed 1,000,000 / 3,485,406 elements (28.7%)
    Processed 1,500,000 / 3,485,406 elements (43.0%)
    Processed 2,000,000 / 3,485,406 elements (57.4%)
    Processed 2,500,000 / 3,485,406 elements (71.7%)
    Processed 3,000,000 / 3,485,406 elements (86.1%)

📊 Element Neighbor Statistics:
  Total elements: 3,485,406
  Neighbors per element:
    Min: 0
    Max: 4
    Mean: 3.78
  Boundary elements: 733,942 (21.1%)
  Interior elements: 2,751,464 (78.9%)
✓ Adjacency complete (28.12 s):
  Elements with neighbors: 3485399/3485406

🏷️  Classifying blocks (threshold: 10K elements)...
✓ Block classification:
  Light blocks (<10000):  240
  Heavy blocks (≥10000): 16

🗂️  Building hash buckets for 16 heavy blocks...
✓ Hash buckets built: 16 in 0.80 s

================================================================================
TEST: 1,000 particles
================================================================================

🌱 Seeding 1,000 particles...
✓ Seeded 1,000 particles

⏱️  Running vectorized initial assignment...
GPU Initial Search (VECTORIZED): 1,000 particles...
  Finding containing blocks...
  ✓ Blocks found: 1,000/1,000
  Grouping particles by block...
  ✓ Particles distributed across 251 blocks
  Running L2 block search (vectorized)...

  ✓ L2 search complete: 618/1,000 found (61.8%)
  Running L3 fallback for 382 particles...
  ✓ L3 search complete: 0 additional particles found

InitialSearchStats(
  Particles: 1,000
  Found: 618 (61.8%)
  - In primary block: 618 (61.8%)
  - In neighbor blocks: 0 (0.0%)
  Not found: 382 (38.2%)
  Time: 81.88 s
  Rate: 12 particles/s
)

================================================================================
RESULTS: 1,000 particles
================================================================================

⚡ THROUGHPUT:
      12 p/s  (81.88 s total)
  ⚠️  Below target (>1,000 p/s)

💾 MEMORY:
  Start:       0.0 MB
  Peak:        0.0 MB
  Delta:   +   0.0 MB

🔍 SEARCH RESULTS:
  L2 (primary block):         618 ( 61.8%)
  L3 (neighbor blocks):         0 (  0.0%)
  Total found:                618 ( 61.8%)
  Not found:                  382 ( 38.2%)

================================================================================
❌ VECTORIZED INITIAL ASSIGNMENT TEST FAILED
================================================================================

