/home/arhashemi/Workspace/welding/JAXTrace/jaxtrace/io/registry.py:41: UserWarning: h5py not available. HDF5 I/O will be disabled
  from .hdf5_io import H5Series
W1116 15:12:00.986730 3018517 bfc_allocator.cc:501] Allocator (GPU_0_bfc) ran out of memory trying to allocate 1.91GiB (rounded to 2055018752)requested by op 
If the cause is memory fragmentation maybe the environment variable 'TF_GPU_ALLOCATOR=cuda_malloc_async' will improve the situation. 
Current allocation summary follows.
Current allocation summary follows.
W1116 15:12:00.986920 3018517 bfc_allocator.cc:512] *****_______________****************________________________________________________________________
E1116 15:12:00.986940 3018517 pjrt_stream_executor_client.cc:2974] Execution of replica 0 failed: RESOURCE_EXHAUSTED: Out of memory while trying to allocate 2055018520 bytes. [tf-allocator-allocation-error='']
✅ Enhanced VTK I/O available
✅ HDF5 I/O available

================================================================================
VECTORIZED INITIAL ASSIGNMENT TEST (SIMPLE)
================================================================================

📁 Loading mesh: /home/arhashemi/Workspace/welding/Edgar/ThreadedA/post/0eule/threadedAvtk_20.pvtu
Loading mesh: /home/arhashemi/Workspace/welding/Edgar/ThreadedA/post/0eule/threadedAvtk_20.pvtu
  Nodes: 895,972
  Elements: 3,485,406
✓ Mesh loaded:
  Nodes:    895,972
  Elements: 3,485,406

📦 Bounding box:
  X: [-0.0300, 0.0300]
  Y: [-0.0230, 0.0230]
  Z: [-0.0100, 0.0000]

🌳 Creating forest structure (grid: (8, 8, 4))...
✓ Total blocks: 256

📍 Assigning elements to blocks...
✓ Element assignment complete:
  Elements assigned: 3,485,406
  Blocks used: 256/256
  Elements per block: 2 - 444040 (avg: 13614.9)
  Imbalance ratio: 32.61×
  Heavy blocks (>10K): 16

📊 Building padded arrays (V5 extended mode)...

Building padded block arrays...
  Blocks: 256
  Max elements/block: 444,040
  Array shape: (256, 444,040)
  Counting elements per block...
  Filling padded array...
    Processed 500,000/3,485,406 elements...
    Processed 1,000,000/3,485,406 elements...
    Processed 1,500,000/3,485,406 elements...
    Processed 2,000,000/3,485,406 elements...
    Processed 2,500,000/3,485,406 elements...
    Processed 3,000,000/3,485,406 elements...

PaddedArrays(
  Shape: (256, 444040)
  Total elements: 3,485,406
  Memory: 433.6 MB
  Padding waste: 96.9%
)
✓ Padded arrays created:
  Shape: (256, 444040)
  Memory: 433.6 MB
  Max elements per block: 444040

🔗 Building element adjacency (face neighbors)...
Building element adjacency for 3,485,406 elements...
  Step 1/2: Extracting faces...
  Step 2/2: Building neighbor lists...
    Processed 500,000 / 3,485,406 elements (14.3%)
    Processed 1,000,000 / 3,485,406 elements (28.7%)
    Processed 1,500,000 / 3,485,406 elements (43.0%)
    Processed 2,000,000 / 3,485,406 elements (57.4%)
    Processed 2,500,000 / 3,485,406 elements (71.7%)
    Processed 3,000,000 / 3,485,406 elements (86.1%)

📊 Element Neighbor Statistics:
  Total elements: 3,485,406
  Neighbors per element:
    Min: 0
    Max: 4
    Mean: 3.78
  Boundary elements: 733,942 (21.1%)
  Interior elements: 2,751,464 (78.9%)
✓ Adjacency complete (28.70 s):
  Elements with neighbors: 3485399/3485406

🏷️  Classifying blocks (threshold: 10K elements)...
✓ Block classification:
  Light blocks (<10000):  240
  Heavy blocks (≥10000): 16

🗂️  Building hash buckets for 16 heavy blocks...
✓ Hash buckets built: 16 in 0.81 s

================================================================================
TEST: 1,000 particles
================================================================================

🌱 Seeding 1,000 particles...
✓ Seeded 1,000 particles

⏱️  Running vectorized initial assignment...
GPU Initial Search (VECTORIZED): 1,000 particles...
  Finding containing blocks...
  ✓ Blocks found: 1,000/1,000
  Grouping particles by block...
  ✓ Particles distributed across 251 blocks
  Running L2 block search (vectorized)...

  ✓ L2 search complete: 618/1,000 found (61.8%)
  Running L3 fallback for 382 particles...
Traceback (most recent call last):
  File "/home/arhashemi/Workspace/welding/JAXTrace/test_vectorized_initial_SIMPLE.py", line 229, in <module>
    main()
    ~~~~^^
  File "/home/arhashemi/Workspace/welding/JAXTrace/test_vectorized_initial_SIMPLE.py", line 175, in main
    element_ids, block_ids, stats = initial_search_batch(
                                    ~~~~~~~~~~~~~~~~~~~~^
        particle_positions,
        ^^^^^^^^^^^^^^^^^^^
    ...<8 lines>...
        verbose=True
        ^^^^^^^^^^^^
    )
    ^
  File "/home/arhashemi/Workspace/welding/JAXTrace/jaxtrace/gpu/search/initial_assignment.py", line 488, in initial_search_batch
    found_elem_ids = np.array(search_l3_vmap(particle_batch), dtype=np.int32)
                              ~~~~~~~~~~~~~~^^^^^^^^^^^^^^^^
  File "/home/arhashemi/Workspace/welding/JAXTrace/jaxtrace/gpu/search/initial_assignment.py", line 476, in <lambda>
    lambda pos: search_level3_neighbor_blocks(
                ~~~~~~~~~~~~~~~~~~~~~~~~~~~~~^
        pos,
        ^^^^
    ...<6 lines>...
        connectivity_jax
        ^^^^^^^^^^^^^^^^
    )
    ^
jax.errors.JaxRuntimeError: RESOURCE_EXHAUSTED: Out of memory while trying to allocate 2055018520 bytes.
--------------------
For simplicity, JAX has removed its internal frames from the traceback of the following exception. Set JAX_TRACEBACK_FILTERING=off to include these.
