python3 verify_search_correctness.py
ERROR:2026-01-26 11:53:17,992:jax._src.xla_bridge:475: Jax plugin configuration error: Exception when calling jax_plugins.xla_cuda12.initialize()
Traceback (most recent call last):
  File "/home/arhashemi/Workspace/welding/JAXTrace/.venv/lib/python3.13/site-packages/jax/_src/xla_bridge.py", line 473, in discover_pjrt_plugins
    plugin_module.initialize()
    ~~~~~~~~~~~~~~~~~~~~~~~~^^
  File "/home/arhashemi/Workspace/welding/JAXTrace/.venv/lib/python3.13/site-packages/jax_plugins/xla_cuda12/__init__.py", line 334, in initialize
    c_api = xb.register_plugin(
        'cuda', priority=500, library_path=str(path), options=options
    )
  File "/home/arhashemi/Workspace/welding/JAXTrace/.venv/lib/python3.13/site-packages/jax/_src/xla_bridge.py", line 609, in register_plugin
    c_api = xla_client.load_pjrt_plugin_dynamically(plugin_name, library_path)
  File "/home/arhashemi/Workspace/welding/JAXTrace/.venv/lib/python3.13/site-packages/jaxlib/xla_client.py", line 117, in load_pjrt_plugin_dynamically
    return _xla.load_pjrt_plugin(plugin_name, library_path, c_api=None)
           ~~~~~~~~~~~~~~~~~~~~~^^^^^^^^^^^^^^^^^^^^^^^^^^^^^^^^^^^^^^^
jax.errors.JaxRuntimeError: ALREADY_EXISTS: PJRT_Api already exists for device type cuda
✅ Enhanced VTK I/O available
/home/arhashemi/Workspace/welding/JAXTrace/jaxtrace/io/registry.py:41: UserWarning: h5py not available. HDF5 I/O will be disabled
  from .hdf5_io import H5Series
✅ HDF5 I/O available
================================================================================
Search Correctness Verification
================================================================================

Loading mesh...
Loading mesh: /home/arhashemi/Workspace/welding/Edgar/FLA/post/0eule/featurelessAvtk_158.pvtu
  Nodes: 780,922
  Elements: 3,048,900
  Loaded field 'Displacement': (780922, 3)
Loading mesh: /home/arhashemi/Workspace/welding/Edgar/FLA/post/0eule/featurelessAvtk_159.pvtu
  Nodes: 780,922
  Elements: 3,048,900
  Loaded field 'Displacement': (780922, 3)
  Loaded 3,048,900 elements, 571,173 nodes

Extracting octree cells...
  Unique cells: 265,598

Uploading to GPU...
  Done

Generating test particles at element centroids...
  Generated 1,000 test positions at element centroids

Searching for 1,000 particles...
  Found: 177 / 1,000 (17.7%)

================================================================================
RESULTS
================================================================================

Ground truth: Particles placed at element centroids (MUST be inside)
  Total particles: 1,000
  Found correct element: 177 (17.7%)
  Found wrong element: 0 (0.0%)
  Not found at all: 823 (82.3%)

❌ FAILED: 823 particles not found (82.3%)
   Current search approach is INCORRECT.

   Possible reasons:
   1. Particles in centroids should be in the parent cell we extract
   2. If not found, it means we're not checking the right cell
   3. This could be due to:
      - Grid index computation mismatch
      - Morton encoding mismatch
      - Level lookup mismatch

================================================================================
Analysis of NOT FOUND Particles (first 5)
================================================================================

Particle 0 (should be in element 2232962):
  Position (centroid): [ 0.00855469 -0.00307466 -0.00054688]
  Element's cell:
    Level: 13
    Grid: [ 54 -21  -4]
    Morton: 267642492140903770
    Cell size: [0.00015625 0.00015972 0.00015625]
  Query would compute:
    Grid: (54, -20, -4)
    Using cell size: [0.00015625 0.00015972 0.00015625]
    ❌ Grid indices MISMATCH - query will not find this cell
    → Problem is in grid computation
    → Is centroid inside parent cube? False
       Cube bounds: [[ 0.00843749 -0.00335417 -0.000625  ], [ 0.00859374 -0.00319445 -0.00046875])
       Position: [ 0.00855469 -0.00307466 -0.00054688]

Particle 1 (should be in element 2115658):
  Position (centroid): [ 0.00298828 -0.00692795 -0.00019531]
  Element's cell:
    Level: 14
    Grid: [ 38 -88  -3]
    Morton: 267642492140375372
    Cell size: [7.81249255e-05 7.98609108e-05 7.81249983e-05]
  Query would compute:
    Grid: (38, -87, -3)
    Using cell size: [7.8124925e-05 7.9860911e-05 7.8124984e-05]
    ❌ Grid indices MISMATCH - query will not find this cell
    → Problem is in grid computation
    → Is centroid inside parent cube? False
       Cube bounds: [[ 0.00296875 -0.00702776 -0.00023437], [ 0.00304687 -0.0069479  -0.00015625])
       Position: [ 0.00298828 -0.00692795 -0.00019531]

Particle 3 (should be in element 2434131):
  Position (centroid): [-0.00271484 -0.00253559 -0.00308594]
  Element's cell:
    Level: 14
    Grid: [-36 -32 -40]
    Morton: 144115188075682368
    Cell size: [7.81251583e-05 7.98613764e-05 7.81251583e-05]
  Query would compute:
    Grid: (-35, -32, -40)
    Using cell size: [7.8124925e-05 7.9860911e-05 7.8124984e-05]
    ❌ Grid indices MISMATCH - query will not find this cell
    → Problem is in grid computation
    → Is centroid inside parent cube? False
       Cube bounds: [[-0.00281251 -0.00255556 -0.00312501], [-0.00273438 -0.0024757  -0.00304688])
       Position: [-0.00271484 -0.00253559 -0.00308594]

Particle 4 (should be in element 546418):
  Position (centroid): [ 0.00599609  0.00706771 -0.00013672]
  Element's cell:
    Level: 14
    Grid: [76 87 -2]
    Morton: 514697100271709170
    Cell size: [7.81249255e-05 7.98609108e-05 7.81249983e-05]
  Query would compute:
    Grid: (76, 88, -2)
    Using cell size: [7.8124925e-05 7.9860911e-05 7.8124984e-05]
    ❌ Grid indices MISMATCH - query will not find this cell
    → Problem is in grid computation
    → Is centroid inside parent cube? False
       Cube bounds: [[ 0.00593749  0.0069479  -0.00015625], [ 6.01561926e-03  7.02776015e-03 -7.81249983e-05])
       Position: [ 0.00599609  0.00706771 -0.00013672]

Particle 5 (should be in element 1321636):
  Position (centroid): [ 0.00212891  0.00297483 -0.00097656]
  Element's cell:
    Level: 14
    Grid: [ 27  37 -14]
    Morton: 514697100270981803
    Cell size: [7.81249255e-05 7.98609108e-05 7.81250419e-05]
  Query would compute:
    Grid: (27, 37, -13)
    Using cell size: [7.8124925e-05 7.9860911e-05 7.8124984e-05]
    ❌ Grid indices MISMATCH - query will not find this cell
    → Problem is in grid computation
    → Is centroid inside parent cube? False
       Cube bounds: [[ 0.00210937  0.00295485 -0.00109375], [ 0.0021875   0.00303471 -0.00101563])
       Position: [ 0.00212891  0.00297483 -0.00097656]

================================================================================
