ERROR:2026-01-30 11:07:02,179:jax._src.xla_bridge:491: Jax plugin configuration error: Exception when calling jax_plugins.xla_cuda13.initialize()
Traceback (most recent call last):
  File "/home/arhashemi/Workspace/welding/JAXTrace/.venv/lib/python3.13/site-packages/jax/_src/xla_bridge.py", line 489, in discover_pjrt_plugins
    plugin_module.initialize()
    ~~~~~~~~~~~~~~~~~~~~~~~~^^
  File "/home/arhashemi/Workspace/welding/JAXTrace/.venv/lib/python3.13/site-packages/jax_plugins/xla_cuda13/__init__.py", line 334, in initialize
    c_api = xb.register_plugin(
        'cuda', priority=500, library_path=str(path), options=options
    )
  File "/home/arhashemi/Workspace/welding/JAXTrace/.venv/lib/python3.13/site-packages/jax/_src/xla_bridge.py", line 633, in register_plugin
    c_api = xla_client.load_pjrt_plugin_dynamically(plugin_name, library_path)
  File "/home/arhashemi/Workspace/welding/JAXTrace/.venv/lib/python3.13/site-packages/jaxlib/xla_client.py", line 117, in load_pjrt_plugin_dynamically
    return _xla.load_pjrt_plugin(plugin_name, library_path, c_api=None)
           ~~~~~~~~~~~~~~~~~~~~~^^^^^^^^^^^^^^^^^^^^^^^^^^^^^^^^^^^^^^^
jax.errors.JaxRuntimeError: ALREADY_EXISTS: PJRT_Api already exists for device type cuda
✅ Enhanced VTK I/O available
✅ HDF5 I/O available
================================================================================
Search Correctness Verification
================================================================================

Loading mesh...
Loading mesh: /home/arhashemi/Workspace/welding/Edgar/FLA/post/0eule/featurelessAvtk_158.pvtu
  Nodes: 780,922
  Elements: 3,048,900
  Loaded field 'Displacement': (780922, 3)
Loading mesh: /home/arhashemi/Workspace/welding/Edgar/FLA/post/0eule/featurelessAvtk_159.pvtu
  Nodes: 780,922
  Elements: 3,048,900
  Loaded field 'Displacement': (780922, 3)
  Loaded 3,048,900 elements, 571,173 nodes

Extracting octree cells...
  Unique cells: 517,069

Uploading to GPU...
  Done

Generating test particles at element centroids...
  Generated 1,000 test positions at element centroids

Searching for 1,000 particles...
  Found: 1,000 / 1,000 (100.0%)

================================================================================
RESULTS
================================================================================

Ground truth: Particles placed at element centroids (MUST be inside)
  Total particles: 1,000
  Found correct element: 1,000 (100.0%)
  Found wrong element: 0 (0.0%)
  Not found at all: 0 (0.0%)

✅ PERFECT: All particles found in correct elements!
   Current search approach is CORRECT.

================================================================================

