Starting deviation diagnostic at mié 25 mar 2026 15:22:14 EET
Output: /scratch/project_465002752/hashemia/outputs/diagnose_16998980

✅ Enhanced VTK I/O available
✅ HDF5 I/O available
================================================================================
FEMUSS–JAXTrace Trajectory Deviation Diagnostic
================================================================================
JAX version: 0.5.0
JAX devices: [RocmDevice(id=0)]

Spatial filter:
  X: all
  Y: [-0.01, 0.01]
  Z: [-0.005, 0.0]
Compare freq: every 5 steps
Error threshold: 1e-05
N steps: 100
VTU export: ON
================================================================================

[1/7] Loading mesh...
Loading mesh: /scratch/project_465001942/Cases-Edgar/new/cylA.gid/post/0eule/cylA_159.pvtu
  Nodes: 799,104
  Elements: 3,050,196
  Loaded field 'Displacement': (799104, 3)
  Deduplicating...
  Elements: 3,050,196, Nodes: 571,533
  Level-set: 185,479/571,533 inside tool
  Reconstructing pin velocity...
  Pin velocity applied to 185,479 nodes
  Stage 1: 30.3s

[2/7] Precomputing metadata...

Precomputed inverse matrices:
  Elements: 3,050,196
  Degenerate: 0 (0.0000%)
  Det range: [4.87e-13, 1.28e-07]
  Memory: 292,818,816 bytes (279.3 MB)
  Stage 2: 96.0s

[3/7] Building structures and uploading to GPU...
  Multi-cell octree: 666,162 cells
  Stage 3: 647.5s

[4/7] Loading FEMUSS particles with spatial filter...
  Total particles: 299,200
  Left domain at start: 5,745
  Filtered: 62,164 particles in spatial region
  Stage 4: 0.5s

[5/7] Initial assignment...

  mesh_aligned_octree_multi_local_where initial assignment
  Particles: 62,164, batch_size: 50,000
    Batch 1/2: 50,000 particles  (cumulative found: 50,000/50,000)
    Batch 2/2: 12,164 particles  (cumulative found: 62,164/62,164)
  Assigned: 62,164/62,164 (100.00%) in 23.75s
  Assigned: 62,164/62,164
  Stage 5: 24.2s

[6/7] Building RK4...
  Compiling...
  Compilation: 104.5s
  Stage 6: 104.5s

[7/7] Running 100 steps, comparing every 5...
================================================================================
  Step     5/100 (FEMUSS=5): active=62164/62164, jt_lost=0, fem_left=0
    Error: mean=3.70e-07 max=1.25e-05 P95=1.64e-06 >thr=2
    New deviations: 2  Lost(JT): 0  Lost(FEM): 0  [34s elapsed]
  Step    10/100 (FEMUSS=10): active=62164/62164, jt_lost=0, fem_left=0
    Error: mean=7.27e-07 max=1.36e-05 P95=3.22e-06 >thr=16
    New deviations: 14  Lost(JT): 0  Lost(FEM): 0  [69s elapsed]
  Step    15/100 (FEMUSS=15): active=62164/62164, jt_lost=0, fem_left=0
    Error: mean=1.06e-06 max=1.56e-05 P95=4.62e-06 >thr=52
    New deviations: 36  Lost(JT): 0  Lost(FEM): 0  [103s elapsed]
  Step    20/100 (FEMUSS=20): active=62164/62164, jt_lost=0, fem_left=0
    Error: mean=1.40e-06 max=2.04e-05 P95=6.03e-06 >thr=238
    New deviations: 189  Lost(JT): 0  Lost(FEM): 0  [138s elapsed]
  Step    25/100 (FEMUSS=25): active=62164/62164, jt_lost=0, fem_left=0
    Error: mean=1.74e-06 max=2.50e-05 P95=7.51e-06 >thr=970
    New deviations: 735  Lost(JT): 0  Lost(FEM): 0  [175s elapsed]
  Step    30/100 (FEMUSS=30): active=62164/62164, jt_lost=0, fem_left=0
    Error: mean=2.07e-06 max=2.65e-05 P95=8.92e-06 >thr=2058
    New deviations: 1095  Lost(JT): 0  Lost(FEM): 0  [213s elapsed]
  Step    35/100 (FEMUSS=35): active=62164/62164, jt_lost=0, fem_left=0
    Error: mean=2.39e-06 max=3.11e-05 P95=1.02e-05 >thr=3310
    New deviations: 1277  Lost(JT): 0  Lost(FEM): 0  [253s elapsed]
  Step    40/100 (FEMUSS=40): active=62164/62164, jt_lost=0, fem_left=0
    Error: mean=2.71e-06 max=3.41e-05 P95=1.14e-05 >thr=4660
    New deviations: 1380  Lost(JT): 0  Lost(FEM): 0  [295s elapsed]
  Step    45/100 (FEMUSS=45): active=62164/62164, jt_lost=0, fem_left=0
    Error: mean=3.03e-06 max=3.81e-05 P95=1.27e-05 >thr=5922
    New deviations: 1315  Lost(JT): 0  Lost(FEM): 0  [339s elapsed]
  Step    50/100 (FEMUSS=50): active=62164/62164, jt_lost=0, fem_left=0
    Error: mean=3.34e-06 max=4.20e-05 P95=1.39e-05 >thr=7125
    New deviations: 1271  Lost(JT): 0  Lost(FEM): 0  [383s elapsed]
  Step    55/100 (FEMUSS=55): active=62164/62164, jt_lost=0, fem_left=0
    Error: mean=3.65e-06 max=4.56e-05 P95=1.51e-05 >thr=8249
    New deviations: 1222  Lost(JT): 0  Lost(FEM): 0  [428s elapsed]
  Step    60/100 (FEMUSS=60): active=62163/62164, jt_lost=0, fem_left=1
    Error: mean=3.97e-06 max=8.35e-05 P95=1.62e-05 >thr=9386
    New deviations: 1245  Lost(JT): 0  Lost(FEM): 1  [474s elapsed]
  Step    65/100 (FEMUSS=65): active=62164/62164, jt_lost=0, fem_left=0
    Error: mean=4.28e-06 max=1.68e-04 P95=1.74e-05 >thr=10385
    New deviations: 1118  Lost(JT): 0  Lost(FEM): 0  [520s elapsed]
  Step    70/100 (FEMUSS=70): active=62164/62164, jt_lost=0, fem_left=0
    Error: mean=4.59e-06 max=2.13e-04 P95=1.84e-05 >thr=11162
    New deviations: 911  Lost(JT): 0  Lost(FEM): 0  [567s elapsed]
  Step    75/100 (FEMUSS=75): active=62163/62164, jt_lost=0, fem_left=1
    Error: mean=4.90e-06 max=2.61e-04 P95=1.96e-05 >thr=11996
    New deviations: 983  Lost(JT): 0  Lost(FEM): 1  [614s elapsed]
  Step    80/100 (FEMUSS=80): active=62162/62164, jt_lost=0, fem_left=2
    Error: mean=5.25e-06 max=4.63e-04 P95=2.07e-05 >thr=12637
    New deviations: 807  Lost(JT): 0  Lost(FEM): 1  [661s elapsed]
  Step    85/100 (FEMUSS=85): active=62161/62164, jt_lost=0, fem_left=3
    Error: mean=5.56e-06 max=3.55e-04 P95=2.18e-05 >thr=13230
    New deviations: 745  Lost(JT): 0  Lost(FEM): 1  [709s elapsed]
  Step    90/100 (FEMUSS=90): active=62161/62164, jt_lost=0, fem_left=3
    Error: mean=5.88e-06 max=3.82e-04 P95=2.28e-05 >thr=13843
    New deviations: 782  Lost(JT): 0  Lost(FEM): 1  [757s elapsed]
  Step    95/100 (FEMUSS=95): active=62159/62164, jt_lost=0, fem_left=5
    Error: mean=6.21e-06 max=6.20e-04 P95=2.39e-05 >thr=14383
    New deviations: 677  Lost(JT): 0  Lost(FEM): 2  [806s elapsed]
  Step   100/100 (FEMUSS=100): active=62159/62164, jt_lost=0, fem_left=5
    Error: mean=6.54e-06 max=7.09e-04 P95=2.49e-05 >thr=14845
    New deviations: 611  Lost(JT): 0  Lost(FEM): 1  [855s elapsed]

  Tracking: 855.2s

Classifying deviation mechanisms...
  Mechanism breakdown:
    gradual_drift       : 16,409
    lost_by_femuss      : 8
    ok                  : 45,745
    sudden_jump         : 2

Saving outputs to /scratch/project_465002752/hashemia/outputs/diagnose_16998980/...
  particle_history.npz
  worst_particles.csv
  deviation_trajectory.pvd (20 timesteps)
  deviation_timeline.csv

================================================================================
SUMMARY
================================================================================
  Particles tracked: 62,164
  Steps: 100
  Comparisons: 20
  Ever deviated (>1e-05): 16,415
  Total time: 1758.9s
  Output: /scratch/project_465002752/hashemia/outputs/diagnose_16998980
================================================================================

Finished at mié 25 mar 2026 15:53:50 EET with exit code 0
Results in /scratch/project_465002752/hashemia/outputs/diagnose_16998980
