Starting simulation at mié 18 mar 2026 16:18:37 EET
Monitor log: /scratch/project_465002752/hashemia/logs/jaxtrace_16818324_monitor.log

✅ Enhanced VTK I/O available
✅ HDF5 I/O available
================================================================================
FEMUSS Particle Tracking Comparison
================================================================================
JAX version: 0.5.0
JAX devices: [RocmDevice(id=0), RocmDevice(id=1), RocmDevice(id=2), RocmDevice(id=3), RocmDevice(id=4), RocmDevice(id=5), RocmDevice(id=6), RocmDevice(id=7)]

Configuration:
  Input base:           /scratch/project_465001942/Cases-Edgar/new/cylA.gid/post
  Mesh dir:             /scratch/project_465001942/Cases-Edgar/new/cylA.gid/post/0eule
  FEMUSS particle dir:  /scratch/project_465001942/Cases-Edgar/new/cylA.gid/post/1part
  Output dir:           /flash/project_465002752/hashemia/run_16818324
  FEMUSS start step:    0
  FEMUSS end step:      2684
  N_STEPS:              2684
  DT:                   0.0025
  Velocity range:       159-159
  L0: ON
  L1: ON
  L2 method:            mesh_aligned_octree_multi_local_where
  Precision:            float64
  Point-in-tet tol:     1e-06
  Interpolation det min:1e-14
  Bbox clamp:           OFF
  Failed substage:      zero_vel
  Boundary projection:  ON (tol=1e-06)
  Boundary walls:       all clamp (default)
  Level-set mask:       ON (mode: zero_vel, field: 'LEVEL')
  Pin velocity:         ON (RPM=-600.0, center=[0.0, 0.0, 0.0], axis=[0.0, 0.0, 1.0])
================================================================================

[1/7] Loading mesh...
Loading mesh: /scratch/project_465001942/Cases-Edgar/new/cylA.gid/post/0eule/cylA_159.pvtu
  Nodes: 799,104
  Elements: 3,050,196
  Loaded field 'Displacement': (799104, 3)
  Elements: 3,050,196, Nodes: 799,104
  Deduplicating...
  Removed 227,571 duplicates -> 571,533 nodes
  Mesh bbox: [[-0.03  -0.023 -0.01 ]] → [[0.09  0.023 0.   ]]
  Level-set loaded: 185,479/571,533 nodes inside tool (32.5%)
  Reconstructing pin velocity (RPM=-600.0, center=[0.0, 0.0, 0.0], tilt=0.0°)...
  Pin velocity applied to 185,479/571,533 nodes (32.5%)
  Stage 1 time: 29.5s

[2/7] Precomputing metadata...

Precomputed inverse matrices:
  Elements: 3,050,196
  Degenerate: 0 (0.0000%)
  Det range: [4.87e-13, 1.28e-07]
  Memory: 292,818,816 bytes (279.3 MB)
  Done
  Stage 2 time: 97.7s

[3/7] Building structures and uploading to GPU...
  Multi-cell octree: 666,162 cells, 18.3 elem/cell, 4.0 cells/elem
  Uploaded to GPU
  Stage 3 time: 586.4s

[4/7] Loading FEMUSS particles...
  Start: /scratch/project_465001942/Cases-Edgar/new/cylA.gid/post/1part/cylA_pt_0.pvtu
    Particles: 299,200
    Left domain: 5,745
  End:   /scratch/project_465001942/Cases-Edgar/new/cylA.gid/post/1part/cylA_pt_2684.pvtu
    Particles: 299,200
    Left domain: 9

  Active at start: 293,455 / 299,200
  Stage 4 time: 1.0s

[5/7] Initial assignment...

  mesh_aligned_octree_multi_local_where initial assignment
  Particles: 293,455, batch_size: 50,000
    Batch 1/6: 50,000 particles  (cumulative found: 50,000/50,000)
    Batch 2/6: 50,000 particles  (cumulative found: 100,000/100,000)
    Batch 3/6: 50,000 particles  (cumulative found: 150,000/150,000)
    Batch 4/6: 50,000 particles  (cumulative found: 200,000/200,000)
    Batch 5/6: 50,000 particles  (cumulative found: 250,000/250,000)
    Batch 6/6: 43,455 particles  (cumulative found: 293,455/293,455)
  Assigned: 293,455/293,455 (100.00%) in 20.08s
  Assigned: 293,455/293,455 (100.00%)
  Stage 5 time: 20.5s

[6/7] Building RK4...
  Compiling...
  Compilation: 37.4s
  Stage 6 time: 37.4s (incl. compilation)
  Exported initial state (step 0)

[7/7] Running 2684 RK4 steps...
================================================================================
  Step    10/2684: active=293,455 lost=0 (+0)  [24s elapsed, 0.4 step/s, ETA 6372s]
  Step    20/2684: active=293,455 lost=0 (+0)  [49s elapsed, 0.4 step/s, ETA 6518s]
  Step    30/2684: active=293,455 lost=0 (+0)  [75s elapsed, 0.4 step/s, ETA 6630s]
  Step    40/2684: active=293,455 lost=0 (+0)  [103s elapsed, 0.4 step/s, ETA 6818s]
  Step    50/2684: active=293,455 lost=0 (+0)  [133s elapsed, 0.4 step/s, ETA 7005s]
  Step    60/2684: active=293,455 lost=0 (+0)  [163s elapsed, 0.4 step/s, ETA 7143s]
  Step    70/2684: active=293,455 lost=0 (+0)  [194s elapsed, 0.4 step/s, ETA 7253s]
  Step    80/2684: active=293,455 lost=0 (+0)  [225s elapsed, 0.4 step/s, ETA 7338s]
  Step    90/2684: active=293,455 lost=0 (+0)  [257s elapsed, 0.4 step/s, ETA 7405s]
  Step   100/2684: active=293,455 lost=0 (+0)  [289s elapsed, 0.3 step/s, ETA 7463s]
  Step   110/2684: active=293,455 lost=0 (+0)  [321s elapsed, 0.3 step/s, ETA 7513s]
  Step   120/2684: active=293,455 lost=0 (+0)  [354s elapsed, 0.3 step/s, ETA 7559s]
  Step   130/2684: active=293,455 lost=0 (+0)  [386s elapsed, 0.3 step/s, ETA 7592s]
  Step   140/2684: active=293,455 lost=0 (+0)  [419s elapsed, 0.3 step/s, ETA 7621s]
  Step   150/2684: active=293,455 lost=0 (+0)  [453s elapsed, 0.3 step/s, ETA 7656s]
  Step   160/2684: active=293,455 lost=0 (+0)  [487s elapsed, 0.3 step/s, ETA 7685s]
  Step   170/2684: active=293,455 lost=0 (+0)  [522s elapsed, 0.3 step/s, ETA 7713s]
  Step   180/2684: active=293,455 lost=0 (+0)  [556s elapsed, 0.3 step/s, ETA 7739s]
  Step   190/2684: active=293,455 lost=0 (+0)  [591s elapsed, 0.3 step/s, ETA 7763s]
  Step   200/2684: active=293,455 lost=0 (+0)  [627s elapsed, 0.3 step/s, ETA 7784s]
  Step   210/2684: active=293,455 lost=0 (+0)  [662s elapsed, 0.3 step/s, ETA 7802s]
  Step   220/2684: active=293,455 lost=0 (+0)  [698s elapsed, 0.3 step/s, ETA 7817s]
  Step   230/2684: active=293,455 lost=0 (+0)  [734s elapsed, 0.3 step/s, ETA 7827s]
  Step   240/2684: active=293,455 lost=0 (+0)  [769s elapsed, 0.3 step/s, ETA 7834s]
  Step   250/2684: active=293,455 lost=0 (+0)  [805s elapsed, 0.3 step/s, ETA 7839s]
  Step   260/2684: active=293,455 lost=0 (+0)  [841s elapsed, 0.3 step/s, ETA 7841s]
  Step   270/2684: active=293,455 lost=0 (+0)  [877s elapsed, 0.3 step/s, ETA 7840s]
  Step   280/2684: active=293,455 lost=0 (+0)  [913s elapsed, 0.3 step/s, ETA 7837s]
  Step   290/2684: active=293,455 lost=0 (+0)  [949s elapsed, 0.3 step/s, ETA 7833s]
  Step   300/2684: active=293,455 lost=0 (+0)  [985s elapsed, 0.3 step/s, ETA 7830s]
  Step   310/2684: active=293,455 lost=0 (+0)  [1022s elapsed, 0.3 step/s, ETA 7830s]
  Step   320/2684: active=293,455 lost=0 (+0)  [1060s elapsed, 0.3 step/s, ETA 7827s]
  Step   330/2684: active=293,455 lost=0 (+0)  [1097s elapsed, 0.3 step/s, ETA 7825s]
  Step   340/2684: active=293,455 lost=0 (+0)  [1135s elapsed, 0.3 step/s, ETA 7822s]
  Step   350/2684: active=293,455 lost=0 (+0)  [1173s elapsed, 0.3 step/s, ETA 7819s]
  Step   360/2684: active=293,455 lost=0 (+0)  [1211s elapsed, 0.3 step/s, ETA 7821s]
  Step   370/2684: active=293,455 lost=0 (+0)  [1251s elapsed, 0.3 step/s, ETA 7822s]
  Step   380/2684: active=293,455 lost=0 (+0)  [1291s elapsed, 0.3 step/s, ETA 7825s]
  Step   390/2684: active=293,455 lost=0 (+0)  [1331s elapsed, 0.3 step/s, ETA 7827s]
  Step   400/2684: active=293,455 lost=0 (+0)  [1371s elapsed, 0.3 step/s, ETA 7830s]
  Step   410/2684: active=293,455 lost=0 (+0)  [1412s elapsed, 0.3 step/s, ETA 7831s]
  Step   420/2684: active=293,455 lost=0 (+0)  [1453s elapsed, 0.3 step/s, ETA 7833s]
  Step   430/2684: active=293,455 lost=0 (+0)  [1494s elapsed, 0.3 step/s, ETA 7833s]
  Step   440/2684: active=293,455 lost=0 (+0)  [1536s elapsed, 0.3 step/s, ETA 7833s]
  Step   450/2684: active=293,455 lost=0 (+0)  [1577s elapsed, 0.3 step/s, ETA 7831s]
  Step   460/2684: active=293,455 lost=0 (+0)  [1619s elapsed, 0.3 step/s, ETA 7827s]
  Step   470/2684: active=293,455 lost=0 (+0)  [1661s elapsed, 0.3 step/s, ETA 7823s]
  Step   480/2684: active=293,455 lost=0 (+0)  [1702s elapsed, 0.3 step/s, ETA 7817s]
  Step   490/2684: active=293,455 lost=0 (+0)  [1744s elapsed, 0.3 step/s, ETA 7810s]
  Step   500/2684: active=293,455 lost=0 (+0)  [1786s elapsed, 0.3 step/s, ETA 7801s]
  Step   510/2684: active=293,455 lost=0 (+0)  [1828s elapsed, 0.3 step/s, ETA 7794s]
  Step   520/2684: active=293,455 lost=0 (+0)  [1871s elapsed, 0.3 step/s, ETA 7785s]
  Step   530/2684: active=293,455 lost=0 (+0)  [1913s elapsed, 0.3 step/s, ETA 7775s]
  Step   540/2684: active=293,455 lost=0 (+0)  [1956s elapsed, 0.3 step/s, ETA 7765s]
  Step   550/2684: active=293,455 lost=0 (+0)  [1998s elapsed, 0.3 step/s, ETA 7754s]
  Step   560/2684: active=293,455 lost=0 (+0)  [2041s elapsed, 0.3 step/s, ETA 7742s]
  Step   570/2684: active=293,455 lost=0 (+0)  [2084s elapsed, 0.3 step/s, ETA 7730s]
  Step   580/2684: active=293,455 lost=0 (+0)  [2127s elapsed, 0.3 step/s, ETA 7716s]
  Step   590/2684: active=293,455 lost=0 (+0)  [2170s elapsed, 0.3 step/s, ETA 7703s]
  Step   600/2684: active=293,455 lost=0 (+0)  [2213s elapsed, 0.3 step/s, ETA 7687s]
  Step   610/2684: active=293,455 lost=0 (+0)  [2256s elapsed, 0.3 step/s, ETA 7671s]
  Step   620/2684: active=293,455 lost=0 (+0)  [2299s elapsed, 0.3 step/s, ETA 7654s]
  Step   630/2684: active=293,455 lost=0 (+0)  [2342s elapsed, 0.3 step/s, ETA 7637s]
  Step   640/2684: active=293,455 lost=0 (+0)  [2386s elapsed, 0.3 step/s, ETA 7619s]
  Step   650/2684: active=293,455 lost=0 (+0)  [2429s elapsed, 0.3 step/s, ETA 7600s]
  Step   660/2684: active=293,455 lost=0 (+0)  [2472s elapsed, 0.3 step/s, ETA 7580s]
  Step   670/2684: active=293,455 lost=0 (+0)  [2515s elapsed, 0.3 step/s, ETA 7560s]
  Step   680/2684: active=293,455 lost=0 (+0)  [2558s elapsed, 0.3 step/s, ETA 7539s]
  Step   690/2684: active=293,455 lost=0 (+0)  [2601s elapsed, 0.3 step/s, ETA 7517s]
  Step   700/2684: active=293,455 lost=0 (+0)  [2645s elapsed, 0.3 step/s, ETA 7496s]
  Step   710/2684: active=293,455 lost=0 (+0)  [2688s elapsed, 0.3 step/s, ETA 7474s]
  Step   720/2684: active=293,455 lost=0 (+0)  [2732s elapsed, 0.3 step/s, ETA 7452s]
  Step   730/2684: active=293,455 lost=0 (+0)  [2776s elapsed, 0.3 step/s, ETA 7429s]
  Step   740/2684: active=293,455 lost=0 (+0)  [2819s elapsed, 0.3 step/s, ETA 7407s]
  Step   750/2684: active=293,455 lost=0 (+0)  [2863s elapsed, 0.3 step/s, ETA 7383s]
  Step   760/2684: active=293,455 lost=0 (+0)  [2907s elapsed, 0.3 step/s, ETA 7359s]
  Step   770/2684: active=293,455 lost=0 (+0)  [2951s elapsed, 0.3 step/s, ETA 7335s]
  Step   780/2684: active=293,455 lost=0 (+0)  [2995s elapsed, 0.3 step/s, ETA 7311s]
  Step   790/2684: active=293,455 lost=0 (+0)  [3039s elapsed, 0.3 step/s, ETA 7286s]
  Step   800/2684: active=293,455 lost=0 (+0)  [3083s elapsed, 0.3 step/s, ETA 7261s]
  Step   810/2684: active=293,455 lost=0 (+0)  [3130s elapsed, 0.3 step/s, ETA 7242s]
  Step   820/2684: active=293,455 lost=0 (+0)  [3175s elapsed, 0.3 step/s, ETA 7216s]
  Step   830/2684: active=293,455 lost=0 (+0)  [3219s elapsed, 0.3 step/s, ETA 7190s]
  Step   840/2684: active=293,455 lost=0 (+0)  [3264s elapsed, 0.3 step/s, ETA 7164s]
  Step   850/2684: active=293,455 lost=0 (+0)  [3308s elapsed, 0.3 step/s, ETA 7138s]
  Step   860/2684: active=293,455 lost=0 (+0)  [3353s elapsed, 0.3 step/s, ETA 7111s]
  Step   870/2684: active=293,455 lost=0 (+0)  [3398s elapsed, 0.3 step/s, ETA 7084s]
  Step   880/2684: active=293,455 lost=0 (+0)  [3442s elapsed, 0.3 step/s, ETA 7057s]
  Step   890/2684: active=293,455 lost=0 (+0)  [3487s elapsed, 0.3 step/s, ETA 7029s]
  Step   900/2684: active=293,455 lost=0 (+0)  [3532s elapsed, 0.3 step/s, ETA 7001s]
  Step   910/2684: active=293,455 lost=0 (+0)  [3577s elapsed, 0.3 step/s, ETA 6972s]
  Step   920/2684: active=293,455 lost=0 (+0)  [3621s elapsed, 0.3 step/s, ETA 6944s]
  Step   930/2684: active=293,455 lost=0 (+0)  [3666s elapsed, 0.3 step/s, ETA 6915s]
  Step   940/2684: active=293,455 lost=0 (+0)  [3711s elapsed, 0.3 step/s, ETA 6885s]
  Step   950/2684: active=293,455 lost=0 (+0)  [3756s elapsed, 0.3 step/s, ETA 6855s]
  Step   960/2684: active=293,455 lost=0 (+0)  [3801s elapsed, 0.3 step/s, ETA 6825s]
  Step   970/2684: active=293,455 lost=0 (+0)  [3845s elapsed, 0.3 step/s, ETA 6795s]
  Step   980/2684: active=293,455 lost=0 (+0)  [3890s elapsed, 0.3 step/s, ETA 6764s]
  Step   990/2684: active=293,455 lost=0 (+0)  [3935s elapsed, 0.3 step/s, ETA 6733s]
  Step  1000/2684: active=293,455 lost=0 (+0)  [3979s elapsed, 0.3 step/s, ETA 6701s]
  Step  1010/2684: active=293,455 lost=0 (+0)  [4024s elapsed, 0.3 step/s, ETA 6670s]
  Step  1020/2684: active=293,455 lost=0 (+0)  [4069s elapsed, 0.3 step/s, ETA 6637s]
  Step  1030/2684: active=293,455 lost=0 (+0)  [4113s elapsed, 0.3 step/s, ETA 6605s]
  Step  1040/2684: active=293,455 lost=0 (+0)  [4158s elapsed, 0.3 step/s, ETA 6572s]
  Step  1050/2684: active=293,455 lost=0 (+0)  [4202s elapsed, 0.2 step/s, ETA 6540s]
  Step  1060/2684: active=293,455 lost=0 (+0)  [4247s elapsed, 0.2 step/s, ETA 6507s]
  Step  1070/2684: active=293,455 lost=0 (+0)  [4291s elapsed, 0.2 step/s, ETA 6473s]
  Step  1080/2684: active=293,455 lost=0 (+0)  [4336s elapsed, 0.2 step/s, ETA 6440s]
  Step  1090/2684: active=293,455 lost=0 (+0)  [4380s elapsed, 0.2 step/s, ETA 6406s]
  Step  1100/2684: active=293,455 lost=0 (+0)  [4425s elapsed, 0.2 step/s, ETA 6372s]
  Step  1110/2684: active=293,455 lost=0 (+0)  [4469s elapsed, 0.2 step/s, ETA 6338s]
  Step  1120/2684: active=293,455 lost=0 (+0)  [4514s elapsed, 0.2 step/s, ETA 6303s]
  Step  1130/2684: active=293,455 lost=0 (+0)  [4558s elapsed, 0.2 step/s, ETA 6268s]
  Step  1140/2684: active=293,455 lost=0 (+0)  [4603s elapsed, 0.2 step/s, ETA 6234s]
  Step  1150/2684: active=293,455 lost=0 (+0)  [4647s elapsed, 0.2 step/s, ETA 6199s]
  Step  1160/2684: active=293,455 lost=0 (+0)  [4691s elapsed, 0.2 step/s, ETA 6164s]
  Step  1170/2684: active=293,455 lost=0 (+0)  [4736s elapsed, 0.2 step/s, ETA 6128s]
  Step  1180/2684: active=293,455 lost=0 (+0)  [4780s elapsed, 0.2 step/s, ETA 6093s]
  Step  1190/2684: active=293,455 lost=0 (+0)  [4825s elapsed, 0.2 step/s, ETA 6057s]
  Step  1200/2684: active=293,455 lost=0 (+0)  [4869s elapsed, 0.2 step/s, ETA 6022s]
  Step  1210/2684: active=293,455 lost=0 (+0)  [4914s elapsed, 0.2 step/s, ETA 5986s]
  Step  1220/2684: active=293,455 lost=0 (+0)  [4958s elapsed, 0.2 step/s, ETA 5950s]
  Step  1230/2684: active=293,455 lost=0 (+0)  [5003s elapsed, 0.2 step/s, ETA 5914s]
  Step  1240/2684: active=293,455 lost=0 (+0)  [5047s elapsed, 0.2 step/s, ETA 5878s]
  Step  1250/2684: active=293,455 lost=0 (+0)  [5092s elapsed, 0.2 step/s, ETA 5841s]
  Step  1260/2684: active=293,455 lost=0 (+0)  [5137s elapsed, 0.2 step/s, ETA 5805s]
  Step  1270/2684: active=293,455 lost=0 (+0)  [5181s elapsed, 0.2 step/s, ETA 5769s]
  Step  1280/2684: active=293,455 lost=0 (+0)  [5226s elapsed, 0.2 step/s, ETA 5732s]
  Step  1290/2684: active=293,455 lost=0 (+0)  [5271s elapsed, 0.2 step/s, ETA 5696s]
  Step  1300/2684: active=293,455 lost=0 (+0)  [5315s elapsed, 0.2 step/s, ETA 5659s]
  Step  1310/2684: active=293,455 lost=0 (+0)  [5360s elapsed, 0.2 step/s, ETA 5622s]
  Step  1320/2684: active=293,455 lost=0 (+0)  [5405s elapsed, 0.2 step/s, ETA 5585s]
  Step  1330/2684: active=293,455 lost=0 (+0)  [5450s elapsed, 0.2 step/s, ETA 5548s]
  Step  1340/2684: active=293,455 lost=0 (+0)  [5494s elapsed, 0.2 step/s, ETA 5511s]
  Step  1350/2684: active=293,455 lost=0 (+0)  [5539s elapsed, 0.2 step/s, ETA 5473s]
  Step  1360/2684: active=293,455 lost=0 (+0)  [5583s elapsed, 0.2 step/s, ETA 5436s]
  Step  1370/2684: active=293,455 lost=0 (+0)  [5628s elapsed, 0.2 step/s, ETA 5398s]
  Step  1380/2684: active=293,455 lost=0 (+0)  [5672s elapsed, 0.2 step/s, ETA 5359s]
  Step  1390/2684: active=293,455 lost=0 (+0)  [5716s elapsed, 0.2 step/s, ETA 5321s]
  Step  1400/2684: active=293,455 lost=0 (+0)  [5760s elapsed, 0.2 step/s, ETA 5282s]
  Step  1410/2684: active=293,455 lost=0 (+0)  [5804s elapsed, 0.2 step/s, ETA 5244s]
  Step  1420/2684: active=293,455 lost=0 (+0)  [5847s elapsed, 0.2 step/s, ETA 5205s]
  Step  1430/2684: active=293,455 lost=0 (+0)  [5892s elapsed, 0.2 step/s, ETA 5166s]
  Step  1440/2684: active=293,455 lost=0 (+0)  [5936s elapsed, 0.2 step/s, ETA 5128s]
  Step  1450/2684: active=293,455 lost=0 (+0)  [5979s elapsed, 0.2 step/s, ETA 5089s]
  Step  1460/2684: active=293,455 lost=0 (+0)  [6023s elapsed, 0.2 step/s, ETA 5050s]
  Step  1470/2684: active=293,455 lost=0 (+0)  [6067s elapsed, 0.2 step/s, ETA 5010s]
  Step  1480/2684: active=293,455 lost=0 (+0)  [6110s elapsed, 0.2 step/s, ETA 4971s]
  Step  1490/2684: active=293,455 lost=0 (+0)  [6154s elapsed, 0.2 step/s, ETA 4932s]
  Step  1500/2684: active=293,455 lost=0 (+0)  [6198s elapsed, 0.2 step/s, ETA 4892s]
  Step  1510/2684: active=293,455 lost=0 (+0)  [6241s elapsed, 0.2 step/s, ETA 4852s]
  Step  1520/2684: active=293,455 lost=0 (+0)  [6285s elapsed, 0.2 step/s, ETA 4813s]
  Step  1530/2684: active=293,455 lost=0 (+0)  [6328s elapsed, 0.2 step/s, ETA 4773s]
  Step  1540/2684: active=293,455 lost=0 (+0)  [6371s elapsed, 0.2 step/s, ETA 4733s]
  Step  1550/2684: active=293,455 lost=0 (+0)  [6414s elapsed, 0.2 step/s, ETA 4693s]
  Step  1560/2684: active=293,455 lost=0 (+0)  [6457s elapsed, 0.2 step/s, ETA 4653s]
  Step  1570/2684: active=293,455 lost=0 (+0)  [6500s elapsed, 0.2 step/s, ETA 4612s]
  Step  1580/2684: active=293,455 lost=0 (+0)  [6543s elapsed, 0.2 step/s, ETA 4572s]
  Step  1590/2684: active=293,455 lost=0 (+0)  [6586s elapsed, 0.2 step/s, ETA 4532s]
  Step  1600/2684: active=293,455 lost=0 (+0)  [6629s elapsed, 0.2 step/s, ETA 4491s]
  Step  1610/2684: active=293,455 lost=0 (+0)  [6672s elapsed, 0.2 step/s, ETA 4451s]
  Step  1620/2684: active=293,455 lost=0 (+0)  [6715s elapsed, 0.2 step/s, ETA 4410s]
  Step  1630/2684: active=293,455 lost=0 (+0)  [6758s elapsed, 0.2 step/s, ETA 4370s]
  Step  1640/2684: active=293,455 lost=0 (+0)  [6801s elapsed, 0.2 step/s, ETA 4329s]
  Step  1650/2684: active=293,455 lost=0 (+0)  [6843s elapsed, 0.2 step/s, ETA 4288s]
  Step  1660/2684: active=293,455 lost=0 (+0)  [6885s elapsed, 0.2 step/s, ETA 4247s]
  Step  1670/2684: active=293,455 lost=0 (+0)  [6927s elapsed, 0.2 step/s, ETA 4206s]
  Step  1680/2684: active=293,455 lost=0 (+0)  [6970s elapsed, 0.2 step/s, ETA 4165s]
  Step  1690/2684: active=293,455 lost=0 (+0)  [7012s elapsed, 0.2 step/s, ETA 4124s]
  Step  1700/2684: active=293,455 lost=0 (+0)  [7062s elapsed, 0.2 step/s, ETA 4088s]
  Step  1710/2684: active=293,455 lost=0 (+0)  [7104s elapsed, 0.2 step/s, ETA 4046s]
  Step  1720/2684: active=293,455 lost=0 (+0)  [7146s elapsed, 0.2 step/s, ETA 4005s]
  Step  1730/2684: active=293,455 lost=0 (+0)  [7189s elapsed, 0.2 step/s, ETA 3964s]
  Step  1740/2684: active=293,455 lost=0 (+0)  [7231s elapsed, 0.2 step/s, ETA 3923s]
  Step  1750/2684: active=293,455 lost=0 (+0)  [7273s elapsed, 0.2 step/s, ETA 3882s]
  Step  1760/2684: active=293,455 lost=0 (+0)  [7315s elapsed, 0.2 step/s, ETA 3841s]
  Step  1770/2684: active=293,455 lost=0 (+0)  [7357s elapsed, 0.2 step/s, ETA 3799s]
  Step  1780/2684: active=293,455 lost=0 (+0)  [7399s elapsed, 0.2 step/s, ETA 3758s]
  Step  1790/2684: active=293,455 lost=0 (+0)  [7441s elapsed, 0.2 step/s, ETA 3716s]
  Step  1800/2684: active=293,455 lost=0 (+0)  [7483s elapsed, 0.2 step/s, ETA 3675s]
  Step  1810/2684: active=293,455 lost=0 (+0)  [7525s elapsed, 0.2 step/s, ETA 3633s]
  Step  1820/2684: active=293,455 lost=0 (+0)  [7566s elapsed, 0.2 step/s, ETA 3592s]
  Step  1830/2684: active=293,455 lost=0 (+0)  [7607s elapsed, 0.2 step/s, ETA 3550s]
  Step  1840/2684: active=293,455 lost=0 (+0)  [7648s elapsed, 0.2 step/s, ETA 3508s]
  Step  1850/2684: active=293,455 lost=0 (+0)  [7689s elapsed, 0.2 step/s, ETA 3466s]
  Step  1860/2684: active=293,455 lost=0 (+0)  [7730s elapsed, 0.2 step/s, ETA 3425s]
  Step  1870/2684: active=293,455 lost=0 (+0)  [7771s elapsed, 0.2 step/s, ETA 3383s]
  Step  1880/2684: active=293,455 lost=0 (+0)  [7812s elapsed, 0.2 step/s, ETA 3341s]
  Step  1890/2684: active=293,455 lost=0 (+0)  [7853s elapsed, 0.2 step/s, ETA 3299s]
  Step  1900/2684: active=293,455 lost=0 (+0)  [7894s elapsed, 0.2 step/s, ETA 3257s]
  Step  1910/2684: active=293,455 lost=0 (+0)  [7935s elapsed, 0.2 step/s, ETA 3215s]
  Step  1920/2684: active=293,455 lost=0 (+0)  [7976s elapsed, 0.2 step/s, ETA 3174s]
  Step  1930/2684: active=293,455 lost=0 (+0)  [8016s elapsed, 0.2 step/s, ETA 3132s]
  Step  1940/2684: active=293,455 lost=0 (+0)  [8057s elapsed, 0.2 step/s, ETA 3090s]
  Step  1950/2684: active=293,455 lost=0 (+0)  [8097s elapsed, 0.2 step/s, ETA 3048s]
  Step  1960/2684: active=293,455 lost=0 (+0)  [8138s elapsed, 0.2 step/s, ETA 3006s]
  Step  1970/2684: active=293,455 lost=0 (+0)  [8178s elapsed, 0.2 step/s, ETA 2964s]
  Step  1980/2684: active=293,455 lost=0 (+0)  [8218s elapsed, 0.2 step/s, ETA 2922s]
  Step  1990/2684: active=293,455 lost=0 (+0)  [8258s elapsed, 0.2 step/s, ETA 2880s]
  Step  2000/2684: active=293,455 lost=0 (+0)  [8298s elapsed, 0.2 step/s, ETA 2838s]
  Step  2010/2684: active=293,455 lost=0 (+0)  [8338s elapsed, 0.2 step/s, ETA 2796s]
  Step  2020/2684: active=293,455 lost=0 (+0)  [8378s elapsed, 0.2 step/s, ETA 2754s]
  Step  2030/2684: active=293,455 lost=0 (+0)  [8418s elapsed, 0.2 step/s, ETA 2712s]
  Step  2040/2684: active=293,455 lost=0 (+0)  [8457s elapsed, 0.2 step/s, ETA 2670s]
  Step  2050/2684: active=293,455 lost=0 (+0)  [8497s elapsed, 0.2 step/s, ETA 2628s]
  Step  2060/2684: active=293,455 lost=0 (+0)  [8536s elapsed, 0.2 step/s, ETA 2586s]
  Step  2070/2684: active=293,455 lost=0 (+0)  [8576s elapsed, 0.2 step/s, ETA 2544s]
  Step  2080/2684: active=293,455 lost=0 (+0)  [8615s elapsed, 0.2 step/s, ETA 2502s]
  Step  2090/2684: active=293,455 lost=0 (+0)  [8654s elapsed, 0.2 step/s, ETA 2460s]
  Step  2100/2684: active=293,455 lost=0 (+0)  [8693s elapsed, 0.2 step/s, ETA 2418s]
  Step  2110/2684: active=293,455 lost=0 (+0)  [8733s elapsed, 0.2 step/s, ETA 2376s]
  Step  2120/2684: active=293,455 lost=0 (+0)  [8772s elapsed, 0.2 step/s, ETA 2334s]
  Step  2130/2684: active=293,455 lost=0 (+0)  [8811s elapsed, 0.2 step/s, ETA 2292s]
  Step  2140/2684: active=293,455 lost=0 (+0)  [8850s elapsed, 0.2 step/s, ETA 2250s]
  Step  2150/2684: active=293,455 lost=0 (+0)  [8888s elapsed, 0.2 step/s, ETA 2208s]
  Step  2160/2684: active=293,455 lost=0 (+0)  [8927s elapsed, 0.2 step/s, ETA 2166s]
  Step  2170/2684: active=293,455 lost=0 (+0)  [8965s elapsed, 0.2 step/s, ETA 2124s]
  Step  2180/2684: active=293,455 lost=0 (+0)  [9003s elapsed, 0.2 step/s, ETA 2082s]
  Step  2190/2684: active=293,455 lost=0 (+0)  [9042s elapsed, 0.2 step/s, ETA 2040s]
  Step  2200/2684: active=293,455 lost=0 (+0)  [9080s elapsed, 0.2 step/s, ETA 1998s]
  Step  2210/2684: active=293,455 lost=0 (+0)  [9119s elapsed, 0.2 step/s, ETA 1956s]
  Step  2220/2684: active=293,455 lost=0 (+0)  [9157s elapsed, 0.2 step/s, ETA 1914s]
  Step  2230/2684: active=293,455 lost=0 (+0)  [9195s elapsed, 0.2 step/s, ETA 1872s]
  Step  2240/2684: active=293,455 lost=0 (+0)  [9233s elapsed, 0.2 step/s, ETA 1830s]
  Step  2250/2684: active=293,455 lost=0 (+0)  [9271s elapsed, 0.2 step/s, ETA 1788s]
  Step  2260/2684: active=293,455 lost=0 (+0)  [9309s elapsed, 0.2 step/s, ETA 1747s]
  Step  2270/2684: active=293,455 lost=0 (+0)  [9347s elapsed, 0.2 step/s, ETA 1705s]
  Step  2280/2684: active=293,455 lost=0 (+0)  [9385s elapsed, 0.2 step/s, ETA 1663s]
  Step  2290/2684: active=293,455 lost=0 (+0)  [9423s elapsed, 0.2 step/s, ETA 1621s]
  Step  2300/2684: active=293,455 lost=0 (+0)  [9461s elapsed, 0.2 step/s, ETA 1580s]
  Step  2310/2684: active=293,455 lost=0 (+0)  [9498s elapsed, 0.2 step/s, ETA 1538s]
  Step  2320/2684: active=293,455 lost=0 (+0)  [9536s elapsed, 0.2 step/s, ETA 1496s]
  Step  2330/2684: active=293,455 lost=0 (+0)  [9573s elapsed, 0.2 step/s, ETA 1454s]
  Step  2340/2684: active=293,455 lost=0 (+0)  [9610s elapsed, 0.2 step/s, ETA 1413s]
  Step  2350/2684: active=293,455 lost=0 (+0)  [9648s elapsed, 0.2 step/s, ETA 1371s]
  Step  2360/2684: active=293,455 lost=0 (+0)  [9685s elapsed, 0.2 step/s, ETA 1330s]
  Step  2370/2684: active=293,455 lost=0 (+0)  [9722s elapsed, 0.2 step/s, ETA 1288s]
  Step  2380/2684: active=293,455 lost=0 (+0)  [9760s elapsed, 0.2 step/s, ETA 1247s]
  Step  2390/2684: active=293,455 lost=0 (+0)  [9797s elapsed, 0.2 step/s, ETA 1205s]
  Step  2400/2684: active=293,455 lost=0 (+0)  [9834s elapsed, 0.2 step/s, ETA 1164s]
  Step  2410/2684: active=293,455 lost=0 (+0)  [9871s elapsed, 0.2 step/s, ETA 1122s]
  Step  2420/2684: active=293,455 lost=0 (+0)  [9907s elapsed, 0.2 step/s, ETA 1081s]
  Step  2430/2684: active=293,455 lost=0 (+0)  [9944s elapsed, 0.2 step/s, ETA 1039s]
  Step  2440/2684: active=293,455 lost=0 (+0)  [9981s elapsed, 0.2 step/s, ETA 998s]
  Step  2450/2684: active=293,455 lost=0 (+0)  [10017s elapsed, 0.2 step/s, ETA 957s]
  Step  2460/2684: active=293,455 lost=0 (+0)  [10054s elapsed, 0.2 step/s, ETA 915s]
  Step  2470/2684: active=293,455 lost=0 (+0)  [10091s elapsed, 0.2 step/s, ETA 874s]
  Step  2480/2684: active=293,455 lost=0 (+0)  [10127s elapsed, 0.2 step/s, ETA 833s]
  Step  2490/2684: active=293,455 lost=0 (+0)  [10163s elapsed, 0.2 step/s, ETA 792s]
  Step  2500/2684: active=293,455 lost=0 (+0)  [10200s elapsed, 0.2 step/s, ETA 751s]
  Step  2510/2684: active=293,455 lost=0 (+0)  [10236s elapsed, 0.2 step/s, ETA 710s]
  Step  2520/2684: active=293,455 lost=0 (+0)  [10273s elapsed, 0.2 step/s, ETA 669s]
  Step  2530/2684: active=293,455 lost=0 (+0)  [10309s elapsed, 0.2 step/s, ETA 628s]
  Step  2540/2684: active=293,455 lost=0 (+0)  [10345s elapsed, 0.2 step/s, ETA 587s]
  Step  2550/2684: active=293,455 lost=0 (+0)  [10382s elapsed, 0.2 step/s, ETA 546s]
  Step  2560/2684: active=293,455 lost=0 (+0)  [10418s elapsed, 0.2 step/s, ETA 505s]
  Step  2570/2684: active=293,455 lost=0 (+0)  [10454s elapsed, 0.2 step/s, ETA 464s]
  Step  2580/2684: active=293,455 lost=0 (+0)  [10490s elapsed, 0.2 step/s, ETA 423s]
  Step  2590/2684: active=293,455 lost=0 (+0)  [10526s elapsed, 0.2 step/s, ETA 382s]
  Step  2600/2684: active=293,455 lost=0 (+0)  [10562s elapsed, 0.2 step/s, ETA 341s]
  Step  2610/2684: active=293,455 lost=0 (+0)  [10598s elapsed, 0.2 step/s, ETA 300s]
  Step  2620/2684: active=293,455 lost=0 (+0)  [10635s elapsed, 0.2 step/s, ETA 260s]
  Step  2630/2684: active=293,455 lost=0 (+0)  [10670s elapsed, 0.2 step/s, ETA 219s]
  Step  2640/2684: active=293,455 lost=0 (+0)  [10706s elapsed, 0.2 step/s, ETA 178s]
  Step  2650/2684: active=293,455 lost=0 (+0)  [10743s elapsed, 0.2 step/s, ETA 138s]
  Step  2660/2684: active=293,455 lost=0 (+0)  [10778s elapsed, 0.2 step/s, ETA 97s]
  Step  2670/2684: active=293,455 lost=0 (+0)  [10814s elapsed, 0.2 step/s, ETA 57s]
  Step  2680/2684: active=293,455 lost=0 (+0)  [10849s elapsed, 0.2 step/s, ETA 16s]
  Step  2684/2684: active=293,455 lost=0 (+0)  [10864s elapsed, 0.2 step/s, ETA 0s]
  Exported 2685 VTU files
  Stage 7 time: 10863.6s

================================================================================
TRACKING SUMMARY
================================================================================
  Particles: 293,455
  Final active: 293,455 (100.00%)
  Final lost: 0 (0.00%)
  Steps: 2684
  Time: 10863.6s (72,502 p*step/s)
  Output: /flash/project_465002752/hashemia/run_16818324/femuss_0_to_2684

================================================================================
JAXTRACE vs FEMUSS COMPARISON
================================================================================
  Particles: 293,455

  JAXTrace:  active=293,455 (100.00%), lost=0 (0.00%)
  FEMUSS:    active=293,455 (100.00%), left_domain=0 (0.00%)

  Position errors (both active, N=293,455):
    Absolute error:
      Mean:   4.843741e-04
      Median: 6.791436e-05
      Max:    5.385430e-02
      Std:    2.749699e-03
      P90.0:  4.869812e-04
      P95.0:  1.339192e-03
      P99.0:  8.867842e-03
      P99.9:  4.177740e-02
    Relative error (|err| / |displacement|):
      Mean:   1.298161e-02
      Median: 1.502379e-03
      Max:    5.401541e+00
    Per-axis mean absolute error:
      X: mean=3.932118e-04, max=5.336824e-02
      Y: mean=1.966939e-04, max=1.808083e-02
      Z: mean=1.606807e-05, max=2.120778e-03

    Error magnitude distribution:
      < 1e-08:        0 (  0.00%)
      < 1e-07:      183 (  0.06%)
      < 1e-06:    5,210 (  1.78%)
      < 1e-05:   66,160 ( 22.55%)
      < 1e-04:  174,769 ( 59.56%)
      < 1e-03:  275,325 ( 93.82%)
      < 1e-02:  290,729 ( 99.07%)

  Retention agreement:
    Both active:            293,455
    Both lost/left:         0
    JAXTrace active, FEMUSS left: 0
    JAXTrace lost, FEMUSS active: 0

  Top 5 worst-error particles:
    #1: particle=25195, error=5.385430e-02, rel=9.6892e-01
         JT:    [-8.97334135e-03, 5.93996125e-04, -1.00000000e-06]
         FEMUSS:[4.43949021e-02, -6.62137917e-03, -2.33958758e-04]
    #2: particle=14383, error=5.337310e-02, rel=9.7926e-01
         JT:    [-8.82514181e-03, 1.14214386e-03, -1.06829810e-04]
         FEMUSS:[4.39101805e-02, -7.08339382e-03, -2.24105150e-04]
    #3: particle=9181, error=5.280110e-02, rel=9.5822e-01
         JT:    [-8.51146441e-03, 2.57288085e-03, -1.51453363e-04]
         FEMUSS:[4.41928778e-02, -6.21268870e-04, -2.31093210e-04]
    #4: particle=3571, error=5.260770e-02, rel=9.8317e-01
         JT:    [-8.82020060e-03, -1.92109181e-03, -1.00000000e-06]
         FEMUSS:[4.35082128e-02, -7.33054929e-03, -2.14358886e-04]
    #5: particle=3537, error=5.239508e-02, rel=9.7287e-01
         JT:    [-6.92482800e-03, 5.57360349e-03, -1.02269621e-04]
         FEMUSS:[4.38554380e-02, -7.33354553e-03, -2.21365295e-04]
================================================================================

  Comparison data saved to /flash/project_465002752/hashemia/run_16818324/femuss_0_to_2684/comparison_data.npz

================================================================================
TIMING SUMMARY
================================================================================
  1_load_mesh                   29.5s  (  0.3%)
  2_precompute                  97.7s  (  0.8%)
  3_build_upload               586.4s  (  5.0%)
  4_load_particles               1.0s  (  0.0%)
  5_initial_assign              20.5s  (  0.2%)
  6_compile                     37.4s  (  0.3%)
  6_build_rk4                   37.4s  (  0.3%)
  7_tracking                 10863.6s  ( 93.3%)
  ─────────────────────────────────────────────
  TOTAL                      11638.0s
================================================================================

Done.

Simulation exited with code 0 at mié 18 mar 2026 19:37:12 EET
Moving results to scratch...
Done. Results in /scratch/project_465002752/hashemia/outputs/run_16818324
